status file for recon-all
Tue Mar 10 07:40:38 CET 2026
#@# Tessellate lh Tue Mar 10 07:40:38 CET 2026
#@# Smooth1 lh Tue Mar 10 07:40:42 CET 2026
#@# Inflation1 lh Tue Mar 10 07:40:45 CET 2026
#@# QSphere lh Tue Mar 10 07:40:59 CET 2026
#@# Fix Topology lh Tue Mar 10 07:42:18 CET 2026
#@# Smooth2 lh Tue Mar 10 07:49:30 CET 2026
#@# Inflation2 lh Tue Mar 10 07:49:33 CET 2026
#@# Curv .H and .K lh Tue Mar 10 07:49:49 CET 2026
#@# Sphere lh Tue Mar 10 07:50:42 CET 2026
#@# Surf Reg lh Tue Mar 10 07:54:47 CET 2026
#@# Jacobian white lh Tue Mar 10 07:59:29 CET 2026
#@# AvgCurv lh Tue Mar 10 07:59:30 CET 2026
#@# Cortical Parc lh Tue Mar 10 07:59:31 CET 2026
#@# white curv lh Tue Mar 10 08:06:35 CET 2026
#@# white area lh Tue Mar 10 08:06:37 CET 2026
#@# pial curv lh Tue Mar 10 08:06:38 CET 2026
#@# pial area lh Tue Mar 10 08:06:40 CET 2026
#@# thickness lh Tue Mar 10 08:06:41 CET 2026
#@# area and vertex vol lh Tue Mar 10 08:07:15 CET 2026
#@# Curvature Stats lh Tue Mar 10 08:07:17 CET 2026
#@# Cortical Parc 2 lh Tue Mar 10 08:07:20 CET 2026
#@# Cortical Parc 3 lh Tue Mar 10 08:07:35 CET 2026
#@# WM/GM Contrast lh Tue Mar 10 08:07:46 CET 2026
recon-all -s sub-v1s6x0051370_ses-1 finished without error at Tue Mar 10 08:07:50 CET 2026



#New# invocation of recon-all 



status file for recon-all
Tue Mar 10 08:40:48 CET 2026
#@# white curv lh Tue Mar 10 08:40:48 CET 2026
#@# white area lh Tue Mar 10 08:40:48 CET 2026
#@# pial curv lh Tue Mar 10 08:40:48 CET 2026
#@# pial area lh Tue Mar 10 08:40:48 CET 2026
#@# thickness lh Tue Mar 10 08:40:49 CET 2026
#@# area and vertex vol lh Tue Mar 10 08:40:49 CET 2026
#@# Parcellation Stats lh Tue Mar 10 08:40:49 CET 2026
#@# Parcellation Stats 2 lh Tue Mar 10 08:41:12 CET 2026
#@# Parcellation Stats 3 lh Tue Mar 10 08:41:24 CET 2026
#@# BA_exvivo Labels lh Tue Mar 10 08:41:36 CET 2026
recon-all -s sub-v1s6x0051370_ses-1 finished without error at Tue Mar 10 08:44:31 CET 2026
