status file for recon-all
Tue Mar 10 05:57:23 CET 2026
#@# MotionCor Tue Mar 10 05:57:24 CET 2026
#@# Talairach Tue Mar 10 05:57:31 CET 2026
#@# Talairach Failure Detection Tue Mar 10 06:01:55 CET 2026
#@# Nu Intensity Correction Tue Mar 10 06:01:55 CET 2026
#@# Intensity Normalization Tue Mar 10 06:05:11 CET 2026
recon-all -s sub-v1s6x0051370_ses-1 finished without error at Tue Mar 10 06:06:49 CET 2026



#New# invocation of recon-all 



status file for recon-all
Tue Mar 10 06:13:43 CET 2026
#@# EM Registration Tue Mar 10 06:13:43 CET 2026
recon-all -s sub-v1s6x0051370_ses-1 finished without error at Tue Mar 10 06:15:40 CET 2026



#New# invocation of recon-all 



status file for recon-all
Tue Mar 10 06:15:43 CET 2026
#@# CA Normalize Tue Mar 10 06:15:43 CET 2026
#@# CA Reg Tue Mar 10 06:17:07 CET 2026
#@# SubCort Seg Tue Mar 10 07:04:40 CET 2026
#@# CC Seg Tue Mar 10 07:34:24 CET 2026
#@# Merge ASeg Tue Mar 10 07:35:00 CET 2026
#@# Intensity Normalization2 Tue Mar 10 07:35:00 CET 2026
#@# Mask BFS Tue Mar 10 07:37:21 CET 2026
#@# WM Segmentation Tue Mar 10 07:37:22 CET 2026
#@# Fill Tue Mar 10 07:39:27 CET 2026
recon-all -s sub-v1s6x0051370_ses-1 finished without error at Tue Mar 10 07:40:33 CET 2026



#New# invocation of recon-all 



status file for recon-all
Tue Mar 10 08:34:18 CET 2026
#@# white curv lh Tue Mar 10 08:34:18 CET 2026
#@# white area lh Tue Mar 10 08:34:18 CET 2026
#@# pial curv lh Tue Mar 10 08:34:18 CET 2026
#@# pial area lh Tue Mar 10 08:34:18 CET 2026
#@# thickness lh Tue Mar 10 08:34:18 CET 2026
#@# area and vertex vol lh Tue Mar 10 08:34:18 CET 2026
#@# white curv rh Tue Mar 10 08:34:18 CET 2026
#@# white area rh Tue Mar 10 08:34:18 CET 2026
#@# pial curv rh Tue Mar 10 08:34:18 CET 2026
#@# pial area rh Tue Mar 10 08:34:18 CET 2026
#@# thickness rh Tue Mar 10 08:34:19 CET 2026
#@# area and vertex vol rh Tue Mar 10 08:34:19 CET 2026
#@# Cortical ribbon mask Tue Mar 10 08:34:19 CET 2026
recon-all -s sub-v1s6x0051370_ses-1 finished without error at Tue Mar 10 08:40:44 CET 2026



#New# invocation of recon-all 



status file for recon-all
Tue Mar 10 08:48:27 CET 2026
#@# white curv lh Tue Mar 10 08:48:27 CET 2026
#@# white area lh Tue Mar 10 08:48:27 CET 2026
#@# pial curv lh Tue Mar 10 08:48:27 CET 2026
#@# pial area lh Tue Mar 10 08:48:27 CET 2026
#@# thickness lh Tue Mar 10 08:48:27 CET 2026
#@# area and vertex vol lh Tue Mar 10 08:48:27 CET 2026
#@# white curv rh Tue Mar 10 08:48:27 CET 2026
#@# white area rh Tue Mar 10 08:48:27 CET 2026
#@# pial curv rh Tue Mar 10 08:48:27 CET 2026
#@# pial area rh Tue Mar 10 08:48:27 CET 2026
#@# thickness rh Tue Mar 10 08:48:27 CET 2026
#@# area and vertex vol rh Tue Mar 10 08:48:27 CET 2026
#@# Curvature Stats lh Tue Mar 10 08:48:27 CET 2026
#@# Curvature Stats rh Tue Mar 10 08:48:30 CET 2026
#@# Relabel Hypointensities Tue Mar 10 08:48:33 CET 2026
#@# APas-to-ASeg Tue Mar 10 08:48:49 CET 2026
#@# AParc-to-ASeg aparc Tue Mar 10 08:48:58 CET 2026
#@# AParc-to-ASeg aparc.a2009s Tue Mar 10 08:49:53 CET 2026
#@# AParc-to-ASeg aparc.DKTatlas Tue Mar 10 08:50:45 CET 2026
#@# WMParc Tue Mar 10 08:51:37 CET 2026
#@# ASeg Stats Tue Mar 10 08:56:13 CET 2026
recon-all -s sub-v1s6x0051370_ses-1 finished without error at Tue Mar 10 08:56:56 CET 2026
