status file for recon-all
Tue Mar 10 05:49:16 CET 2026
#@# MotionCor Tue Mar 10 05:49:18 CET 2026
#@# Talairach Tue Mar 10 05:49:23 CET 2026
#@# Talairach Failure Detection Tue Mar 10 05:52:13 CET 2026
#@# Nu Intensity Correction Tue Mar 10 05:52:13 CET 2026
#@# Intensity Normalization Tue Mar 10 05:54:59 CET 2026
recon-all -s sub-v1s6x0051367_ses-1 finished without error at Tue Mar 10 05:56:01 CET 2026



#New# invocation of recon-all 



status file for recon-all
Tue Mar 10 06:01:29 CET 2026
#@# EM Registration Tue Mar 10 06:01:29 CET 2026
recon-all -s sub-v1s6x0051367_ses-1 finished without error at Tue Mar 10 06:03:16 CET 2026



#New# invocation of recon-all 



status file for recon-all
Tue Mar 10 06:03:20 CET 2026
#@# CA Normalize Tue Mar 10 06:03:20 CET 2026
#@# CA Reg Tue Mar 10 06:04:15 CET 2026
#@# SubCort Seg Tue Mar 10 06:35:42 CET 2026
#@# CC Seg Tue Mar 10 06:55:33 CET 2026
#@# Merge ASeg Tue Mar 10 06:55:51 CET 2026
#@# Intensity Normalization2 Tue Mar 10 06:55:51 CET 2026
#@# Mask BFS Tue Mar 10 06:57:20 CET 2026
#@# WM Segmentation Tue Mar 10 06:57:21 CET 2026
#@# Fill Tue Mar 10 06:58:53 CET 2026
recon-all -s sub-v1s6x0051367_ses-1 finished without error at Tue Mar 10 06:59:32 CET 2026



#New# invocation of recon-all 



status file for recon-all
Tue Mar 10 07:29:27 CET 2026
#@# white curv lh Tue Mar 10 07:29:27 CET 2026
#@# white area lh Tue Mar 10 07:29:27 CET 2026
#@# pial curv lh Tue Mar 10 07:29:27 CET 2026
#@# pial area lh Tue Mar 10 07:29:27 CET 2026
#@# thickness lh Tue Mar 10 07:29:27 CET 2026
#@# area and vertex vol lh Tue Mar 10 07:29:27 CET 2026
#@# white curv rh Tue Mar 10 07:29:27 CET 2026
#@# white area rh Tue Mar 10 07:29:27 CET 2026
#@# pial curv rh Tue Mar 10 07:29:27 CET 2026
#@# pial area rh Tue Mar 10 07:29:27 CET 2026
#@# thickness rh Tue Mar 10 07:29:27 CET 2026
#@# area and vertex vol rh Tue Mar 10 07:29:27 CET 2026
#@# Cortical ribbon mask Tue Mar 10 07:29:27 CET 2026
recon-all -s sub-v1s6x0051367_ses-1 finished without error at Tue Mar 10 07:33:46 CET 2026



#New# invocation of recon-all 



status file for recon-all
Tue Mar 10 07:38:27 CET 2026
#@# white curv lh Tue Mar 10 07:38:27 CET 2026
#@# white area lh Tue Mar 10 07:38:27 CET 2026
#@# pial curv lh Tue Mar 10 07:38:27 CET 2026
#@# pial area lh Tue Mar 10 07:38:27 CET 2026
#@# thickness lh Tue Mar 10 07:38:27 CET 2026
#@# area and vertex vol lh Tue Mar 10 07:38:27 CET 2026
#@# white curv rh Tue Mar 10 07:38:27 CET 2026
#@# white area rh Tue Mar 10 07:38:27 CET 2026
#@# pial curv rh Tue Mar 10 07:38:27 CET 2026
#@# pial area rh Tue Mar 10 07:38:27 CET 2026
#@# thickness rh Tue Mar 10 07:38:27 CET 2026
#@# area and vertex vol rh Tue Mar 10 07:38:27 CET 2026
#@# Curvature Stats lh Tue Mar 10 07:38:27 CET 2026
#@# Curvature Stats rh Tue Mar 10 07:38:29 CET 2026
#@# Relabel Hypointensities Tue Mar 10 07:38:30 CET 2026
#@# APas-to-ASeg Tue Mar 10 07:38:40 CET 2026
#@# AParc-to-ASeg aparc Tue Mar 10 07:38:45 CET 2026
#@# AParc-to-ASeg aparc.a2009s Tue Mar 10 07:39:02 CET 2026
#@# AParc-to-ASeg aparc.DKTatlas Tue Mar 10 07:39:21 CET 2026
#@# WMParc Tue Mar 10 07:39:38 CET 2026
#@# ASeg Stats Tue Mar 10 07:41:18 CET 2026
recon-all -s sub-v1s6x0051367_ses-1 finished without error at Tue Mar 10 07:41:33 CET 2026
