status file for recon-all
Tue Mar 10 06:59:37 CET 2026
#@# Tessellate lh Tue Mar 10 06:59:37 CET 2026
#@# Smooth1 lh Tue Mar 10 06:59:40 CET 2026
#@# Inflation1 lh Tue Mar 10 06:59:42 CET 2026
#@# QSphere lh Tue Mar 10 06:59:49 CET 2026
#@# Fix Topology lh Tue Mar 10 07:00:30 CET 2026
#@# Smooth2 lh Tue Mar 10 07:04:19 CET 2026
#@# Inflation2 lh Tue Mar 10 07:04:21 CET 2026
#@# Curv .H and .K lh Tue Mar 10 07:04:29 CET 2026
#@# Sphere lh Tue Mar 10 07:05:05 CET 2026
#@# Surf Reg lh Tue Mar 10 07:07:07 CET 2026
#@# Jacobian white lh Tue Mar 10 07:09:21 CET 2026
#@# AvgCurv lh Tue Mar 10 07:09:22 CET 2026
#@# Cortical Parc lh Tue Mar 10 07:09:22 CET 2026
#@# white curv lh Tue Mar 10 07:14:08 CET 2026
#@# white area lh Tue Mar 10 07:14:09 CET 2026
#@# pial curv lh Tue Mar 10 07:14:09 CET 2026
#@# pial area lh Tue Mar 10 07:14:11 CET 2026
#@# thickness lh Tue Mar 10 07:14:11 CET 2026
#@# area and vertex vol lh Tue Mar 10 07:14:30 CET 2026
#@# Curvature Stats lh Tue Mar 10 07:14:30 CET 2026
#@# Cortical Parc 2 lh Tue Mar 10 07:14:32 CET 2026
#@# Cortical Parc 3 lh Tue Mar 10 07:14:41 CET 2026
#@# WM/GM Contrast lh Tue Mar 10 07:14:48 CET 2026
recon-all -s sub-v1s6x0051367_ses-1 finished without error at Tue Mar 10 07:14:51 CET 2026



#New# invocation of recon-all 



status file for recon-all
Tue Mar 10 07:33:51 CET 2026
#@# white curv lh Tue Mar 10 07:33:51 CET 2026
#@# white area lh Tue Mar 10 07:33:51 CET 2026
#@# pial curv lh Tue Mar 10 07:33:51 CET 2026
#@# pial area lh Tue Mar 10 07:33:51 CET 2026
#@# thickness lh Tue Mar 10 07:33:51 CET 2026
#@# area and vertex vol lh Tue Mar 10 07:33:51 CET 2026
#@# Parcellation Stats lh Tue Mar 10 07:33:51 CET 2026
#@# Parcellation Stats 2 lh Tue Mar 10 07:34:04 CET 2026
#@# Parcellation Stats 3 lh Tue Mar 10 07:34:11 CET 2026
#@# BA_exvivo Labels lh Tue Mar 10 07:34:18 CET 2026
recon-all -s sub-v1s6x0051367_ses-1 finished without error at Tue Mar 10 07:36:04 CET 2026
