status file for recon-all
Tue Mar 10 07:14:53 CET 2026
#@# Tessellate rh Tue Mar 10 07:14:53 CET 2026
#@# Smooth1 rh Tue Mar 10 07:14:56 CET 2026
#@# Inflation1 rh Tue Mar 10 07:14:57 CET 2026
#@# QSphere rh Tue Mar 10 07:15:05 CET 2026
#@# Fix Topology rh Tue Mar 10 07:15:51 CET 2026
#@# Smooth2 rh Tue Mar 10 07:19:47 CET 2026
#@# Inflation2 rh Tue Mar 10 07:19:48 CET 2026
#@# Curv .H and .K rh Tue Mar 10 07:19:56 CET 2026
#@# Sphere rh Tue Mar 10 07:20:32 CET 2026
#@# Surf Reg rh Tue Mar 10 07:21:26 CET 2026
#@# Jacobian white rh Tue Mar 10 07:23:54 CET 2026
#@# AvgCurv rh Tue Mar 10 07:23:55 CET 2026
#@# Cortical Parc rh Tue Mar 10 07:23:55 CET 2026
#@# white curv rh Tue Mar 10 07:28:40 CET 2026
#@# white area rh Tue Mar 10 07:28:42 CET 2026
#@# pial curv rh Tue Mar 10 07:28:42 CET 2026
#@# pial area rh Tue Mar 10 07:28:43 CET 2026
#@# thickness rh Tue Mar 10 07:28:44 CET 2026
#@# area and vertex vol rh Tue Mar 10 07:29:02 CET 2026
#@# Curvature Stats rh Tue Mar 10 07:29:03 CET 2026
#@# Cortical Parc 2 rh Tue Mar 10 07:29:04 CET 2026
#@# Cortical Parc 3 rh Tue Mar 10 07:29:14 CET 2026
#@# WM/GM Contrast rh Tue Mar 10 07:29:21 CET 2026
recon-all -s sub-v1s6x0051367_ses-1 finished without error at Tue Mar 10 07:29:23 CET 2026



#New# invocation of recon-all 



status file for recon-all
Tue Mar 10 07:36:08 CET 2026
#@# white curv rh Tue Mar 10 07:36:09 CET 2026
#@# white area rh Tue Mar 10 07:36:09 CET 2026
#@# pial curv rh Tue Mar 10 07:36:09 CET 2026
#@# pial area rh Tue Mar 10 07:36:09 CET 2026
#@# thickness rh Tue Mar 10 07:36:09 CET 2026
#@# area and vertex vol rh Tue Mar 10 07:36:09 CET 2026
#@# Parcellation Stats rh Tue Mar 10 07:36:09 CET 2026
#@# Parcellation Stats 2 rh Tue Mar 10 07:36:23 CET 2026
#@# Parcellation Stats 3 rh Tue Mar 10 07:36:30 CET 2026
#@# BA_exvivo Labels rh Tue Mar 10 07:36:37 CET 2026
recon-all -s sub-v1s6x0051367_ses-1 finished without error at Tue Mar 10 07:38:23 CET 2026
