status file for recon-all
Tue Mar 10 07:43:21 CET 2026
#@# Tessellate rh Tue Mar 10 07:43:21 CET 2026
#@# Smooth1 rh Tue Mar 10 07:43:25 CET 2026
#@# Inflation1 rh Tue Mar 10 07:43:27 CET 2026
#@# QSphere rh Tue Mar 10 07:43:39 CET 2026
#@# Fix Topology rh Tue Mar 10 07:45:05 CET 2026
#@# Smooth2 rh Tue Mar 10 07:49:28 CET 2026
#@# Inflation2 rh Tue Mar 10 07:49:31 CET 2026
#@# Curv .H and .K rh Tue Mar 10 07:49:44 CET 2026
#@# Sphere rh Tue Mar 10 07:50:25 CET 2026
#@# Surf Reg rh Tue Mar 10 07:52:31 CET 2026
#@# Jacobian white rh Tue Mar 10 07:56:07 CET 2026
#@# AvgCurv rh Tue Mar 10 07:56:08 CET 2026
#@# Cortical Parc rh Tue Mar 10 07:56:08 CET 2026
#@# white curv rh Tue Mar 10 08:02:05 CET 2026
#@# white area rh Tue Mar 10 08:02:06 CET 2026
#@# pial curv rh Tue Mar 10 08:02:07 CET 2026
#@# pial area rh Tue Mar 10 08:02:09 CET 2026
#@# thickness rh Tue Mar 10 08:02:09 CET 2026
#@# area and vertex vol rh Tue Mar 10 08:02:38 CET 2026
#@# Curvature Stats rh Tue Mar 10 08:02:40 CET 2026
#@# Cortical Parc 2 rh Tue Mar 10 08:02:42 CET 2026
#@# Cortical Parc 3 rh Tue Mar 10 08:02:54 CET 2026
#@# WM/GM Contrast rh Tue Mar 10 08:03:04 CET 2026
recon-all -s sub-v1s6x0051363_ses-1 finished without error at Tue Mar 10 08:03:07 CET 2026



#New# invocation of recon-all 



status file for recon-all
Tue Mar 10 08:10:07 CET 2026
#@# white curv rh Tue Mar 10 08:10:08 CET 2026
#@# white area rh Tue Mar 10 08:10:08 CET 2026
#@# pial curv rh Tue Mar 10 08:10:08 CET 2026
#@# pial area rh Tue Mar 10 08:10:08 CET 2026
#@# thickness rh Tue Mar 10 08:10:08 CET 2026
#@# area and vertex vol rh Tue Mar 10 08:10:08 CET 2026
#@# Parcellation Stats rh Tue Mar 10 08:10:08 CET 2026
#@# Parcellation Stats 2 rh Tue Mar 10 08:10:23 CET 2026
#@# Parcellation Stats 3 rh Tue Mar 10 08:10:31 CET 2026
#@# BA_exvivo Labels rh Tue Mar 10 08:10:38 CET 2026
recon-all -s sub-v1s6x0051363_ses-1 finished without error at Tue Mar 10 08:13:13 CET 2026
