status file for recon-all
Tue Mar 10 05:37:12 CET 2026
#@# MotionCor Tue Mar 10 05:37:13 CET 2026
#@# Talairach Tue Mar 10 05:37:21 CET 2026
#@# Talairach Failure Detection Tue Mar 10 05:41:48 CET 2026
#@# Nu Intensity Correction Tue Mar 10 05:41:48 CET 2026
#@# Intensity Normalization Tue Mar 10 05:45:04 CET 2026
recon-all -s sub-v1s6x0051363_ses-1 finished without error at Tue Mar 10 05:46:41 CET 2026



#New# invocation of recon-all 



status file for recon-all
Tue Mar 10 05:53:38 CET 2026
#@# EM Registration Tue Mar 10 05:53:38 CET 2026
recon-all -s sub-v1s6x0051363_ses-1 finished without error at Tue Mar 10 05:55:27 CET 2026



#New# invocation of recon-all 



status file for recon-all
Tue Mar 10 05:55:30 CET 2026
#@# CA Normalize Tue Mar 10 05:55:30 CET 2026
#@# CA Reg Tue Mar 10 05:56:52 CET 2026
#@# SubCort Seg Tue Mar 10 06:49:14 CET 2026
#@# CC Seg Tue Mar 10 07:17:08 CET 2026
#@# Merge ASeg Tue Mar 10 07:17:49 CET 2026
#@# Intensity Normalization2 Tue Mar 10 07:17:49 CET 2026
#@# Mask BFS Tue Mar 10 07:20:06 CET 2026
#@# WM Segmentation Tue Mar 10 07:20:07 CET 2026
#@# Fill Tue Mar 10 07:22:03 CET 2026
recon-all -s sub-v1s6x0051363_ses-1 finished without error at Tue Mar 10 07:23:08 CET 2026



#New# invocation of recon-all 



status file for recon-all
Tue Mar 10 08:03:13 CET 2026
#@# white curv lh Tue Mar 10 08:03:13 CET 2026
#@# white area lh Tue Mar 10 08:03:13 CET 2026
#@# pial curv lh Tue Mar 10 08:03:13 CET 2026
#@# pial area lh Tue Mar 10 08:03:13 CET 2026
#@# thickness lh Tue Mar 10 08:03:13 CET 2026
#@# area and vertex vol lh Tue Mar 10 08:03:13 CET 2026
#@# white curv rh Tue Mar 10 08:03:13 CET 2026
#@# white area rh Tue Mar 10 08:03:13 CET 2026
#@# pial curv rh Tue Mar 10 08:03:13 CET 2026
#@# pial area rh Tue Mar 10 08:03:13 CET 2026
#@# thickness rh Tue Mar 10 08:03:13 CET 2026
#@# area and vertex vol rh Tue Mar 10 08:03:13 CET 2026
#@# Cortical ribbon mask Tue Mar 10 08:03:13 CET 2026
recon-all -s sub-v1s6x0051363_ses-1 finished without error at Tue Mar 10 08:06:55 CET 2026



#New# invocation of recon-all 



status file for recon-all
Tue Mar 10 08:13:17 CET 2026
#@# white curv lh Tue Mar 10 08:13:17 CET 2026
#@# white area lh Tue Mar 10 08:13:17 CET 2026
#@# pial curv lh Tue Mar 10 08:13:17 CET 2026
#@# pial area lh Tue Mar 10 08:13:17 CET 2026
#@# thickness lh Tue Mar 10 08:13:17 CET 2026
#@# area and vertex vol lh Tue Mar 10 08:13:17 CET 2026
#@# white curv rh Tue Mar 10 08:13:17 CET 2026
#@# white area rh Tue Mar 10 08:13:17 CET 2026
#@# pial curv rh Tue Mar 10 08:13:17 CET 2026
#@# pial area rh Tue Mar 10 08:13:17 CET 2026
#@# thickness rh Tue Mar 10 08:13:17 CET 2026
#@# area and vertex vol rh Tue Mar 10 08:13:17 CET 2026
#@# Curvature Stats lh Tue Mar 10 08:13:17 CET 2026
#@# Curvature Stats rh Tue Mar 10 08:13:20 CET 2026
#@# Relabel Hypointensities Tue Mar 10 08:13:22 CET 2026
#@# APas-to-ASeg Tue Mar 10 08:13:37 CET 2026
#@# AParc-to-ASeg aparc Tue Mar 10 08:13:44 CET 2026
#@# AParc-to-ASeg aparc.a2009s Tue Mar 10 08:14:05 CET 2026
#@# AParc-to-ASeg aparc.DKTatlas Tue Mar 10 08:14:26 CET 2026
#@# WMParc Tue Mar 10 08:14:49 CET 2026
#@# ASeg Stats Tue Mar 10 08:19:08 CET 2026
recon-all -s sub-v1s6x0051363_ses-1 finished without error at Tue Mar 10 08:19:50 CET 2026
