status file for recon-all
Tue Mar 10 07:23:11 CET 2026
#@# Tessellate lh Tue Mar 10 07:23:11 CET 2026
#@# Smooth1 lh Tue Mar 10 07:23:15 CET 2026
#@# Inflation1 lh Tue Mar 10 07:23:17 CET 2026
#@# QSphere lh Tue Mar 10 07:23:29 CET 2026
#@# Fix Topology lh Tue Mar 10 07:24:35 CET 2026
#@# Smooth2 lh Tue Mar 10 07:29:27 CET 2026
#@# Inflation2 lh Tue Mar 10 07:29:30 CET 2026
#@# Curv .H and .K lh Tue Mar 10 07:29:43 CET 2026
#@# Sphere lh Tue Mar 10 07:30:23 CET 2026
#@# Surf Reg lh Tue Mar 10 07:33:08 CET 2026
#@# Jacobian white lh Tue Mar 10 07:36:35 CET 2026
#@# AvgCurv lh Tue Mar 10 07:36:36 CET 2026
#@# Cortical Parc lh Tue Mar 10 07:36:37 CET 2026
#@# white curv lh Tue Mar 10 07:42:21 CET 2026
#@# white area lh Tue Mar 10 07:42:23 CET 2026
#@# pial curv lh Tue Mar 10 07:42:23 CET 2026
#@# pial area lh Tue Mar 10 07:42:25 CET 2026
#@# thickness lh Tue Mar 10 07:42:26 CET 2026
#@# area and vertex vol lh Tue Mar 10 07:42:51 CET 2026
#@# Curvature Stats lh Tue Mar 10 07:42:52 CET 2026
#@# Cortical Parc 2 lh Tue Mar 10 07:42:54 CET 2026
#@# Cortical Parc 3 lh Tue Mar 10 07:43:06 CET 2026
#@# WM/GM Contrast lh Tue Mar 10 07:43:15 CET 2026
recon-all -s sub-v1s6x0051363_ses-1 finished without error at Tue Mar 10 07:43:18 CET 2026



#New# invocation of recon-all 



status file for recon-all
Tue Mar 10 08:06:59 CET 2026
#@# white curv lh Tue Mar 10 08:06:59 CET 2026
#@# white area lh Tue Mar 10 08:06:59 CET 2026
#@# pial curv lh Tue Mar 10 08:06:59 CET 2026
#@# pial area lh Tue Mar 10 08:06:59 CET 2026
#@# thickness lh Tue Mar 10 08:06:59 CET 2026
#@# area and vertex vol lh Tue Mar 10 08:06:59 CET 2026
#@# Parcellation Stats lh Tue Mar 10 08:06:59 CET 2026
#@# Parcellation Stats 2 lh Tue Mar 10 08:07:15 CET 2026
#@# Parcellation Stats 3 lh Tue Mar 10 08:07:23 CET 2026
#@# BA_exvivo Labels lh Tue Mar 10 08:07:31 CET 2026
recon-all -s sub-v1s6x0051363_ses-1 finished without error at Tue Mar 10 08:10:06 CET 2026
