status file for recon-all
Tue Mar 10 06:53:48 CET 2026
#@# Tessellate lh Tue Mar 10 06:53:48 CET 2026
#@# Smooth1 lh Tue Mar 10 06:53:50 CET 2026
#@# Inflation1 lh Tue Mar 10 06:53:53 CET 2026
#@# QSphere lh Tue Mar 10 06:54:06 CET 2026
#@# Fix Topology lh Tue Mar 10 06:55:10 CET 2026
#@# Smooth2 lh Tue Mar 10 06:59:48 CET 2026
#@# Inflation2 lh Tue Mar 10 06:59:50 CET 2026
#@# Curv .H and .K lh Tue Mar 10 07:00:05 CET 2026
#@# Sphere lh Tue Mar 10 07:00:44 CET 2026
#@# Surf Reg lh Tue Mar 10 07:03:12 CET 2026
#@# Jacobian white lh Tue Mar 10 07:06:59 CET 2026
#@# AvgCurv lh Tue Mar 10 07:07:00 CET 2026
#@# Cortical Parc lh Tue Mar 10 07:07:00 CET 2026
#@# white curv lh Tue Mar 10 07:12:48 CET 2026
#@# white area lh Tue Mar 10 07:12:49 CET 2026
#@# pial curv lh Tue Mar 10 07:12:50 CET 2026
#@# pial area lh Tue Mar 10 07:12:51 CET 2026
#@# thickness lh Tue Mar 10 07:12:52 CET 2026
#@# area and vertex vol lh Tue Mar 10 07:13:12 CET 2026
#@# Curvature Stats lh Tue Mar 10 07:13:14 CET 2026
#@# Cortical Parc 2 lh Tue Mar 10 07:13:16 CET 2026
#@# Cortical Parc 3 lh Tue Mar 10 07:13:27 CET 2026
#@# WM/GM Contrast lh Tue Mar 10 07:13:36 CET 2026
recon-all -s sub-v1s6x0051319_ses-1 finished without error at Tue Mar 10 07:13:38 CET 2026



#New# invocation of recon-all 



status file for recon-all
Tue Mar 10 07:38:54 CET 2026
#@# white curv lh Tue Mar 10 07:38:54 CET 2026
#@# white area lh Tue Mar 10 07:38:54 CET 2026
#@# pial curv lh Tue Mar 10 07:38:54 CET 2026
#@# pial area lh Tue Mar 10 07:38:54 CET 2026
#@# thickness lh Tue Mar 10 07:38:54 CET 2026
#@# area and vertex vol lh Tue Mar 10 07:38:54 CET 2026
#@# Parcellation Stats lh Tue Mar 10 07:38:54 CET 2026
#@# Parcellation Stats 2 lh Tue Mar 10 07:39:10 CET 2026
#@# Parcellation Stats 3 lh Tue Mar 10 07:39:19 CET 2026
#@# BA_exvivo Labels lh Tue Mar 10 07:39:27 CET 2026
recon-all -s sub-v1s6x0051319_ses-1 finished without error at Tue Mar 10 07:41:34 CET 2026
