status file for recon-all
Tue Mar 10 07:13:40 CET 2026
#@# Tessellate rh Tue Mar 10 07:13:40 CET 2026
#@# Smooth1 rh Tue Mar 10 07:13:43 CET 2026
#@# Inflation1 rh Tue Mar 10 07:13:45 CET 2026
#@# QSphere rh Tue Mar 10 07:13:59 CET 2026
#@# Fix Topology rh Tue Mar 10 07:14:59 CET 2026
#@# Smooth2 rh Tue Mar 10 07:20:26 CET 2026
#@# Inflation2 rh Tue Mar 10 07:20:29 CET 2026
#@# Curv .H and .K rh Tue Mar 10 07:20:43 CET 2026
#@# Sphere rh Tue Mar 10 07:21:23 CET 2026
#@# Surf Reg rh Tue Mar 10 07:25:07 CET 2026
#@# Jacobian white rh Tue Mar 10 07:28:53 CET 2026
#@# AvgCurv rh Tue Mar 10 07:28:54 CET 2026
#@# Cortical Parc rh Tue Mar 10 07:28:55 CET 2026
#@# white curv rh Tue Mar 10 07:34:28 CET 2026
#@# white area rh Tue Mar 10 07:34:29 CET 2026
#@# pial curv rh Tue Mar 10 07:34:30 CET 2026
#@# pial area rh Tue Mar 10 07:34:31 CET 2026
#@# thickness rh Tue Mar 10 07:34:32 CET 2026
#@# area and vertex vol rh Tue Mar 10 07:34:53 CET 2026
#@# Curvature Stats rh Tue Mar 10 07:34:54 CET 2026
#@# Cortical Parc 2 rh Tue Mar 10 07:34:56 CET 2026
#@# Cortical Parc 3 rh Tue Mar 10 07:35:07 CET 2026
#@# WM/GM Contrast rh Tue Mar 10 07:35:15 CET 2026
recon-all -s sub-v1s6x0051319_ses-1 finished without error at Tue Mar 10 07:35:18 CET 2026



#New# invocation of recon-all 



status file for recon-all
Tue Mar 10 07:41:36 CET 2026
#@# white curv rh Tue Mar 10 07:41:36 CET 2026
#@# white area rh Tue Mar 10 07:41:36 CET 2026
#@# pial curv rh Tue Mar 10 07:41:36 CET 2026
#@# pial area rh Tue Mar 10 07:41:36 CET 2026
#@# thickness rh Tue Mar 10 07:41:36 CET 2026
#@# area and vertex vol rh Tue Mar 10 07:41:36 CET 2026
#@# Parcellation Stats rh Tue Mar 10 07:41:36 CET 2026
#@# Parcellation Stats 2 rh Tue Mar 10 07:41:53 CET 2026
#@# Parcellation Stats 3 rh Tue Mar 10 07:42:02 CET 2026
#@# BA_exvivo Labels rh Tue Mar 10 07:42:10 CET 2026
recon-all -s sub-v1s6x0051319_ses-1 finished without error at Tue Mar 10 07:44:20 CET 2026
