status file for recon-all
Tue Mar 10 05:19:31 CET 2026
#@# MotionCor Tue Mar 10 05:19:33 CET 2026
#@# Talairach Tue Mar 10 05:19:38 CET 2026
#@# Talairach Failure Detection Tue Mar 10 05:22:28 CET 2026
#@# Nu Intensity Correction Tue Mar 10 05:22:28 CET 2026
#@# Intensity Normalization Tue Mar 10 05:25:14 CET 2026
recon-all -s sub-v1s6x0051319_ses-1 finished without error at Tue Mar 10 05:26:27 CET 2026



#New# invocation of recon-all 



status file for recon-all
Tue Mar 10 05:32:04 CET 2026
#@# EM Registration Tue Mar 10 05:32:04 CET 2026
recon-all -s sub-v1s6x0051319_ses-1 finished without error at Tue Mar 10 05:33:46 CET 2026



#New# invocation of recon-all 



status file for recon-all
Tue Mar 10 05:33:48 CET 2026
#@# CA Normalize Tue Mar 10 05:33:48 CET 2026
#@# CA Reg Tue Mar 10 05:34:43 CET 2026
#@# SubCort Seg Tue Mar 10 06:26:54 CET 2026
#@# CC Seg Tue Mar 10 06:49:03 CET 2026
#@# Merge ASeg Tue Mar 10 06:49:52 CET 2026
#@# Intensity Normalization2 Tue Mar 10 06:49:52 CET 2026
#@# Mask BFS Tue Mar 10 06:51:25 CET 2026
#@# WM Segmentation Tue Mar 10 06:51:26 CET 2026
#@# Fill Tue Mar 10 06:53:05 CET 2026
recon-all -s sub-v1s6x0051319_ses-1 finished without error at Tue Mar 10 06:53:44 CET 2026



#New# invocation of recon-all 



status file for recon-all
Tue Mar 10 07:35:23 CET 2026
#@# white curv lh Tue Mar 10 07:35:23 CET 2026
#@# white area lh Tue Mar 10 07:35:23 CET 2026
#@# pial curv lh Tue Mar 10 07:35:23 CET 2026
#@# pial area lh Tue Mar 10 07:35:23 CET 2026
#@# thickness lh Tue Mar 10 07:35:23 CET 2026
#@# area and vertex vol lh Tue Mar 10 07:35:23 CET 2026
#@# white curv rh Tue Mar 10 07:35:23 CET 2026
#@# white area rh Tue Mar 10 07:35:23 CET 2026
#@# pial curv rh Tue Mar 10 07:35:23 CET 2026
#@# pial area rh Tue Mar 10 07:35:23 CET 2026
#@# thickness rh Tue Mar 10 07:35:23 CET 2026
#@# area and vertex vol rh Tue Mar 10 07:35:23 CET 2026
#@# Cortical ribbon mask Tue Mar 10 07:35:23 CET 2026
recon-all -s sub-v1s6x0051319_ses-1 finished without error at Tue Mar 10 07:38:49 CET 2026



#New# invocation of recon-all 



status file for recon-all
Tue Mar 10 07:44:24 CET 2026
#@# white curv lh Tue Mar 10 07:44:24 CET 2026
#@# white area lh Tue Mar 10 07:44:24 CET 2026
#@# pial curv lh Tue Mar 10 07:44:24 CET 2026
#@# pial area lh Tue Mar 10 07:44:24 CET 2026
#@# thickness lh Tue Mar 10 07:44:24 CET 2026
#@# area and vertex vol lh Tue Mar 10 07:44:24 CET 2026
#@# white curv rh Tue Mar 10 07:44:24 CET 2026
#@# white area rh Tue Mar 10 07:44:24 CET 2026
#@# pial curv rh Tue Mar 10 07:44:24 CET 2026
#@# pial area rh Tue Mar 10 07:44:24 CET 2026
#@# thickness rh Tue Mar 10 07:44:24 CET 2026
#@# area and vertex vol rh Tue Mar 10 07:44:24 CET 2026
#@# Curvature Stats lh Tue Mar 10 07:44:24 CET 2026
#@# Curvature Stats rh Tue Mar 10 07:44:26 CET 2026
#@# Relabel Hypointensities Tue Mar 10 07:44:28 CET 2026
#@# APas-to-ASeg Tue Mar 10 07:44:39 CET 2026
#@# AParc-to-ASeg aparc Tue Mar 10 07:44:45 CET 2026
#@# AParc-to-ASeg aparc.a2009s Tue Mar 10 07:45:10 CET 2026
#@# AParc-to-ASeg aparc.DKTatlas Tue Mar 10 07:45:34 CET 2026
#@# WMParc Tue Mar 10 07:45:54 CET 2026
#@# ASeg Stats Tue Mar 10 07:48:05 CET 2026
recon-all -s sub-v1s6x0051319_ses-1 finished without error at Tue Mar 10 07:48:25 CET 2026
