/out/sourcedata/freesurfer/sub-v1s6x0051320_ses-1/mri
/opt/freesurfer/bin/talairach_avi
--i orig_nu.mgz --xfm transforms/talairach.auto.xfm
talairach_avi 7.3.2
Linux dna058 5.14.0-427.37.1.el9_4.x86_64 #1 SMP PREEMPT_DYNAMIC Fri Sep 13 12:41:50 EDT 2024 x86_64 x86_64 x86_64 GNU/Linux
Tue Mar 10 05:29:41 CET 2026
mri_convert orig_nu.mgz talsrcimg.img 
reading from orig_nu.mgz...
TR=0.00, TE=0.00, TI=0.00, flip angle=0.00
i_ras = (-1, 0, 0)
j_ras = (0, 0, -1)
k_ras = (0, 1, 0)
writing to talsrcimg.img...
Analyze Output Matrix
-1.00000   0.00000   0.00000   132.21187;
 0.00000   0.00000   1.00000  -125.28814;
 0.00000  -1.00000   0.00000   106.94916;
 0.00000   0.00000   0.00000   1.00000;
--------------------
INFO: set hdr.hist.orient to -1
mpr2mni305 talsrcimg
Tue Mar 10 05:29:42 CET 2026
/opt/freesurfer/bin/mpr2mni305 talsrcimg
mpr2mni305 7.3.2
target=711-2C_as_mni_average_305

---------------------------------------------------------------------
analyzeto4dfp talsrcimg -O0 -y
---------------------------------------------------------------------

freesurfer ifh2hdr.c
Tue Mar 10 05:29:42 2026
Writing: talsrcimg.4dfp.hdr
freesurfer analyzeto4dfp.c
Reading: talsrcimg.hdr
header size 348 bytes
hdr.dime.datatype	offset=70	value=2
hdr.dime.bitpix		offset=72	value=8
hdr.hist.orient		offset=252	value=-1
dimensionality     4
dimensions       256       256       256         1
Reading: talsrcimg.img
Writing: talsrcimg.4dfp.img
Writing: talsrcimg.4dfp.ifh
ifh2hdr talsrcimg -r0to231
ori=2

---------------------------------------------------------------------
gauss_4dfp talsrcimg 1.1
---------------------------------------------------------------------

freesurfer gauss_4dfp.c
Reading: talsrcimg.4dfp.img
Writing: talsrcimg_g11.4dfp.img
image dimensions 256 256 256 padded to 288 288 288
processing volume 1freesurfer ifh2hdr.c
Tue Mar 10 05:29:44 2026
Writing: talsrcimg_g11.4dfp.hdr

Writing: talsrcimg_g11.4dfp.ifh
including: talsrcimg.4dfp.img.rec in talsrcimg_g11.4dfp.img.rec

---------------------------------------------------------------------
imgreg_4dfp /opt/freesurfer/average/711-2C_as_mni_average_305 none talsrcimg_g11 none talsrcimg_to_711-2C_as_mni_average_305_t4 4355
---------------------------------------------------------------------

freesurfer imgreg_4dfp.c
/opt/freesurfer/average/711-2C_as_mni_average_305.4dfp.img
       256       256       256         1
  1.000000  1.000000  1.000000
orientation T byte_order littleendian
Reading image: /opt/freesurfer/average/711-2C_as_mni_average_305.4dfp.img
dimensions:      256       256       256
mmppix:       1.0000   -1.0000   -1.0000
center:     128.0000 -129.0000 -129.0000
talsrcimg_g11.4dfp.img
       256       256       256         1
  1.000000  1.000000  1.000000
orientation T byte_order littleendian
Reading image: talsrcimg_g11.4dfp.img
dimensions:      256       256       256
mmppix:       1.0000   -1.0000   -1.0000
center:     128.0000 -129.0000 -129.0000
t4_read: open error in t4_sub.f l:  41 t4_file(1:l)talsrcimg_to_711-2C_as_mni_average_305_t4 
t4_read: transform initialized to I4
rotation matrix determinant  1.000000
image alignment mode   4355 decimal     1103 hex
   -7.5000  -45.0000  -45.0000 7319.7300   12.1089
    0.0000  -45.0000  -45.0000 7672.1475   12.1574
    7.5000  -45.0000  -45.0000 7284.1558   12.1551
   -7.5000  -37.5000  -45.0000 7915.0142   11.8558
    0.0000  -37.5000  -45.0000 8303.7656   11.9059
    7.5000  -37.5000  -45.0000 7872.5093   11.9008
   -7.5000  -30.0000  -45.0000 8824.4902   11.6830
    0.0000  -30.0000  -45.0000 9263.9863   11.7304
    7.5000  -30.0000  -45.0000 8787.1357   11.7270
   -7.5000  -22.5000  -45.0000 9808.1650   11.6399
    0.0000  -22.5000  -45.000010282.8936   11.6843
    7.5000  -22.5000  -45.0000 9768.7002   11.6846
   -7.5000  -15.0000  -45.000010731.4912   11.6131
    0.0000  -15.0000  -45.000011256.4102   11.6550
    7.5000  -15.0000  -45.000010697.3516   11.6573
   -7.5000   -7.5000  -45.000011678.6357   11.5962
    0.0000   -7.5000  -45.000012223.6396   11.6395
    7.5000   -7.5000  -45.000011610.5986   11.6398
   -7.5000    0.0000  -45.000012516.8809   11.5918
    0.0000    0.0000  -45.000013104.3936   11.6392
    7.5000    0.0000  -45.000012413.9336   11.6355
   -7.5000    7.5000  -45.000012437.4375   11.5906
    0.0000    7.5000  -45.000013017.4443   11.6395
    7.5000    7.5000  -45.000012357.4824   11.6341
   -7.5000   15.0000  -45.000012186.3096   11.5954
    0.0000   15.0000  -45.000012766.1816   11.6429
    7.5000   15.0000  -45.000012099.8926   11.6395
   -7.5000   22.5000  -45.000011735.0186   11.5976
    0.0000   22.5000  -45.000012302.2021   11.6421
    7.5000   22.5000  -45.000011631.0215   11.6423
   -7.5000   30.0000  -45.000011101.6621   11.4441
    0.0000   30.0000  -45.000011623.9814   11.4855
    7.5000   30.0000  -45.000010960.6074   11.4877
   -7.5000   37.5000  -45.000010889.5020   11.4416
    0.0000   37.5000  -45.000011394.6904   11.4844
    7.5000   37.5000  -45.000010741.3428   11.4847
   -7.5000   45.0000  -45.000010241.2861   11.1469
    0.0000   45.0000  -45.000010727.8867   11.1924
    7.5000   45.0000  -45.000010140.7158   11.1889
   -7.5000  -45.0000  -37.5000 7644.6353   12.0951
    0.0000  -45.0000  -37.5000 8018.1377   12.1400
    7.5000  -45.0000  -37.5000 7608.8101   12.1353
   -7.5000  -37.5000  -37.5000 8284.0771   11.8477
    0.0000  -37.5000  -37.5000 8693.7031   11.8928
    7.5000  -37.5000  -37.5000 8249.5684   11.8851
   -7.5000  -30.0000  -37.5000 9277.4697   11.6749
    0.0000  -30.0000  -37.5000 9719.2285   11.7174
    7.5000  -30.0000  -37.5000 9229.7041   11.7126
   -7.5000  -22.5000  -37.500010318.0469   11.6288
    0.0000  -22.5000  -37.500010786.1748   11.6698
    7.5000  -22.5000  -37.500010257.5352   11.6700
   -7.5000  -15.0000  -37.500011280.4248   11.5989
    0.0000  -15.0000  -37.500011796.2666   11.6392
    7.5000  -15.0000  -37.500011239.3330   11.6418
   -7.5000   -7.5000  -37.500012251.4131   11.5810
    0.0000   -7.5000  -37.500012791.3457   11.6229
    7.5000   -7.5000  -37.500012181.9160   11.6225
   -7.5000    0.0000  -37.500013120.8994   11.5797
    0.0000    0.0000  -37.500013696.6699   11.6239
    7.5000    0.0000  -37.500013002.2900   11.6181
   -7.5000    7.5000  -37.500013021.8936   11.5825
    0.0000    7.5000  -37.500013600.8506   11.6266
    7.5000    7.5000  -37.500012910.5234   11.6187
   -7.5000   15.0000  -37.500012740.2812   11.5878
    0.0000   15.0000  -37.500013340.2148   11.6304
    7.5000   15.0000  -37.500012638.1406   11.6255
   -7.5000   22.5000  -37.500012284.5156   11.5868
    0.0000   22.5000  -37.500012880.2617   11.6280
    7.5000   22.5000  -37.500012164.2607   11.6281
   -7.5000   30.0000  -37.500011631.6396   11.4300
    0.0000   30.0000  -37.500012171.4746   11.4698
    7.5000   30.0000  -37.500011500.1582   11.4723
   -7.5000   37.5000  -37.500011400.2471   11.4267
    0.0000   37.5000  -37.500011925.9551   11.4680
    7.5000   37.5000  -37.500011271.5596   11.4676
   -7.5000   45.0000  -37.500010735.6152   11.1353
    0.0000   45.0000  -37.500011221.4424   11.1778
    7.5000   45.0000  -37.500010624.8496   11.1722
   -7.5000  -45.0000  -30.0000 8084.8638   12.6028
    0.0000  -45.0000  -30.0000 8470.0146   12.6443
    7.5000  -45.0000  -30.0000 8042.5342   12.6358
   -7.5000  -37.5000  -30.0000 8783.9297   12.3516
    0.0000  -37.5000  -30.0000 9203.6953   12.3925
    7.5000  -37.5000  -30.0000 8742.5713   12.3806
   -7.5000  -30.0000  -30.0000 9857.2139   12.1745
    0.0000  -30.0000  -30.000010292.0391   12.2129
    7.5000  -30.0000  -30.0000 9800.4561   12.2050
   -7.5000  -22.5000  -30.000010964.7314   12.1241
    0.0000  -22.5000  -30.000011424.5654   12.1626
    7.5000  -22.5000  -30.000010912.5361   12.1613
   -7.5000  -15.0000  -30.000011992.9785   12.0883
    0.0000  -15.0000  -30.000012506.6230   12.1273
    7.5000  -15.0000  -30.000011961.7988   12.1292
   -7.5000   -7.5000  -30.000013019.0371   12.0664
    0.0000   -7.5000  -30.000013577.8926   12.1065
    7.5000   -7.5000  -30.000012957.7139   12.1045
   -7.5000    0.0000  -30.000013918.6357   12.0667
    0.0000    0.0000  -30.000014532.4736   12.1079
    7.5000    0.0000  -30.000013822.3105   12.0986
   -7.5000    7.5000  -30.000013798.8906   12.0749
    0.0000    7.5000  -30.000014414.8682   12.1150
    7.5000    7.5000  -30.000013683.3525   12.1030
   -7.5000   15.0000  -30.000013529.3652   12.0836
    0.0000   15.0000  -30.000014148.6279   12.1223
    7.5000   15.0000  -30.000013406.2021   12.1143
   -7.5000   22.5000  -30.000013061.2461   12.0795
    0.0000   22.5000  -30.000013675.7861   12.1181
    7.5000   22.5000  -30.000012916.0137   12.1167
   -7.5000   30.0000  -30.000012372.0586   11.9135
    0.0000   30.0000  -30.000012938.0498   11.9520
    7.5000   30.0000  -30.000012233.3389   11.9539
   -7.5000   37.5000  -30.000012085.4697   11.9067
    0.0000   37.5000  -30.000012631.7559   11.9463
    7.5000   37.5000  -30.000011955.9424   11.9443
   -7.5000   45.0000  -30.000011381.2422   11.6121
    0.0000   45.0000  -30.000011874.8564   11.6517
    7.5000   45.0000  -30.000011268.4756   11.6428
   -7.5000  -45.0000  -22.5000 8518.2148   13.0298
    0.0000  -45.0000  -22.5000 8891.7627   13.0716
    7.5000  -45.0000  -22.5000 8455.0049   13.0620
   -7.5000  -37.5000  -22.5000 9266.7529   12.7711
    0.0000  -37.5000  -22.5000 9669.5859   12.8132
    7.5000  -37.5000  -22.5000 9215.7227   12.7999
   -7.5000  -30.0000  -22.500010407.5654   12.5917
    0.0000  -30.0000  -22.500010846.2686   12.6316
    7.5000  -30.0000  -22.500010360.2002   12.6219
   -7.5000  -22.5000  -22.500011571.5361   12.5413
    0.0000  -22.5000  -22.500012044.3076   12.5808
    7.5000  -22.5000  -22.500011531.6855   12.5777
   -7.5000  -15.0000  -22.500012660.9053   12.5032
    0.0000  -15.0000  -22.500013182.2617   12.5426
    7.5000  -15.0000  -22.500012639.0928   12.5434
   -7.5000   -7.5000  -22.500013751.9111   12.4777
    0.0000   -7.5000  -22.500014341.4131   12.5180
    7.5000   -7.5000  -22.500013704.2031   12.5151
   -7.5000    0.0000  -22.500014734.9795   12.4760
    0.0000    0.0000  -22.500015388.4248   12.5176
    7.5000    0.0000  -22.500014649.5742   12.5072
   -7.5000    7.5000  -22.500014629.3008   12.4855
    0.0000    7.5000  -22.500015254.1250   12.5268
    7.5000    7.5000  -22.500014469.9775   12.5134
   -7.5000   15.0000  -22.500014328.7070   12.4976
    0.0000   15.0000  -22.500014980.2578   12.5378
    7.5000   15.0000  -22.500014176.8633   12.5280
   -7.5000   22.5000  -22.500013838.8262   12.4944
    0.0000   22.5000  -22.500014496.9863   12.5341
    7.5000   22.5000  -22.500013691.4453   12.5310
   -7.5000   30.0000  -22.500013112.7432   12.3245
    0.0000   30.0000  -22.500013743.0566   12.3635
    7.5000   30.0000  -22.500013000.3691   12.3642
   -7.5000   37.5000  -22.500012778.1738   12.3145
    0.0000   37.5000  -22.500013358.7881   12.3543
    7.5000   37.5000  -22.500012647.9824   12.3514
   -7.5000   45.0000  -22.500012022.1006   12.0150
    0.0000   45.0000  -22.500012547.6123   12.0551
    7.5000   45.0000  -22.500011887.1328   12.0451
   -7.5000  -45.0000  -15.0000 8903.7744   13.3369
    0.0000  -45.0000  -15.0000 9295.4443   13.3829
    7.5000  -45.0000  -15.0000 8841.5029   13.3754
   -7.5000  -37.5000  -15.0000 9709.9189   13.0673
    0.0000  -37.5000  -15.000010120.4219   13.1154
    7.5000  -37.5000  -15.0000 9651.1387   13.1042
   -7.5000  -30.0000  -15.000010916.6758   12.8858
    0.0000  -30.0000  -15.000011348.8467   12.9317
    7.5000  -30.0000  -15.000010849.8389   12.9227
   -7.5000  -22.5000  -15.000012154.8984   12.8384
    0.0000  -22.5000  -15.000012621.6045   12.8822
    7.5000  -22.5000  -15.000012083.0312   12.8787
   -7.5000  -15.0000  -15.000013311.8926   12.8021
    0.0000  -15.0000  -15.000013817.7988   12.8440
    7.5000  -15.0000  -15.000013257.0762   12.8441
   -7.5000   -7.5000  -15.000014472.1660   12.7756
    0.0000   -7.5000  -15.000015062.1846   12.8182
    7.5000   -7.5000  -15.000014387.9414   12.8157
   -7.5000    0.0000  -15.000015591.6406   12.7696
    0.0000    0.0000  -15.000016289.0801   12.8150
    7.5000    0.0000  -15.000015448.4668   12.8066
   -7.5000    7.5000  -15.000015476.3125   12.7758
    0.0000    7.5000  -15.000016169.9580   12.8228
    7.5000    7.5000  -15.000015290.1318   12.8115
   -7.5000   15.0000  -15.000015114.3848   12.7893
    0.0000   15.0000  -15.000015804.5303   12.8354
    7.5000   15.0000  -15.000014920.9033   12.8264
   -7.5000   22.5000  -15.000014621.7773   12.7895
    0.0000   22.5000  -15.000015305.2041   12.8336
    7.5000   22.5000  -15.000014455.5938   12.8300
   -7.5000   30.0000  -15.000013889.9277   12.6211
    0.0000   30.0000  -15.000014575.4209   12.6627
    7.5000   30.0000  -15.000013747.4893   12.6627
   -7.5000   37.5000  -15.000013522.4883   12.6102
    0.0000   37.5000  -15.000014181.5947   12.6523
    7.5000   37.5000  -15.000013379.7656   12.6498
   -7.5000   45.0000  -15.000012703.1133   12.3052
    0.0000   45.0000  -15.000013285.9062   12.3490
    7.5000   45.0000  -15.000012529.7451   12.3408
   -7.5000  -45.0000   -7.5000 9321.3701   13.4965
    0.0000  -45.0000   -7.5000 9748.7197   13.5485
    7.5000  -45.0000   -7.5000 9266.7432   13.5446
   -7.5000  -37.5000   -7.500010130.4883   13.2171
    0.0000  -37.5000   -7.500010582.4355   13.2716
    7.5000  -37.5000   -7.500010074.8623   13.2643
   -7.5000  -30.0000   -7.500011361.6152   13.0299
    0.0000  -30.0000   -7.500011853.5020   13.0819
    7.5000  -30.0000   -7.500011315.6699   13.0759
   -7.5000  -22.5000   -7.500012656.1250   12.9836
    0.0000  -22.5000   -7.500013174.9658   13.0322
    7.5000  -22.5000   -7.500012598.0254   13.0305
   -7.5000  -15.0000   -7.500013883.1299   12.9513
    0.0000  -15.0000   -7.500014452.0605   12.9968
    7.5000  -15.0000   -7.500013824.3320   12.9981
   -7.5000   -7.5000   -7.500015127.7871   12.9285
    0.0000   -7.5000   -7.500015785.8369   12.9751
    7.5000   -7.5000   -7.500015052.2969   12.9744
   -7.5000    0.0000   -7.500016403.4062   12.9215
    0.0000    0.0000   -7.500017238.4902   12.9723
    7.5000    0.0000   -7.500016293.0557   12.9670
   -7.5000    7.5000   -7.500016411.5215   12.9223
    0.0000    7.5000   -7.500017308.3516   12.9756
    7.5000    7.5000   -7.500016248.6904   12.9679
   -7.5000   15.0000   -7.500016049.5762   12.9322
    0.0000   15.0000   -7.500016898.2168   12.9843
    7.5000   15.0000   -7.500015844.8496   12.9783
   -7.5000   22.5000   -7.500015539.1367   12.9323
    0.0000   22.5000   -7.500016355.7842   12.9811
    7.5000   22.5000   -7.500015309.5234   12.9794
   -7.5000   30.0000   -7.500014806.1357   12.7678
    0.0000   30.0000   -7.500015593.3662   12.8128
    7.5000   30.0000   -7.500014526.3203   12.8140
   -7.5000   37.5000   -7.500014410.1357   12.7609
    0.0000   37.5000   -7.500015191.7031   12.8068
    7.5000   37.5000   -7.500014120.0176   12.8061
   -7.5000   45.0000   -7.500013478.6455   12.4539
    0.0000   45.0000   -7.500014174.5068   12.5029
    7.5000   45.0000   -7.500013147.7803   12.4978
   -7.5000  -45.0000    0.0000 9591.1875   13.5311
    0.0000  -45.0000    0.000010071.3486   13.5857
    7.5000  -45.0000    0.0000 9593.0527   13.5833
   -7.5000  -37.5000    0.000010443.4824   13.2488
    0.0000  -37.5000    0.000010964.7803   13.3051
    7.5000  -37.5000    0.000010448.9941   13.2993
   -7.5000  -30.0000    0.000011727.2236   13.0560
    0.0000  -30.0000    0.000012292.8652   13.1091
    7.5000  -30.0000    0.000011733.0068   13.1053
   -7.5000  -22.5000    0.000013058.6025   13.0077
    0.0000  -22.5000    0.000013673.4561   13.0575
    7.5000  -22.5000    0.000013070.2930   13.0580
   -7.5000  -15.0000    0.000014372.8398   12.9777
    0.0000  -15.0000    0.000014984.6309   13.0248
    7.5000  -15.0000    0.000014318.9541   13.0276
   -7.5000   -7.5000    0.000015683.6777   12.9589
    0.0000   -7.5000    0.000016374.2871   13.0077
    7.5000   -7.5000    0.000015568.5898   13.0082
   -7.5000    0.0000    0.000017117.5059   12.9541
    0.0000    0.0000    0.000018078.0898   13.0074
    7.5000    0.0000    0.000016940.7129   13.0034
   -7.5000    7.5000    0.000017343.6816   12.9528
    0.0000    7.5000    0.000018616.6230   13.0077
    7.5000    7.5000    0.000017087.5098   13.0017
   -7.5000   15.0000    0.000017119.0625   12.9582
    0.0000   15.0000    0.000018410.0293   13.0115
    7.5000   15.0000    0.000016788.9805   13.0076
   -7.5000   22.5000    0.000016469.5703   12.9563
    0.0000   22.5000    0.000017648.0469   13.0062
    7.5000   22.5000    0.000016119.6104   13.0065
   -7.5000   30.0000    0.000015514.6729   12.7939
    0.0000   30.0000    0.000016547.7871   12.8404
    7.5000   30.0000    0.000015173.4902   12.8431
   -7.5000   37.5000    0.000014998.9297   12.7912
    0.0000   37.5000    0.000015953.1123   12.8394
    7.5000   37.5000    0.000014693.8359   12.8399
   -7.5000   45.0000    0.000013933.3906   12.4863
    0.0000   45.0000    0.000014749.8975   12.5376
    7.5000   45.0000    0.000013660.8633   12.5338
   -7.5000  -45.0000    7.5000 9117.8672   13.5347
    0.0000  -45.0000    7.5000 9627.7676   13.5849
    7.5000  -45.0000    7.5000 9158.9600   13.5796
   -7.5000  -37.5000    7.5000 9948.3984   13.2579
    0.0000  -37.5000    7.500010502.4443   13.3083
    7.5000  -37.5000    7.5000 9985.6807   13.2996
   -7.5000  -30.0000    7.500011183.7910   13.0645
    0.0000  -30.0000    7.500011806.2676   13.1120
    7.5000  -30.0000    7.500011200.3779   13.1066
   -7.5000  -22.5000    7.500012500.0244   13.0128
    0.0000  -22.5000    7.500013178.3828   13.0588
    7.5000  -22.5000    7.500012482.4775   13.0590
   -7.5000  -15.0000    7.500013821.5117   12.9795
    0.0000  -15.0000    7.500014495.0977   13.0245
    7.5000  -15.0000    7.500013715.7344   13.0274
   -7.5000   -7.5000    7.500015134.3945   12.9594
    0.0000   -7.5000    7.500015870.9180   13.0063
    7.5000   -7.5000    7.500014963.6953   13.0058
   -7.5000    0.0000    7.500016514.1152   12.9580
    0.0000    0.0000    7.500017494.3555   13.0074
    7.5000    0.0000    7.500016310.8652   13.0009
   -7.5000    7.5000    7.500016635.6953   12.9611
    0.0000    7.5000    7.500017899.9707   13.0104
    7.5000    7.5000    7.500016447.6094   13.0015
   -7.5000   15.0000    7.500016295.5459   12.9670
    0.0000   15.0000    7.500017575.2480   13.0146
    7.5000   15.0000    7.500016122.6768   13.0092
   -7.5000   22.5000    7.500015625.2910   12.9617
    0.0000   22.5000    7.500016809.0059   13.0077
    7.5000   22.5000    7.500015498.7783   13.0079
   -7.5000   30.0000    7.500014723.0137   12.7955
    0.0000   30.0000    7.500015778.6221   12.8399
    7.5000   30.0000    7.500014624.6816   12.8427
   -7.5000   37.5000    7.500014283.7412   12.7917
    0.0000   37.5000    7.500015272.3271   12.8379
    7.5000   37.5000    7.500014194.1006   12.8375
   -7.5000   45.0000    7.500013247.5908   12.4900
    0.0000   45.0000    7.500014098.2119   12.5376
    7.5000   45.0000    7.500013165.3535   12.5314
   -7.5000  -45.0000   15.0000 8559.3525   13.5470
    0.0000  -45.0000   15.0000 9057.4570   13.5915
    7.5000  -45.0000   15.0000 8592.3965   13.5824
   -7.5000  -37.5000   15.0000 9402.4834   13.2767
    0.0000  -37.5000   15.0000 9944.5225   13.3207
    7.5000  -37.5000   15.0000 9412.0264   13.3079
   -7.5000  -30.0000   15.000010602.6699   13.0862
    0.0000  -30.0000   15.000011184.2490   13.1275
    7.5000  -30.0000   15.000010579.2344   13.1190
   -7.5000  -22.5000   15.000011843.5254   13.0319
    0.0000  -22.5000   15.000012467.4531   13.0732
    7.5000  -22.5000   15.000011801.3555   13.0719
   -7.5000  -15.0000   15.000013048.7363   12.9934
    0.0000  -15.0000   15.000013663.2422   13.0352
    7.5000  -15.0000   15.000012983.3506   13.0373
   -7.5000   -7.5000   15.000014240.1982   12.9697
    0.0000   -7.5000   15.000014954.2705   13.0128
    7.5000   -7.5000   15.000014167.5449   13.0107
   -7.5000    0.0000   15.000015425.8711   12.9702
    0.0000    0.0000   15.000016378.7754   13.0143
    7.5000    0.0000   15.000015378.0566   13.0044
   -7.5000    7.5000   15.000015395.9053   12.9790
    0.0000    7.5000   15.000016512.9180   13.0221
    7.5000    7.5000   15.000015397.5293   13.0092
   -7.5000   15.0000   15.000015003.2246   12.9885
    0.0000   15.0000   15.000015951.3594   13.0300
    7.5000   15.0000   15.000015023.2207   13.0214
   -7.5000   22.5000   15.000014437.8398   12.9811
    0.0000   22.5000   15.000015246.8262   13.0226
    7.5000   22.5000   15.000014469.0420   13.0211
   -7.5000   30.0000   15.000013727.3643   12.8092
    0.0000   30.0000   15.000014496.8535   12.8506
    7.5000   30.0000   15.000013771.5635   12.8526
   -7.5000   37.5000   15.000013430.2500   12.8019
    0.0000   37.5000   15.000014210.5391   12.8444
    7.5000   37.5000   15.000013456.4805   12.8423
   -7.5000   45.0000   15.000012510.2559   12.5018
    0.0000   45.0000   15.000013223.3525   12.5443
    7.5000   45.0000   15.000012501.2148   12.5347
   -7.5000  -45.0000   22.5000 7945.7285   13.6817
    0.0000  -45.0000   22.5000 8403.5361   13.7257
    7.5000  -45.0000   22.5000 7948.6221   13.7159
   -7.5000  -37.5000   22.5000 8764.5762   13.4066
    0.0000  -37.5000   22.5000 9269.5547   13.4508
    7.5000  -37.5000   22.5000 8748.8740   13.4371
   -7.5000  -30.0000   22.5000 9869.6475   13.2159
    0.0000  -30.0000   22.500010407.8516   13.2577
    7.5000  -30.0000   22.5000 9846.0312   13.2477
   -7.5000  -22.5000   22.500010998.2852   13.1624
    0.0000  -22.5000   22.500011575.5908   13.2038
    7.5000  -22.5000   22.500010968.4736   13.2008
   -7.5000  -15.0000   22.500012102.7793   13.1223
    0.0000  -15.0000   22.500012677.5000   13.1637
    7.5000  -15.0000   22.500012055.6787   13.1648
   -7.5000   -7.5000   22.500013193.8936   13.0956
    0.0000   -7.5000   22.500013855.1504   13.1380
    7.5000   -7.5000   22.500013154.8857   13.1352
   -7.5000    0.0000   22.500014279.3691   13.0938
    0.0000    0.0000   22.500015084.8135   13.1375
    7.5000    0.0000   22.500014266.2168   13.1269
   -7.5000    7.5000   22.500014223.0459   13.1035
    0.0000    7.5000   22.500014996.6045   13.1468
    7.5000    7.5000   22.500014239.7607   13.1330
   -7.5000   15.0000   22.500013875.8535   13.1161
    0.0000   15.0000   22.500014511.0732   13.1581
    7.5000   15.0000   22.500013888.0420   13.1480
   -7.5000   22.5000   22.500013404.3047   13.1107
    0.0000   22.5000   22.500013976.4531   13.1523
    7.5000   22.5000   22.500013416.7871   13.1492
   -7.5000   30.0000   22.500012790.8926   12.9364
    0.0000   30.0000   22.500013367.1973   12.9774
    7.5000   30.0000   22.500012800.8262   12.9784
   -7.5000   37.5000   22.500012583.7861   12.9261
    0.0000   37.5000   22.500013184.9258   12.9680
    7.5000   37.5000   22.500012569.9834   12.9652
   -7.5000   45.0000   22.500011742.7012   12.6209
    0.0000   45.0000   22.500012309.7441   12.6631
    7.5000   45.0000   22.500011717.0068   12.6529
   -7.5000  -45.0000   30.0000 7232.4502   13.9169
    0.0000  -45.0000   30.0000 7631.6216   13.9652
    7.5000  -45.0000   30.0000 7215.1504   13.9576
   -7.5000  -37.5000   30.0000 7995.6694   13.6267
    0.0000  -37.5000   30.0000 8441.9873   13.6769
    7.5000  -37.5000   30.0000 7976.2280   13.6655
   -7.5000  -30.0000   30.0000 9010.9756   13.4314
    0.0000  -30.0000   30.0000 9490.7529   13.4794
    7.5000  -30.0000   30.0000 8984.5527   13.4703
   -7.5000  -22.5000   30.000010072.1641   13.3809
    0.0000  -22.5000   30.000010580.6201   13.4269
    7.5000  -22.5000   30.000010023.9346   13.4235
   -7.5000  -15.0000   30.000011104.5068   13.3429
    0.0000  -15.0000   30.000011616.1279   13.3869
    7.5000  -15.0000   30.000011043.7119   13.3874
   -7.5000   -7.5000   30.000012137.2471   13.3150
    0.0000   -7.5000   30.000012698.4189   13.3598
    7.5000   -7.5000   30.000012070.6592   13.3575
   -7.5000    0.0000   30.000013125.5527   13.3084
    0.0000    0.0000   30.000013757.3262   13.3560
    7.5000    0.0000   30.000013092.5449   13.3474
   -7.5000    7.5000   30.000013073.3496   13.3142
    0.0000    7.5000   30.000013630.5469   13.3633
    7.5000    7.5000   30.000013055.3604   13.3517
   -7.5000   15.0000   30.000012746.7783   13.3280
    0.0000   15.0000   30.000013233.6064   13.3761
    7.5000   15.0000   30.000012736.8184   13.3670
   -7.5000   22.5000   30.000012335.5674   13.3272
    0.0000   22.5000   30.000012804.2686   13.3734
    7.5000   22.5000   30.000012331.8457   13.3700
   -7.5000   30.0000   30.000011798.5742   13.1538
    0.0000   30.0000   30.000012282.1055   13.1974
    7.5000   30.0000   30.000011789.8623   13.1978
   -7.5000   37.5000   30.000011645.4385   13.1427
    0.0000   37.5000   30.000012166.2344   13.1868
    7.5000   37.5000   30.000011602.1104   13.1846
   -7.5000   45.0000   30.000010899.4102   12.8278
    0.0000   45.0000   30.000011401.3672   12.8736
    7.5000   45.0000   30.000010867.6133   12.8653
   -7.5000  -45.0000   37.5000 6847.7085   14.3482
    0.0000  -45.0000   37.5000 7195.5454   14.4036
    7.5000  -45.0000   37.5000 6830.7734   14.3989
   -7.5000  -37.5000   37.5000 7574.5894   14.0318
    0.0000  -37.5000   37.5000 7972.2041   14.0899
    7.5000  -37.5000   37.5000 7557.4224   14.0814
   -7.5000  -30.0000   37.5000 8568.9453   13.8198
    0.0000  -30.0000   37.5000 8996.9424   13.8753
    7.5000  -30.0000   37.5000 8534.6650   13.8684
   -7.5000  -22.5000   37.5000 9624.6182   13.7682
    0.0000  -22.5000   37.500010055.4395   13.8204
    7.5000  -22.5000   37.5000 9543.7656   13.8185
   -7.5000  -15.0000   37.500010627.9492   13.7339
    0.0000  -15.0000   37.500011081.3115   13.7828
    7.5000  -15.0000   37.500010539.4766   13.7842
   -7.5000   -7.5000   37.500011633.9121   13.7098
    0.0000   -7.5000   37.500012146.1455   13.7595
    7.5000   -7.5000   37.500011549.7461   13.7587
   -7.5000    0.0000   37.500012580.6172   13.7016
    0.0000    0.0000   37.500013135.8955   13.7557
    7.5000    0.0000   37.500012518.3145   13.7496
   -7.5000    7.5000   37.500012494.5508   13.7007
    0.0000    7.5000   37.500012978.1523   13.7574
    7.5000    7.5000   37.500012447.9404   13.7485
   -7.5000   15.0000   37.500012186.8594   13.7101
    0.0000   15.0000   37.500012649.9580   13.7658
    7.5000   15.0000   37.500012158.3047   13.7589
   -7.5000   22.5000   37.500011809.7344   13.7111
    0.0000   22.5000   37.500012271.4961   13.7634
    7.5000   22.5000   37.500011796.9609   13.7615
   -7.5000   30.0000   37.500011321.5557   13.5387
    0.0000   30.0000   37.500011772.7178   13.5871
    7.5000   30.0000   37.500011300.9004   13.5884
   -7.5000   37.5000   37.500011192.5049   13.5323
    0.0000   37.5000   37.500011679.1670   13.5814
    7.5000   37.5000   37.500011163.6621   13.5806
   -7.5000   45.0000   37.500010510.5244   13.2067
    0.0000   45.0000   37.500011006.1465   13.2589
    7.5000   45.0000   37.500010490.0303   13.2530
   -7.5000  -45.0000   45.0000 6247.5479   14.8792
    0.0000  -45.0000   45.0000 6556.3999   14.9401
    7.5000  -45.0000   45.0000 6229.7510   14.9365
   -7.5000  -37.5000   45.0000 6918.8047   14.5413
    0.0000  -37.5000   45.0000 7267.7480   14.6042
    7.5000  -37.5000   45.0000 6909.0068   14.5969
   -7.5000  -30.0000   45.0000 7843.0200   14.3075
    0.0000  -30.0000   45.0000 8222.3936   14.3669
    7.5000  -30.0000   45.0000 7812.7329   14.3627
   -7.5000  -22.5000   45.0000 8822.3701   14.2453
    0.0000  -22.5000   45.0000 9209.7197   14.3008
    7.5000  -22.5000   45.0000 8740.2373   14.3025
   -7.5000  -15.0000   45.0000 9757.4326   14.2056
    0.0000  -15.0000   45.000010181.0342   14.2578
    7.5000  -15.0000   45.0000 9677.8223   14.2620
   -7.5000   -7.5000   45.000010692.3584   14.1834
    0.0000   -7.5000   45.000011159.5820   14.2373
    7.5000   -7.5000   45.000010612.7520   14.2381
   -7.5000    0.0000   45.000011559.2842   14.1814
    0.0000    0.0000   45.000012054.8086   14.2405
    7.5000    0.0000   45.000011488.0127   14.2352
   -7.5000    7.5000   45.000011454.6768   14.1833
    0.0000    7.5000   45.000011919.2480   14.2445
    7.5000    7.5000   45.000011409.0459   14.2368
   -7.5000   15.0000   45.000011199.9785   14.1894
    0.0000   15.0000   45.000011658.1729   14.2489
    7.5000   15.0000   45.000011162.0791   14.2446
   -7.5000   22.5000   45.000010873.4932   14.1838
    0.0000   22.5000   45.000011331.6436   14.2395
    7.5000   22.5000   45.000010839.6104   14.2410
   -7.5000   30.0000   45.000010444.7344   14.0014
    0.0000   30.0000   45.000010886.8027   14.0530
    7.5000   30.0000   45.000010417.3984   14.0571
   -7.5000   37.5000   45.000010337.6582   13.9986
    0.0000   37.5000   45.000010801.1846   14.0518
    7.5000   37.5000   45.000010316.0332   14.0526
   -7.5000   45.0000   45.0000 9736.4512   13.6754
    0.0000   45.0000   45.000010195.6660   13.7324
    7.5000   45.0000   45.0000 9713.2842   13.7273

---------------------------------------------------------------------
imgreg_4dfp /opt/freesurfer/average/711-2C_as_mni_average_305 /opt/freesurfer/average/711-2B_as_mni_average_305_mask talsrcimg_g11 none talsrcimg_to_711-2C_as_mni_average_305_t4 4355
---------------------------------------------------------------------

freesurfer imgreg_4dfp.c
/opt/freesurfer/average/711-2C_as_mni_average_305.4dfp.img
       256       256       256         1
  1.000000  1.000000  1.000000
orientation T byte_order littleendian
Reading image: /opt/freesurfer/average/711-2C_as_mni_average_305.4dfp.img
dimensions:      256       256       256
mmppix:       1.0000   -1.0000   -1.0000
center:     128.0000 -129.0000 -129.0000
/opt/freesurfer/average/711-2B_as_mni_average_305_mask.4dfp.img
       256       256       256         1
  1.000000  1.000000  1.000000
orientation T byte_order littleendian
Reading mask: /opt/freesurfer/average/711-2B_as_mni_average_305_mask.4dfp.img (2306576 pixels)
talsrcimg_g11.4dfp.img
       256       256       256         1
  1.000000  1.000000  1.000000
orientation T byte_order littleendian
Reading image: talsrcimg_g11.4dfp.img
dimensions:      256       256       256
mmppix:       1.0000   -1.0000   -1.0000
center:     128.0000 -129.0000 -129.0000
rotation matrix determinant  1.000000
image alignment mode   4355 decimal     1103 hex
   -7.5000  -37.5000  -45.0000 2128.0959   14.8670
    0.0000  -37.5000  -45.0000 2139.9519   14.9444
    7.5000  -37.5000  -45.0000 2116.5940   15.0237
   -7.5000  -30.0000  -45.0000 2236.4797   13.4925
    0.0000  -30.0000  -45.0000 2250.7188   13.5366
    7.5000  -30.0000  -45.0000 2225.1929   13.6327
   -7.5000  -22.5000  -45.0000 2331.0449   12.4453
    0.0000  -22.5000  -45.0000 2341.4580   12.4158
    7.5000  -22.5000  -45.0000 2320.3850   12.5305
   -7.5000  -15.0000  -45.0000 2396.9932   11.6194
    0.0000  -15.0000  -45.0000 2410.4094   11.5612
    7.5000  -15.0000  -45.0000 2390.3792   11.6773
   -7.5000   -7.5000  -45.0000 2454.8425   11.0539
    0.0000   -7.5000  -45.0000 2466.4421   11.0090
    7.5000   -7.5000  -45.0000 2451.5469   11.1063
   -7.5000    0.0000  -45.0000 2486.3176   10.7822
    0.0000    0.0000  -45.0000 2496.4424   10.7295
    7.5000    0.0000  -45.0000 2476.4492   10.8300
   -7.5000    7.5000  -45.0000 2503.2229   10.6976
    0.0000    7.5000  -45.0000 2512.7644   10.6135
    7.5000    7.5000  -45.0000 2493.0505   10.7361
   -7.5000   15.0000  -45.0000 2510.9910   10.8244
    0.0000   15.0000  -45.0000 2516.3008   10.7456
    7.5000   15.0000  -45.0000 2500.3088   10.8340
   -7.5000   22.5000  -45.0000 2501.1770   11.1012
    0.0000   22.5000  -45.0000 2509.8750   11.0100
    7.5000   22.5000  -45.0000 2492.5095   11.1120
   -7.5000   30.0000  -45.0000 2462.6309   11.5605
    0.0000   30.0000  -45.0000 2473.2180   11.4829
    7.5000   30.0000  -45.0000 2454.1677   11.5768
   -7.5000   37.5000  -45.0000 2402.6250   12.1621
    0.0000   37.5000  -45.0000 2420.2285   12.1037
    7.5000   37.5000  -45.0000 2399.4312   12.2089
   -7.5000   45.0000  -45.0000 2329.0703   12.9393
    0.0000   45.0000  -45.0000 2348.0403   12.8888
    7.5000   45.0000  -45.0000 2328.3940   12.9771
   -7.5000   52.5000  -45.0000 2216.6853   13.9242
    0.0000   52.5000  -45.0000 2235.0627   13.8737
    7.5000   52.5000  -45.0000 2214.3604   13.9363
   -7.5000  -37.5000  -37.5000 2179.6140   14.1815
    0.0000  -37.5000  -37.5000 2196.2776   14.2015
    7.5000  -37.5000  -37.5000 2170.0330   14.3355
   -7.5000  -30.0000  -37.5000 2299.6799   12.8588
    0.0000  -30.0000  -37.5000 2315.9795   12.8475
    7.5000  -30.0000  -37.5000 2287.3552   12.9849
   -7.5000  -22.5000  -37.5000 2398.7019   11.8310
    0.0000  -22.5000  -37.5000 2413.8015   11.7690
    7.5000  -22.5000  -37.5000 2389.1077   11.9065
   -7.5000  -15.0000  -37.5000 2470.8525   11.0002
    0.0000  -15.0000  -37.5000 2487.8645   10.9265
    7.5000  -15.0000  -37.5000 2468.1326   11.0703
   -7.5000   -7.5000  -37.5000 2535.2573   10.4111
    0.0000   -7.5000  -37.5000 2551.1985   10.3420
    7.5000   -7.5000  -37.5000 2535.0403   10.4621
   -7.5000    0.0000  -37.5000 2572.4893   10.0977
    0.0000    0.0000  -37.5000 2581.9429   10.0172
    7.5000    0.0000  -37.5000 2565.6440   10.1175
   -7.5000    7.5000  -37.5000 2593.4128   10.0166
    0.0000    7.5000  -37.5000 2600.7422    9.9438
    7.5000    7.5000  -37.5000 2583.4526   10.0543
   -7.5000   15.0000  -37.5000 2596.3337   10.0959
    0.0000   15.0000  -37.5000 2606.7568   10.0290
    7.5000   15.0000  -37.5000 2589.2715   10.1197
   -7.5000   22.5000  -37.5000 2586.8696   10.3566
    0.0000   22.5000  -37.5000 2600.3281   10.2799
    7.5000   22.5000  -37.5000 2579.8037   10.3730
   -7.5000   30.0000  -37.5000 2550.7385   10.7561
    0.0000   30.0000  -37.5000 2564.5930   10.6786
    7.5000   30.0000  -37.5000 2548.5117   10.7791
   -7.5000   37.5000  -37.5000 2492.1377   11.2917
    0.0000   37.5000  -37.5000 2511.2976   11.2173
    7.5000   37.5000  -37.5000 2494.6465   11.3368
   -7.5000   45.0000  -37.5000 2417.4998   12.0088
    0.0000   45.0000  -37.5000 2436.6902   11.9379
    7.5000   45.0000  -37.5000 2420.0483   12.0492
   -7.5000   52.5000  -37.5000 2300.5244   12.9252
    0.0000   52.5000  -37.5000 2316.2268   12.8408
    7.5000   52.5000  -37.5000 2303.9443   12.9303
   -7.5000  -37.5000  -30.0000 2263.6760   14.1053
    0.0000  -37.5000  -30.0000 2274.6653   14.0576
    7.5000  -37.5000  -30.0000 2249.2505   14.2358
   -7.5000  -30.0000  -30.0000 2389.8516   12.7601
    0.0000  -30.0000  -30.0000 2402.2686   12.7014
    7.5000  -30.0000  -30.0000 2375.5225   12.8918
   -7.5000  -22.5000  -30.0000 2498.3447   11.6876
    0.0000  -22.5000  -30.0000 2511.4407   11.5846
    7.5000  -22.5000  -30.0000 2488.8896   11.7852
   -7.5000  -15.0000  -30.0000 2579.0505   10.8125
    0.0000  -15.0000  -30.0000 2593.2449   10.7187
    7.5000  -15.0000  -30.0000 2576.6206   10.8994
   -7.5000   -7.5000  -30.0000 2650.7432   10.1836
    0.0000   -7.5000  -30.0000 2661.5352   10.0976
    7.5000   -7.5000  -30.0000 2647.7168   10.2411
   -7.5000    0.0000  -30.0000 2692.5830    9.8128
    0.0000    0.0000  -30.0000 2704.6140    9.7254
    7.5000    0.0000  -30.0000 2689.9673    9.8225
   -7.5000    7.5000  -30.0000 2718.6807    9.7133
    0.0000    7.5000  -30.0000 2728.6907    9.6290
    7.5000    7.5000  -30.0000 2710.0408    9.7160
   -7.5000   15.0000  -30.0000 2724.5483    9.7801
    0.0000   15.0000  -30.0000 2736.4849    9.7008
    7.5000   15.0000  -30.0000 2720.1360    9.7982
   -7.5000   22.5000  -30.0000 2717.1963   10.0328
    0.0000   22.5000  -30.0000 2729.6550    9.9441
    7.5000   22.5000  -30.0000 2713.2288   10.0468
   -7.5000   30.0000  -30.0000 2685.0654   10.4157
    0.0000   30.0000  -30.0000 2695.4939   10.3103
    7.5000   30.0000  -30.0000 2683.3965   10.4230
   -7.5000   37.5000  -30.0000 2626.7693   10.9104
    0.0000   37.5000  -30.0000 2642.5105   10.8107
    7.5000   37.5000  -30.0000 2627.6865   10.9251
   -7.5000   45.0000  -30.0000 2549.2866   11.6152
    0.0000   45.0000  -30.0000 2562.5725   11.5075
    7.5000   45.0000  -30.0000 2548.0132   11.6165
   -7.5000   52.5000  -30.0000 2422.8904   12.5202
    0.0000   52.5000  -30.0000 2435.3638   12.3982
    7.5000   52.5000  -30.0000 2424.7407   12.4903
   -7.5000  -37.5000  -22.5000 2310.3896   13.9945
    0.0000  -37.5000  -22.5000 2317.8062   13.8904
    7.5000  -37.5000  -22.5000 2294.6287   14.1210
   -7.5000  -30.0000  -22.5000 2442.0535   12.6274
    0.0000  -30.0000  -22.5000 2449.8843   12.5044
    7.5000  -30.0000  -22.5000 2428.4990   12.7422
   -7.5000  -22.5000  -22.5000 2552.8564   11.4914
    0.0000  -22.5000  -22.5000 2561.6978   11.3864
    7.5000  -22.5000  -22.5000 2544.3115   11.6212
   -7.5000  -15.0000  -22.5000 2644.6101   10.5872
    0.0000  -15.0000  -22.5000 2649.9258   10.4917
    7.5000  -15.0000  -22.5000 2637.1155   10.7016
   -7.5000   -7.5000  -22.5000 2720.6238    9.9126
    0.0000   -7.5000  -22.5000 2724.3948    9.8530
    7.5000   -7.5000  -22.5000 2714.8755    9.9962
   -7.5000    0.0000  -22.5000 2777.7722    9.4926
    0.0000    0.0000  -22.5000 2783.8208    9.4305
    7.5000    0.0000  -22.5000 2770.5332    9.5329
   -7.5000    7.5000  -22.5000 2816.2056    9.3582
    0.0000    7.5000  -22.5000 2819.4827    9.2690
    7.5000    7.5000  -22.5000 2798.4155    9.3536
   -7.5000   15.0000  -22.5000 2829.8953    9.3918
    0.0000   15.0000  -22.5000 2838.9695    9.2930
    7.5000   15.0000  -22.5000 2819.1978    9.3980
   -7.5000   22.5000  -22.5000 2822.5972    9.6575
    0.0000   22.5000  -22.5000 2835.9385    9.5497
    7.5000   22.5000  -22.5000 2820.4688    9.6572
   -7.5000   30.0000  -22.5000 2787.0615   10.0390
    0.0000   30.0000  -22.5000 2803.1958    9.9227
    7.5000   30.0000  -22.5000 2792.5769   10.0317
   -7.5000   37.5000  -22.5000 2728.9863   10.5213
    0.0000   37.5000  -22.5000 2741.9973   10.4000
    7.5000   37.5000  -22.5000 2731.7356   10.5199
   -7.5000   45.0000  -22.5000 2644.6897   11.1988
    0.0000   45.0000  -22.5000 2659.4861   11.0817
    7.5000   45.0000  -22.5000 2649.3701   11.1897
   -7.5000   52.5000  -22.5000 2516.0461   12.0590
    0.0000   52.5000  -22.5000 2526.7981   11.9357
    7.5000   52.5000  -22.5000 2518.3667   12.0443
   -7.5000  -37.5000  -15.0000 2316.5320   13.9280
    0.0000  -37.5000  -15.0000 2323.9690   13.8011
    7.5000  -37.5000  -15.0000 2300.6882   14.0492
   -7.5000  -30.0000  -15.0000 2450.5679   12.5236
    0.0000  -30.0000  -15.0000 2454.5190   12.3667
    7.5000  -30.0000  -15.0000 2436.8147   12.6386
   -7.5000  -22.5000  -15.0000 2566.2458   11.3771
    0.0000  -22.5000  -15.0000 2568.5769   11.2173
    7.5000  -22.5000  -15.0000 2555.5251   11.4690
   -7.5000  -15.0000  -15.0000 2662.7742   10.4492
    0.0000  -15.0000  -15.0000 2661.0286   10.3065
    7.5000  -15.0000  -15.0000 2653.6028   10.5295
   -7.5000   -7.5000  -15.0000 2747.4458    9.7370
    0.0000   -7.5000  -15.0000 2745.8367    9.6376
    7.5000   -7.5000  -15.0000 2737.9148    9.8195
   -7.5000    0.0000  -15.0000 2822.0027    9.2813
    0.0000    0.0000  -15.0000 2822.6509    9.2142
    7.5000    0.0000  -15.0000 2812.2019    9.3353
   -7.5000    7.5000  -15.0000 2871.0706    9.0989
    0.0000    7.5000  -15.0000 2870.1970    9.0150
    7.5000    7.5000  -15.0000 2852.2312    9.0925
   -7.5000   15.0000  -15.0000 2891.9500    9.0765
    0.0000   15.0000  -15.0000 2897.3357    8.9744
    7.5000   15.0000  -15.0000 2874.4189    9.1038
   -7.5000   22.5000  -15.0000 2890.0229    9.3407
    0.0000   22.5000  -15.0000 2902.7524    9.2226
    7.5000   22.5000  -15.0000 2885.9670    9.3570
   -7.5000   30.0000  -15.0000 2852.1555    9.7347
    0.0000   30.0000  -15.0000 2874.6189    9.6234
    7.5000   30.0000  -15.0000 2860.4915    9.7428
   -7.5000   37.5000  -15.0000 2795.0039   10.2075
    0.0000   37.5000  -15.0000 2811.4390   10.0970
    7.5000   37.5000  -15.0000 2801.3901   10.2197
   -7.5000   45.0000  -15.0000 2708.7158   10.8357
    0.0000   45.0000  -15.0000 2724.4819   10.7252
    7.5000   45.0000  -15.0000 2714.9785   10.8433
   -7.5000   52.5000  -15.0000 2582.0103   11.6784
    0.0000   52.5000  -15.0000 2592.9768   11.5472
    7.5000   52.5000  -15.0000 2582.8665   11.6457
   -7.5000  -37.5000   -7.5000 2301.4854   13.9379
    0.0000  -37.5000   -7.5000 2299.1057   13.7769
    7.5000  -37.5000   -7.5000 2283.8098   14.0586
   -7.5000  -30.0000   -7.5000 2428.4885   12.4532
    0.0000  -30.0000   -7.5000 2428.6643   12.2834
    7.5000  -30.0000   -7.5000 2415.5286   12.5559
   -7.5000  -22.5000   -7.5000 2546.8425   11.2651
    0.0000  -22.5000   -7.5000 2544.9744   11.1263
    7.5000  -22.5000   -7.5000 2537.2581   11.3639
   -7.5000  -15.0000   -7.5000 2649.0081   10.3369
    0.0000  -15.0000   -7.5000 2648.3237   10.2179
    7.5000  -15.0000   -7.5000 2640.7312   10.4190
   -7.5000   -7.5000   -7.5000 2742.2437    9.6526
    0.0000   -7.5000   -7.5000 2741.9570    9.5798
    7.5000   -7.5000   -7.5000 2731.3088    9.7319
   -7.5000    0.0000   -7.5000 2825.9824    9.2237
    0.0000    0.0000   -7.5000 2830.4749    9.2006
    7.5000    0.0000   -7.5000 2816.6284    9.2997
   -7.5000    7.5000   -7.5000 2887.2488    9.0384
    0.0000    7.5000   -7.5000 2895.2800    9.0172
    7.5000    7.5000   -7.5000 2879.5627    9.0523
   -7.5000   15.0000   -7.5000 2923.4197    8.9694
    0.0000   15.0000   -7.5000 2938.0381    8.9392
    7.5000   15.0000   -7.5000 2913.8450    8.9946
   -7.5000   22.5000   -7.5000 2931.2908    9.1442
    0.0000   22.5000   -7.5000 2953.1597    9.0898
    7.5000   22.5000   -7.5000 2925.2524    9.1568
   -7.5000   30.0000   -7.5000 2897.6353    9.5172
    0.0000   30.0000   -7.5000 2922.7444    9.4728
    7.5000   30.0000   -7.5000 2895.0574    9.4923
   -7.5000   37.5000   -7.5000 2836.2083    9.9743
    0.0000   37.5000   -7.5000 2862.1826    9.9261
    7.5000   37.5000   -7.5000 2839.0361    9.9187
   -7.5000   45.0000   -7.5000 2747.1804   10.5796
    0.0000   45.0000   -7.5000 2769.8955   10.5145
    7.5000   45.0000   -7.5000 2749.5322   10.5096
   -7.5000   52.5000   -7.5000 2617.2793   11.3811
    0.0000   52.5000   -7.5000 2635.7693   11.2990
    7.5000   52.5000   -7.5000 2617.7563   11.2983
   -7.5000  -37.5000    0.0000 2264.1787   14.1907
    0.0000  -37.5000    0.0000 2262.9268   14.0837
    7.5000  -37.5000    0.0000 2245.4810   14.3484
   -7.5000  -30.0000    0.0000 2390.5911   12.5883
    0.0000  -30.0000    0.0000 2387.8086   12.4874
    7.5000  -30.0000    0.0000 2376.9597   12.7570
   -7.5000  -22.5000    0.0000 2512.0642   11.3529
    0.0000  -22.5000    0.0000 2507.7715   11.2514
    7.5000  -22.5000    0.0000 2498.7859   11.4913
   -7.5000  -15.0000    0.0000 2621.1567   10.4140
    0.0000  -15.0000    0.0000 2617.3206   10.3277
    7.5000  -15.0000    0.0000 2610.9236   10.5285
   -7.5000   -7.5000    0.0000 2722.2983    9.7691
    0.0000   -7.5000    0.0000 2721.0029    9.7246
    7.5000   -7.5000    0.0000 2716.6331    9.8421
   -7.5000    0.0000    0.0000 2815.1401    9.3987
    0.0000    0.0000    0.0000 2821.2175    9.4126
    7.5000    0.0000    0.0000 2809.8201    9.4170
   -7.5000    7.5000    0.0000 2897.6538    9.2173
    0.0000    7.5000    0.0000 2923.8020    9.3012
    7.5000    7.5000    0.0000 2891.3677    9.1896
   -7.5000   15.0000    0.0000 2947.8215    9.1471
    0.0000   15.0000    0.0000 2987.3032    9.2647
    7.5000   15.0000    0.0000 2934.9414    9.0978
   -7.5000   22.5000    0.0000 2956.4727    9.1800
    0.0000   22.5000    0.0000 2997.6792    9.2486
    7.5000   22.5000    0.0000 2943.9048    9.1447
   -7.5000   30.0000    0.0000 2919.4683    9.3976
    0.0000   30.0000    0.0000 2954.9468    9.4235
    7.5000   30.0000    0.0000 2913.4412    9.3595
   -7.5000   37.5000    0.0000 2854.8167    9.8267
    0.0000   37.5000    0.0000 2882.1660    9.7974
    7.5000   37.5000    0.0000 2854.0212    9.7753
   -7.5000   45.0000    0.0000 2763.6792   10.4471
    0.0000   45.0000    0.0000 2781.8345   10.3821
    7.5000   45.0000    0.0000 2766.7068   10.3797
   -7.5000   52.5000    0.0000 2633.3096   11.2349
    0.0000   52.5000    0.0000 2648.2517   11.1432
    7.5000   52.5000    0.0000 2636.0623   11.1695
   -7.5000  -37.5000    7.5000 2224.6931   14.6022
    0.0000  -37.5000    7.5000 2222.0945   14.5762
    7.5000  -37.5000    7.5000 2213.8845   14.8218
   -7.5000  -30.0000    7.5000 2345.9382   12.9984
    0.0000  -30.0000    7.5000 2343.7556   12.9294
    7.5000  -30.0000    7.5000 2334.0471   13.1575
   -7.5000  -22.5000    7.5000 2467.5911   11.7643
    0.0000  -22.5000    7.5000 2464.4958   11.7126
    7.5000  -22.5000    7.5000 2452.6265   11.8871
   -7.5000  -15.0000    7.5000 2591.0391   10.8157
    0.0000  -15.0000    7.5000 2584.9578   10.7822
    7.5000  -15.0000    7.5000 2570.1541   10.9098
   -7.5000   -7.5000    7.5000 2706.0793   10.1478
    0.0000   -7.5000    7.5000 2705.3838   10.1369
    7.5000   -7.5000    7.5000 2686.2710   10.2079
   -7.5000    0.0000    7.5000 2807.2441    9.6964
    0.0000    0.0000    7.5000 2820.3623    9.7463
    7.5000    0.0000    7.5000 2793.0979    9.7226
   -7.5000    7.5000    7.5000 2896.9451    9.4462
    0.0000    7.5000    7.5000 2929.5938    9.5699
    7.5000    7.5000    7.5000 2885.8755    9.4435
   -7.5000   15.0000    7.5000 2948.6150    9.2848
    0.0000   15.0000    7.5000 2989.9133    9.4116
    7.5000   15.0000    7.5000 2936.3477    9.2791
   -7.5000   22.5000    7.5000 2958.9321    9.2785
    0.0000   22.5000    7.5000 2998.1641    9.3444
    7.5000   22.5000    7.5000 2948.4087    9.2773
   -7.5000   30.0000    7.5000 2920.8960    9.4697
    0.0000   30.0000    7.5000 2954.2815    9.4854
    7.5000   30.0000    7.5000 2916.1101    9.4691
   -7.5000   37.5000    7.5000 2852.9297    9.8894
    0.0000   37.5000    7.5000 2880.8281    9.8498
    7.5000   37.5000    7.5000 2851.8923    9.8719
   -7.5000   45.0000    7.5000 2756.1892   10.5184
    0.0000   45.0000    7.5000 2775.4456   10.4568
    7.5000   45.0000    7.5000 2760.6743   10.4797
   -7.5000   52.5000    7.5000 2630.8469   11.2937
    0.0000   52.5000    7.5000 2642.1736   11.1885
    7.5000   52.5000    7.5000 2633.0044   11.2302
   -7.5000  -37.5000   15.0000 2187.0032   15.3626
    0.0000  -37.5000   15.0000 2189.4348   15.3745
    7.5000  -37.5000   15.0000 2173.8127   15.5993
   -7.5000  -30.0000   15.0000 2305.2593   13.7012
    0.0000  -30.0000   15.0000 2304.4495   13.6693
    7.5000  -30.0000   15.0000 2288.0776   13.8776
   -7.5000  -22.5000   15.0000 2426.1567   12.3804
    0.0000  -22.5000   15.0000 2427.7446   12.3561
    7.5000  -22.5000   15.0000 2409.5278   12.5242
   -7.5000  -15.0000   15.0000 2551.8887   11.3275
    0.0000  -15.0000   15.0000 2549.1304   11.3123
    7.5000  -15.0000   15.0000 2531.0334   11.4458
   -7.5000   -7.5000   15.0000 2670.2527   10.5538
    0.0000   -7.5000   15.0000 2674.6665   10.5370
    7.5000   -7.5000   15.0000 2652.9639   10.6397
   -7.5000    0.0000   15.0000 2780.9402    9.9964
    0.0000    0.0000   15.0000 2794.2417   10.0208
    7.5000    0.0000   15.0000 2765.3113   10.0669
   -7.5000    7.5000   15.0000 2871.3884    9.6674
    0.0000    7.5000   15.0000 2899.2546    9.7391
    7.5000    7.5000   15.0000 2863.7275    9.7131
   -7.5000   15.0000   15.0000 2917.7100    9.4228
    0.0000   15.0000   15.0000 2954.4028    9.4531
    7.5000   15.0000   15.0000 2914.3315    9.4609
   -7.5000   22.5000   15.0000 2934.1992    9.3973
    0.0000   22.5000   15.0000 2963.6965    9.3213
    7.5000   22.5000   15.0000 2929.5708    9.4203
   -7.5000   30.0000   15.0000 2902.2249    9.6189
    0.0000   30.0000   15.0000 2930.3162    9.5047
    7.5000   30.0000   15.0000 2900.6108    9.6250
   -7.5000   37.5000   15.0000 2833.1497   10.0845
    0.0000   37.5000   15.0000 2858.4316    9.9736
    7.5000   37.5000   15.0000 2834.6821   10.0816
   -7.5000   45.0000   15.0000 2734.3445   10.7804
    0.0000   45.0000   15.0000 2750.2637   10.6851
    7.5000   45.0000   15.0000 2738.1272   10.7316
   -7.5000   52.5000   15.0000 2606.7698   11.5346
    0.0000   52.5000   15.0000 2616.5481   11.4466
    7.5000   52.5000   15.0000 2607.7930   11.4883
   -7.5000  -37.5000   22.5000 2146.4893   16.3556
    0.0000  -37.5000   22.5000 2152.0457   16.4031
    7.5000  -37.5000   22.5000 2128.0708   16.6252
   -7.5000  -30.0000   22.5000 2261.5725   14.4958
    0.0000  -30.0000   22.5000 2267.3533   14.4663
    7.5000  -30.0000   22.5000 2244.9133   14.6962
   -7.5000  -22.5000   22.5000 2380.1560   13.0188
    0.0000  -22.5000   22.5000 2388.6157   12.9766
    7.5000  -22.5000   22.5000 2367.5088   13.1831
   -7.5000  -15.0000   22.5000 2505.3665   11.8711
    0.0000  -15.0000   22.5000 2506.4651   11.8064
    7.5000  -15.0000   22.5000 2486.3088   11.9923
   -7.5000   -7.5000   22.5000 2625.4160   10.9804
    0.0000   -7.5000   22.5000 2628.7266   10.9232
    7.5000   -7.5000   22.5000 2607.2214   11.0753
   -7.5000    0.0000   22.5000 2734.7412   10.3751
    0.0000    0.0000   22.5000 2741.3806   10.3489
    7.5000    0.0000   22.5000 2719.1565   10.4599
   -7.5000    7.5000   22.5000 2821.0664    9.9859
    0.0000    7.5000   22.5000 2835.5391    9.9478
    7.5000    7.5000   22.5000 2810.5776   10.0417
   -7.5000   15.0000   22.5000 2869.7490    9.6977
    0.0000   15.0000   22.5000 2887.8081    9.5758
    7.5000   15.0000   22.5000 2860.7446    9.7412
   -7.5000   22.5000   22.5000 2888.9426    9.6795
    0.0000   22.5000   22.5000 2901.4739    9.5118
    7.5000   22.5000   22.5000 2880.7070    9.6948
   -7.5000   30.0000   22.5000 2861.5559    9.8961
    0.0000   30.0000   22.5000 2878.0461    9.7537
    7.5000   30.0000   22.5000 2857.2170    9.8924
   -7.5000   37.5000   22.5000 2800.2124   10.3859
    0.0000   37.5000   22.5000 2814.6626   10.2444
    7.5000   37.5000   22.5000 2795.9709   10.3534
   -7.5000   45.0000   22.5000 2701.7778   11.0749
    0.0000   45.0000   22.5000 2712.7346   10.9346
    7.5000   45.0000   22.5000 2701.8076   11.0209
   -7.5000   52.5000   22.5000 2564.3333   11.8946
    0.0000   52.5000   22.5000 2578.2769   11.7685
    7.5000   52.5000   22.5000 2568.0996   11.8289
   -7.5000  -37.5000   30.0000 2092.2678   17.4097
    0.0000  -37.5000   30.0000 2095.6067   17.4267
    7.5000  -37.5000   30.0000 2072.1882   17.6587
   -7.5000  -30.0000   30.0000 2208.9001   15.3696
    0.0000  -30.0000   30.0000 2215.9709   15.2925
    7.5000  -30.0000   30.0000 2192.4138   15.5366
   -7.5000  -22.5000   30.0000 2331.2227   13.7575
    0.0000  -22.5000   30.0000 2337.1885   13.6447
    7.5000  -22.5000   30.0000 2314.8770   13.8879
   -7.5000  -15.0000   30.0000 2450.4883   12.5050
    0.0000  -15.0000   30.0000 2455.4141   12.3825
    7.5000  -15.0000   30.0000 2433.6877   12.6237
   -7.5000   -7.5000   30.0000 2565.8535   11.5461
    0.0000   -7.5000   30.0000 2571.0696   11.4329
    7.5000   -7.5000   30.0000 2548.8274   11.6469
   -7.5000    0.0000   30.0000 2671.9163   10.8868
    0.0000    0.0000   30.0000 2673.1104   10.7798
    7.5000    0.0000   30.0000 2652.5232   10.9662
   -7.5000    7.5000   30.0000 2752.0537   10.4244
    0.0000    7.5000   30.0000 2759.9185   10.2954
    7.5000    7.5000   30.0000 2738.6418   10.4641
   -7.5000   15.0000   30.0000 2797.8093   10.1196
    0.0000   15.0000   30.0000 2808.4656    9.9209
    7.5000   15.0000   30.0000 2787.7393   10.1489
   -7.5000   22.5000   30.0000 2812.3596   10.1335
    0.0000   22.5000   30.0000 2818.8240    9.9383
    7.5000   22.5000   30.0000 2805.1809   10.1347
   -7.5000   30.0000   30.0000 2790.3469   10.3359
    0.0000   30.0000   30.0000 2798.8767   10.1878
    7.5000   30.0000   30.0000 2783.3567   10.3419
   -7.5000   37.5000   30.0000 2738.6194   10.7994
    0.0000   37.5000   30.0000 2755.1414   10.6460
    7.5000   37.5000   30.0000 2730.6079   10.7677
   -7.5000   45.0000   30.0000 2648.4563   11.4733
    0.0000   45.0000   30.0000 2664.0544   11.3171
    7.5000   45.0000   30.0000 2650.9561   11.4081
   -7.5000   52.5000   30.0000 2516.1533   12.2906
    0.0000   52.5000   30.0000 2535.0684   12.1653
    7.5000   52.5000   30.0000 2522.4197   12.2443
   -7.5000  -37.5000   37.5000 2027.9143   18.5942
    0.0000  -37.5000   37.5000 2028.3180   18.5240
    7.5000  -37.5000   37.5000 2008.7224   18.7863
   -7.5000  -30.0000   37.5000 2152.0710   16.4067
    0.0000  -30.0000   37.5000 2155.2366   16.2429
    7.5000  -30.0000   37.5000 2136.6387   16.4998
   -7.5000  -22.5000   37.5000 2276.1638   14.6867
    0.0000  -22.5000   37.5000 2279.2634   14.4831
    7.5000  -22.5000   37.5000 2258.1592   14.7226
   -7.5000  -15.0000   37.5000 2392.4507   13.3121
    0.0000  -15.0000   37.5000 2398.4243   13.1164
    7.5000  -15.0000   37.5000 2374.6265   13.3575
   -7.5000   -7.5000   37.5000 2502.7454   12.2940
    0.0000   -7.5000   37.5000 2508.1089   12.1063
    7.5000   -7.5000   37.5000 2484.7683   12.3490
   -7.5000    0.0000   37.5000 2601.8208   11.5545
    0.0000    0.0000   37.5000 2605.8782   11.3689
    7.5000    0.0000   37.5000 2582.7739   11.6074
   -7.5000    7.5000   37.5000 2675.8291   11.0292
    0.0000    7.5000   37.5000 2683.7686   10.8124
    7.5000    7.5000   37.5000 2661.9448   11.0651
   -7.5000   15.0000   37.5000 2718.6228   10.7189
    0.0000   15.0000   37.5000 2726.0378   10.5213
    7.5000   15.0000   37.5000 2705.9365   10.7442
   -7.5000   22.5000   37.5000 2727.4810   10.7095
    0.0000   22.5000   37.5000 2735.3274   10.5267
    7.5000   22.5000   37.5000 2721.3210   10.7202
   -7.5000   30.0000   37.5000 2704.4917   10.9309
    0.0000   30.0000   37.5000 2707.4761   10.7662
    7.5000   30.0000   37.5000 2696.7573   10.9535
   -7.5000   37.5000   37.5000 2657.8745   11.3701
    0.0000   37.5000   37.5000 2672.3823   11.2061
    7.5000   37.5000   37.5000 2653.8799   11.3582
   -7.5000   45.0000   37.5000 2580.3655   12.0365
    0.0000   45.0000   37.5000 2599.6233   11.8678
    7.5000   45.0000   37.5000 2580.4036   11.9826
   -7.5000   52.5000   37.5000 2459.7305   12.8151
    0.0000   52.5000   37.5000 2478.2893   12.6944
    7.5000   52.5000   37.5000 2463.2939   12.7822
   -7.5000  -37.5000   45.0000 1956.1875   19.9814
    0.0000  -37.5000   45.0000 1958.5283   19.8415
    7.5000  -37.5000   45.0000 1939.8818   20.1395
   -7.5000  -30.0000   45.0000 2087.3069   17.5891
    0.0000  -30.0000   45.0000 2092.1794   17.3768
    7.5000  -30.0000   45.0000 2072.9561   17.6512
   -7.5000  -22.5000   45.0000 2211.7761   15.7518
    0.0000  -22.5000   45.0000 2216.4036   15.4921
    7.5000  -22.5000   45.0000 2192.2961   15.7452
   -7.5000  -15.0000   45.0000 2327.7881   14.2923
    0.0000  -15.0000   45.0000 2335.6428   14.0473
    7.5000  -15.0000   45.0000 2309.0076   14.2932
   -7.5000   -7.5000   45.0000 2431.9500   13.1915
    0.0000   -7.5000   45.0000 2439.9739   12.9579
    7.5000   -7.5000   45.0000 2416.7163   13.2197
   -7.5000    0.0000   45.0000 2523.4563   12.3978
    0.0000    0.0000   45.0000 2531.2732   12.1673
    7.5000    0.0000   45.0000 2509.3655   12.4305
   -7.5000    7.5000   45.0000 2588.3577   11.8140
    0.0000    7.5000   45.0000 2602.7764   11.5871
    7.5000    7.5000   45.0000 2578.5188   11.8585
   -7.5000   15.0000   45.0000 2627.5198   11.4948
    0.0000   15.0000   45.0000 2637.2219   11.3126
    7.5000   15.0000   45.0000 2611.5249   11.5202
   -7.5000   22.5000   45.0000 2636.0815   11.4787
    0.0000   22.5000   45.0000 2647.1279   11.2970
    7.5000   22.5000   45.0000 2626.0740   11.4690
   -7.5000   30.0000   45.0000 2611.3269   11.7105
    0.0000   30.0000   45.0000 2617.6541   11.5232
    7.5000   30.0000   45.0000 2604.9763   11.7031
   -7.5000   37.5000   45.0000 2570.5969   12.1246
    0.0000   37.5000   45.0000 2584.0894   11.9514
    7.5000   37.5000   45.0000 2566.6189   12.1102
   -7.5000   45.0000   45.0000 2500.4329   12.7396
    0.0000   45.0000   45.0000 2519.7383   12.5795
    7.5000   45.0000   45.0000 2501.9209   12.7055
   -7.5000   52.5000   45.0000 2388.3210   13.5018
    0.0000   52.5000   45.0000 2409.3918   13.3637
    7.5000   52.5000   45.0000 2392.0081   13.4650

---------------------------------------------------------------------
imgreg_4dfp /opt/freesurfer/average/711-2C_as_mni_average_305 /opt/freesurfer/average/711-2B_as_mni_average_305_mask talsrcimg_g11 none talsrcimg_to_711-2C_as_mni_average_305_t4 1283
---------------------------------------------------------------------

freesurfer imgreg_4dfp.c
/opt/freesurfer/average/711-2C_as_mni_average_305.4dfp.img
       256       256       256         1
  1.000000  1.000000  1.000000
orientation T byte_order littleendian
Reading image: /opt/freesurfer/average/711-2C_as_mni_average_305.4dfp.img
dimensions:      256       256       256
mmppix:       1.0000   -1.0000   -1.0000
center:     128.0000 -129.0000 -129.0000
/opt/freesurfer/average/711-2B_as_mni_average_305_mask.4dfp.img
       256       256       256         1
  1.000000  1.000000  1.000000
orientation T byte_order littleendian
Reading mask: /opt/freesurfer/average/711-2B_as_mni_average_305_mask.4dfp.img (2306576 pixels)
talsrcimg_g11.4dfp.img
       256       256       256         1
  1.000000  1.000000  1.000000
orientation T byte_order littleendian
Reading image: talsrcimg_g11.4dfp.img
dimensions:      256       256       256
mmppix:       1.0000   -1.0000   -1.0000
center:     128.0000 -129.0000 -129.0000
rotation matrix determinant  1.000000
fimgreg.f
image alignment mode   1283 decimal      503 hex
parameters
    0.0000   22.5000    7.5000    0.0000    0.0000    0.0000
eta,q 0.93968  9.35016
niter,ni,del,rscale     5    3   12.0000    1.2000
parameter  2  0.511254 ->  0.500000 qaram    1.1500
parameter  3  0.689125 ->  0.500000 qaram    1.1500
parameter  4-10.415826 ->  0.500000 qaram    1.1500
parameter  6 -0.902257 -> -0.500000 qaram    1.1500
parameters
   -0.2824   19.0500    4.0500   -3.4500   -2.0991    3.4500
eta,q 0.95265  9.33288
  0.0695  0.0599  0.0574  0.0468  0.0526  0.0584
  0.0647  0.0585  0.0568  0.0502  0.0500  0.0556
  0.0609  0.0590  0.0575  0.0536  0.0499  0.0526
  0.0609  0.0605  0.0586  0.0570  0.0512  0.0498
  0.0629  0.0619  0.0599  0.0602  0.0526  0.0481
  0.0661  0.0652  0.0615  0.0634  0.0548  0.0472
  0.0706  0.0703  0.0649  0.0663  0.0582  0.0478
niter,ni,del,rscale     7    3   12.0000    1.2000
parameter  4  2.511471 ->  0.500000 qaram    1.3225
parameters
    0.3575   19.7989    4.4497   -7.4175   -2.3057    3.6514
eta,q 0.95950  9.26522
  0.0670  0.0655  0.0566  0.0383  0.0475  0.0490
  0.0592  0.0571  0.0500  0.0397  0.0443  0.0445
  0.0514  0.0499  0.0480  0.0434  0.0411  0.0416
  0.0473  0.0474  0.0477  0.0476  0.0406  0.0405
  0.0491  0.0497  0.0478  0.0517  0.0425  0.0411
  0.0545  0.0543  0.0496  0.0570  0.0450  0.0433
  0.0605  0.0581  0.0541  0.0613  0.0480  0.0485
niter,ni,del,rscale     7    3   12.0000    1.2000
parameter  4  0.570680 ->  0.500000 qaram    1.5209
parameters
    0.3315   20.4289    4.2591  -11.9801   -2.1239    3.3179
eta,q 0.96264  9.24374
  0.0582  0.0604  0.0497  0.0405  0.0465  0.0443
  0.0497  0.0502  0.0447  0.0373  0.0410  0.0404
  0.0427  0.0427  0.0421  0.0378  0.0380  0.0383
  0.0405  0.0405  0.0406  0.0406  0.0373  0.0373
  0.0441  0.0421  0.0416  0.0454  0.0381  0.0384
  0.0508  0.0476  0.0453  0.0505  0.0404  0.0417
  0.0574  0.0531  0.0511  0.0559  0.0453  0.0457
niter,ni,del,rscale     7    3   12.0000    1.2000
parameters
   -0.1106   21.8565    3.9329  -13.0715   -1.8758    3.1203
eta,q 0.96369  9.22089
  0.0517  0.0581  0.0474  0.0460  0.0454  0.0432
  0.0444  0.0496  0.0411  0.0415  0.0400  0.0394
  0.0388  0.0410  0.0375  0.0372  0.0372  0.0373
  0.0374  0.0372  0.0366  0.0365  0.0363  0.0363
  0.0408  0.0365  0.0386  0.0392  0.0369  0.0370
  0.0478  0.0395  0.0428  0.0454  0.0392  0.0399
  0.0562  0.0467  0.0493  0.0518  0.0438  0.0443
niter,ni,del,rscale     6    3   12.0000    1.2000
parameters
   -0.2989   22.2245    3.7105  -13.5524   -1.7247    3.1182
eta,q 0.96386  9.22178
  0.0527  0.0528  0.0475  0.0476  0.0448  0.0433
  0.0441  0.0452  0.0410  0.0422  0.0396  0.0395
  0.0381  0.0383  0.0376  0.0380  0.0371  0.0374
  0.0363  0.0363  0.0362  0.0362  0.0361  0.0361
  0.0394  0.0371  0.0379  0.0379  0.0367  0.0365
  0.0460  0.0422  0.0423  0.0439  0.0392  0.0393
  0.0543  0.0501  0.0489  0.0507  0.0439  0.0438
niter,ni,del,rscale     5    3   12.0000    1.2000
parameters
   -0.3469   22.3283    3.5821  -13.7966   -1.6889    3.1361
eta,q 0.96389  9.22522
  0.0536  0.0514  0.0479  0.0480  0.0444  0.0433
  0.0446  0.0442  0.0410  0.0427  0.0395  0.0396
  0.0381  0.0379  0.0377  0.0384  0.0370  0.0374
  0.0361  0.0361  0.0361  0.0361  0.0361  0.0361
  0.0390  0.0375  0.0375  0.0375  0.0367  0.0364
  0.0455  0.0430  0.0420  0.0431  0.0394  0.0392
  0.0536  0.0509  0.0486  0.0501  0.0442  0.0437
niter,ni,del,rscale     4    3   12.0000    1.2000
parameters
   -0.3557   22.3660    3.5165  -13.9043   -1.6822    3.1475
eta,q 0.96389  9.22662
  0.0539  0.0510  0.0482  0.0481  0.0443  0.0432
  0.0448  0.0440  0.0411  0.0430  0.0394  0.0396
  0.0382  0.0379  0.0377  0.0387  0.0370  0.0375
  0.0361  0.0361  0.0361  0.0361  0.0361  0.0361
  0.0389  0.0376  0.0374  0.0373  0.0367  0.0364
  0.0454  0.0433  0.0419  0.0427  0.0394  0.0392
  0.0535  0.0511  0.0485  0.0497  0.0443  0.0438
niter,ni,del,rscale     3    3   12.0000    1.2000
parameters
   -0.3586   22.3793    3.4848  -13.9492   -1.6797    3.1515
eta,q 0.96389  9.22719
  0.0540  0.0509  0.0483  0.0482  0.0443  0.0432
  0.0448  0.0440  0.0411  0.0431  0.0394  0.0396
  0.0382  0.0379  0.0378  0.0388  0.0370  0.0375
  0.0361  0.0361  0.0361  0.0361  0.0361  0.0361
  0.0389  0.0377  0.0373  0.0372  0.0367  0.0364
  0.0454  0.0433  0.0418  0.0425  0.0395  0.0392
  0.0534  0.0512  0.0484  0.0496  0.0443  0.0438
registration optimization eta report
parameter search radius
    6.0000    6.9000    6.9000    9.1253    6.0000    6.9000
100000*second partial in parameter space
       48.       31.       26.       15.       23.       15.
  0.0540  0.0509  0.0483  0.0482  0.0443  0.0432
  0.0448  0.0440  0.0411  0.0431  0.0394  0.0396
  0.0382  0.0379  0.0378  0.0388  0.0370  0.0375
  0.0361  0.0361  0.0361  0.0361  0.0361  0.0361
  0.0389  0.0377  0.0373  0.0372  0.0367  0.0364
  0.0454  0.0433  0.0418  0.0425  0.0395  0.0392
  0.0534  0.0512  0.0484  0.0496  0.0443  0.0438
   -0.3586   22.3793    3.4848  -13.9492   -1.6797    3.1515
eta,q 0.96389  9.22719

---------------------------------------------------------------------
imgreg_4dfp /opt/freesurfer/average/711-2C_as_mni_average_305 /opt/freesurfer/average/711-2B_as_mni_average_305_mask talsrcimg_g11 none talsrcimg_to_711-2C_as_mni_average_305_t4 3335
---------------------------------------------------------------------

freesurfer imgreg_4dfp.c
/opt/freesurfer/average/711-2C_as_mni_average_305.4dfp.img
       256       256       256         1
  1.000000  1.000000  1.000000
orientation T byte_order littleendian
Reading image: /opt/freesurfer/average/711-2C_as_mni_average_305.4dfp.img
dimensions:      256       256       256
mmppix:       1.0000   -1.0000   -1.0000
center:     128.0000 -129.0000 -129.0000
/opt/freesurfer/average/711-2B_as_mni_average_305_mask.4dfp.img
       256       256       256         1
  1.000000  1.000000  1.000000
orientation T byte_order littleendian
Reading mask: /opt/freesurfer/average/711-2B_as_mni_average_305_mask.4dfp.img (2306576 pixels)
talsrcimg_g11.4dfp.img
       256       256       256         1
  1.000000  1.000000  1.000000
orientation T byte_order littleendian
Reading image: talsrcimg_g11.4dfp.img
dimensions:      256       256       256
mmppix:       1.0000   -1.0000   -1.0000
center:     128.0000 -129.0000 -129.0000
fimgreg.f
image alignment mode   3335 decimal      D07 hex
parameters
   -0.3586   22.3793    3.4848   -0.1941   -3.1346   -2.9907
   -6.0411    1.5152    5.4953   24.2261   -2.9312  -24.0958
eta,q 0.96362  9.34587
niter,ni,del,rscale     5    3    5.0000    1.2000
parameter  4  0.872200 ->  0.500000 qaram    1.1500
parameter  5  2.586396 ->  0.500000 qaram    1.1500
parameter  6  0.615953 ->  0.500000 qaram    1.1500
parameters
   -0.3322   22.2313    3.4607   -4.3341   -7.2746   -7.1307
   -3.6689    0.6117    6.9082   20.7347   -3.9680  -27.5959
eta,q 0.97373  9.02735
  0.0404  0.0385  0.0378  0.0328  0.0268  0.0281  0.0323  0.0307  0.0304  0.0277  0.0273  0.0267
  0.0382  0.0372  0.0370  0.0331  0.0284  0.0280  0.0303  0.0288  0.0291  0.0267  0.0268  0.0263
  0.0368  0.0365  0.0365  0.0342  0.0307  0.0283  0.0289  0.0278  0.0282  0.0267  0.0266  0.0263
  0.0364  0.0364  0.0364  0.0364  0.0334  0.0290  0.0280  0.0277  0.0277  0.0276  0.0266  0.0266
  0.0368  0.0368  0.0365  0.0398  0.0364  0.0301  0.0277  0.0285  0.0276  0.0290  0.0268  0.0271
  0.0381  0.0377  0.0370  0.0445  0.0400  0.0320  0.0281  0.0302  0.0280  0.0311  0.0272  0.0279
  0.0401  0.0388  0.0379  0.0498  0.0432  0.0352  0.0289  0.0326  0.0289  0.0341  0.0278  0.0288
niter,ni,del,rscale     7    3    5.0000    1.2000
parameter  5  0.748109 ->  0.500000 qaram    1.3225
parameters
   -0.3586   22.1786    3.3296   -7.7410  -12.0356   -8.8993
   -4.3720    0.3052    6.9340   21.3655   -4.0402  -29.8218
eta,q 0.97687  8.73110
  0.0298  0.0289  0.0276  0.0270  0.0239  0.0253  0.0258  0.0272  0.0256  0.0270  0.0243  0.0239
  0.0279  0.0274  0.0269  0.0260  0.0236  0.0241  0.0243  0.0252  0.0244  0.0253  0.0238  0.0233
  0.0267  0.0265  0.0264  0.0257  0.0241  0.0235  0.0235  0.0238  0.0236  0.0241  0.0234  0.0231
  0.0263  0.0263  0.0263  0.0263  0.0257  0.0236  0.0235  0.0234  0.0234  0.0234  0.0233  0.0233
  0.0267  0.0266  0.0265  0.0280  0.0284  0.0245  0.0241  0.0240  0.0237  0.0234  0.0234  0.0238
  0.0280  0.0276  0.0271  0.0309  0.0316  0.0258  0.0252  0.0256  0.0244  0.0244  0.0238  0.0246
  0.0300  0.0291  0.0280  0.0350  0.0354  0.0274  0.0266  0.0279  0.0256  0.0261  0.0243  0.0256
niter,ni,del,rscale     7    3    5.0000    1.2000
parameters
   -0.3544   22.3882    3.2408   -7.6311  -14.0080   -8.6554
   -4.4126    0.2483    6.9718   22.2725   -4.1214  -30.8202
eta,q 0.97711  8.69748
  0.0267  0.0266  0.0247  0.0266  0.0262  0.0261  0.0260  0.0270  0.0253  0.0266  0.0239  0.0241
  0.0248  0.0248  0.0238  0.0250  0.0242  0.0245  0.0243  0.0250  0.0241  0.0249  0.0234  0.0233
  0.0235  0.0236  0.0233  0.0238  0.0232  0.0235  0.0233  0.0236  0.0233  0.0238  0.0231  0.0229
  0.0231  0.0231  0.0231  0.0231  0.0231  0.0231  0.0231  0.0231  0.0231  0.0231  0.0229  0.0229
  0.0235  0.0233  0.0233  0.0232  0.0244  0.0234  0.0235  0.0235  0.0234  0.0230  0.0231  0.0233
  0.0248  0.0241  0.0239  0.0244  0.0271  0.0244  0.0245  0.0250  0.0241  0.0237  0.0234  0.0240
  0.0267  0.0255  0.0249  0.0268  0.0306  0.0257  0.0259  0.0273  0.0252  0.0254  0.0240  0.0248
niter,ni,del,rscale     6    3    5.0000    1.2000
parameters
   -0.3834   22.5098    3.2418   -7.4883  -14.4333   -8.3568
   -4.3610    0.1945    6.9267   22.6073   -4.2211  -31.1184
eta,q 0.97714  8.70755
  0.0264  0.0260  0.0246  0.0263  0.0274  0.0260  0.0259  0.0269  0.0251  0.0261  0.0239  0.0243
  0.0244  0.0243  0.0237  0.0248  0.0251  0.0244  0.0242  0.0248  0.0239  0.0245  0.0233  0.0235
  0.0233  0.0233  0.0231  0.0236  0.0235  0.0233  0.0232  0.0234  0.0231  0.0235  0.0230  0.0230
  0.0229  0.0229  0.0229  0.0229  0.0229  0.0229  0.0229  0.0229  0.0229  0.0229  0.0229  0.0229
  0.0233  0.0232  0.0231  0.0230  0.0234  0.0233  0.0233  0.0234  0.0232  0.0230  0.0230  0.0232
  0.0246  0.0240  0.0236  0.0242  0.0255  0.0242  0.0243  0.0248  0.0240  0.0240  0.0233  0.0237
  0.0265  0.0254  0.0246  0.0266  0.0285  0.0255  0.0257  0.0271  0.0251  0.0258  0.0239  0.0245
niter,ni,del,rscale     5    3    5.0000    1.2000
parameters
   -0.3968   22.5611    3.2687   -7.4640  -14.5766   -8.2201
   -4.3309    0.1714    6.9131   22.7338   -4.2638  -31.2025
eta,q 0.97714  8.71166
  0.0264  0.0258  0.0246  0.0262  0.0276  0.0259  0.0259  0.0269  0.0251  0.0259  0.0239  0.0244
  0.0244  0.0242  0.0237  0.0247  0.0252  0.0243  0.0242  0.0248  0.0239  0.0244  0.0233  0.0235
  0.0232  0.0232  0.0231  0.0235  0.0236  0.0232  0.0232  0.0234  0.0231  0.0234  0.0230  0.0230
  0.0229  0.0229  0.0229  0.0229  0.0229  0.0229  0.0229  0.0229  0.0229  0.0229  0.0229  0.0229
  0.0233  0.0232  0.0230  0.0230  0.0232  0.0233  0.0233  0.0233  0.0232  0.0230  0.0230  0.0231
  0.0245  0.0241  0.0236  0.0242  0.0253  0.0243  0.0243  0.0248  0.0240  0.0241  0.0233  0.0237
  0.0264  0.0255  0.0245  0.0267  0.0282  0.0256  0.0257  0.0270  0.0251  0.0260  0.0239  0.0244
niter,ni,del,rscale     4    3    5.0000    1.2000
parameters
   -0.4008   22.5827    3.2876   -7.4606  -14.6291   -8.1632
   -4.3194    0.1605    6.9098   22.7800   -4.2875  -31.2245
eta,q 0.97713  8.71320
  0.0264  0.0257  0.0246  0.0262  0.0277  0.0258  0.0258  0.0269  0.0251  0.0259  0.0239  0.0244
  0.0245  0.0241  0.0237  0.0247  0.0253  0.0242  0.0242  0.0248  0.0239  0.0244  0.0233  0.0236
  0.0233  0.0231  0.0231  0.0235  0.0237  0.0232  0.0232  0.0234  0.0231  0.0234  0.0230  0.0230
  0.0229  0.0229  0.0229  0.0229  0.0229  0.0229  0.0229  0.0229  0.0229  0.0229  0.0229  0.0229
  0.0233  0.0232  0.0230  0.0230  0.0232  0.0233  0.0233  0.0233  0.0232  0.0231  0.0230  0.0231
  0.0245  0.0241  0.0236  0.0242  0.0252  0.0243  0.0243  0.0248  0.0239  0.0241  0.0233  0.0237
  0.0264  0.0255  0.0245  0.0267  0.0281  0.0257  0.0257  0.0270  0.0251  0.0260  0.0239  0.0244
registration optimization eta report
parameter search radius
    2.4000    2.4000    2.4000    8.2800    9.5220    8.2800
    7.2000    7.2000    7.2000    7.2000    7.2000    7.2000
100000*second partial in parameter space
       62.       48.       29.        5.        6.        4.
        6.        8.        4.        6.        2.        3.
  0.0264  0.0257  0.0246  0.0262  0.0277  0.0258  0.0258  0.0269  0.0251  0.0259  0.0239  0.0244
  0.0245  0.0241  0.0237  0.0247  0.0253  0.0242  0.0242  0.0248  0.0239  0.0244  0.0233  0.0236
  0.0233  0.0231  0.0231  0.0235  0.0237  0.0232  0.0232  0.0234  0.0231  0.0234  0.0230  0.0230
  0.0229  0.0229  0.0229  0.0229  0.0229  0.0229  0.0229  0.0229  0.0229  0.0229  0.0229  0.0229
  0.0233  0.0232  0.0230  0.0230  0.0232  0.0233  0.0233  0.0233  0.0232  0.0231  0.0230  0.0231
  0.0245  0.0241  0.0236  0.0242  0.0252  0.0243  0.0243  0.0248  0.0239  0.0241  0.0233  0.0237
  0.0264  0.0255  0.0245  0.0267  0.0281  0.0257  0.0257  0.0270  0.0251  0.0260  0.0239  0.0244
   -0.4008   22.5827    3.2876   -7.4606  -14.6291   -8.1632
   -4.3194    0.1605    6.9098   22.7800   -4.2875  -31.2245
eta,q 0.97713  8.71320

---------------------------------------------------------------------
imgreg_4dfp /opt/freesurfer/average/711-2C_as_mni_average_305 /opt/freesurfer/average/711-2B_as_mni_average_305_mask talsrcimg_g11 none talsrcimg_to_711-2C_as_mni_average_305_t4 2311
---------------------------------------------------------------------

freesurfer imgreg_4dfp.c
/opt/freesurfer/average/711-2C_as_mni_average_305.4dfp.img
       256       256       256         1
  1.000000  1.000000  1.000000
orientation T byte_order littleendian
Reading image: /opt/freesurfer/average/711-2C_as_mni_average_305.4dfp.img
dimensions:      256       256       256
mmppix:       1.0000   -1.0000   -1.0000
center:     128.0000 -129.0000 -129.0000
/opt/freesurfer/average/711-2B_as_mni_average_305_mask.4dfp.img
       256       256       256         1
  1.000000  1.000000  1.000000
orientation T byte_order littleendian
Reading mask: /opt/freesurfer/average/711-2B_as_mni_average_305_mask.4dfp.img (2306576 pixels)
talsrcimg_g11.4dfp.img
       256       256       256         1
  1.000000  1.000000  1.000000
orientation T byte_order littleendian
Reading image: talsrcimg_g11.4dfp.img
dimensions:      256       256       256
mmppix:       1.0000   -1.0000   -1.0000
center:     128.0000 -129.0000 -129.0000
fimgreg.f
image alignment mode   2311 decimal      907 hex
parameters
   -0.4008   22.5827    3.2876   -7.4606  -14.6291   -8.1632
   -4.3194    0.1605    6.9098   22.7800   -4.2875  -31.2245
eta,q 0.97713  8.71319
niter,ni,del,rscale     5    3    5.0000    0.8000
parameters
   -0.4121   22.5459    3.3035   -6.7747  -14.2284   -8.2291
   -4.4545    0.2651    6.8391   22.8803   -4.2373  -31.2229
eta,q 0.97724  8.75280
  0.0245  0.0241  0.0236  0.0244  0.0243  0.0238  0.0241  0.0248  0.0238  0.0243  0.0233  0.0235
  0.0236  0.0234  0.0232  0.0237  0.0236  0.0232  0.0233  0.0237  0.0232  0.0235  0.0230  0.0231
  0.0230  0.0230  0.0230  0.0232  0.0231  0.0229  0.0229  0.0230  0.0229  0.0230  0.0228  0.0228
  0.0229  0.0229  0.0229  0.0229  0.0228  0.0228  0.0228  0.0228  0.0228  0.0228  0.0228  0.0228
  0.0231  0.0231  0.0230  0.0228  0.0228  0.0229  0.0230  0.0229  0.0229  0.0228  0.0228  0.0229
  0.0236  0.0235  0.0232  0.0231  0.0232  0.0233  0.0235  0.0236  0.0233  0.0233  0.0230  0.0231
  0.0245  0.0242  0.0236  0.0238  0.0240  0.0239  0.0242  0.0246  0.0239  0.0243  0.0232  0.0235
niter,ni,del,rscale     4    3    5.0000    0.7000
parameters
   -0.4074   22.5418    3.2480   -6.7396  -14.1575   -8.2791
   -4.4751    0.2988    6.8269   22.9324   -4.2462  -31.2908
eta,q 0.97725  8.75638
  0.0241  0.0238  0.0233  0.0238  0.0238  0.0236  0.0238  0.0243  0.0236  0.0239  0.0231  0.0233
  0.0233  0.0232  0.0230  0.0233  0.0233  0.0231  0.0232  0.0234  0.0231  0.0234  0.0229  0.0230
  0.0229  0.0229  0.0228  0.0229  0.0230  0.0228  0.0229  0.0229  0.0228  0.0230  0.0228  0.0228
  0.0228  0.0228  0.0228  0.0228  0.0228  0.0228  0.0228  0.0228  0.0228  0.0228  0.0228  0.0228
  0.0229  0.0229  0.0228  0.0228  0.0228  0.0229  0.0229  0.0229  0.0229  0.0228  0.0228  0.0228
  0.0233  0.0232  0.0231  0.0232  0.0232  0.0232  0.0233  0.0234  0.0231  0.0232  0.0229  0.0231
  0.0240  0.0238  0.0234  0.0238  0.0239  0.0236  0.0238  0.0242  0.0236  0.0240  0.0231  0.0234
niter,ni,del,rscale     3    3    5.0000    0.6000
parameters
   -0.4079   22.5410    3.2261   -6.6684  -14.0890   -8.2995
   -4.4955    0.3174    6.8145   22.9839   -4.2604  -31.3239
eta,q 0.97726  8.76205
  0.0237  0.0235  0.0232  0.0235  0.0236  0.0234  0.0235  0.0238  0.0234  0.0236  0.0230  0.0232
  0.0232  0.0231  0.0229  0.0231  0.0232  0.0230  0.0231  0.0232  0.0230  0.0232  0.0229  0.0229
  0.0228  0.0228  0.0228  0.0229  0.0229  0.0228  0.0228  0.0229  0.0228  0.0229  0.0228  0.0228
  0.0227  0.0227  0.0227  0.0228  0.0227  0.0227  0.0227  0.0227  0.0227  0.0227  0.0227  0.0227
  0.0229  0.0228  0.0228  0.0228  0.0228  0.0228  0.0228  0.0228  0.0228  0.0228  0.0228  0.0228
  0.0232  0.0231  0.0230  0.0231  0.0231  0.0230  0.0231  0.0232  0.0230  0.0231  0.0229  0.0230
  0.0237  0.0235  0.0232  0.0235  0.0236  0.0234  0.0236  0.0238  0.0234  0.0236  0.0230  0.0232
niter,ni,del,rscale     2    3    5.0000    0.5000
parameters
   -0.4076   22.5397    3.2132   -6.6164  -14.0278   -8.3047
   -4.5017    0.3424    6.8030   23.0297   -4.2824  -31.3322
eta,q 0.97726  8.76705
  0.0234  0.0233  0.0230  0.0233  0.0233  0.0232  0.0233  0.0235  0.0232  0.0234  0.0229  0.0231
  0.0230  0.0230  0.0229  0.0230  0.0231  0.0229  0.0230  0.0231  0.0229  0.0231  0.0228  0.0229
  0.0228  0.0228  0.0228  0.0228  0.0228  0.0228  0.0228  0.0228  0.0228  0.0228  0.0228  0.0228
  0.0227  0.0227  0.0227  0.0227  0.0227  0.0227  0.0227  0.0227  0.0227  0.0227  0.0227  0.0227
  0.0228  0.0228  0.0228  0.0228  0.0228  0.0228  0.0228  0.0228  0.0228  0.0228  0.0228  0.0228
  0.0230  0.0230  0.0229  0.0230  0.0230  0.0229  0.0230  0.0231  0.0229  0.0230  0.0228  0.0229
  0.0234  0.0233  0.0231  0.0233  0.0233  0.0232  0.0233  0.0235  0.0232  0.0234  0.0229  0.0231
niter,ni,del,rscale     1    3    5.0000    0.4000
parameters
   -0.4069   22.5448    3.2057   -6.5729  -13.9585   -8.3005
   -4.5116    0.3615    6.7988   23.0673   -4.3298  -31.3589
eta,q 0.97727  8.77239
  0.0232  0.0231  0.0229  0.0231  0.0231  0.0230  0.0231  0.0232  0.0230  0.0232  0.0229  0.0229
  0.0229  0.0229  0.0228  0.0229  0.0229  0.0229  0.0229  0.0230  0.0229  0.0229  0.0228  0.0228
  0.0228  0.0228  0.0228  0.0228  0.0228  0.0228  0.0228  0.0228  0.0228  0.0228  0.0227  0.0228
  0.0227  0.0227  0.0227  0.0227  0.0227  0.0227  0.0227  0.0227  0.0227  0.0227  0.0227  0.0227
  0.0228  0.0228  0.0228  0.0228  0.0228  0.0228  0.0228  0.0228  0.0228  0.0228  0.0227  0.0228
  0.0229  0.0229  0.0228  0.0229  0.0229  0.0229  0.0229  0.0229  0.0229  0.0229  0.0228  0.0228
  0.0232  0.0231  0.0229  0.0231  0.0231  0.0230  0.0231  0.0232  0.0230  0.0232  0.0229  0.0230
registration optimization eta report
parameter search radius
    0.8000    0.8000    0.8000    2.4000    2.4000    2.4000
    2.4000    2.4000    2.4000    2.4000    2.4000    2.4000
100000*second partial in parameter space
       66.       54.       31.        6.        7.        5.
        6.        8.        5.        7.        2.        4.
  0.0232  0.0231  0.0229  0.0231  0.0231  0.0230  0.0231  0.0232  0.0230  0.0232  0.0229  0.0229
  0.0229  0.0229  0.0228  0.0229  0.0229  0.0229  0.0229  0.0230  0.0229  0.0229  0.0228  0.0228
  0.0228  0.0228  0.0228  0.0228  0.0228  0.0228  0.0228  0.0228  0.0228  0.0228  0.0227  0.0228
  0.0227  0.0227  0.0227  0.0227  0.0227  0.0227  0.0227  0.0227  0.0227  0.0227  0.0227  0.0227
  0.0228  0.0228  0.0228  0.0228  0.0228  0.0228  0.0228  0.0228  0.0228  0.0228  0.0227  0.0228
  0.0229  0.0229  0.0228  0.0229  0.0229  0.0229  0.0229  0.0229  0.0229  0.0229  0.0228  0.0228
  0.0232  0.0231  0.0229  0.0231  0.0231  0.0230  0.0231  0.0232  0.0230  0.0232  0.0229  0.0230
   -0.4069   22.5448    3.2057   -6.5729  -13.9585   -8.3005
   -4.5116    0.3615    6.7988   23.0673   -4.3298  -31.3589
eta,q 0.97727  8.77239

---------------------------------------------------------------------
imgreg_4dfp /opt/freesurfer/average/711-2C_as_mni_average_305 /opt/freesurfer/average/711-2B_as_mni_average_305_mask talsrcimg_g11 none talsrcimg_to_711-2C_as_mni_average_305_t4 2311
---------------------------------------------------------------------

freesurfer imgreg_4dfp.c
/opt/freesurfer/average/711-2C_as_mni_average_305.4dfp.img
       256       256       256         1
  1.000000  1.000000  1.000000
orientation T byte_order littleendian
Reading image: /opt/freesurfer/average/711-2C_as_mni_average_305.4dfp.img
dimensions:      256       256       256
mmppix:       1.0000   -1.0000   -1.0000
center:     128.0000 -129.0000 -129.0000
/opt/freesurfer/average/711-2B_as_mni_average_305_mask.4dfp.img
       256       256       256         1
  1.000000  1.000000  1.000000
orientation T byte_order littleendian
Reading mask: /opt/freesurfer/average/711-2B_as_mni_average_305_mask.4dfp.img (2306576 pixels)
talsrcimg_g11.4dfp.img
       256       256       256         1
  1.000000  1.000000  1.000000
orientation T byte_order littleendian
Reading image: talsrcimg_g11.4dfp.img
dimensions:      256       256       256
mmppix:       1.0000   -1.0000   -1.0000
center:     128.0000 -129.0000 -129.0000
fimgreg.f
image alignment mode   2311 decimal      907 hex
parameters
   -0.4069   22.5448    3.2057   -6.5729  -13.9585   -8.3005
   -4.5116    0.3615    6.7988   23.0673   -4.3298  -31.3589
eta,q 0.97727  8.77240
niter,ni,del,rscale     5    3    5.0000    0.8000
parameters
   -0.3952   22.5752    3.1899   -6.8500  -14.2628   -8.2954
   -4.4376    0.2737    6.8404   22.9446   -4.2547  -31.3948
eta,q 0.97724  8.74890
  0.0244  0.0242  0.0235  0.0239  0.0240  0.0239  0.0242  0.0246  0.0239  0.0241  0.0233  0.0235
  0.0235  0.0234  0.0231  0.0233  0.0234  0.0233  0.0234  0.0236  0.0233  0.0235  0.0230  0.0231
  0.0229  0.0229  0.0228  0.0229  0.0229  0.0229  0.0229  0.0230  0.0229  0.0230  0.0228  0.0228
  0.0227  0.0227  0.0227  0.0227  0.0227  0.0228  0.0228  0.0228  0.0228  0.0228  0.0228  0.0228
  0.0229  0.0229  0.0228  0.0229  0.0229  0.0229  0.0229  0.0230  0.0229  0.0229  0.0228  0.0229
  0.0235  0.0233  0.0231  0.0234  0.0235  0.0233  0.0234  0.0237  0.0233  0.0235  0.0230  0.0231
  0.0244  0.0240  0.0235  0.0243  0.0245  0.0238  0.0241  0.0248  0.0238  0.0244  0.0232  0.0235
niter,ni,del,rscale     4    3    5.0000    0.7000
parameters
   -0.4061   22.5517    3.2214   -6.7465  -14.1885   -8.2875
   -4.4709    0.2975    6.8170   22.9653   -4.2699  -31.3455
eta,q 0.97725  8.75578
  0.0240  0.0238  0.0234  0.0238  0.0239  0.0236  0.0238  0.0242  0.0236  0.0239  0.0231  0.0234
  0.0233  0.0232  0.0231  0.0233  0.0233  0.0231  0.0232  0.0234  0.0231  0.0233  0.0229  0.0230
  0.0229  0.0229  0.0228  0.0229  0.0230  0.0228  0.0229  0.0229  0.0228  0.0229  0.0228  0.0228
  0.0228  0.0228  0.0228  0.0228  0.0228  0.0228  0.0228  0.0227  0.0228  0.0228  0.0228  0.0227
  0.0229  0.0229  0.0228  0.0228  0.0228  0.0229  0.0229  0.0229  0.0229  0.0228  0.0228  0.0228
  0.0233  0.0233  0.0230  0.0232  0.0232  0.0231  0.0233  0.0234  0.0232  0.0232  0.0229  0.0230
  0.0241  0.0238  0.0233  0.0238  0.0239  0.0236  0.0238  0.0242  0.0236  0.0240  0.0231  0.0233
niter,ni,del,rscale     3    3    5.0000    0.6000
parameters
   -0.4086   22.5470    3.2177   -6.6703  -14.1050   -8.2932
   -4.4908    0.3219    6.8124   23.0034   -4.2866  -31.3538
eta,q 0.97726  8.76229
  0.0237  0.0235  0.0232  0.0235  0.0236  0.0234  0.0235  0.0238  0.0234  0.0236  0.0230  0.0232
  0.0232  0.0231  0.0230  0.0232  0.0232  0.0230  0.0231  0.0232  0.0230  0.0232  0.0229  0.0229
  0.0228  0.0228  0.0228  0.0229  0.0229  0.0228  0.0228  0.0229  0.0228  0.0229  0.0228  0.0228
  0.0227  0.0227  0.0227  0.0227  0.0227  0.0227  0.0227  0.0227  0.0227  0.0227  0.0227  0.0227
  0.0229  0.0229  0.0228  0.0228  0.0228  0.0228  0.0228  0.0228  0.0228  0.0228  0.0228  0.0228
  0.0232  0.0231  0.0230  0.0231  0.0231  0.0230  0.0231  0.0232  0.0230  0.0231  0.0229  0.0230
  0.0237  0.0235  0.0232  0.0235  0.0236  0.0234  0.0236  0.0238  0.0234  0.0237  0.0230  0.0232
niter,ni,del,rscale     2    3    5.0000    0.5000
parameters
   -0.4074   22.5444    3.2068   -6.6199  -14.0345   -8.2977
   -4.4999    0.3359    6.8025   23.0362   -4.2778  -31.3506
eta,q 0.97727  8.76723
  0.0234  0.0233  0.0230  0.0233  0.0233  0.0232  0.0233  0.0235  0.0232  0.0234  0.0229  0.0231
  0.0230  0.0230  0.0229  0.0230  0.0231  0.0229  0.0230  0.0231  0.0229  0.0231  0.0228  0.0229
  0.0228  0.0228  0.0228  0.0228  0.0228  0.0228  0.0228  0.0228  0.0228  0.0228  0.0228  0.0228
  0.0227  0.0227  0.0227  0.0227  0.0227  0.0227  0.0227  0.0227  0.0227  0.0227  0.0227  0.0227
  0.0228  0.0228  0.0228  0.0228  0.0228  0.0228  0.0228  0.0228  0.0228  0.0228  0.0228  0.0228
  0.0230  0.0230  0.0229  0.0230  0.0230  0.0229  0.0230  0.0231  0.0229  0.0230  0.0228  0.0229
  0.0234  0.0233  0.0231  0.0233  0.0233  0.0232  0.0233  0.0235  0.0232  0.0234  0.0229  0.0231
niter,ni,del,rscale     1    3    5.0000    0.4000
parameters
   -0.4093   22.5424    3.2015   -6.5700  -13.9614   -8.2935
   -4.5092    0.3564    6.7903   23.0627   -4.3137  -31.3539
eta,q 0.97726  8.77248
  0.0232  0.0231  0.0229  0.0231  0.0231  0.0230  0.0231  0.0232  0.0230  0.0232  0.0229  0.0229
  0.0229  0.0229  0.0228  0.0229  0.0229  0.0229  0.0229  0.0230  0.0229  0.0229  0.0228  0.0228
  0.0228  0.0228  0.0228  0.0228  0.0228  0.0228  0.0228  0.0228  0.0228  0.0228  0.0227  0.0228
  0.0227  0.0227  0.0227  0.0227  0.0227  0.0227  0.0227  0.0227  0.0227  0.0227  0.0227  0.0227
  0.0228  0.0228  0.0228  0.0228  0.0228  0.0228  0.0228  0.0228  0.0228  0.0228  0.0227  0.0228
  0.0229  0.0229  0.0228  0.0229  0.0229  0.0229  0.0229  0.0229  0.0229  0.0229  0.0228  0.0228
  0.0232  0.0231  0.0229  0.0231  0.0231  0.0230  0.0231  0.0232  0.0230  0.0232  0.0229  0.0229
registration optimization eta report
parameter search radius
    0.8000    0.8000    0.8000    2.4000    2.4000    2.4000
    2.4000    2.4000    2.4000    2.4000    2.4000    2.4000
100000*second partial in parameter space
       66.       55.       32.        6.        7.        5.
        6.        9.        5.        7.        2.        4.
  0.0232  0.0231  0.0229  0.0231  0.0231  0.0230  0.0231  0.0232  0.0230  0.0232  0.0229  0.0229
  0.0229  0.0229  0.0228  0.0229  0.0229  0.0229  0.0229  0.0230  0.0229  0.0229  0.0228  0.0228
  0.0228  0.0228  0.0228  0.0228  0.0228  0.0228  0.0228  0.0228  0.0228  0.0228  0.0227  0.0228
  0.0227  0.0227  0.0227  0.0227  0.0227  0.0227  0.0227  0.0227  0.0227  0.0227  0.0227  0.0227
  0.0228  0.0228  0.0228  0.0228  0.0228  0.0228  0.0228  0.0228  0.0228  0.0228  0.0227  0.0228
  0.0229  0.0229  0.0228  0.0229  0.0229  0.0229  0.0229  0.0229  0.0229  0.0229  0.0228  0.0228
  0.0232  0.0231  0.0229  0.0231  0.0231  0.0230  0.0231  0.0232  0.0230  0.0232  0.0229  0.0229
   -0.4093   22.5424    3.2015   -6.5700  -13.9614   -8.2935
   -4.5092    0.3564    6.7903   23.0627   -4.3137  -31.3539
eta,q 0.97726  8.77248

---------------------------------------------------------------------
compute_vox2vox talsrcimg talsrcimg_to_711-2C_as_mni_average_305_t4 /opt/freesurfer/average/711-2C_as_mni_average_305
---------------------------------------------------------------------

freesurfer compute_vox2vox.c
Reading: talsrcimg.4dfp.ifh
Reading: talsrcimg_to_711-2C_as_mni_average_305_t4
Reading: /opt/freesurfer/average/711-2C_as_mni_average_305.4dfp.ifh
Writing: talsrcimg_to_711-2C_as_mni_average_305_t4_vox2vox.txt

start time Tue Mar 10 05:29:42 CET 2026
end		time Tue Mar 10 05:31:14 CET 2026

mpr2mni305 success

avi2talxfm orig_nu.mgz /opt/freesurfer/average/mni305.cor.mgz talsrcimg_to_711-2C_as_mni_average_305_t4_vox2vox.txt transforms/talairach.auto.xfm
avi2talxfm done
mv -f /out/sourcedata/freesurfer/sub-v1s6x0051320_ses-1/mri/talsrcimg_to_711-2C_as_mni_average_305_t4_vox2vox.txt /out/sourcedata/freesurfer/sub-v1s6x0051320_ses-1/mri/transforms/talsrcimg_to_711-2C_as_mni_average_305_t4_vox2vox.txt
lta_convert --src orig_nu.mgz --trg /opt/freesurfer/average/mni305.cor.mgz --inxfm transforms/talairach.auto.xfm --outlta transforms/talairach.auto.xfm.lta --subject fsaverage
7.3.2

--src: orig_nu.mgz src image (geometry).
--trg: /opt/freesurfer/average/mni305.cor.mgz trg image (geometry).
--inmni: transforms/talairach.auto.xfm input MNI/XFM transform.
--outlta: transforms/talairach.auto.xfm.lta output LTA.
--s: fsaverage subject name
 LTA read, type : 1
 1.06593  -0.01666   0.04979  -2.91328;
 0.01958   0.99859   0.36493  -7.13926;
-0.08937  -0.26636   1.06052   1.30420;
 0.00000   0.00000   0.00000   1.00000;
setting subject to fsaverage
Writing  LTA to file transforms/talairach.auto.xfm.lta...
lta_convert successful.
 
 
Started at Tue Mar 10 05:29:41 CET 2026
Ended   at Tue Mar 10 05:31:15 CET 2026
talairach_avi done
