status file for recon-all
Tue Mar 10 06:12:28 CET 2026
#@# MotionCor Tue Mar 10 06:12:30 CET 2026
#@# Talairach Tue Mar 10 06:12:38 CET 2026
#@# Talairach Failure Detection Tue Mar 10 06:17:02 CET 2026
#@# Nu Intensity Correction Tue Mar 10 06:17:02 CET 2026
#@# Intensity Normalization Tue Mar 10 06:20:18 CET 2026
recon-all -s sub-v1s6x0051607_ses-1 finished without error at Tue Mar 10 06:21:53 CET 2026



#New# invocation of recon-all 



status file for recon-all
Tue Mar 10 06:28:41 CET 2026
#@# EM Registration Tue Mar 10 06:28:41 CET 2026
recon-all -s sub-v1s6x0051607_ses-1 finished without error at Tue Mar 10 06:31:08 CET 2026



#New# invocation of recon-all 



status file for recon-all
Tue Mar 10 06:31:10 CET 2026
#@# CA Normalize Tue Mar 10 06:31:10 CET 2026
#@# CA Reg Tue Mar 10 06:32:33 CET 2026
#@# SubCort Seg Tue Mar 10 07:24:19 CET 2026
#@# CC Seg Tue Mar 10 07:53:08 CET 2026
#@# Merge ASeg Tue Mar 10 07:53:57 CET 2026
#@# Intensity Normalization2 Tue Mar 10 07:53:57 CET 2026
#@# Mask BFS Tue Mar 10 07:56:12 CET 2026
#@# WM Segmentation Tue Mar 10 07:56:13 CET 2026
#@# Fill Tue Mar 10 07:58:12 CET 2026
recon-all -s sub-v1s6x0051607_ses-1 finished without error at Tue Mar 10 07:59:13 CET 2026



#New# invocation of recon-all 



status file for recon-all
Tue Mar 10 08:47:53 CET 2026
#@# white curv lh Tue Mar 10 08:47:53 CET 2026
#@# white area lh Tue Mar 10 08:47:53 CET 2026
#@# pial curv lh Tue Mar 10 08:47:53 CET 2026
#@# pial area lh Tue Mar 10 08:47:53 CET 2026
#@# thickness lh Tue Mar 10 08:47:53 CET 2026
#@# area and vertex vol lh Tue Mar 10 08:47:53 CET 2026
#@# white curv rh Tue Mar 10 08:47:54 CET 2026
#@# white area rh Tue Mar 10 08:47:54 CET 2026
#@# pial curv rh Tue Mar 10 08:47:54 CET 2026
#@# pial area rh Tue Mar 10 08:47:54 CET 2026
#@# thickness rh Tue Mar 10 08:47:54 CET 2026
#@# area and vertex vol rh Tue Mar 10 08:47:54 CET 2026
#@# Cortical ribbon mask Tue Mar 10 08:47:54 CET 2026
recon-all -s sub-v1s6x0051607_ses-1 finished without error at Tue Mar 10 08:54:33 CET 2026



#New# invocation of recon-all 



status file for recon-all
Tue Mar 10 09:01:28 CET 2026
#@# white curv lh Tue Mar 10 09:01:28 CET 2026
#@# white area lh Tue Mar 10 09:01:28 CET 2026
#@# pial curv lh Tue Mar 10 09:01:28 CET 2026
#@# pial area lh Tue Mar 10 09:01:28 CET 2026
#@# thickness lh Tue Mar 10 09:01:28 CET 2026
#@# area and vertex vol lh Tue Mar 10 09:01:28 CET 2026
#@# white curv rh Tue Mar 10 09:01:28 CET 2026
#@# white area rh Tue Mar 10 09:01:28 CET 2026
#@# pial curv rh Tue Mar 10 09:01:28 CET 2026
#@# pial area rh Tue Mar 10 09:01:28 CET 2026
#@# thickness rh Tue Mar 10 09:01:28 CET 2026
#@# area and vertex vol rh Tue Mar 10 09:01:28 CET 2026
#@# Curvature Stats lh Tue Mar 10 09:01:28 CET 2026
#@# Curvature Stats rh Tue Mar 10 09:01:31 CET 2026
#@# Relabel Hypointensities Tue Mar 10 09:01:33 CET 2026
#@# APas-to-ASeg Tue Mar 10 09:01:48 CET 2026
#@# AParc-to-ASeg aparc Tue Mar 10 09:01:56 CET 2026
#@# AParc-to-ASeg aparc.a2009s Tue Mar 10 09:02:33 CET 2026
#@# AParc-to-ASeg aparc.DKTatlas Tue Mar 10 09:03:10 CET 2026
#@# WMParc Tue Mar 10 09:03:46 CET 2026
#@# ASeg Stats Tue Mar 10 09:07:14 CET 2026
recon-all -s sub-v1s6x0051607_ses-1 finished without error at Tue Mar 10 09:07:54 CET 2026
