status file for recon-all
Tue Mar 10 07:59:17 CET 2026
#@# Tessellate lh Tue Mar 10 07:59:17 CET 2026
#@# Smooth1 lh Tue Mar 10 07:59:21 CET 2026
#@# Inflation1 lh Tue Mar 10 07:59:24 CET 2026
#@# QSphere lh Tue Mar 10 07:59:40 CET 2026
#@# Fix Topology lh Tue Mar 10 08:01:01 CET 2026
#@# Smooth2 lh Tue Mar 10 08:07:09 CET 2026
#@# Inflation2 lh Tue Mar 10 08:07:12 CET 2026
#@# Curv .H and .K lh Tue Mar 10 08:07:27 CET 2026
#@# Sphere lh Tue Mar 10 08:08:16 CET 2026
#@# Surf Reg lh Tue Mar 10 08:10:58 CET 2026
#@# Jacobian white lh Tue Mar 10 08:15:15 CET 2026
#@# AvgCurv lh Tue Mar 10 08:15:16 CET 2026
#@# Cortical Parc lh Tue Mar 10 08:15:17 CET 2026
#@# white curv lh Tue Mar 10 08:22:05 CET 2026
#@# white area lh Tue Mar 10 08:22:06 CET 2026
#@# pial curv lh Tue Mar 10 08:22:07 CET 2026
#@# pial area lh Tue Mar 10 08:22:09 CET 2026
#@# thickness lh Tue Mar 10 08:22:10 CET 2026
#@# area and vertex vol lh Tue Mar 10 08:22:46 CET 2026
#@# Curvature Stats lh Tue Mar 10 08:22:48 CET 2026
#@# Cortical Parc 2 lh Tue Mar 10 08:22:50 CET 2026
#@# Cortical Parc 3 lh Tue Mar 10 08:23:04 CET 2026
#@# WM/GM Contrast lh Tue Mar 10 08:23:14 CET 2026
recon-all -s sub-v1s6x0051607_ses-1 finished without error at Tue Mar 10 08:23:17 CET 2026



#New# invocation of recon-all 



status file for recon-all
Tue Mar 10 08:54:38 CET 2026
#@# white curv lh Tue Mar 10 08:54:38 CET 2026
#@# white area lh Tue Mar 10 08:54:38 CET 2026
#@# pial curv lh Tue Mar 10 08:54:38 CET 2026
#@# pial area lh Tue Mar 10 08:54:38 CET 2026
#@# thickness lh Tue Mar 10 08:54:38 CET 2026
#@# area and vertex vol lh Tue Mar 10 08:54:38 CET 2026
#@# Parcellation Stats lh Tue Mar 10 08:54:38 CET 2026
#@# Parcellation Stats 2 lh Tue Mar 10 08:54:57 CET 2026
#@# Parcellation Stats 3 lh Tue Mar 10 08:55:07 CET 2026
#@# BA_exvivo Labels lh Tue Mar 10 08:55:17 CET 2026
recon-all -s sub-v1s6x0051607_ses-1 finished without error at Tue Mar 10 08:57:59 CET 2026
