/out/sourcedata/freesurfer/sub-v1s6x0051364_ses-1/mri
/opt/freesurfer/bin/talairach_avi
--i orig_nu.mgz --xfm transforms/talairach.auto.xfm
talairach_avi 7.3.2
Linux dna003 5.14.0-427.37.1.el9_4.x86_64 #1 SMP PREEMPT_DYNAMIC Fri Sep 13 12:41:50 EDT 2024 x86_64 x86_64 x86_64 GNU/Linux
Tue Mar 10 05:40:32 CET 2026
mri_convert orig_nu.mgz talsrcimg.img 
reading from orig_nu.mgz...
TR=0.00, TE=0.00, TI=0.00, flip angle=0.00
i_ras = (-1, 0, 0)
j_ras = (0, 0, -1)
k_ras = (0, 1, 0)
writing to talsrcimg.img...
Analyze Output Matrix
-1.00000   0.00000   0.00000   131.53391;
 0.00000   0.00000   1.00000  -126.64407;
 0.00000  -1.00000   0.00000   115.08475;
 0.00000   0.00000   0.00000   1.00000;
--------------------
INFO: set hdr.hist.orient to -1
mpr2mni305 talsrcimg
Tue Mar 10 05:40:32 CET 2026
/opt/freesurfer/bin/mpr2mni305 talsrcimg
mpr2mni305 7.3.2
target=711-2C_as_mni_average_305

---------------------------------------------------------------------
analyzeto4dfp talsrcimg -O0 -y
---------------------------------------------------------------------

freesurfer ifh2hdr.c
Tue Mar 10 05:40:33 2026
Writing: talsrcimg.4dfp.hdr
freesurfer analyzeto4dfp.c
Reading: talsrcimg.hdr
header size 348 bytes
hdr.dime.datatype	offset=70	value=2
hdr.dime.bitpix		offset=72	value=8
hdr.hist.orient		offset=252	value=-1
dimensionality     4
dimensions       256       256       256         1
Reading: talsrcimg.img
Writing: talsrcimg.4dfp.img
Writing: talsrcimg.4dfp.ifh
ifh2hdr talsrcimg -r0to222
ori=2

---------------------------------------------------------------------
gauss_4dfp talsrcimg 1.1
---------------------------------------------------------------------

freesurfer gauss_4dfp.c
Reading: talsrcimg.4dfp.img
Writing: talsrcimg_g11.4dfp.img
image dimensions 256 256 256 padded to 288 288 288
processing volume 1freesurfer ifh2hdr.c
Tue Mar 10 05:40:34 2026
Writing: talsrcimg_g11.4dfp.hdr

Writing: talsrcimg_g11.4dfp.ifh
including: talsrcimg.4dfp.img.rec in talsrcimg_g11.4dfp.img.rec

---------------------------------------------------------------------
imgreg_4dfp /opt/freesurfer/average/711-2C_as_mni_average_305 none talsrcimg_g11 none talsrcimg_to_711-2C_as_mni_average_305_t4 4355
---------------------------------------------------------------------

freesurfer imgreg_4dfp.c
/opt/freesurfer/average/711-2C_as_mni_average_305.4dfp.img
       256       256       256         1
  1.000000  1.000000  1.000000
orientation T byte_order littleendian
Reading image: /opt/freesurfer/average/711-2C_as_mni_average_305.4dfp.img
dimensions:      256       256       256
mmppix:       1.0000   -1.0000   -1.0000
center:     128.0000 -129.0000 -129.0000
talsrcimg_g11.4dfp.img
       256       256       256         1
  1.000000  1.000000  1.000000
orientation T byte_order littleendian
Reading image: talsrcimg_g11.4dfp.img
dimensions:      256       256       256
mmppix:       1.0000   -1.0000   -1.0000
center:     128.0000 -129.0000 -129.0000
t4_read: open error in t4_sub.f l:  41 t4_file(1:l)talsrcimg_to_711-2C_as_mni_average_305_t4 
t4_read: transform initialized to I4
rotation matrix determinant  1.000000
image alignment mode   4355 decimal     1103 hex
   -7.5000  -45.0000  -45.0000 7685.5342   14.1518
    0.0000  -45.0000  -45.0000 7977.2754   14.1598
    7.5000  -45.0000  -45.0000 7579.1099   14.1555
   -7.5000  -37.5000  -45.0000 8247.3320   13.8638
    0.0000  -37.5000  -45.0000 8557.4180   13.8696
    7.5000  -37.5000  -45.0000 8130.2896   13.8590
   -7.5000  -30.0000  -45.0000 9141.8555   13.6764
    0.0000  -30.0000  -45.0000 9478.9209   13.6854
    7.5000  -30.0000  -45.0000 9003.1318   13.6700
   -7.5000  -22.5000  -45.000010126.0977   13.6245
    0.0000  -22.5000  -45.000010483.8984   13.6393
    7.5000  -22.5000  -45.0000 9945.9893   13.6260
   -7.5000  -15.0000  -45.000011074.7295   13.5865
    0.0000  -15.0000  -45.000011453.4336   13.6048
    7.5000  -15.0000  -45.000010855.8311   13.5983
   -7.5000   -7.5000  -45.000011986.3389   13.5592
    0.0000   -7.5000  -45.000012381.2480   13.5740
    7.5000   -7.5000  -45.000011716.2402   13.5709
   -7.5000    0.0000  -45.000012810.6631   13.5489
    0.0000    0.0000  -45.000013244.3086   13.5571
    7.5000    0.0000  -45.000012525.7549   13.5521
   -7.5000    7.5000  -45.000012639.0371   13.5515
    0.0000    7.5000  -45.000013103.2061   13.5577
    7.5000    7.5000  -45.000012365.8691   13.5469
   -7.5000   15.0000  -45.000012200.0752   13.5636
    0.0000   15.0000  -45.000012658.9941   13.5730
    7.5000   15.0000  -45.000011922.3027   13.5570
   -7.5000   22.5000  -45.000011664.8525   13.5703
    0.0000   22.5000  -45.000012083.9883   13.5851
    7.5000   22.5000  -45.000011391.9990   13.5713
   -7.5000   30.0000  -45.000011112.6992   13.3884
    0.0000   30.0000  -45.000011514.7725   13.4064
    7.5000   30.0000  -45.000010844.0322   13.3998
   -7.5000   37.5000  -45.000010872.7041   13.3772
    0.0000   37.5000  -45.000011280.2568   13.3918
    7.5000   37.5000  -45.000010619.3945   13.3887
   -7.5000   45.0000  -45.000010043.6162   13.0289
    0.0000   45.0000  -45.000010432.6602   13.0367
    7.5000   45.0000  -45.0000 9829.0449   13.0319
   -7.5000  -45.0000  -37.5000 8067.6152   14.1264
    0.0000  -45.0000  -37.5000 8351.0068   14.1312
    7.5000  -45.0000  -37.5000 7944.2295   14.1297
   -7.5000  -37.5000  -37.5000 8688.0967   13.8462
    0.0000  -37.5000  -37.5000 8973.6621   13.8480
    7.5000  -37.5000  -37.5000 8543.1592   13.8380
   -7.5000  -30.0000  -37.5000 9652.0156   13.6633
    0.0000  -30.0000  -37.5000 9972.8975   13.6675
    7.5000  -30.0000  -37.5000 9480.6289   13.6524
   -7.5000  -22.5000  -37.500010649.7295   13.6092
    0.0000  -22.5000  -37.500011019.6484   13.6189
    7.5000  -22.5000  -37.500010480.4209   13.6074
   -7.5000  -15.0000  -37.500011674.0361   13.5656
    0.0000  -15.0000  -37.500012083.5654   13.5793
    7.5000  -15.0000  -37.500011453.3213   13.5766
   -7.5000   -7.5000  -37.500012618.0938   13.5350
    0.0000   -7.5000  -37.500013054.6104   13.5463
    7.5000   -7.5000  -37.500012342.5000   13.5474
   -7.5000    0.0000  -37.500013514.9541   13.5263
    0.0000    0.0000  -37.500013965.2314   13.5316
    7.5000    0.0000  -37.500013182.2441   13.5291
   -7.5000    7.5000  -37.500013320.4834   13.5349
    0.0000    7.5000  -37.500013772.7080   13.5373
    7.5000    7.5000  -37.500012982.0908   13.5271
   -7.5000   15.0000  -37.500012858.3662   13.5509
    0.0000   15.0000  -37.500013308.8936   13.5555
    7.5000   15.0000  -37.500012526.3389   13.5398
   -7.5000   22.5000  -37.500012254.2334   13.5551
    0.0000   22.5000  -37.500012691.0576   13.5648
    7.5000   22.5000  -37.500011930.2637   13.5529
   -7.5000   30.0000  -37.500011674.8936   13.3680
    0.0000   30.0000  -37.500012099.3428   13.3814
    7.5000   30.0000  -37.500011351.8682   13.3786
   -7.5000   37.5000  -37.500011414.8809   13.3533
    0.0000   37.5000  -37.500011865.5312   13.3645
    7.5000   37.5000  -37.500011143.2812   13.3656
   -7.5000   45.0000  -37.500010553.6143   13.0072
    0.0000   45.0000  -37.500010994.4346   13.0122
    7.5000   45.0000  -37.500010319.3623   13.0099
   -7.5000  -45.0000  -30.0000 8570.0039   14.7266
    0.0000  -45.0000  -30.0000 8863.9922   14.7337
    7.5000  -45.0000  -30.0000 8438.0801   14.7379
   -7.5000  -37.5000  -30.0000 9256.1387   14.4416
    0.0000  -37.5000  -30.0000 9552.2617   14.4456
    7.5000  -37.5000  -30.0000 9097.1797   14.4394
   -7.5000  -30.0000  -30.000010303.2373   14.2551
    0.0000  -30.0000  -30.000010633.8496   14.2606
    7.5000  -30.0000  -30.000010105.0381   14.2473
   -7.5000  -22.5000  -30.000011345.8975   14.1964
    0.0000  -22.5000  -30.000011737.0000   14.2055
    7.5000  -22.5000  -30.000011164.1172   14.1953
   -7.5000  -15.0000  -30.000012433.8252   14.1450
    0.0000  -15.0000  -30.000012855.3877   14.1580
    7.5000  -15.0000  -30.000012190.4932   14.1579
   -7.5000   -7.5000  -30.000013450.2354   14.1088
    0.0000   -7.5000  -30.000013893.4160   14.1211
    7.5000   -7.5000  -30.000013131.3213   14.1270
   -7.5000    0.0000  -30.000014401.1963   14.1012
    0.0000    0.0000  -30.000014862.8770   14.1086
    7.5000    0.0000  -30.000014000.0781   14.1112
   -7.5000    7.5000  -30.000014208.4287   14.1167
    0.0000    7.5000  -30.000014668.3467   14.1215
    7.5000    7.5000  -30.000013788.9531   14.1147
   -7.5000   15.0000  -30.000013745.8145   14.1379
    0.0000   15.0000  -30.000014202.4033   14.1438
    7.5000   15.0000  -30.000013336.9824   14.1299
   -7.5000   22.5000  -30.000013087.9551   14.1383
    0.0000   22.5000  -30.000013548.1816   14.1475
    7.5000   22.5000  -30.000012702.3682   14.1369
   -7.5000   30.0000  -30.000012412.3262   13.9402
    0.0000   30.0000  -30.000012886.2295   13.9529
    7.5000   30.0000  -30.000012074.8828   13.9527
   -7.5000   37.5000  -30.000012147.4336   13.9208
    0.0000   37.5000  -30.000012639.3301   13.9328
    7.5000   37.5000  -30.000011860.0361   13.9386
   -7.5000   45.0000  -30.000011233.1807   13.5699
    0.0000   45.0000  -30.000011714.1992   13.5771
    7.5000   45.0000  -30.000011008.0000   13.5795
   -7.5000  -45.0000  -22.5000 9065.3623   15.2329
    0.0000  -45.0000  -22.5000 9374.2520   15.2467
    7.5000  -45.0000  -22.5000 8944.4570   15.2542
   -7.5000  -37.5000  -22.5000 9813.2803   14.9363
    0.0000  -37.5000  -22.500010137.4805   14.9475
    7.5000  -37.5000  -22.5000 9655.8359   14.9447
   -7.5000  -30.0000  -22.500010917.9502   14.7425
    0.0000  -30.0000  -22.500011299.3105   14.7546
    7.5000  -30.0000  -22.500010733.3418   14.7426
   -7.5000  -22.5000  -22.500012019.2344   14.6828
    0.0000  -22.5000  -22.500012462.1670   14.6970
    7.5000  -22.5000  -22.500011829.4688   14.6853
   -7.5000  -15.0000  -22.500013153.4512   14.6313
    0.0000  -15.0000  -22.500013633.2969   14.6489
    7.5000  -15.0000  -22.500012896.9717   14.6471
   -7.5000   -7.5000  -22.500014274.8281   14.5944
    0.0000   -7.5000  -22.500014777.5830   14.6121
    7.5000   -7.5000  -22.500013921.4209   14.6185
   -7.5000    0.0000  -22.500015294.5264   14.5855
    0.0000    0.0000  -22.500015799.4434   14.5993
    7.5000    0.0000  -22.500014844.0176   14.6048
   -7.5000    7.5000  -22.500015086.7021   14.6001
    0.0000    7.5000  -22.500015585.5859   14.6119
    7.5000    7.5000  -22.500014637.0596   14.6085
   -7.5000   15.0000  -22.500014605.9766   14.6213
    0.0000   15.0000  -22.500015092.6875   14.6336
    7.5000   15.0000  -22.500014188.6689   14.6209
   -7.5000   22.5000  -22.500013907.7422   14.6217
    0.0000   22.5000  -22.500014396.8652   14.6360
    7.5000   22.5000  -22.500013510.2695   14.6238
   -7.5000   30.0000  -22.500013155.1553   14.4216
    0.0000   30.0000  -22.500013653.6436   14.4389
    7.5000   30.0000  -22.500012835.8320   14.4369
   -7.5000   37.5000  -22.500012847.3154   14.4021
    0.0000   37.5000  -22.500013368.1357   14.4195
    7.5000   37.5000  -22.500012576.0986   14.4258
   -7.5000   45.0000  -22.500011911.3311   14.0466
    0.0000   45.0000  -22.500012417.5801   14.0598
    7.5000   45.0000  -22.500011687.2275   14.0651
   -7.5000  -45.0000  -15.0000 9551.5107   15.5926
    0.0000  -45.0000  -15.0000 9877.7100   15.6113
    7.5000  -45.0000  -15.0000 9418.8564   15.6173
   -7.5000  -37.5000  -15.000010325.8672   15.2804
    0.0000  -37.5000  -15.000010694.1455   15.2973
    7.5000  -37.5000  -15.000010161.4541   15.2949
   -7.5000  -30.0000  -15.000011497.9941   15.0778
    0.0000  -30.0000  -15.000011918.4131   15.0956
    7.5000  -30.0000  -15.000011310.0498   15.0839
   -7.5000  -22.5000  -15.000012660.6582   15.0202
    0.0000  -22.5000  -15.000013144.2139   15.0401
    7.5000  -22.5000  -15.000012471.8213   15.0264
   -7.5000  -15.0000  -15.000013824.5898   14.9746
    0.0000  -15.0000  -15.000014358.2686   14.9976
    7.5000  -15.0000  -15.000013584.2627   14.9921
   -7.5000   -7.5000  -15.000015052.9648   14.9410
    0.0000   -7.5000  -15.000015632.8379   14.9632
    7.5000   -7.5000  -15.000014710.0391   14.9664
   -7.5000    0.0000  -15.000016155.8643   14.9294
    0.0000    0.0000  -15.000016737.6699   14.9476
    7.5000    0.0000  -15.000015736.4033   14.9519
   -7.5000    7.5000  -15.000015941.0049   14.9366
    0.0000    7.5000  -15.000016484.8887   14.9537
    7.5000    7.5000  -15.000015558.7070   14.9507
   -7.5000   15.0000  -15.000015408.7637   14.9539
    0.0000   15.0000  -15.000015933.1230   14.9719
    7.5000   15.0000  -15.000015059.1680   14.9594
   -7.5000   22.5000  -15.000014683.1484   14.9572
    0.0000   22.5000  -15.000015214.4746   14.9770
    7.5000   22.5000  -15.000014340.4980   14.9629
   -7.5000   30.0000  -15.000013884.0088   14.7620
    0.0000   30.0000  -15.000014424.2490   14.7846
    7.5000   30.0000  -15.000013594.6016   14.7790
   -7.5000   37.5000  -15.000013530.1406   14.7461
    0.0000   37.5000  -15.000014091.2490   14.7680
    7.5000   37.5000  -15.000013265.6875   14.7711
   -7.5000   45.0000  -15.000012580.8779   14.3864
    0.0000   45.0000  -15.000013146.1592   14.4040
    7.5000   45.0000  -15.000012362.3994   14.4081
   -7.5000  -45.0000   -7.500010045.5674   15.7669
    0.0000  -45.0000   -7.500010413.1895   15.7830
    7.5000  -45.0000   -7.5000 9901.0117   15.7828
   -7.5000  -37.5000   -7.500010840.2451   15.4450
    0.0000  -37.5000   -7.500011268.7705   15.4594
    7.5000  -37.5000   -7.500010671.7598   15.4527
   -7.5000  -30.0000   -7.500012051.8809   15.2366
    0.0000  -30.0000   -7.500012533.5449   15.2535
    7.5000  -30.0000   -7.500011842.4082   15.2396
   -7.5000  -22.5000   -7.500013285.3379   15.1804
    0.0000  -22.5000   -7.500013817.1875   15.2016
    7.5000  -22.5000   -7.500013062.2959   15.1870
   -7.5000  -15.0000   -7.500014501.7539   15.1396
    0.0000  -15.0000   -7.500015084.6016   15.1641
    7.5000  -15.0000   -7.500014257.0869   15.1564
   -7.5000   -7.5000   -7.500015850.2217   15.1093
    0.0000   -7.5000   -7.500016487.2031   15.1308
    7.5000   -7.5000   -7.500015509.9199   15.1292
   -7.5000    0.0000   -7.500017064.1035   15.0963
    0.0000    0.0000   -7.500017731.2227   15.1121
    7.5000    0.0000   -7.500016693.2871   15.1107
   -7.5000    7.5000   -7.500016905.3672   15.0978
    0.0000    7.5000   -7.500017548.2363   15.1124
    7.5000    7.5000   -7.500016608.3066   15.1052
   -7.5000   15.0000   -7.500016294.2822   15.1113
    0.0000   15.0000   -7.500016924.4902   15.1285
    7.5000   15.0000   -7.500016058.8594   15.1138
   -7.5000   22.5000   -7.500015518.2422   15.1152
    0.0000   22.5000   -7.500016175.0645   15.1364
    7.5000   22.5000   -7.500015254.2207   15.1213
   -7.5000   30.0000   -7.500014669.3848   14.9243
    0.0000   30.0000   -7.500015316.3154   14.9483
    7.5000   30.0000   -7.500014367.1973   14.9406
   -7.5000   37.5000   -7.500014327.8643   14.9119
    0.0000   37.5000   -7.500014956.8281   14.9330
    7.5000   37.5000   -7.500013957.7256   14.9315
   -7.5000   45.0000   -7.500013343.5615   14.5500
    0.0000   45.0000   -7.500013932.8359   14.5652
    7.5000   45.0000   -7.500012999.7861   14.5639
   -7.5000  -45.0000    0.000010432.7441   15.7986
    0.0000  -45.0000    0.000010811.2842   15.8079
    7.5000  -45.0000    0.000010278.4639   15.8032
   -7.5000  -37.5000    0.000011269.4082   15.4771
    0.0000  -37.5000    0.000011680.0498   15.4839
    7.5000  -37.5000    0.000011082.7256   15.4721
   -7.5000  -30.0000    0.000012531.0645   15.2681
    0.0000  -30.0000    0.000013002.5312   15.2785
    7.5000  -30.0000    0.000012320.9092   15.2614
   -7.5000  -22.5000    0.000013817.7354   15.2108
    0.0000  -22.5000    0.000014360.9727   15.2276
    7.5000  -22.5000    0.000013609.5273   15.2129
   -7.5000  -15.0000    0.000015053.5068   15.1691
    0.0000  -15.0000    0.000015679.3574   15.1900
    7.5000  -15.0000    0.000014875.3896   15.1829
   -7.5000   -7.5000    0.000016467.0098   15.1390
    0.0000   -7.5000    0.000017197.9297   15.1559
    7.5000   -7.5000    0.000016208.1689   15.1526
   -7.5000    0.0000    0.000017939.4746   15.1271
    0.0000    0.0000    0.000018753.2793   15.1366
    7.5000    0.0000    0.000017503.6953   15.1310
   -7.5000    7.5000    0.000018055.9590   15.1293
    0.0000    7.5000    0.000018861.7910   15.1366
    7.5000    7.5000    0.000017523.7559   15.1245
   -7.5000   15.0000    0.000017475.0957   15.1425
    0.0000   15.0000    0.000018141.4785   15.1533
    7.5000   15.0000    0.000016954.8008   15.1355
   -7.5000   22.5000    0.000016523.4297   15.1455
    0.0000   22.5000    0.000017137.8281   15.1623
    7.5000   22.5000    0.000016008.1650   15.1471
   -7.5000   30.0000    0.000015496.3291   14.9538
    0.0000   30.0000    0.000016063.1016   14.9743
    7.5000   30.0000    0.000014962.1533   14.9672
   -7.5000   37.5000    0.000015041.3359   14.9416
    0.0000   37.5000    0.000015597.6689   14.9583
    7.5000   37.5000    0.000014494.2314   14.9550
   -7.5000   45.0000    0.000013982.8232   14.5808
    0.0000   45.0000    0.000014497.9326   14.5899
    7.5000   45.0000    0.000013477.9561   14.5846
   -7.5000  -45.0000    7.500010028.6143   15.8073
    0.0000  -45.0000    7.500010392.9902   15.8127
    7.5000  -45.0000    7.5000 9882.2344   15.8111
   -7.5000  -37.5000    7.500010785.5000   15.4938
    0.0000  -37.5000    7.500011206.7617   15.4959
    7.5000  -37.5000    7.500010662.6885   15.4847
   -7.5000  -30.0000    7.500011985.9551   15.2892
    0.0000  -30.0000    7.500012506.6533   15.2940
    7.5000  -30.0000    7.500011871.3096   15.2771
   -7.5000  -22.5000    7.500013294.8574   15.2286
    0.0000  -22.5000    7.500013899.0508   15.2396
    7.5000  -22.5000    7.500013134.2383   15.2267
   -7.5000  -15.0000    7.500014579.5693   15.1799
    0.0000  -15.0000    7.500015234.3838   15.1952
    7.5000  -15.0000    7.500014344.7939   15.1922
   -7.5000   -7.5000    7.500015990.5801   15.1455
    0.0000   -7.5000    7.500016671.3770   15.1583
    7.5000   -7.5000    7.500015534.7695   15.1595
   -7.5000    0.0000    7.500017541.1543   15.1359
    0.0000    0.0000    7.500018202.7480   15.1418
    7.5000    0.0000    7.500016688.4922   15.1390
   -7.5000    7.5000    7.500017695.2637   15.1455
    0.0000    7.5000    7.500018233.9492   15.1483
    7.5000    7.5000    7.500016657.3730   15.1369
   -7.5000   15.0000    7.500017100.6680   15.1634
    0.0000   15.0000    7.500017541.9160   15.1687
    7.5000   15.0000    7.500016160.8643   15.1511
   -7.5000   22.5000    7.500016148.8906   15.1632
    0.0000   22.5000    7.500016605.1660   15.1741
    7.5000   22.5000    7.500015357.0391   15.1608
   -7.5000   30.0000    7.500015100.4912   14.9645
    0.0000   30.0000    7.500015552.2471   14.9796
    7.5000   30.0000    7.500014401.1504   14.9764
   -7.5000   37.5000    7.500014543.3379   14.9481
    0.0000   37.5000    7.500015015.4473   14.9606
    7.5000   37.5000    7.500013937.3018   14.9618
   -7.5000   45.0000    7.500013453.9014   14.5893
    0.0000   45.0000    7.500013899.8965   14.5949
    7.5000   45.0000    7.500012931.0967   14.5923
   -7.5000  -45.0000   15.0000 9539.5498   15.8316
    0.0000  -45.0000   15.0000 9889.8467   15.8392
    7.5000  -45.0000   15.0000 9380.7031   15.8436
   -7.5000  -37.5000   15.000010311.2080   15.5251
    0.0000  -37.5000   15.000010694.2217   15.5293
    7.5000  -37.5000   15.000010125.4199   15.5225
   -7.5000  -30.0000   15.000011500.9043   15.3243
    0.0000  -30.0000   15.000011950.7158   15.3302
    7.5000  -30.0000   15.000011289.5244   15.3158
   -7.5000  -22.5000   15.000012790.2803   15.2610
    0.0000  -22.5000   15.000013304.7822   15.2708
    7.5000  -22.5000   15.000012473.8438   15.2597
   -7.5000  -15.0000   15.000013989.4219   15.2056
    0.0000  -15.0000   15.000014546.2900   15.2195
    7.5000  -15.0000   15.000013592.7031   15.2194
   -7.5000   -7.5000   15.000015194.9648   15.1666
    0.0000   -7.5000   15.000015769.0547   15.1798
    7.5000   -7.5000   15.000014667.9619   15.1860
   -7.5000    0.0000   15.000016463.5469   15.1585
    0.0000    0.0000   15.000017016.1953   15.1665
    7.5000    0.0000   15.000015727.3789   15.1691
   -7.5000    7.5000   15.000016392.2207   15.1754
    0.0000    7.5000   15.000016833.4590   15.1804
    7.5000    7.5000   15.000015617.1357   15.1731
   -7.5000   15.0000   15.000015883.1104   15.1982
    0.0000   15.0000   15.000016279.1113   15.2045
    7.5000   15.0000   15.000015177.0078   15.1894
   -7.5000   22.5000   15.000015152.6445   15.1952
    0.0000   22.5000   15.000015586.3945   15.2051
    7.5000   22.5000   15.000014510.3809   15.1935
   -7.5000   30.0000   15.000014288.2676   14.9899
    0.0000   30.0000   15.000014741.9111   15.0035
    7.5000   30.0000   15.000013708.7256   15.0031
   -7.5000   37.5000   15.000013781.5996   14.9689
    0.0000   37.5000   15.000014264.1748   14.9818
    7.5000   37.5000   15.000013289.2988   14.9880
   -7.5000   45.0000   15.000012745.5469   14.6111
    0.0000   45.0000   15.000013198.5889   14.6187
    7.5000   45.0000   15.000012294.8887   14.6213
   -7.5000  -45.0000   22.5000 9012.0918   15.9108
    0.0000  -45.0000   22.5000 9299.4912   15.9249
    7.5000  -45.0000   22.5000 8765.0459   15.9322
   -7.5000  -37.5000   22.5000 9743.7334   15.5989
    0.0000  -37.5000   22.500010061.1670   15.6103
    7.5000  -37.5000   22.5000 9462.9424   15.6068
   -7.5000  -30.0000   22.500010828.3477   15.3947
    0.0000  -30.0000   22.500011201.6406   15.4069
    7.5000  -30.0000   22.500010534.2734   15.3939
   -7.5000  -22.5000   22.500011941.0312   15.3315
    0.0000  -22.5000   22.500012377.5615   15.3460
    7.5000  -22.5000   22.500011633.8623   15.3332
   -7.5000  -15.0000   22.500012978.0625   15.2775
    0.0000  -15.0000   22.500013479.7383   15.2956
    7.5000  -15.0000   22.500012686.8984   15.2932
   -7.5000   -7.5000   22.500014062.8486   15.2394
    0.0000   -7.5000   22.500014611.7852   15.2577
    7.5000   -7.5000   22.500013716.4131   15.2638
   -7.5000    0.0000   22.500015121.7949   15.2306
    0.0000    0.0000   22.500015681.7900   15.2447
    7.5000    0.0000   22.500014692.7119   15.2500
   -7.5000    7.5000   22.500014949.7578   15.2457
    0.0000    7.5000   22.500015454.5537   15.2577
    7.5000    7.5000   22.500014563.5371   15.2536
   -7.5000   15.0000   22.500014527.2178   15.2674
    0.0000   15.0000   22.500015016.8828   15.2799
    7.5000   15.0000   22.500014178.4619   15.2661
   -7.5000   22.5000   22.500013949.8330   15.2651
    0.0000   22.5000   22.500014452.2959   15.2796
    7.5000   22.5000   22.500013601.8379   15.2663
   -7.5000   30.0000   22.500013227.1621   15.0606
    0.0000   30.0000   22.500013726.0576   15.0784
    7.5000   30.0000   22.500012899.2734   15.0757
   -7.5000   37.5000   22.500012792.9932   15.0407
    0.0000   37.5000   22.500013296.7666   15.0586
    7.5000   37.5000   22.500012473.1338   15.0647
   -7.5000   45.0000   22.500011846.6084   14.6805
    0.0000   45.0000   22.500012315.9365   14.6941
    7.5000   45.0000   22.500011530.2461   14.6992
   -7.5000  -45.0000   30.0000 8300.0029   16.1980
    0.0000  -45.0000   30.0000 8586.2207   16.2176
    7.5000  -45.0000   30.0000 8066.7876   16.2237
   -7.5000  -37.5000   30.0000 8968.5967   15.8648
    0.0000  -37.5000   30.0000 9279.7295   15.8825
    7.5000  -37.5000   30.0000 8743.7334   15.8797
   -7.5000  -30.0000   30.0000 9970.5332   15.6487
    0.0000  -30.0000   30.000010332.9922   15.6674
    7.5000  -30.0000   30.0000 9765.1006   15.6548
   -7.5000  -22.5000   30.000010993.1855   15.5878
    0.0000  -22.5000   30.000011416.6865   15.6087
    7.5000  -22.5000   30.000010802.5059   15.5939
   -7.5000  -15.0000   30.000011949.2939   15.5403
    0.0000  -15.0000   30.000012436.3506   15.5645
    7.5000  -15.0000   30.000011779.4209   15.5582
   -7.5000   -7.5000   30.000012951.7314   15.5053
    0.0000   -7.5000   30.000013499.8789   15.5286
    7.5000   -7.5000   30.000012775.7910   15.5315
   -7.5000    0.0000   30.000013891.4639   15.4928
    0.0000    0.0000   30.000014446.4775   15.5119
    7.5000    0.0000   30.000013701.2344   15.5161
   -7.5000    7.5000   30.000013694.2256   15.4994
    0.0000    7.5000   30.000014200.4316   15.5174
    7.5000    7.5000   30.000013529.8027   15.5140
   -7.5000   15.0000   30.000013301.0938   15.5170
    0.0000   15.0000   30.000013793.1992   15.5359
    7.5000   15.0000   30.000013166.5742   15.5225
   -7.5000   22.5000   30.000012806.5068   15.5193
    0.0000   22.5000   30.000013297.7686   15.5402
    7.5000   22.5000   30.000012641.7217   15.5248
   -7.5000   30.0000   30.000012203.6777   15.3192
    0.0000   30.0000   30.000012676.2783   15.3430
    7.5000   30.0000   30.000012019.7803   15.3365
   -7.5000   37.5000   30.000011819.5527   15.3030
    0.0000   37.5000   30.000012308.9932   15.3260
    7.5000   37.5000   30.000011627.7607   15.3288
   -7.5000   45.0000   30.000010960.1006   14.9332
    0.0000   45.0000   30.000011410.5088   14.9517
    7.5000   45.0000   30.000010759.2246   14.9557
   -7.5000  -45.0000   37.5000 7885.8960   16.6529
    0.0000  -45.0000   37.5000 8170.8828   16.6685
    7.5000  -45.0000   37.5000 7726.4775   16.6654
   -7.5000  -37.5000   37.5000 8545.8311   16.2945
    0.0000  -37.5000   37.5000 8858.5967   16.3084
    7.5000  -37.5000   37.5000 8398.3740   16.2985
   -7.5000  -30.0000   37.5000 9489.7188   16.0630
    0.0000  -30.0000   37.5000 9871.3906   16.0798
    7.5000  -30.0000   37.5000 9373.4902   16.0625
   -7.5000  -22.5000   37.500010481.4951   16.0016
    0.0000  -22.5000   37.500010919.7832   16.0230
    7.5000  -22.5000   37.500010367.5098   16.0049
   -7.5000  -15.0000   37.500011451.7305   15.9573
    0.0000  -15.0000   37.500011942.5439   15.9820
    7.5000  -15.0000   37.500011339.6348   15.9713
   -7.5000   -7.5000   37.500012443.8262   15.9237
    0.0000   -7.5000   37.500012974.3994   15.9452
    7.5000   -7.5000   37.500012307.9229   15.9409
   -7.5000    0.0000   37.500013301.3857   15.9085
    0.0000    0.0000   37.500013828.8057   15.9239
    7.5000    0.0000   37.500013162.6279   15.9197
   -7.5000    7.5000   37.500013068.1475   15.9092
    0.0000    7.5000   37.500013578.0439   15.9234
    7.5000    7.5000   37.500012968.4326   15.9132
   -7.5000   15.0000   37.500012693.9844   15.9241
    0.0000   15.0000   37.500013185.3682   15.9412
    7.5000   15.0000   37.500012606.7471   15.9231
   -7.5000   22.5000   37.500012231.3506   15.9297
    0.0000   22.5000   37.500012715.5967   15.9510
    7.5000   22.5000   37.500012124.8613   15.9325
   -7.5000   30.0000   37.500011672.4082   15.7297
    0.0000   30.0000   37.500012142.3711   15.7539
    7.5000   30.0000   37.500011551.9717   15.7432
   -7.5000   37.5000   37.500011340.6328   15.7159
    0.0000   37.5000   37.500011823.3994   15.7371
    7.5000   37.5000   37.500011194.5127   15.7328
   -7.5000   45.0000   37.500010530.6045   15.3340
    0.0000   45.0000   37.500010972.9580   15.3488
    7.5000   45.0000   37.500010367.2910   15.3448
   -7.5000  -45.0000   45.0000 7230.9014   17.2070
    0.0000  -45.0000   45.0000 7500.1914   17.2129
    7.5000  -45.0000   45.0000 7112.9019   17.1998
   -7.5000  -37.5000   45.0000 7850.8618   16.8264
    0.0000  -37.5000   45.0000 8139.7417   16.8299
    7.5000  -37.5000   45.0000 7735.8594   16.8096
   -7.5000  -30.0000   45.0000 8720.2451   16.5788
    0.0000  -30.0000   45.0000 9069.8486   16.5868
    7.5000  -30.0000   45.0000 8612.9902   16.5616
   -7.5000  -22.5000   45.0000 9647.4902   16.5125
    0.0000  -22.5000   45.000010039.2568   16.5278
    7.5000  -22.5000   45.0000 9550.8506   16.5058
   -7.5000  -15.0000   45.000010543.8320   16.4636
    0.0000  -15.0000   45.000010992.2285   16.4833
    7.5000  -15.0000   45.000010468.1182   16.4697
   -7.5000   -7.5000   45.000011459.3184   16.4265
    0.0000   -7.5000   45.000011928.5312   16.4414
    7.5000   -7.5000   45.000011352.7061   16.4312
   -7.5000    0.0000   45.000012231.3291   16.4110
    0.0000    0.0000   45.000012691.6445   16.4175
    7.5000    0.0000   45.000012097.8271   16.4041
   -7.5000    7.5000   45.000012026.5518   16.4135
    0.0000    7.5000   45.000012483.7949   16.4176
    7.5000    7.5000   45.000011912.1523   16.3974
   -7.5000   15.0000   45.000011687.1445   16.4299
    0.0000   15.0000   45.000012131.2959   16.4383
    7.5000   15.0000   45.000011581.5371   16.4125
   -7.5000   22.5000   45.000011266.9727   16.4357
    0.0000   22.5000   45.000011710.6631   16.4510
    7.5000   22.5000   45.000011160.1982   16.4286
   -7.5000   30.0000   45.000010764.0781   16.2266
    0.0000   30.0000   45.000011202.7500   16.2459
    7.5000   30.0000   45.000010655.3760   16.2324
   -7.5000   37.5000   45.000010479.1895   16.2107
    0.0000   37.5000   45.000010931.0225   16.2254
    7.5000   37.5000   45.000010351.1504   16.2153
   -7.5000   45.0000   45.0000 9721.2266   15.8255
    0.0000   45.0000   45.000010126.2715   15.8317
    7.5000   45.0000   45.0000 9559.2480   15.8189

---------------------------------------------------------------------
imgreg_4dfp /opt/freesurfer/average/711-2C_as_mni_average_305 /opt/freesurfer/average/711-2B_as_mni_average_305_mask talsrcimg_g11 none talsrcimg_to_711-2C_as_mni_average_305_t4 4355
---------------------------------------------------------------------

freesurfer imgreg_4dfp.c
/opt/freesurfer/average/711-2C_as_mni_average_305.4dfp.img
       256       256       256         1
  1.000000  1.000000  1.000000
orientation T byte_order littleendian
Reading image: /opt/freesurfer/average/711-2C_as_mni_average_305.4dfp.img
dimensions:      256       256       256
mmppix:       1.0000   -1.0000   -1.0000
center:     128.0000 -129.0000 -129.0000
/opt/freesurfer/average/711-2B_as_mni_average_305_mask.4dfp.img
       256       256       256         1
  1.000000  1.000000  1.000000
orientation T byte_order littleendian
Reading mask: /opt/freesurfer/average/711-2B_as_mni_average_305_mask.4dfp.img (2306576 pixels)
talsrcimg_g11.4dfp.img
       256       256       256         1
  1.000000  1.000000  1.000000
orientation T byte_order littleendian
Reading image: talsrcimg_g11.4dfp.img
dimensions:      256       256       256
mmppix:       1.0000   -1.0000   -1.0000
center:     128.0000 -129.0000 -129.0000
rotation matrix determinant  1.000000
image alignment mode   4355 decimal     1103 hex
   -7.5000  -37.5000  -45.0000 2225.6611   16.6100
    0.0000  -37.5000  -45.0000 2230.0859   16.5386
    7.5000  -37.5000  -45.0000 2209.5242   16.6932
   -7.5000  -30.0000  -45.0000 2313.9556   15.2229
    0.0000  -30.0000  -45.0000 2317.1233   15.1395
    7.5000  -30.0000  -45.0000 2296.8457   15.2699
   -7.5000  -22.5000  -45.0000 2393.3406   14.1977
    0.0000  -22.5000  -45.0000 2395.3611   14.1297
    7.5000  -22.5000  -45.0000 2372.5601   14.2718
   -7.5000  -15.0000  -45.0000 2444.2361   13.4649
    0.0000  -15.0000  -45.0000 2443.6333   13.4324
    7.5000  -15.0000  -45.0000 2419.8669   13.5858
   -7.5000   -7.5000  -45.0000 2482.4795   13.0503
    0.0000   -7.5000  -45.0000 2475.6970   13.0267
    7.5000   -7.5000  -45.0000 2449.0828   13.1979
   -7.5000    0.0000  -45.0000 2495.5525   12.8568
    0.0000    0.0000  -45.0000 2495.1633   12.8514
    7.5000    0.0000  -45.0000 2463.8264   13.0207
   -7.5000    7.5000  -45.0000 2498.2729   12.8385
    0.0000    7.5000  -45.0000 2502.9226   12.8408
    7.5000    7.5000  -45.0000 2473.2351   13.0214
   -7.5000   15.0000  -45.0000 2496.8909   13.0342
    0.0000   15.0000  -45.0000 2504.1204   13.0488
    7.5000   15.0000  -45.0000 2470.9983   13.2429
   -7.5000   22.5000  -45.0000 2481.3047   13.4596
    0.0000   22.5000  -45.0000 2490.1274   13.4796
    7.5000   22.5000  -45.0000 2456.2378   13.6794
   -7.5000   30.0000  -45.0000 2448.1914   14.0501
    0.0000   30.0000  -45.0000 2455.0369   14.0519
    7.5000   30.0000  -45.0000 2422.0796   14.2762
   -7.5000   37.5000  -45.0000 2395.3325   14.8006
    0.0000   37.5000  -45.0000 2402.0601   14.7808
    7.5000   37.5000  -45.0000 2374.8062   15.0527
   -7.5000   45.0000  -45.0000 2324.9104   15.8406
    0.0000   45.0000  -45.0000 2329.6108   15.7980
    7.5000   45.0000  -45.0000 2301.6123   16.0819
   -7.5000   52.5000  -45.0000 2212.0762   17.1542
    0.0000   52.5000  -45.0000 2217.0620   17.0851
    7.5000   52.5000  -45.0000 2189.9697   17.3829
   -7.5000  -37.5000  -37.5000 2303.9336   15.7715
    0.0000  -37.5000  -37.5000 2296.9658   15.6919
    7.5000  -37.5000  -37.5000 2268.0422   15.8567
   -7.5000  -30.0000  -37.5000 2400.7007   14.4381
    0.0000  -30.0000  -37.5000 2393.1116   14.3633
    7.5000  -30.0000  -37.5000 2364.5566   14.4881
   -7.5000  -22.5000  -37.5000 2477.6721   13.3940
    0.0000  -22.5000  -37.5000 2473.0774   13.3423
    7.5000  -22.5000  -37.5000 2444.8723   13.4654
   -7.5000  -15.0000  -37.5000 2542.7383   12.6543
    0.0000  -15.0000  -37.5000 2536.2585   12.6037
    7.5000  -15.0000  -37.5000 2503.7112   12.7443
   -7.5000   -7.5000  -37.5000 2570.6367   12.2212
    0.0000   -7.5000  -37.5000 2567.8457   12.1891
    7.5000   -7.5000  -37.5000 2537.1768   12.3127
   -7.5000    0.0000  -37.5000 2592.7815   12.0071
    0.0000    0.0000  -37.5000 2588.1482   11.9840
    7.5000    0.0000  -37.5000 2555.5730   12.1147
   -7.5000    7.5000  -37.5000 2594.3726   12.0030
    0.0000    7.5000  -37.5000 2593.4475   11.9995
    7.5000    7.5000  -37.5000 2561.0239   12.1440
   -7.5000   15.0000  -37.5000 2593.1506   12.1870
    0.0000   15.0000  -37.5000 2596.8042   12.1805
    7.5000   15.0000  -37.5000 2559.9260   12.3359
   -7.5000   22.5000  -37.5000 2576.8950   12.5279
    0.0000   22.5000  -37.5000 2584.0127   12.5470
    7.5000   22.5000  -37.5000 2547.1353   12.7120
   -7.5000   30.0000  -37.5000 2545.3262   13.0409
    0.0000   30.0000  -37.5000 2554.9272   13.0559
    7.5000   30.0000  -37.5000 2515.0137   13.2444
   -7.5000   37.5000  -37.5000 2491.2097   13.7442
    0.0000   37.5000  -37.5000 2500.4905   13.7517
    7.5000   37.5000  -37.5000 2460.8162   13.9340
   -7.5000   45.0000  -37.5000 2416.6265   14.7115
    0.0000   45.0000  -37.5000 2426.1052   14.7224
    7.5000   45.0000  -37.5000 2381.9138   14.9310
   -7.5000   52.5000  -37.5000 2298.7898   15.9280
    0.0000   52.5000  -37.5000 2304.9512   15.9213
    7.5000   52.5000  -37.5000 2267.4253   16.1482
   -7.5000  -37.5000  -30.0000 2406.3406   15.6089
    0.0000  -37.5000  -30.0000 2396.3987   15.5406
    7.5000  -37.5000  -30.0000 2361.9436   15.7415
   -7.5000  -30.0000  -30.0000 2513.1887   14.2586
    0.0000  -30.0000  -30.0000 2503.5769   14.1964
    7.5000  -30.0000  -30.0000 2463.9221   14.3272
   -7.5000  -22.5000  -30.0000 2590.7207   13.1367
    0.0000  -22.5000  -30.0000 2584.7351   13.0905
    7.5000  -22.5000  -30.0000 2551.1516   13.2313
   -7.5000  -15.0000  -30.0000 2660.0308   12.3464
    0.0000  -15.0000  -30.0000 2651.8313   12.2875
    7.5000  -15.0000  -30.0000 2618.4785   12.4160
   -7.5000   -7.5000  -30.0000 2690.6384   11.8678
    0.0000   -7.5000  -30.0000 2685.7439   11.7922
    7.5000   -7.5000  -30.0000 2655.4167   11.9011
   -7.5000    0.0000  -30.0000 2719.5771   11.6056
    0.0000    0.0000  -30.0000 2716.0161   11.5470
    7.5000    0.0000  -30.0000 2680.3445   11.6734
   -7.5000    7.5000  -30.0000 2729.6865   11.6114
    0.0000    7.5000  -30.0000 2728.0398   11.5816
    7.5000    7.5000  -30.0000 2690.4707   11.7017
   -7.5000   15.0000  -30.0000 2731.7324   11.7708
    0.0000   15.0000  -30.0000 2732.9998   11.7726
    7.5000   15.0000  -30.0000 2690.4543   11.8989
   -7.5000   22.5000  -30.0000 2721.3147   12.0971
    0.0000   22.5000  -30.0000 2725.9780   12.1105
    7.5000   22.5000  -30.0000 2680.5984   12.2600
   -7.5000   30.0000  -30.0000 2686.9727   12.5835
    0.0000   30.0000  -30.0000 2695.3630   12.5943
    7.5000   30.0000  -30.0000 2654.7803   12.7758
   -7.5000   37.5000  -30.0000 2629.8542   13.2387
    0.0000   37.5000  -30.0000 2641.8875   13.2578
    7.5000   37.5000  -30.0000 2599.6023   13.4488
   -7.5000   45.0000  -30.0000 2548.5105   14.1770
    0.0000   45.0000  -30.0000 2558.9258   14.2013
    7.5000   45.0000  -30.0000 2513.6582   14.4121
   -7.5000   52.5000  -30.0000 2422.3469   15.3774
    0.0000   52.5000  -30.0000 2428.4536   15.3797
    7.5000   52.5000  -30.0000 2389.4617   15.5983
   -7.5000  -37.5000  -22.5000 2468.0452   15.3017
    0.0000  -37.5000  -22.5000 2458.8027   15.2387
    7.5000  -37.5000  -22.5000 2424.3499   15.4558
   -7.5000  -30.0000  -22.5000 2577.5789   13.9315
    0.0000  -30.0000  -22.5000 2572.5156   13.8997
    7.5000  -30.0000  -22.5000 2533.4373   14.0645
   -7.5000  -22.5000  -22.5000 2659.5674   12.7930
    0.0000  -22.5000  -22.5000 2657.1042   12.7639
    7.5000  -22.5000  -22.5000 2623.7429   12.9152
   -7.5000  -15.0000  -22.5000 2734.2429   11.9589
    0.0000  -15.0000  -22.5000 2729.4397   11.9186
    7.5000  -15.0000  -22.5000 2695.3706   12.0503
   -7.5000   -7.5000  -22.5000 2780.4907   11.4089
    0.0000   -7.5000  -22.5000 2781.2903   11.3654
    7.5000   -7.5000  -22.5000 2744.8408   11.4547
   -7.5000    0.0000  -22.5000 2818.4434   11.1192
    0.0000    0.0000  -22.5000 2815.7576   11.0667
    7.5000    0.0000  -22.5000 2772.5884   11.1891
   -7.5000    7.5000  -22.5000 2836.3430   11.0700
    0.0000    7.5000  -22.5000 2835.7026   11.0505
    7.5000    7.5000  -22.5000 2790.9814   11.1778
   -7.5000   15.0000  -22.5000 2840.0854   11.2157
    0.0000   15.0000  -22.5000 2841.4526   11.2306
    7.5000   15.0000  -22.5000 2799.2336   11.3810
   -7.5000   22.5000  -22.5000 2828.5806   11.5600
    0.0000   22.5000  -22.5000 2836.5671   11.5794
    7.5000   22.5000  -22.5000 2793.2834   11.7455
   -7.5000   30.0000  -22.5000 2791.8428   12.0450
    0.0000   30.0000  -22.5000 2802.9734   12.0392
    7.5000   30.0000  -22.5000 2768.1514   12.2396
   -7.5000   37.5000  -22.5000 2736.9087   12.6895
    0.0000   37.5000  -22.5000 2745.6350   12.6929
    7.5000   37.5000  -22.5000 2710.1272   12.9141
   -7.5000   45.0000  -22.5000 2650.2344   13.6217
    0.0000   45.0000  -22.5000 2657.9626   13.6301
    7.5000   45.0000  -22.5000 2619.5774   13.8540
   -7.5000   52.5000  -22.5000 2518.1890   14.7943
    0.0000   52.5000  -22.5000 2524.2683   14.7789
    7.5000   52.5000  -22.5000 2490.6233   15.0174
   -7.5000  -37.5000  -15.0000 2485.4282   14.9841
    0.0000  -37.5000  -15.0000 2479.1387   14.9421
    7.5000  -37.5000  -15.0000 2445.7847   15.1478
   -7.5000  -30.0000  -15.0000 2596.7969   13.6074
    0.0000  -30.0000  -15.0000 2594.7534   13.5810
    7.5000  -30.0000  -15.0000 2559.3943   13.7495
   -7.5000  -22.5000  -15.0000 2684.0945   12.4398
    0.0000  -22.5000  -15.0000 2684.4231   12.4311
    7.5000  -22.5000  -15.0000 2653.2942   12.6033
   -7.5000  -15.0000  -15.0000 2765.5339   11.5757
    0.0000  -15.0000  -15.0000 2765.0500   11.5636
    7.5000  -15.0000  -15.0000 2732.7083   11.7329
   -7.5000   -7.5000  -15.0000 2834.8960   10.9681
    0.0000   -7.5000  -15.0000 2838.1780   10.9573
    7.5000   -7.5000  -15.0000 2799.8940   11.1079
   -7.5000    0.0000  -15.0000 2873.7886   10.6615
    0.0000    0.0000  -15.0000 2876.5623   10.6475
    7.5000    0.0000  -15.0000 2838.3430   10.8321
   -7.5000    7.5000  -15.0000 2899.4065   10.5753
    0.0000    7.5000  -15.0000 2902.5601   10.5838
    7.5000    7.5000  -15.0000 2863.6052   10.7971
   -7.5000   15.0000  -15.0000 2907.7441   10.6907
    0.0000   15.0000  -15.0000 2908.9121   10.6977
    7.5000   15.0000  -15.0000 2873.4155   10.9537
   -7.5000   22.5000  -15.0000 2893.7917   11.0666
    0.0000   22.5000  -15.0000 2904.2463   11.0714
    7.5000   22.5000  -15.0000 2865.7710   11.3082
   -7.5000   30.0000  -15.0000 2856.8064   11.5603
    0.0000   30.0000  -15.0000 2871.8425   11.5532
    7.5000   30.0000  -15.0000 2841.2288   11.7970
   -7.5000   37.5000  -15.0000 2798.5142   12.1747
    0.0000   37.5000  -15.0000 2811.9963   12.1869
    7.5000   37.5000  -15.0000 2779.9238   12.4646
   -7.5000   45.0000  -15.0000 2709.5466   13.0709
    0.0000   45.0000  -15.0000 2723.8948   13.1074
    7.5000   45.0000  -15.0000 2688.4353   13.3796
   -7.5000   52.5000  -15.0000 2579.4167   14.2167
    0.0000   52.5000  -15.0000 2591.0205   14.2559
    7.5000   52.5000  -15.0000 2553.2961   14.5046
   -7.5000  -37.5000   -7.5000 2479.0122   14.7500
    0.0000  -37.5000   -7.5000 2475.6780   14.7236
    7.5000  -37.5000   -7.5000 2447.2642   14.9601
   -7.5000  -30.0000   -7.5000 2587.5173   13.3328
    0.0000  -30.0000   -7.5000 2589.3496   13.3276
    7.5000  -30.0000   -7.5000 2557.0010   13.5377
   -7.5000  -22.5000   -7.5000 2681.7041   12.1795
    0.0000  -22.5000   -7.5000 2685.0220   12.1827
    7.5000  -22.5000   -7.5000 2652.8000   12.3926
   -7.5000  -15.0000   -7.5000 2768.2195   11.3066
    0.0000  -15.0000   -7.5000 2774.2188   11.2881
    7.5000  -15.0000   -7.5000 2740.5547   11.4979
   -7.5000   -7.5000   -7.5000 2854.5244   10.7023
    0.0000   -7.5000   -7.5000 2864.7883   10.6953
    7.5000   -7.5000   -7.5000 2826.4575   10.9007
   -7.5000    0.0000   -7.5000 2903.4907   10.3797
    0.0000    0.0000   -7.5000 2916.6414   10.3846
    7.5000    0.0000   -7.5000 2880.5249   10.6309
   -7.5000    7.5000   -7.5000 2943.3357   10.2931
    0.0000    7.5000   -7.5000 2952.7400   10.3095
    7.5000    7.5000   -7.5000 2916.2422   10.6014
   -7.5000   15.0000   -7.5000 2951.2056   10.3343
    0.0000   15.0000   -7.5000 2961.3118   10.3723
    7.5000   15.0000   -7.5000 2924.5833   10.7282
   -7.5000   22.5000   -7.5000 2934.6003   10.6455
    0.0000   22.5000   -7.5000 2957.2241   10.6727
    7.5000   22.5000   -7.5000 2914.3687   10.9877
   -7.5000   30.0000   -7.5000 2893.2871   11.1359
    0.0000   30.0000   -7.5000 2919.5967   11.1651
    7.5000   30.0000   -7.5000 2885.2058   11.4249
   -7.5000   37.5000   -7.5000 2835.1184   11.7483
    0.0000   37.5000   -7.5000 2855.5374   11.7928
    7.5000   37.5000   -7.5000 2820.2073   12.0661
   -7.5000   45.0000   -7.5000 2742.9651   12.6661
    0.0000   45.0000   -7.5000 2761.9631   12.7066
    7.5000   45.0000   -7.5000 2727.2627   12.9864
   -7.5000   52.5000   -7.5000 2611.4180   13.8110
    0.0000   52.5000   -7.5000 2628.2852   13.8590
    7.5000   52.5000   -7.5000 2595.2031   14.1336
   -7.5000  -37.5000    0.0000 2453.2256   14.8037
    0.0000  -37.5000    0.0000 2449.8003   14.7363
    7.5000  -37.5000    0.0000 2425.8616   15.0052
   -7.5000  -30.0000    0.0000 2560.9194   13.3388
    0.0000  -30.0000    0.0000 2559.6975   13.2853
    7.5000  -30.0000    0.0000 2535.0625   13.5769
   -7.5000  -22.5000    0.0000 2661.3364   12.1563
    0.0000  -22.5000    0.0000 2662.3484   12.1238
    7.5000  -22.5000    0.0000 2636.7229   12.4308
   -7.5000  -15.0000    0.0000 2747.6360   11.2558
    0.0000  -15.0000    0.0000 2759.2407   11.2303
    7.5000  -15.0000    0.0000 2736.2808   11.5340
   -7.5000   -7.5000    0.0000 2838.3130   10.6931
    0.0000   -7.5000    0.0000 2863.2380   10.6863
    7.5000   -7.5000    0.0000 2836.7090   10.9584
   -7.5000    0.0000    0.0000 2912.3010   10.3915
    0.0000    0.0000    0.0000 2935.8999   10.3857
    7.5000    0.0000    0.0000 2898.7478   10.6050
   -7.5000    7.5000    0.0000 2977.3782   10.3347
    0.0000    7.5000    0.0000 2997.9089   10.3456
    7.5000    7.5000    0.0000 2945.7153   10.5265
   -7.5000   15.0000    0.0000 2993.4783   10.3734
    0.0000   15.0000    0.0000 3009.9426   10.3727
    7.5000   15.0000    0.0000 2956.8125   10.6244
   -7.5000   22.5000    0.0000 2965.9509   10.5438
    0.0000   22.5000    0.0000 2991.1194   10.5202
    7.5000   22.5000    0.0000 2942.9868   10.8360
   -7.5000   30.0000    0.0000 2915.1345   10.9460
    0.0000   30.0000    0.0000 2938.9502   10.9134
    7.5000   30.0000    0.0000 2901.7004   11.2414
   -7.5000   37.5000    0.0000 2851.3813   11.5955
    0.0000   37.5000    0.0000 2866.7766   11.5587
    7.5000   37.5000    0.0000 2834.0010   11.8829
   -7.5000   45.0000    0.0000 2757.4993   12.5286
    0.0000   45.0000    0.0000 2771.6768   12.4947
    7.5000   45.0000    0.0000 2739.9871   12.8037
   -7.5000   52.5000    0.0000 2622.9709   13.6685
    0.0000   52.5000    0.0000 2636.6230   13.6493
    7.5000   52.5000    0.0000 2607.5100   13.9202
   -7.5000  -37.5000    7.5000 2410.4492   14.9654
    0.0000  -37.5000    7.5000 2410.5076   14.9339
    7.5000  -37.5000    7.5000 2398.1692   15.3006
   -7.5000  -30.0000    7.5000 2510.8740   13.5009
    0.0000  -30.0000    7.5000 2518.9026   13.4832
    7.5000  -30.0000    7.5000 2509.9062   13.8592
   -7.5000  -22.5000    7.5000 2621.2595   12.3849
    0.0000  -22.5000    7.5000 2634.6594   12.3711
    7.5000  -22.5000    7.5000 2619.7231   12.6893
   -7.5000  -15.0000    7.5000 2721.3723   11.5401
    0.0000  -15.0000    7.5000 2742.5559   11.5041
    7.5000  -15.0000    7.5000 2723.4380   11.7926
   -7.5000   -7.5000    7.5000 2826.3728   10.9349
    0.0000   -7.5000    7.5000 2846.6960   10.8798
    7.5000   -7.5000    7.5000 2816.2883   11.1161
   -7.5000    0.0000    7.5000 2921.7151   10.5996
    0.0000    0.0000    7.5000 2933.2354   10.5132
    7.5000    0.0000    7.5000 2889.1255   10.6765
   -7.5000    7.5000    7.5000 2997.6326   10.5482
    0.0000    7.5000    7.5000 3006.4504   10.4478
    7.5000    7.5000    7.5000 2942.7822   10.5512
   -7.5000   15.0000    7.5000 3018.4358   10.5380
    0.0000   15.0000    7.5000 3025.6248   10.4219
    7.5000   15.0000    7.5000 2960.1230   10.5975
   -7.5000   22.5000    7.5000 2982.7322   10.6735
    0.0000   22.5000    7.5000 2999.7144   10.5744
    7.5000   22.5000    7.5000 2945.3296   10.8330
   -7.5000   30.0000    7.5000 2922.5154   11.0686
    0.0000   30.0000    7.5000 2942.8582   10.9944
    7.5000   30.0000    7.5000 2898.3850   11.2855
   -7.5000   37.5000    7.5000 2849.4053   11.6710
    0.0000   37.5000    7.5000 2862.2986   11.6040
    7.5000   37.5000    7.5000 2833.6306   11.9067
   -7.5000   45.0000    7.5000 2754.1794   12.5434
    0.0000   45.0000    7.5000 2764.3125   12.4856
    7.5000   45.0000    7.5000 2740.9878   12.7595
   -7.5000   52.5000    7.5000 2616.5159   13.6263
    0.0000   52.5000    7.5000 2626.9111   13.6083
    7.5000   52.5000    7.5000 2603.4617   13.8357
   -7.5000  -37.5000   15.0000 2366.9622   15.5024
    0.0000  -37.5000   15.0000 2370.0244   15.4827
    7.5000  -37.5000   15.0000 2360.3796   15.8698
   -7.5000  -30.0000   15.0000 2469.6343   14.0216
    0.0000  -30.0000   15.0000 2477.3210   13.9951
    7.5000  -30.0000   15.0000 2470.8977   14.3433
   -7.5000  -22.5000   15.0000 2583.2195   12.8782
    0.0000  -22.5000   15.0000 2596.0173   12.8388
    7.5000  -22.5000   15.0000 2582.8816   13.1202
   -7.5000  -15.0000   15.0000 2686.5972   11.9539
    0.0000  -15.0000   15.0000 2699.6724   11.8880
    7.5000  -15.0000   15.0000 2685.0759   12.1416
   -7.5000   -7.5000   15.0000 2796.8225   11.2384
    0.0000   -7.5000   15.0000 2806.0183   11.1442
    7.5000   -7.5000   15.0000 2780.2639   11.3816
   -7.5000    0.0000   15.0000 2897.2546   10.8101
    0.0000    0.0000   15.0000 2904.8804   10.6990
    7.5000    0.0000   15.0000 2859.9446   10.8894
   -7.5000    7.5000   15.0000 2971.9268   10.6701
    0.0000    7.5000   15.0000 2980.9463   10.5406
    7.5000    7.5000   15.0000 2916.8440   10.7054
   -7.5000   15.0000   15.0000 2998.9900   10.6067
    0.0000   15.0000   15.0000 3006.1902   10.4519
    7.5000   15.0000   15.0000 2939.9058   10.7198
   -7.5000   22.5000   15.0000 2969.9111   10.8358
    0.0000   22.5000   15.0000 2985.5605   10.7221
    7.5000   22.5000   15.0000 2925.8911   10.9834
   -7.5000   30.0000   15.0000 2911.2600   11.3136
    0.0000   30.0000   15.0000 2928.5674   11.2355
    7.5000   30.0000   15.0000 2881.3445   11.4877
   -7.5000   37.5000   15.0000 2828.4868   11.9759
    0.0000   37.5000   15.0000 2842.7314   11.9296
    7.5000   37.5000   15.0000 2811.6711   12.1745
   -7.5000   45.0000   15.0000 2725.8098   12.8329
    0.0000   45.0000   15.0000 2739.3372   12.8096
    7.5000   45.0000   15.0000 2712.9348   13.0368
   -7.5000   52.5000   15.0000 2592.0161   13.8709
    0.0000   52.5000   15.0000 2602.6394   13.8733
    7.5000   52.5000   15.0000 2579.9172   14.0782
   -7.5000  -37.5000   22.5000 2330.5664   16.3537
    0.0000  -37.5000   22.5000 2330.6116   16.2694
    7.5000  -37.5000   22.5000 2315.6406   16.6278
   -7.5000  -30.0000   22.5000 2435.3540   14.7075
    0.0000  -30.0000   22.5000 2437.8572   14.6293
    7.5000  -30.0000   22.5000 2427.3127   14.9486
   -7.5000  -22.5000   22.5000 2541.6609   13.4185
    0.0000  -22.5000   22.5000 2549.6106   13.3403
    7.5000  -22.5000   22.5000 2538.2773   13.6330
   -7.5000  -15.0000   22.5000 2640.2493   12.3866
    0.0000  -15.0000   22.5000 2651.6245   12.3153
    7.5000  -15.0000   22.5000 2640.9524   12.5914
   -7.5000   -7.5000   22.5000 2750.1914   11.6225
    0.0000   -7.5000   22.5000 2759.1890   11.5394
    7.5000   -7.5000   22.5000 2740.4360   11.8119
   -7.5000    0.0000   22.5000 2846.9402   11.1810
    0.0000    0.0000   22.5000 2855.7341   11.0811
    7.5000    0.0000   22.5000 2823.3931   11.2996
   -7.5000    7.5000   22.5000 2913.6323   10.9508
    0.0000    7.5000   22.5000 2920.8687   10.8229
    7.5000    7.5000   22.5000 2878.2297   11.0847
   -7.5000   15.0000   22.5000 2941.5349   10.9010
    0.0000   15.0000   22.5000 2945.4263   10.7580
    7.5000   15.0000   22.5000 2900.6445   11.0728
   -7.5000   22.5000   22.5000 2926.0898   11.1819
    0.0000   22.5000   22.5000 2936.2898   11.0713
    7.5000   22.5000   22.5000 2886.0513   11.3139
   -7.5000   30.0000   22.5000 2876.8064   11.6507
    0.0000   30.0000   22.5000 2891.7971   11.5691
    7.5000   30.0000   22.5000 2846.4985   11.8043
   -7.5000   37.5000   22.5000 2794.4519   12.3345
    0.0000   37.5000   22.5000 2811.0950   12.2676
    7.5000   37.5000   22.5000 2774.8279   12.4927
   -7.5000   45.0000   22.5000 2689.3293   13.2154
    0.0000   45.0000   22.5000 2704.2678   13.1743
    7.5000   45.0000   22.5000 2674.6838   13.3715
   -7.5000   52.5000   22.5000 2553.9285   14.2792
    0.0000   52.5000   22.5000 2568.5161   14.2778
    7.5000   52.5000   22.5000 2538.2820   14.4447
   -7.5000  -37.5000   30.0000 2271.5920   17.2067
    0.0000  -37.5000   30.0000 2276.4626   17.1022
    7.5000  -37.5000   30.0000 2264.0562   17.4759
   -7.5000  -30.0000   30.0000 2383.4534   15.4227
    0.0000  -30.0000   30.0000 2390.3799   15.3572
    7.5000  -30.0000   30.0000 2379.1206   15.7397
   -7.5000  -22.5000   30.0000 2489.7744   14.0480
    0.0000  -22.5000   30.0000 2503.9839   13.9832
    7.5000  -22.5000   30.0000 2488.4685   14.3277
   -7.5000  -15.0000   30.0000 2592.5381   12.9640
    0.0000  -15.0000   30.0000 2606.4419   12.8929
    7.5000  -15.0000   30.0000 2587.6772   13.2121
   -7.5000   -7.5000   30.0000 2696.5527   12.1788
    0.0000   -7.5000   30.0000 2709.1023   12.0917
    7.5000   -7.5000   30.0000 2690.1721   12.3972
   -7.5000    0.0000   30.0000 2779.0862   11.6839
    0.0000    0.0000   30.0000 2791.8772   11.5861
    7.5000    0.0000   30.0000 2768.3257   11.8874
   -7.5000    7.5000   30.0000 2836.7395   11.3942
    0.0000    7.5000   30.0000 2845.8179   11.2544
    7.5000    7.5000   30.0000 2814.9277   11.5999
   -7.5000   15.0000   30.0000 2855.8770   11.3828
    0.0000   15.0000   30.0000 2861.4958   11.2540
    7.5000   15.0000   30.0000 2835.2070   11.5821
   -7.5000   22.5000   30.0000 2846.4243   11.6816
    0.0000   22.5000   30.0000 2856.3484   11.5809
    7.5000   22.5000   30.0000 2822.8862   11.8410
   -7.5000   30.0000   30.0000 2805.2012   12.1675
    0.0000   30.0000   30.0000 2817.5874   12.0923
    7.5000   30.0000   30.0000 2779.8572   12.3299
   -7.5000   37.5000   30.0000 2734.9758   12.8341
    0.0000   37.5000   30.0000 2753.0054   12.7680
    7.5000   37.5000   30.0000 2712.2517   12.9988
   -7.5000   45.0000   30.0000 2637.9641   13.7378
    0.0000   45.0000   30.0000 2653.0483   13.6907
    7.5000   45.0000   30.0000 2618.9377   13.8676
   -7.5000   52.5000   30.0000 2505.0688   14.8149
    0.0000   52.5000   30.0000 2521.2910   14.8031
    7.5000   52.5000   30.0000 2488.2083   14.9494
   -7.5000  -37.5000   37.5000 2211.0703   18.1626
    0.0000  -37.5000   37.5000 2221.2085   18.0587
    7.5000  -37.5000   37.5000 2210.3130   18.5175
   -7.5000  -30.0000   37.5000 2323.2551   16.2973
    0.0000  -30.0000   37.5000 2336.7275   16.2677
    7.5000  -30.0000   37.5000 2321.1294   16.6549
   -7.5000  -22.5000   37.5000 2434.9014   14.8396
    0.0000  -22.5000   37.5000 2452.3779   14.7943
    7.5000  -22.5000   37.5000 2430.9011   15.1534
   -7.5000  -15.0000   37.5000 2540.6765   13.7209
    0.0000  -15.0000   37.5000 2556.8735   13.6658
    7.5000  -15.0000   37.5000 2534.0920   14.0112
   -7.5000   -7.5000   37.5000 2641.3408   12.9130
    0.0000   -7.5000   37.5000 2654.0496   12.8362
    7.5000   -7.5000   37.5000 2629.3989   13.1611
   -7.5000    0.0000   37.5000 2714.1914   12.3420
    0.0000    0.0000   37.5000 2723.8491   12.2277
    7.5000    0.0000   37.5000 2698.6484   12.5741
   -7.5000    7.5000   37.5000 2760.3640   12.0146
    0.0000    7.5000   37.5000 2770.1411   11.8967
    7.5000    7.5000   37.5000 2742.7966   12.2432
   -7.5000   15.0000   37.5000 2769.2947   12.0326
    0.0000   15.0000   37.5000 2776.6526   11.9081
    7.5000   15.0000   37.5000 2754.5437   12.2294
   -7.5000   22.5000   37.5000 2752.4688   12.3418
    0.0000   22.5000   37.5000 2766.4302   12.2458
    7.5000   22.5000   37.5000 2738.5366   12.5094
   -7.5000   30.0000   37.5000 2716.4688   12.8184
    0.0000   30.0000   37.5000 2730.8047   12.7531
    7.5000   30.0000   37.5000 2701.7522   13.0267
   -7.5000   37.5000   37.5000 2656.9341   13.4764
    0.0000   37.5000   37.5000 2674.5107   13.4212
    7.5000   37.5000   37.5000 2638.3789   13.6695
   -7.5000   45.0000   37.5000 2576.3318   14.3876
    0.0000   45.0000   37.5000 2586.8936   14.3472
    7.5000   45.0000   37.5000 2554.1611   14.5437
   -7.5000   52.5000   37.5000 2444.5554   15.4790
    0.0000   52.5000   37.5000 2456.2654   15.4643
    7.5000   52.5000   37.5000 2426.9734   15.6287
   -7.5000  -37.5000   45.0000 2152.2097   19.3151
    0.0000  -37.5000   45.0000 2161.1470   19.2149
    7.5000  -37.5000   45.0000 2146.1936   19.7011
   -7.5000  -30.0000   45.0000 2264.9802   17.3555
    0.0000  -30.0000   45.0000 2276.8809   17.2862
    7.5000  -30.0000   45.0000 2254.5037   17.7123
   -7.5000  -22.5000   45.0000 2377.0271   15.8124
    0.0000  -22.5000   45.0000 2392.8621   15.7621
    7.5000  -22.5000   45.0000 2366.9719   16.1538
   -7.5000  -15.0000   45.0000 2474.5701   14.6901
    0.0000  -15.0000   45.0000 2494.8276   14.6038
    7.5000  -15.0000   45.0000 2471.0398   14.9838
   -7.5000   -7.5000   45.0000 2570.2742   13.8449
    0.0000   -7.5000   45.0000 2584.2205   13.7447
    7.5000   -7.5000   45.0000 2556.4001   14.0884
   -7.5000    0.0000   45.0000 2635.8247   13.2123
    0.0000    0.0000   45.0000 2643.8865   13.0767
    7.5000    0.0000   45.0000 2615.8120   13.4570
   -7.5000    7.5000   45.0000 2676.4358   12.8731
    0.0000    7.5000   45.0000 2682.7703   12.7549
    7.5000    7.5000   45.0000 2656.7175   13.0695
   -7.5000   15.0000   45.0000 2678.0720   12.8701
    0.0000   15.0000   45.0000 2685.6843   12.7379
    7.5000   15.0000   45.0000 2664.0479   13.0355
   -7.5000   22.5000   45.0000 2660.6372   13.1730
    0.0000   22.5000   45.0000 2671.4729   13.0751
    7.5000   22.5000   45.0000 2647.4512   13.3518
   -7.5000   30.0000   45.0000 2629.4814   13.6371
    0.0000   30.0000   45.0000 2642.0398   13.5707
    7.5000   30.0000   45.0000 2618.8848   13.8582
   -7.5000   37.5000   45.0000 2578.8965   14.2587
    0.0000   37.5000   45.0000 2597.3777   14.2013
    7.5000   37.5000   45.0000 2563.9463   14.4657
   -7.5000   45.0000   45.0000 2499.5571   15.1640
    0.0000   45.0000   45.0000 2511.6982   15.1036
    7.5000   45.0000   45.0000 2476.7427   15.3352
   -7.5000   52.5000   45.0000 2372.6731   16.2814
    0.0000   52.5000   45.0000 2385.5474   16.2439
    7.5000   52.5000   45.0000 2356.0825   16.4314

---------------------------------------------------------------------
imgreg_4dfp /opt/freesurfer/average/711-2C_as_mni_average_305 /opt/freesurfer/average/711-2B_as_mni_average_305_mask talsrcimg_g11 none talsrcimg_to_711-2C_as_mni_average_305_t4 1283
---------------------------------------------------------------------

freesurfer imgreg_4dfp.c
/opt/freesurfer/average/711-2C_as_mni_average_305.4dfp.img
       256       256       256         1
  1.000000  1.000000  1.000000
orientation T byte_order littleendian
Reading image: /opt/freesurfer/average/711-2C_as_mni_average_305.4dfp.img
dimensions:      256       256       256
mmppix:       1.0000   -1.0000   -1.0000
center:     128.0000 -129.0000 -129.0000
/opt/freesurfer/average/711-2B_as_mni_average_305_mask.4dfp.img
       256       256       256         1
  1.000000  1.000000  1.000000
orientation T byte_order littleendian
Reading mask: /opt/freesurfer/average/711-2B_as_mni_average_305_mask.4dfp.img (2306576 pixels)
talsrcimg_g11.4dfp.img
       256       256       256         1
  1.000000  1.000000  1.000000
orientation T byte_order littleendian
Reading image: talsrcimg_g11.4dfp.img
dimensions:      256       256       256
mmppix:       1.0000   -1.0000   -1.0000
center:     128.0000 -129.0000 -129.0000
rotation matrix determinant  1.000000
fimgreg.f
image alignment mode   1283 decimal      503 hex
parameters
    0.0000   15.0000    7.5000    0.0000    0.0000    0.0000
eta,q 0.94978 10.48796
niter,ni,del,rscale     5    3   12.0000    1.2000
parameter  1  0.574766 ->  0.500000 qaram    1.1500
parameter  4 -6.771834 ->  0.500000 qaram    1.1500
parameter  6  0.723031 ->  0.500000 qaram    1.1500
parameters
   -3.4500   13.2572    7.9524   -3.4500   -1.7871   -3.4500
eta,q 0.95821 10.50482
  0.0524  0.0516  0.0556  0.0412  0.0466  0.0425
  0.0507  0.0490  0.0517  0.0435  0.0453  0.0417
  0.0503  0.0490  0.0498  0.0458  0.0444  0.0424
  0.0526  0.0501  0.0489  0.0490  0.0441  0.0443
  0.0579  0.0510  0.0489  0.0517  0.0461  0.0470
  0.0629  0.0524  0.0506  0.0535  0.0497  0.0504
  0.0687  0.0555  0.0539  0.0554  0.0541  0.0547
niter,ni,del,rscale     7    3   12.0000    1.2000
parameter  4  3.440524 ->  0.500000 qaram    1.3225
parameters
   -2.9526   14.6926    7.3121   -7.4175   -1.7356   -3.2860
eta,q 0.96372 10.50388
  0.0617  0.0538  0.0478  0.0338  0.0451  0.0450
  0.0530  0.0484  0.0441  0.0356  0.0401  0.0410
  0.0446  0.0443  0.0422  0.0384  0.0372  0.0379
  0.0418  0.0420  0.0417  0.0417  0.0363  0.0363
  0.0441  0.0418  0.0427  0.0455  0.0373  0.0370
  0.0485  0.0433  0.0464  0.0496  0.0405  0.0402
  0.0571  0.0463  0.0515  0.0526  0.0443  0.0446
niter,ni,del,rscale     7    3   12.0000    1.2000
parameter  4  0.888187 ->  0.500000 qaram    1.5209
parameters
   -2.9406   15.6756    6.2765  -11.9801   -2.2489   -3.4715
eta,q 0.96926 10.52418
  0.0572  0.0495  0.0430  0.0321  0.0404  0.0397
  0.0477  0.0429  0.0376  0.0311  0.0342  0.0353
  0.0390  0.0383  0.0356  0.0318  0.0310  0.0320
  0.0363  0.0363  0.0363  0.0357  0.0310  0.0307
  0.0394  0.0369  0.0388  0.0400  0.0335  0.0318
  0.0468  0.0393  0.0430  0.0452  0.0378  0.0356
  0.0575  0.0426  0.0485  0.0495  0.0428  0.0412
niter,ni,del,rscale     7    3   12.0000    1.2000
parameters
   -2.7564   16.8287    5.4545  -12.7003   -2.4831   -3.3619
eta,q 0.97054 10.55184
  0.0552  0.0496  0.0395  0.0426  0.0395  0.0395
  0.0455  0.0405  0.0338  0.0339  0.0337  0.0347
  0.0349  0.0346  0.0302  0.0302  0.0303  0.0311
  0.0307  0.0308  0.0300  0.0297  0.0296  0.0295
  0.0341  0.0303  0.0332  0.0335  0.0315  0.0304
  0.0417  0.0334  0.0389  0.0389  0.0355  0.0339
  0.0541  0.0394  0.0456  0.0449  0.0405  0.0393
niter,ni,del,rscale     6    3   12.0000    1.2000
parameters
   -2.7523   16.9151    5.2222  -12.8789   -2.5229   -3.3455
eta,q 0.97060 10.55516
  0.0539  0.0443  0.0410  0.0439  0.0399  0.0392
  0.0433  0.0363  0.0350  0.0354  0.0342  0.0343
  0.0327  0.0315  0.0308  0.0304  0.0305  0.0308
  0.0295  0.0295  0.0294  0.0294  0.0294  0.0294
  0.0338  0.0311  0.0315  0.0322  0.0310  0.0305
  0.0417  0.0360  0.0363  0.0377  0.0348  0.0340
  0.0545  0.0433  0.0429  0.0435  0.0397  0.0394
niter,ni,del,rscale     5    3   12.0000    1.2000
parameters
   -2.7625   16.9207    5.1569  -12.9241   -2.5270   -3.3451
eta,q 0.97061 10.55627
  0.0538  0.0439  0.0415  0.0442  0.0400  0.0392
  0.0431  0.0359  0.0354  0.0358  0.0342  0.0343
  0.0325  0.0313  0.0310  0.0305  0.0305  0.0307
  0.0294  0.0294  0.0294  0.0294  0.0294  0.0294
  0.0338  0.0311  0.0311  0.0319  0.0309  0.0305
  0.0418  0.0362  0.0356  0.0375  0.0347  0.0340
  0.0545  0.0436  0.0421  0.0431  0.0396  0.0394
niter,ni,del,rscale     4    3   12.0000    1.2000
parameters
   -2.7676   16.9205    5.1399  -12.9358   -2.5261   -3.3450
eta,q 0.97061 10.55659
  0.0538  0.0439  0.0416  0.0443  0.0400  0.0391
  0.0431  0.0358  0.0355  0.0360  0.0342  0.0342
  0.0325  0.0313  0.0311  0.0305  0.0305  0.0307
  0.0294  0.0294  0.0294  0.0294  0.0294  0.0294
  0.0338  0.0311  0.0311  0.0318  0.0309  0.0305
  0.0417  0.0363  0.0354  0.0374  0.0347  0.0340
  0.0544  0.0436  0.0419  0.0430  0.0396  0.0394
registration optimization eta report
parameter search radius
    6.9000    6.0000    6.0000    9.1253    6.0000    6.9000
100000*second partial in parameter space
       51.       39.       34.       17.       29.       21.
  0.0538  0.0439  0.0416  0.0443  0.0400  0.0391
  0.0431  0.0358  0.0355  0.0360  0.0342  0.0342
  0.0325  0.0313  0.0311  0.0305  0.0305  0.0307
  0.0294  0.0294  0.0294  0.0294  0.0294  0.0294
  0.0338  0.0311  0.0311  0.0318  0.0309  0.0305
  0.0417  0.0363  0.0354  0.0374  0.0347  0.0340
  0.0544  0.0436  0.0419  0.0430  0.0396  0.0394
   -2.7676   16.9205    5.1399  -12.9358   -2.5261   -3.3450
eta,q 0.97061 10.55659

---------------------------------------------------------------------
imgreg_4dfp /opt/freesurfer/average/711-2C_as_mni_average_305 /opt/freesurfer/average/711-2B_as_mni_average_305_mask talsrcimg_g11 none talsrcimg_to_711-2C_as_mni_average_305_t4 3335
---------------------------------------------------------------------

freesurfer imgreg_4dfp.c
/opt/freesurfer/average/711-2C_as_mni_average_305.4dfp.img
       256       256       256         1
  1.000000  1.000000  1.000000
orientation T byte_order littleendian
Reading image: /opt/freesurfer/average/711-2C_as_mni_average_305.4dfp.img
dimensions:      256       256       256
mmppix:       1.0000   -1.0000   -1.0000
center:     128.0000 -129.0000 -129.0000
/opt/freesurfer/average/711-2B_as_mni_average_305_mask.4dfp.img
       256       256       256         1
  1.000000  1.000000  1.000000
orientation T byte_order littleendian
Reading mask: /opt/freesurfer/average/711-2B_as_mni_average_305_mask.4dfp.img (2306576 pixels)
talsrcimg_g11.4dfp.img
       256       256       256         1
  1.000000  1.000000  1.000000
orientation T byte_order littleendian
Reading image: talsrcimg_g11.4dfp.img
dimensions:      256       256       256
mmppix:       1.0000   -1.0000   -1.0000
center:     128.0000 -129.0000 -129.0000
fimgreg.f
image alignment mode   3335 decimal      D07 hex
parameters
   -2.7676   16.9205    5.1399   -0.2674   -2.6463   -2.6326
    4.7018    5.5944   -5.8291   22.0971   -4.4074  -22.3641
eta,q 0.97262 10.47288
niter,ni,del,rscale     5    3    5.0000    1.2000
parameter  4  2.542343 ->  0.500000 qaram    1.1500
parameter  5  0.640124 ->  0.500000 qaram    1.1500
parameters
   -2.8244   17.4388    4.7095   -4.4074   -6.7863   -4.7320
    4.6743    4.8751   -4.0754   21.7929   -4.6849  -21.3092
eta,q 0.98119 10.37052
  0.0306  0.0315  0.0287  0.0177  0.0197  0.0207  0.0225  0.0237  0.0222  0.0218  0.0202  0.0210
  0.0288  0.0296  0.0277  0.0196  0.0191  0.0197  0.0206  0.0210  0.0207  0.0202  0.0194  0.0199
  0.0277  0.0282  0.0272  0.0230  0.0192  0.0191  0.0194  0.0194  0.0196  0.0192  0.0190  0.0192
  0.0274  0.0274  0.0272  0.0271  0.0204  0.0191  0.0190  0.0190  0.0190  0.0188  0.0188  0.0188
  0.0278  0.0273  0.0278  0.0314  0.0226  0.0201  0.0194  0.0202  0.0188  0.0192  0.0190  0.0189
  0.0290  0.0278  0.0289  0.0363  0.0253  0.0229  0.0207  0.0226  0.0192  0.0203  0.0196  0.0193
  0.0309  0.0291  0.0304  0.0410  0.0280  0.0272  0.0225  0.0260  0.0201  0.0225  0.0205  0.0200
niter,ni,del,rscale     6    3    5.0000    1.2000
parameter  4  0.591574 ->  0.500000 qaram    1.3225
parameters
   -2.6841   17.4518    4.8439   -9.1684   -5.9949   -3.8677
    4.5573    5.0086   -4.3819   21.1475   -6.3684  -21.6526
eta,q 0.98343 10.33804
  0.0238  0.0216  0.0210  0.0181  0.0220  0.0200  0.0199  0.0222  0.0187  0.0193  0.0173  0.0181
  0.0212  0.0201  0.0199  0.0171  0.0197  0.0185  0.0181  0.0193  0.0175  0.0178  0.0168  0.0172
  0.0195  0.0191  0.0191  0.0170  0.0179  0.0174  0.0170  0.0174  0.0168  0.0169  0.0166  0.0167
  0.0188  0.0188  0.0188  0.0188  0.0169  0.0168  0.0167  0.0167  0.0167  0.0166  0.0166  0.0166
  0.0192  0.0191  0.0189  0.0224  0.0168  0.0166  0.0171  0.0172  0.0170  0.0171  0.0169  0.0169
  0.0205  0.0200  0.0195  0.0266  0.0181  0.0171  0.0183  0.0189  0.0178  0.0184  0.0175  0.0175
  0.0228  0.0215  0.0206  0.0313  0.0207  0.0191  0.0200  0.0219  0.0190  0.0207  0.0183  0.0184
niter,ni,del,rscale     6    3    5.0000    1.2000
parameters
   -2.6837   17.4900    4.7853  -10.6038   -5.8020   -4.0268
    4.5585    5.0833   -4.3634   21.0323   -6.9666  -21.8565
eta,q 0.98308 10.29076
  0.0208  0.0195  0.0184  0.0208  0.0216  0.0194  0.0201  0.0218  0.0191  0.0200  0.0178  0.0186
  0.0185  0.0179  0.0174  0.0190  0.0193  0.0182  0.0183  0.0191  0.0179  0.0184  0.0172  0.0176
  0.0171  0.0169  0.0168  0.0176  0.0177  0.0173  0.0173  0.0174  0.0172  0.0173  0.0170  0.0171
  0.0166  0.0166  0.0166  0.0166  0.0169  0.0169  0.0169  0.0169  0.0169  0.0169  0.0169  0.0169
  0.0170  0.0169  0.0168  0.0174  0.0171  0.0169  0.0173  0.0175  0.0172  0.0172  0.0171  0.0172
  0.0185  0.0178  0.0175  0.0209  0.0187  0.0178  0.0184  0.0190  0.0179  0.0183  0.0175  0.0178
  0.0208  0.0194  0.0186  0.0258  0.0215  0.0202  0.0200  0.0216  0.0190  0.0204  0.0181  0.0187
niter,ni,del,rscale     5    3    5.0000    1.2000
parameters
   -2.6485   17.5107    4.7299  -10.8776   -5.7492   -4.1148
    4.5192    5.1376   -4.3380   21.0486   -7.0803  -21.9410
eta,q 0.98299 10.27987
  0.0208  0.0198  0.0187  0.0218  0.0215  0.0195  0.0201  0.0218  0.0192  0.0202  0.0180  0.0187
  0.0187  0.0182  0.0177  0.0197  0.0193  0.0183  0.0184  0.0191  0.0180  0.0185  0.0174  0.0177
  0.0174  0.0172  0.0171  0.0181  0.0177  0.0174  0.0174  0.0175  0.0173  0.0174  0.0171  0.0172
  0.0169  0.0169  0.0169  0.0169  0.0170  0.0170  0.0170  0.0170  0.0170  0.0170  0.0170  0.0170
  0.0173  0.0172  0.0171  0.0167  0.0173  0.0170  0.0174  0.0176  0.0173  0.0173  0.0171  0.0172
  0.0185  0.0182  0.0178  0.0191  0.0189  0.0178  0.0185  0.0191  0.0180  0.0183  0.0175  0.0178
  0.0206  0.0197  0.0189  0.0237  0.0217  0.0202  0.0201  0.0216  0.0191  0.0203  0.0180  0.0187
niter,ni,del,rscale     4    3    5.0000    1.2000
parameters
   -2.6380   17.5198    4.7059  -10.9017   -5.7408   -4.1263
    4.5103    5.1562   -4.3295   21.0668   -7.0828  -21.9784
eta,q 0.98298 10.27935
  0.0207  0.0199  0.0188  0.0220  0.0215  0.0196  0.0201  0.0218  0.0192  0.0202  0.0180  0.0187
  0.0187  0.0183  0.0178  0.0198  0.0193  0.0183  0.0184  0.0191  0.0180  0.0185  0.0174  0.0178
  0.0175  0.0173  0.0172  0.0182  0.0177  0.0174  0.0174  0.0175  0.0173  0.0175  0.0171  0.0172
  0.0170  0.0170  0.0170  0.0170  0.0170  0.0170  0.0170  0.0170  0.0170  0.0170  0.0170  0.0170
  0.0174  0.0173  0.0172  0.0167  0.0173  0.0170  0.0174  0.0176  0.0173  0.0173  0.0171  0.0172
  0.0186  0.0183  0.0178  0.0188  0.0190  0.0178  0.0185  0.0191  0.0180  0.0183  0.0174  0.0178
  0.0207  0.0198  0.0189  0.0233  0.0218  0.0201  0.0201  0.0217  0.0191  0.0203  0.0180  0.0187
registration optimization eta report
parameter search radius
    2.4000    2.4000    2.4000    9.5220    8.2800    7.2000
    7.2000    7.2000    7.2000    7.2000    7.2000    7.2000
100000*second partial in parameter space
       65.       49.       32.        6.        7.        6.
        6.        9.        4.        6.        2.        3.
  0.0207  0.0199  0.0188  0.0220  0.0215  0.0196  0.0201  0.0218  0.0192  0.0202  0.0180  0.0187
  0.0187  0.0183  0.0178  0.0198  0.0193  0.0183  0.0184  0.0191  0.0180  0.0185  0.0174  0.0178
  0.0175  0.0173  0.0172  0.0182  0.0177  0.0174  0.0174  0.0175  0.0173  0.0175  0.0171  0.0172
  0.0170  0.0170  0.0170  0.0170  0.0170  0.0170  0.0170  0.0170  0.0170  0.0170  0.0170  0.0170
  0.0174  0.0173  0.0172  0.0167  0.0173  0.0170  0.0174  0.0176  0.0173  0.0173  0.0171  0.0172
  0.0186  0.0183  0.0178  0.0188  0.0190  0.0178  0.0185  0.0191  0.0180  0.0183  0.0174  0.0178
  0.0207  0.0198  0.0189  0.0233  0.0218  0.0201  0.0201  0.0217  0.0191  0.0203  0.0180  0.0187
   -2.6380   17.5198    4.7059  -10.9017   -5.7408   -4.1263
    4.5103    5.1562   -4.3295   21.0668   -7.0828  -21.9784
eta,q 0.98298 10.27935

---------------------------------------------------------------------
imgreg_4dfp /opt/freesurfer/average/711-2C_as_mni_average_305 /opt/freesurfer/average/711-2B_as_mni_average_305_mask talsrcimg_g11 none talsrcimg_to_711-2C_as_mni_average_305_t4 2311
---------------------------------------------------------------------

freesurfer imgreg_4dfp.c
/opt/freesurfer/average/711-2C_as_mni_average_305.4dfp.img
       256       256       256         1
  1.000000  1.000000  1.000000
orientation T byte_order littleendian
Reading image: /opt/freesurfer/average/711-2C_as_mni_average_305.4dfp.img
dimensions:      256       256       256
mmppix:       1.0000   -1.0000   -1.0000
center:     128.0000 -129.0000 -129.0000
/opt/freesurfer/average/711-2B_as_mni_average_305_mask.4dfp.img
       256       256       256         1
  1.000000  1.000000  1.000000
orientation T byte_order littleendian
Reading mask: /opt/freesurfer/average/711-2B_as_mni_average_305_mask.4dfp.img (2306576 pixels)
talsrcimg_g11.4dfp.img
       256       256       256         1
  1.000000  1.000000  1.000000
orientation T byte_order littleendian
Reading image: talsrcimg_g11.4dfp.img
dimensions:      256       256       256
mmppix:       1.0000   -1.0000   -1.0000
center:     128.0000 -129.0000 -129.0000
fimgreg.f
image alignment mode   2311 decimal      907 hex
parameters
   -2.6380   17.5198    4.7059  -10.9017   -5.7408   -4.1263
    4.5103    5.1562   -4.3295   21.0668   -7.0828  -21.9784
eta,q 0.98298 10.27934
niter,ni,del,rscale     5    3    5.0000    0.8000
parameters
   -2.6208   17.5080    4.7289   -8.9926   -5.6159   -3.6373
    4.3467    5.3783   -4.2507   21.5258   -6.3741  -22.0339
eta,q 0.98350 10.36829
  0.0187  0.0183  0.0179  0.0190  0.0182  0.0179  0.0180  0.0193  0.0176  0.0182  0.0172  0.0173
  0.0178  0.0176  0.0174  0.0183  0.0174  0.0173  0.0172  0.0178  0.0170  0.0174  0.0168  0.0168
  0.0172  0.0171  0.0171  0.0176  0.0168  0.0168  0.0167  0.0169  0.0167  0.0168  0.0166  0.0166
  0.0170  0.0170  0.0170  0.0170  0.0166  0.0166  0.0165  0.0165  0.0165  0.0165  0.0165  0.0165
  0.0172  0.0172  0.0171  0.0166  0.0166  0.0165  0.0167  0.0168  0.0166  0.0166  0.0165  0.0166
  0.0177  0.0176  0.0174  0.0167  0.0171  0.0168  0.0173  0.0175  0.0170  0.0169  0.0166  0.0169
  0.0187  0.0183  0.0178  0.0174  0.0182  0.0176  0.0182  0.0188  0.0175  0.0177  0.0169  0.0173
niter,ni,del,rscale     4    3    5.0000    0.7000
parameters
   -2.6558   17.4812    4.7373   -9.1391   -5.6419   -3.2582
    4.4646    5.3245   -4.3064   21.5918   -6.3356  -22.1082
eta,q 0.98351 10.37615
  0.0180  0.0175  0.0172  0.0179  0.0177  0.0175  0.0178  0.0184  0.0173  0.0176  0.0169  0.0171
  0.0171  0.0169  0.0168  0.0173  0.0171  0.0170  0.0171  0.0173  0.0168  0.0170  0.0167  0.0168
  0.0167  0.0166  0.0166  0.0168  0.0167  0.0167  0.0167  0.0167  0.0166  0.0166  0.0165  0.0166
  0.0165  0.0165  0.0165  0.0165  0.0165  0.0165  0.0165  0.0165  0.0165  0.0165  0.0165  0.0165
  0.0167  0.0166  0.0166  0.0166  0.0166  0.0165  0.0166  0.0168  0.0166  0.0166  0.0165  0.0166
  0.0172  0.0170  0.0168  0.0172  0.0170  0.0167  0.0170  0.0174  0.0169  0.0169  0.0167  0.0168
  0.0181  0.0176  0.0172  0.0184  0.0179  0.0173  0.0176  0.0185  0.0173  0.0176  0.0169  0.0171
niter,ni,del,rscale     3    3    5.0000    0.6000
parameters
   -2.6710   17.4692    4.7325   -9.0092   -5.6670   -3.1713
    4.4662    5.3231   -4.3038   21.6753   -6.2759  -22.1449
eta,q 0.98352 10.38273
  0.0176  0.0172  0.0170  0.0177  0.0174  0.0172  0.0173  0.0180  0.0171  0.0173  0.0168  0.0169
  0.0170  0.0168  0.0167  0.0172  0.0169  0.0168  0.0169  0.0171  0.0167  0.0169  0.0166  0.0167
  0.0166  0.0166  0.0166  0.0168  0.0166  0.0166  0.0166  0.0166  0.0165  0.0166  0.0165  0.0165
  0.0165  0.0165  0.0165  0.0165  0.0165  0.0165  0.0165  0.0165  0.0165  0.0165  0.0165  0.0165
  0.0166  0.0166  0.0166  0.0165  0.0166  0.0165  0.0166  0.0167  0.0165  0.0165  0.0165  0.0165
  0.0170  0.0168  0.0167  0.0169  0.0169  0.0167  0.0169  0.0171  0.0167  0.0168  0.0166  0.0167
  0.0176  0.0173  0.0170  0.0177  0.0175  0.0172  0.0174  0.0179  0.0171  0.0173  0.0168  0.0170
niter,ni,del,rscale     2    3    5.0000    0.5000
parameters
   -2.6775   17.4662    4.7307   -8.8620   -5.6449   -3.0323
    4.4723    5.3285   -4.2968   21.7372   -6.2297  -22.1697
eta,q 0.98354 10.39163
  0.0173  0.0170  0.0168  0.0174  0.0171  0.0169  0.0171  0.0175  0.0169  0.0170  0.0167  0.0168
  0.0168  0.0167  0.0166  0.0170  0.0168  0.0167  0.0167  0.0169  0.0166  0.0167  0.0166  0.0166
  0.0166  0.0165  0.0165  0.0167  0.0166  0.0165  0.0165  0.0166  0.0165  0.0165  0.0165  0.0165
  0.0165  0.0165  0.0165  0.0165  0.0165  0.0165  0.0165  0.0165  0.0165  0.0165  0.0165  0.0165
  0.0166  0.0165  0.0165  0.0165  0.0165  0.0165  0.0165  0.0166  0.0165  0.0165  0.0165  0.0165
  0.0168  0.0167  0.0166  0.0168  0.0167  0.0166  0.0167  0.0169  0.0166  0.0167  0.0165  0.0166
  0.0173  0.0170  0.0168  0.0174  0.0171  0.0169  0.0171  0.0175  0.0169  0.0170  0.0167  0.0168
niter,ni,del,rscale     1    3    5.0000    0.4000
parameters
   -2.6897   17.4543    4.7270   -8.7452   -5.6357   -2.9372
    4.4950    5.3314   -4.2929   21.7861   -6.1901  -22.1821
eta,q 0.98356 10.39796
  0.0170  0.0168  0.0167  0.0171  0.0169  0.0167  0.0169  0.0171  0.0167  0.0168  0.0166  0.0167
  0.0167  0.0166  0.0166  0.0168  0.0166  0.0166  0.0166  0.0167  0.0166  0.0166  0.0165  0.0165
  0.0165  0.0165  0.0165  0.0166  0.0165  0.0165  0.0165  0.0165  0.0165  0.0165  0.0165  0.0165
  0.0165  0.0165  0.0165  0.0165  0.0164  0.0164  0.0164  0.0164  0.0164  0.0164  0.0164  0.0164
  0.0165  0.0165  0.0165  0.0165  0.0165  0.0165  0.0165  0.0165  0.0165  0.0165  0.0165  0.0165
  0.0167  0.0166  0.0166  0.0167  0.0166  0.0165  0.0166  0.0168  0.0166  0.0166  0.0165  0.0165
  0.0170  0.0168  0.0167  0.0171  0.0169  0.0167  0.0168  0.0171  0.0167  0.0168  0.0166  0.0167
registration optimization eta report
parameter search radius
    0.8000    0.8000    0.8000    2.4000    2.4000    2.4000
    2.4000    2.4000    2.4000    2.4000    2.4000    2.4000
100000*second partial in parameter space
       81.       53.       37.       11.        7.        5.
        7.       12.        5.        6.        3.        4.
  0.0170  0.0168  0.0167  0.0171  0.0169  0.0167  0.0169  0.0171  0.0167  0.0168  0.0166  0.0167
  0.0167  0.0166  0.0166  0.0168  0.0166  0.0166  0.0166  0.0167  0.0166  0.0166  0.0165  0.0165
  0.0165  0.0165  0.0165  0.0166  0.0165  0.0165  0.0165  0.0165  0.0165  0.0165  0.0165  0.0165
  0.0165  0.0165  0.0165  0.0165  0.0164  0.0164  0.0164  0.0164  0.0164  0.0164  0.0164  0.0164
  0.0165  0.0165  0.0165  0.0165  0.0165  0.0165  0.0165  0.0165  0.0165  0.0165  0.0165  0.0165
  0.0167  0.0166  0.0166  0.0167  0.0166  0.0165  0.0166  0.0168  0.0166  0.0166  0.0165  0.0165
  0.0170  0.0168  0.0167  0.0171  0.0169  0.0167  0.0168  0.0171  0.0167  0.0168  0.0166  0.0167
   -2.6897   17.4543    4.7270   -8.7452   -5.6357   -2.9372
    4.4950    5.3314   -4.2929   21.7861   -6.1901  -22.1821
eta,q 0.98356 10.39796

---------------------------------------------------------------------
imgreg_4dfp /opt/freesurfer/average/711-2C_as_mni_average_305 /opt/freesurfer/average/711-2B_as_mni_average_305_mask talsrcimg_g11 none talsrcimg_to_711-2C_as_mni_average_305_t4 2311
---------------------------------------------------------------------

freesurfer imgreg_4dfp.c
/opt/freesurfer/average/711-2C_as_mni_average_305.4dfp.img
       256       256       256         1
  1.000000  1.000000  1.000000
orientation T byte_order littleendian
Reading image: /opt/freesurfer/average/711-2C_as_mni_average_305.4dfp.img
dimensions:      256       256       256
mmppix:       1.0000   -1.0000   -1.0000
center:     128.0000 -129.0000 -129.0000
/opt/freesurfer/average/711-2B_as_mni_average_305_mask.4dfp.img
       256       256       256         1
  1.000000  1.000000  1.000000
orientation T byte_order littleendian
Reading mask: /opt/freesurfer/average/711-2B_as_mni_average_305_mask.4dfp.img (2306576 pixels)
talsrcimg_g11.4dfp.img
       256       256       256         1
  1.000000  1.000000  1.000000
orientation T byte_order littleendian
Reading image: talsrcimg_g11.4dfp.img
dimensions:      256       256       256
mmppix:       1.0000   -1.0000   -1.0000
center:     128.0000 -129.0000 -129.0000
fimgreg.f
image alignment mode   2311 decimal      907 hex
parameters
   -2.6897   17.4543    4.7270   -8.7452   -5.6357   -2.9372
    4.4950    5.3314   -4.2929   21.7861   -6.1901  -22.1821
eta,q 0.98356 10.39796
niter,ni,del,rscale     5    3    5.0000    0.8000
parameters
   -2.6935   17.4573    4.7126   -9.3007   -5.8234   -3.4228
    4.5074    5.2674   -4.3353   21.5624   -6.3856  -22.1265
eta,q 0.98347 10.36211
  0.0185  0.0178  0.0174  0.0181  0.0180  0.0175  0.0181  0.0190  0.0175  0.0178  0.0170  0.0174
  0.0174  0.0170  0.0169  0.0174  0.0172  0.0170  0.0172  0.0176  0.0170  0.0171  0.0167  0.0169
  0.0167  0.0166  0.0165  0.0168  0.0167  0.0167  0.0167  0.0168  0.0166  0.0167  0.0166  0.0166
  0.0164  0.0164  0.0164  0.0164  0.0165  0.0165  0.0165  0.0165  0.0165  0.0165  0.0165  0.0165
  0.0167  0.0166  0.0166  0.0167  0.0167  0.0166  0.0167  0.0169  0.0167  0.0167  0.0166  0.0166
  0.0174  0.0170  0.0169  0.0177  0.0173  0.0171  0.0172  0.0177  0.0170  0.0172  0.0168  0.0169
  0.0185  0.0178  0.0174  0.0195  0.0184  0.0185  0.0181  0.0191  0.0175  0.0182  0.0171  0.0173
niter,ni,del,rscale     4    3    5.0000    0.7000
parameters
   -2.6706   17.4854    4.7368   -9.1641   -5.6844   -3.3179
    4.4577    5.3033   -4.3148   21.6156   -6.3732  -22.1309
eta,q 0.98350 10.37309
  0.0181  0.0176  0.0172  0.0180  0.0178  0.0174  0.0177  0.0185  0.0173  0.0176  0.0169  0.0171
  0.0172  0.0170  0.0169  0.0174  0.0171  0.0170  0.0170  0.0174  0.0169  0.0170  0.0167  0.0168
  0.0167  0.0167  0.0166  0.0169  0.0167  0.0167  0.0166  0.0167  0.0166  0.0166  0.0165  0.0166
  0.0165  0.0165  0.0165  0.0165  0.0165  0.0165  0.0165  0.0165  0.0165  0.0165  0.0165  0.0165
  0.0167  0.0166  0.0166  0.0165  0.0166  0.0165  0.0166  0.0167  0.0166  0.0166  0.0165  0.0166
  0.0172  0.0170  0.0168  0.0170  0.0169  0.0167  0.0170  0.0174  0.0168  0.0169  0.0167  0.0168
  0.0180  0.0175  0.0172  0.0181  0.0177  0.0175  0.0177  0.0184  0.0173  0.0176  0.0169  0.0171
niter,ni,del,rscale     3    3    5.0000    0.6000
parameters
   -2.6707   17.4773    4.7357   -9.0073   -5.6669   -3.1747
    4.4538    5.3262   -4.3011   21.6826   -6.2857  -22.1519
eta,q 0.98353 10.38280
  0.0176  0.0172  0.0170  0.0177  0.0174  0.0172  0.0174  0.0180  0.0171  0.0173  0.0168  0.0169
  0.0170  0.0168  0.0167  0.0172  0.0169  0.0168  0.0169  0.0171  0.0167  0.0169  0.0166  0.0167
  0.0166  0.0166  0.0166  0.0168  0.0166  0.0166  0.0166  0.0166  0.0165  0.0166  0.0165  0.0165
  0.0165  0.0165  0.0165  0.0165  0.0165  0.0165  0.0165  0.0165  0.0165  0.0165  0.0165  0.0165
  0.0166  0.0166  0.0166  0.0165  0.0165  0.0165  0.0166  0.0166  0.0165  0.0165  0.0165  0.0165
  0.0170  0.0169  0.0167  0.0169  0.0168  0.0166  0.0169  0.0171  0.0167  0.0168  0.0166  0.0167
  0.0176  0.0173  0.0170  0.0177  0.0174  0.0171  0.0174  0.0179  0.0170  0.0173  0.0168  0.0170
niter,ni,del,rscale     2    3    5.0000    0.5000
parameters
   -2.6785   17.4664    4.7309   -8.8589   -5.6487   -3.0356
    4.4693    5.3292   -4.2977   21.7450   -6.2245  -22.1820
eta,q 0.98354 10.39168
  0.0173  0.0170  0.0168  0.0174  0.0171  0.0169  0.0171  0.0175  0.0169  0.0170  0.0167  0.0168
  0.0168  0.0167  0.0166  0.0170  0.0168  0.0167  0.0167  0.0169  0.0166  0.0167  0.0166  0.0166
  0.0166  0.0165  0.0165  0.0167  0.0166  0.0165  0.0165  0.0166  0.0165  0.0165  0.0165  0.0165
  0.0165  0.0165  0.0165  0.0165  0.0165  0.0165  0.0165  0.0165  0.0165  0.0165  0.0165  0.0165
  0.0166  0.0165  0.0165  0.0165  0.0165  0.0165  0.0165  0.0166  0.0165  0.0165  0.0165  0.0165
  0.0168  0.0167  0.0166  0.0168  0.0167  0.0166  0.0167  0.0169  0.0166  0.0167  0.0165  0.0166
  0.0173  0.0170  0.0168  0.0174  0.0171  0.0169  0.0171  0.0175  0.0169  0.0170  0.0167  0.0168
niter,ni,del,rscale     1    3    5.0000    0.4000
parameters
   -2.6863   17.4583    4.7224   -8.7509   -5.6315   -2.9446
    4.4867    5.3326   -4.2893   21.7938   -6.1767  -22.1918
eta,q 0.98356 10.39791
  0.0170  0.0168  0.0167  0.0171  0.0169  0.0167  0.0168  0.0171  0.0167  0.0168  0.0166  0.0167
  0.0167  0.0166  0.0166  0.0168  0.0166  0.0166  0.0166  0.0167  0.0166  0.0166  0.0165  0.0165
  0.0165  0.0165  0.0165  0.0166  0.0165  0.0165  0.0165  0.0165  0.0165  0.0165  0.0165  0.0165
  0.0165  0.0165  0.0165  0.0165  0.0164  0.0164  0.0164  0.0165  0.0165  0.0164  0.0164  0.0164
  0.0165  0.0165  0.0165  0.0165  0.0165  0.0165  0.0165  0.0165  0.0165  0.0165  0.0165  0.0165
  0.0167  0.0166  0.0166  0.0167  0.0166  0.0165  0.0166  0.0168  0.0166  0.0166  0.0165  0.0165
  0.0170  0.0168  0.0167  0.0170  0.0169  0.0167  0.0168  0.0171  0.0167  0.0168  0.0166  0.0167
registration optimization eta report
parameter search radius
    0.8000    0.8000    0.8000    2.4000    2.4000    2.4000
    2.4000    2.4000    2.4000    2.4000    2.4000    2.4000
100000*second partial in parameter space
       80.       53.       36.       11.        7.        5.
        7.       12.        5.        6.        3.        4.
  0.0170  0.0168  0.0167  0.0171  0.0169  0.0167  0.0168  0.0171  0.0167  0.0168  0.0166  0.0167
  0.0167  0.0166  0.0166  0.0168  0.0166  0.0166  0.0166  0.0167  0.0166  0.0166  0.0165  0.0165
  0.0165  0.0165  0.0165  0.0166  0.0165  0.0165  0.0165  0.0165  0.0165  0.0165  0.0165  0.0165
  0.0165  0.0165  0.0165  0.0165  0.0164  0.0164  0.0164  0.0165  0.0165  0.0164  0.0164  0.0164
  0.0165  0.0165  0.0165  0.0165  0.0165  0.0165  0.0165  0.0165  0.0165  0.0165  0.0165  0.0165
  0.0167  0.0166  0.0166  0.0167  0.0166  0.0165  0.0166  0.0168  0.0166  0.0166  0.0165  0.0165
  0.0170  0.0168  0.0167  0.0170  0.0169  0.0167  0.0168  0.0171  0.0167  0.0168  0.0166  0.0167
   -2.6863   17.4583    4.7224   -8.7509   -5.6315   -2.9446
    4.4867    5.3326   -4.2893   21.7938   -6.1767  -22.1918
eta,q 0.98356 10.39791

---------------------------------------------------------------------
compute_vox2vox talsrcimg talsrcimg_to_711-2C_as_mni_average_305_t4 /opt/freesurfer/average/711-2C_as_mni_average_305
---------------------------------------------------------------------

freesurfer compute_vox2vox.c
Reading: talsrcimg.4dfp.ifh
Reading: talsrcimg_to_711-2C_as_mni_average_305_t4
Reading: /opt/freesurfer/average/711-2C_as_mni_average_305.4dfp.ifh
Writing: talsrcimg_to_711-2C_as_mni_average_305_t4_vox2vox.txt

start time Tue Mar 10 05:40:32 CET 2026
end		time Tue Mar 10 05:41:59 CET 2026

mpr2mni305 success

avi2talxfm orig_nu.mgz /opt/freesurfer/average/mni305.cor.mgz talsrcimg_to_711-2C_as_mni_average_305_t4_vox2vox.txt transforms/talairach.auto.xfm
avi2talxfm done
mv -f /out/sourcedata/freesurfer/sub-v1s6x0051364_ses-1/mri/talsrcimg_to_711-2C_as_mni_average_305_t4_vox2vox.txt /out/sourcedata/freesurfer/sub-v1s6x0051364_ses-1/mri/transforms/talsrcimg_to_711-2C_as_mni_average_305_t4_vox2vox.txt
lta_convert --src orig_nu.mgz --trg /opt/freesurfer/average/mni305.cor.mgz --inxfm transforms/talairach.auto.xfm --outlta transforms/talairach.auto.xfm.lta --subject fsaverage
7.3.2

--src: orig_nu.mgz src image (geometry).
--trg: /opt/freesurfer/average/mni305.cor.mgz trg image (geometry).
--inmni: transforms/talairach.auto.xfm input MNI/XFM transform.
--outlta: transforms/talairach.auto.xfm.lta output LTA.
--s: fsaverage subject name
 LTA read, type : 1
 1.08986  -0.04583  -0.06259   0.66644;
 0.07664   0.97544   0.22574  -7.71722;
 0.03184  -0.22735   1.00470  -2.17294;
 0.00000   0.00000   0.00000   1.00000;
setting subject to fsaverage
Writing  LTA to file transforms/talairach.auto.xfm.lta...
lta_convert successful.
 
 
Started at Tue Mar 10 05:40:32 CET 2026
Ended   at Tue Mar 10 05:41:59 CET 2026
talairach_avi done
