/out/sourcedata/freesurfer/sub-v1s6x0051606_ses-1/mri
/opt/freesurfer/bin/talairach_avi
--i orig_nu.mgz --xfm transforms/talairach.auto.xfm
talairach_avi 7.3.2
Linux dna069 5.14.0-427.37.1.el9_4.x86_64 #1 SMP PREEMPT_DYNAMIC Fri Sep 13 12:41:50 EDT 2024 x86_64 x86_64 x86_64 GNU/Linux
Tue Mar 10 06:09:14 CET 2026
mri_convert orig_nu.mgz talsrcimg.img 
reading from orig_nu.mgz...
TR=0.00, TE=0.00, TI=0.00, flip angle=0.00
i_ras = (-1, 0, 0)
j_ras = (0, 0, -1)
k_ras = (0, 1, 0)
writing to talsrcimg.img...
Analyze Output Matrix
-1.00000   0.00000   0.00000   131.53391;
 0.00000   0.00000   1.00000  -133.42374;
 0.00000  -1.00000   0.00000   117.79660;
 0.00000   0.00000   0.00000   1.00000;
--------------------
INFO: set hdr.hist.orient to -1
mpr2mni305 talsrcimg
Tue Mar 10 06:09:15 CET 2026
/opt/freesurfer/bin/mpr2mni305 talsrcimg
mpr2mni305 7.3.2
target=711-2C_as_mni_average_305

---------------------------------------------------------------------
analyzeto4dfp talsrcimg -O0 -y
---------------------------------------------------------------------

freesurfer ifh2hdr.c
Tue Mar 10 06:09:15 2026
Writing: talsrcimg.4dfp.hdr
freesurfer analyzeto4dfp.c
Reading: talsrcimg.hdr
header size 348 bytes
hdr.dime.datatype	offset=70	value=2
hdr.dime.bitpix		offset=72	value=8
hdr.hist.orient		offset=252	value=-1
dimensionality     4
dimensions       256       256       256         1
Reading: talsrcimg.img
Writing: talsrcimg.4dfp.img
Writing: talsrcimg.4dfp.ifh
ifh2hdr talsrcimg -r0to205
ori=2

---------------------------------------------------------------------
gauss_4dfp talsrcimg 1.1
---------------------------------------------------------------------

freesurfer gauss_4dfp.c
Reading: talsrcimg.4dfp.img
Writing: talsrcimg_g11.4dfp.img
image dimensions 256 256 256 padded to 288 288 288
processing volume 1freesurfer ifh2hdr.c
Tue Mar 10 06:09:16 2026
Writing: talsrcimg_g11.4dfp.hdr

Writing: talsrcimg_g11.4dfp.ifh
including: talsrcimg.4dfp.img.rec in talsrcimg_g11.4dfp.img.rec

---------------------------------------------------------------------
imgreg_4dfp /opt/freesurfer/average/711-2C_as_mni_average_305 none talsrcimg_g11 none talsrcimg_to_711-2C_as_mni_average_305_t4 4355
---------------------------------------------------------------------

freesurfer imgreg_4dfp.c
/opt/freesurfer/average/711-2C_as_mni_average_305.4dfp.img
       256       256       256         1
  1.000000  1.000000  1.000000
orientation T byte_order littleendian
Reading image: /opt/freesurfer/average/711-2C_as_mni_average_305.4dfp.img
dimensions:      256       256       256
mmppix:       1.0000   -1.0000   -1.0000
center:     128.0000 -129.0000 -129.0000
talsrcimg_g11.4dfp.img
       256       256       256         1
  1.000000  1.000000  1.000000
orientation T byte_order littleendian
Reading image: talsrcimg_g11.4dfp.img
dimensions:      256       256       256
mmppix:       1.0000   -1.0000   -1.0000
center:     128.0000 -129.0000 -129.0000
t4_read: open error in t4_sub.f l:  41 t4_file(1:l)talsrcimg_to_711-2C_as_mni_average_305_t4 
t4_read: transform initialized to I4
rotation matrix determinant  1.000000
image alignment mode   4355 decimal     1103 hex
   -7.5000  -45.0000  -45.0000 6719.5029   19.3821
    0.0000  -45.0000  -45.0000 6967.6606   19.4228
    7.5000  -45.0000  -45.0000 6663.5547   19.4382
   -7.5000  -37.5000  -45.0000 7263.6084   18.9513
    0.0000  -37.5000  -45.0000 7513.5674   18.9870
    7.5000  -37.5000  -45.0000 7197.8545   19.0070
   -7.5000  -30.0000  -45.0000 8102.9678   18.6473
    0.0000  -30.0000  -45.0000 8402.8945   18.6751
    7.5000  -30.0000  -45.0000 8048.7456   18.6979
   -7.5000  -22.5000  -45.0000 9024.0693   18.5246
    0.0000  -22.5000  -45.0000 9364.0928   18.5471
    7.5000  -22.5000  -45.0000 8937.7129   18.5704
   -7.5000  -15.0000  -45.0000 9926.2871   18.4326
    0.0000  -15.0000  -45.000010297.3447   18.4569
    7.5000  -15.0000  -45.0000 9820.9990   18.4754
   -7.5000   -7.5000  -45.000010808.0918   18.3516
    0.0000   -7.5000  -45.000011223.1582   18.3838
    7.5000   -7.5000  -45.000010718.5479   18.3986
   -7.5000    0.0000  -45.000011647.5684   18.3277
    0.0000    0.0000  -45.000012099.3691   18.3660
    7.5000    0.0000  -45.000011588.2363   18.3816
   -7.5000    7.5000  -45.000011616.1562   18.3531
    0.0000    7.5000  -45.000012080.2578   18.3889
    7.5000    7.5000  -45.000011564.5068   18.4079
   -7.5000   15.0000  -45.000011413.7607   18.3863
    0.0000   15.0000  -45.000011907.9824   18.4143
    7.5000   15.0000  -45.000011350.7803   18.4369
   -7.5000   22.5000  -45.000011010.0430   18.3937
    0.0000   22.5000  -45.000011472.8428   18.4160
    7.5000   22.5000  -45.000010923.3408   18.4387
   -7.5000   30.0000  -45.000010521.3711   18.1329
    0.0000   30.0000  -45.000010913.8018   18.1567
    7.5000   30.0000  -45.000010390.5723   18.1749
   -7.5000   37.5000  -45.000010352.2852   18.0959
    0.0000   37.5000  -45.000010728.2471   18.1277
    7.5000   37.5000  -45.000010204.2510   18.1423
   -7.5000   45.0000  -45.0000 9807.6982   17.6243
    0.0000   45.0000  -45.000010164.4814   17.6611
    7.5000   45.0000  -45.0000 9622.4922   17.6761
   -7.5000  -45.0000  -37.5000 7045.5869   19.3655
    0.0000  -45.0000  -37.5000 7309.3413   19.4113
    7.5000  -45.0000  -37.5000 7001.7505   19.4360
   -7.5000  -37.5000  -37.5000 7602.7427   18.9373
    0.0000  -37.5000  -37.5000 7887.9287   18.9738
    7.5000  -37.5000  -37.5000 7549.5732   19.0034
   -7.5000  -30.0000  -37.5000 8497.2959   18.6364
    0.0000  -30.0000  -37.5000 8830.5039   18.6624
    7.5000  -30.0000  -37.5000 8431.1357   18.6932
   -7.5000  -22.5000  -37.5000 9474.7383   18.5122
    0.0000  -22.5000  -37.5000 9855.6768   18.5352
    7.5000  -22.5000  -37.5000 9397.3779   18.5643
   -7.5000  -15.0000  -37.500010406.9805   18.4168
    0.0000  -15.0000  -37.500010822.2578   18.4457
    7.5000  -15.0000  -37.500010316.7334   18.4694
   -7.5000   -7.5000  -37.500011322.4814   18.3333
    0.0000   -7.5000  -37.500011767.3027   18.3722
    7.5000   -7.5000  -37.500011220.6240   18.3940
   -7.5000    0.0000  -37.500012191.3115   18.3104
    0.0000    0.0000  -37.500012708.4365   18.3536
    7.5000    0.0000  -37.500012120.5146   18.3781
   -7.5000    7.5000  -37.500012187.1904   18.3398
    0.0000    7.5000  -37.500012695.3096   18.3763
    7.5000    7.5000  -37.500012108.3838   18.4044
   -7.5000   15.0000  -37.500011985.2139   18.3757
    0.0000   15.0000  -37.500012537.8066   18.4018
    7.5000   15.0000  -37.500011928.3516   18.4323
   -7.5000   22.5000  -37.500011575.5576   18.3814
    0.0000   22.5000  -37.500012120.1807   18.4041
    7.5000   22.5000  -37.500011524.9902   18.4327
   -7.5000   30.0000  -37.500010992.6426   18.1173
    0.0000   30.0000  -37.500011495.6650   18.1457
    7.5000   30.0000  -37.500010925.3818   18.1688
   -7.5000   37.5000  -37.500010809.2266   18.0779
    0.0000   37.5000  -37.500011272.2559   18.1162
    7.5000   37.5000  -37.500010683.3135   18.1377
   -7.5000   45.0000  -37.500010235.1611   17.6077
    0.0000   45.0000  -37.500010653.7490   17.6492
    7.5000   45.0000  -37.500010062.4189   17.6728
   -7.5000  -45.0000  -30.0000 7461.3823   20.2081
    0.0000  -45.0000  -30.0000 7732.6133   20.2538
    7.5000  -45.0000  -30.0000 7397.9692   20.2812
   -7.5000  -37.5000  -30.0000 8096.1973   19.7658
    0.0000  -37.5000  -30.0000 8401.1650   19.8020
    7.5000  -37.5000  -30.0000 8021.7368   19.8338
   -7.5000  -30.0000  -30.0000 9065.3672   19.4527
    0.0000  -30.0000  -30.0000 9440.7002   19.4766
    7.5000  -30.0000  -30.0000 8996.3799   19.5084
   -7.5000  -22.5000  -30.000010108.4248   19.3150
    0.0000  -22.5000  -30.000010538.9033   19.3349
    7.5000  -22.5000  -30.000010046.8887   19.3647
   -7.5000  -15.0000  -30.000011087.5557   19.2074
    0.0000  -15.0000  -30.000011538.3506   19.2337
    7.5000  -15.0000  -30.000011011.7324   19.2583
   -7.5000   -7.5000  -30.000012046.3525   19.1206
    0.0000   -7.5000  -30.000012544.5801   19.1585
    7.5000   -7.5000  -30.000011960.3779   19.1824
   -7.5000    0.0000  -30.000012954.0801   19.1027
    0.0000    0.0000  -30.000013532.7412   19.1462
    7.5000    0.0000  -30.000012898.7607   19.1737
   -7.5000    7.5000  -30.000012959.2725   19.1408
    0.0000    7.5000  -30.000013533.3965   19.1769
    7.5000    7.5000  -30.000012906.7100   19.2071
   -7.5000   15.0000  -30.000012741.4248   19.1800
    0.0000   15.0000  -30.000013352.2676   19.2041
    7.5000   15.0000  -30.000012702.7637   19.2356
   -7.5000   22.5000  -30.000012294.0029   19.1763
    0.0000   22.5000  -30.000012911.8613   19.1959
    7.5000   22.5000  -30.000012285.7715   19.2252
   -7.5000   30.0000  -30.000011649.3994   18.8968
    0.0000   30.0000  -30.000012245.6660   18.9225
    7.5000   30.0000  -30.000011628.6963   18.9466
   -7.5000   37.5000  -30.000011426.2002   18.8560
    0.0000   37.5000  -30.000011992.5342   18.8934
    7.5000   37.5000  -30.000011340.8232   18.9170
   -7.5000   45.0000  -30.000010815.2188   18.3831
    0.0000   45.0000  -30.000011346.3887   18.4249
    7.5000   45.0000  -30.000010707.5156   18.4514
   -7.5000  -45.0000  -22.5000 7880.6021   20.9397
    0.0000  -45.0000  -22.5000 8184.4746   20.9776
    7.5000  -45.0000  -22.5000 7829.8701   20.9957
   -7.5000  -37.5000  -22.5000 8588.4336   20.4835
    0.0000  -37.5000  -22.5000 8940.0576   20.5167
    7.5000  -37.5000  -22.5000 8540.7119   20.5386
   -7.5000  -30.0000  -22.5000 9647.0166   20.1577
    0.0000  -30.0000  -22.500010049.5654   20.1803
    7.5000  -30.0000  -22.5000 9600.0537   20.2026
   -7.5000  -22.5000  -22.500010772.5830   20.0099
    0.0000  -22.5000  -22.500011211.1328   20.0252
    7.5000  -22.5000  -22.500010717.7715   20.0473
   -7.5000  -15.0000  -22.500011801.5859   19.8945
    0.0000  -15.0000  -22.500012300.0195   19.9118
    7.5000  -15.0000  -22.500011749.0635   19.9295
   -7.5000   -7.5000  -22.500012796.8857   19.8066
    0.0000   -7.5000  -22.500013356.3125   19.8348
    7.5000   -7.5000  -22.500012760.2295   19.8511
   -7.5000    0.0000  -22.500013753.3340   19.7921
    0.0000    0.0000  -22.500014388.7090   19.8289
    7.5000    0.0000  -22.500013731.3691   19.8478
   -7.5000    7.5000  -22.500013724.2646   19.8342
    0.0000    7.5000  -22.500014351.0225   19.8677
    7.5000    7.5000  -22.500013683.7559   19.8885
   -7.5000   15.0000  -22.500013480.1475   19.8745
    0.0000   15.0000  -22.500014106.5439   19.8975
    7.5000   15.0000  -22.500013454.1670   19.9197
   -7.5000   22.5000  -22.500013010.3174   19.8646
    0.0000   22.5000  -22.500013640.9072   19.8796
    7.5000   22.5000  -22.500013018.6611   19.9013
   -7.5000   30.0000  -22.500012327.8535   19.5757
    0.0000   30.0000  -22.500012977.2129   19.5926
    7.5000   30.0000  -22.500012342.1787   19.6099
   -7.5000   37.5000  -22.500012074.2002   19.5354
    0.0000   37.5000  -22.500012716.6221   19.5633
    7.5000   37.5000  -22.500012056.1445   19.5794
   -7.5000   45.0000  -22.500011416.8926   19.0608
    0.0000   45.0000  -22.500012014.8018   19.0962
    7.5000   45.0000  -22.500011369.7812   19.1144
   -7.5000  -45.0000  -15.0000 8309.5928   21.4533
    0.0000  -45.0000  -15.0000 8647.5166   21.4870
    7.5000  -45.0000  -15.0000 8282.2539   21.4943
   -7.5000  -37.5000  -15.0000 9094.2949   20.9840
    0.0000  -37.5000  -15.0000 9494.2656   21.0171
    7.5000  -37.5000  -15.0000 9060.7578   21.0280
   -7.5000  -30.0000  -15.000010225.7812   20.6467
    0.0000  -30.0000  -15.000010662.8838   20.6712
    7.5000  -30.0000  -15.000010192.5879   20.6844
   -7.5000  -22.5000  -15.000011421.1709   20.4961
    0.0000  -22.5000  -15.000011876.5537   20.5106
    7.5000  -22.5000  -15.000011371.0352   20.5258
   -7.5000  -15.0000  -15.000012496.4150   20.3816
    0.0000  -15.0000  -15.000013032.3584   20.3939
    7.5000  -15.0000  -15.000012494.5488   20.4053
   -7.5000   -7.5000  -15.000013535.9395   20.2947
    0.0000   -7.5000  -15.000014162.4277   20.3169
    7.5000   -7.5000  -15.000013594.9717   20.3246
   -7.5000    0.0000  -15.000014508.5156   20.2793
    0.0000    0.0000  -15.000015188.1201   20.3123
    7.5000    0.0000  -15.000014558.9463   20.3208
   -7.5000    7.5000  -15.000014384.1582   20.3186
    0.0000    7.5000  -15.000015053.4912   20.3522
    7.5000    7.5000  -15.000014433.2217   20.3626
   -7.5000   15.0000  -15.000014131.1367   20.3566
    0.0000   15.0000  -15.000014763.5137   20.3816
    7.5000   15.0000  -15.000014161.1172   20.3949
   -7.5000   22.5000  -15.000013699.1162   20.3463
    0.0000   22.5000  -15.000014313.9482   20.3606
    7.5000   22.5000  -15.000013749.7412   20.3755
   -7.5000   30.0000  -15.000013014.4902   20.0578
    0.0000   30.0000  -15.000013646.3877   20.0699
    7.5000   30.0000  -15.000013102.7227   20.0810
   -7.5000   37.5000  -15.000012714.2334   20.0197
    0.0000   37.5000  -15.000013349.8301   20.0416
    7.5000   37.5000  -15.000012795.3379   20.0492
   -7.5000   45.0000  -15.000011979.3525   19.5418
    0.0000   45.0000  -15.000012566.0195   19.5736
    7.5000   45.0000  -15.000012022.5703   19.5818
   -7.5000  -45.0000   -7.5000 8767.6182   21.6735
    0.0000  -45.0000   -7.5000 9136.2959   21.7115
    7.5000  -45.0000   -7.5000 8771.1055   21.7193
   -7.5000  -37.5000   -7.5000 9599.3379   21.1950
    0.0000  -37.5000   -7.500010017.2334   21.2319
    7.5000  -37.5000   -7.5000 9575.1855   21.2438
   -7.5000  -30.0000   -7.500010778.8184   20.8526
    0.0000  -30.0000   -7.500011236.5898   20.8819
    7.5000  -30.0000   -7.500010757.4502   20.8973
   -7.5000  -22.5000   -7.500012043.8545   20.7075
    0.0000  -22.5000   -7.500012538.9844   20.7275
    7.5000  -22.5000   -7.500012003.7393   20.7454
   -7.5000  -15.0000   -7.500013205.2842   20.5997
    0.0000  -15.0000   -7.500013762.4375   20.6176
    7.5000  -15.0000   -7.500013209.2539   20.6314
   -7.5000   -7.5000   -7.500014297.2920   20.5128
    0.0000   -7.5000   -7.500014930.3916   20.5392
    7.5000   -7.5000   -7.500014350.2188   20.5481
   -7.5000    0.0000   -7.500015358.3760   20.4921
    0.0000    0.0000   -7.500016041.4082   20.5285
    7.5000    0.0000   -7.500015401.0771   20.5371
   -7.5000    7.5000   -7.500015178.9131   20.5244
    0.0000    7.5000   -7.500015835.7578   20.5618
    7.5000    7.5000   -7.500015194.5488   20.5731
   -7.5000   15.0000   -7.500014873.3506   20.5603
    0.0000   15.0000   -7.500015475.4629   20.5898
    7.5000   15.0000   -7.500014909.5068   20.6054
   -7.5000   22.5000   -7.500014436.1074   20.5542
    0.0000   22.5000   -7.500014999.0078   20.5740
    7.5000   22.5000   -7.500014506.0684   20.5916
   -7.5000   30.0000   -7.500013731.7559   20.2721
    0.0000   30.0000   -7.500014328.9102   20.2896
    7.5000   30.0000   -7.500013880.0996   20.3031
   -7.5000   37.5000   -7.500013414.6816   20.2343
    0.0000   37.5000   -7.500014023.9346   20.2604
    7.5000   37.5000   -7.500013586.8262   20.2692
   -7.5000   45.0000   -7.500012612.8281   19.7505
    0.0000   45.0000   -7.500013176.4404   19.7856
    7.5000   45.0000   -7.500012718.8525   19.7939
   -7.5000  -45.0000    0.0000 9142.8975   21.6768
    0.0000  -45.0000    0.0000 9549.2607   21.7224
    7.5000  -45.0000    0.0000 9168.4600   21.7398
   -7.5000  -37.5000    0.000010011.6865   21.1954
    0.0000  -37.5000    0.000010416.5527   21.2354
    7.5000  -37.5000    0.0000 9969.7422   21.2579
   -7.5000  -30.0000    0.000011254.1836   20.8556
    0.0000  -30.0000    0.000011694.4863   20.8868
    7.5000  -30.0000    0.000011196.8154   20.9125
   -7.5000  -22.5000    0.000012550.5635   20.7185
    0.0000  -22.5000    0.000013051.6553   20.7438
    7.5000  -22.5000    0.000012501.1934   20.7699
   -7.5000  -15.0000    0.000013784.8105   20.6155
    0.0000  -15.0000    0.000014338.4023   20.6428
    7.5000  -15.0000    0.000013745.0117   20.6637
   -7.5000   -7.5000    0.000014935.5508   20.5249
    0.0000   -7.5000    0.000015548.1768   20.5611
    7.5000   -7.5000    0.000014913.6348   20.5777
   -7.5000    0.0000    0.000016078.6279   20.4982
    0.0000    0.0000    0.000016750.9453   20.5412
    7.5000    0.0000    0.000016015.3350   20.5587
   -7.5000    7.5000    0.000015984.4785   20.5267
    0.0000    7.5000    0.000016643.9707   20.5669
    7.5000    7.5000    0.000015905.1455   20.5882
   -7.5000   15.0000    0.000015635.5176   20.5639
    0.0000   15.0000    0.000016220.7344   20.5953
    7.5000   15.0000    0.000015639.3311   20.6208
   -7.5000   22.5000    0.000015182.5322   20.5655
    0.0000   22.5000    0.000015668.9707   20.5905
    7.5000   22.5000    0.000015254.1455   20.6161
   -7.5000   30.0000    0.000014458.7285   20.2883
    0.0000   30.0000    0.000014974.4658   20.3151
    7.5000   30.0000    0.000014582.3955   20.3355
   -7.5000   37.5000    0.000014174.3760   20.2468
    0.0000   37.5000    0.000014709.9531   20.2826
    7.5000   37.5000    0.000014268.7490   20.2990
   -7.5000   45.0000    0.000013323.4141   19.7579
    0.0000   45.0000    0.000013842.3066   19.7994
    7.5000   45.0000    0.000013337.0352   19.8162
   -7.5000  -45.0000    7.5000 8799.1152   21.6705
    0.0000  -45.0000    7.5000 9176.3564   21.7218
    7.5000  -45.0000    7.5000 8794.8613   21.7494
   -7.5000  -37.5000    7.5000 9618.9170   21.1913
    0.0000  -37.5000    7.500010002.3389   21.2321
    7.5000  -37.5000    7.5000 9568.0928   21.2653
   -7.5000  -30.0000    7.500010827.6660   20.8547
    0.0000  -30.0000    7.500011257.1611   20.8837
    7.5000  -30.0000    7.500010759.2109   20.9182
   -7.5000  -22.5000    7.500012064.0850   20.7157
    0.0000  -22.5000    7.500012577.2090   20.7414
    7.5000  -22.5000    7.500012028.8750   20.7740
   -7.5000  -15.0000    7.500013260.2734   20.6089
    0.0000  -15.0000    7.500013817.5469   20.6412
    7.5000  -15.0000    7.500013225.2412   20.6677
   -7.5000   -7.5000    7.500014375.8184   20.5154
    0.0000   -7.5000    7.500014935.5615   20.5590
    7.5000   -7.5000    7.500014349.8496   20.5833
   -7.5000    0.0000    7.500015492.2891   20.4899
    0.0000    0.0000    7.500016037.4355   20.5382
    7.5000    0.0000    7.500015396.1572   20.5656
   -7.5000    7.5000    7.500015582.2021   20.5228
    0.0000    7.5000    7.500016169.2959   20.5636
    7.5000    7.5000    7.500015413.3584   20.5950
   -7.5000   15.0000    7.500015416.9873   20.5629
    0.0000   15.0000    7.500015872.7285   20.5921
    7.5000   15.0000    7.500015277.0508   20.6262
   -7.5000   22.5000    7.500014872.8887   20.5627
    0.0000   22.5000    7.500015203.7178   20.5880
    7.5000   22.5000    7.500014734.8545   20.6200
   -7.5000   30.0000    7.500014121.2246   20.2817
    0.0000   30.0000    7.500014482.5215   20.3134
    7.5000   30.0000    7.500013997.9561   20.3393
   -7.5000   37.5000    7.500013817.2822   20.2375
    0.0000   37.5000    7.500014215.4023   20.2805
    7.5000   37.5000    7.500013676.9424   20.3045
   -7.5000   45.0000    7.500012947.1533   19.7499
    0.0000   45.0000    7.500013347.5723   19.7964
    7.5000   45.0000    7.500012790.7246   19.8229
   -7.5000  -45.0000   15.0000 8373.9805   21.7031
    0.0000  -45.0000   15.0000 8727.2227   21.7521
    7.5000  -45.0000   15.0000 8324.6855   21.7816
   -7.5000  -37.5000   15.0000 9157.5859   21.2280
    0.0000  -37.5000   15.0000 9517.6016   21.2668
    7.5000  -37.5000   15.0000 9102.8154   21.3011
   -7.5000  -30.0000   15.000010274.6162   20.8917
    0.0000  -30.0000   15.000010691.5811   20.9174
    7.5000  -30.0000   15.000010227.3164   20.9516
   -7.5000  -22.5000   15.000011448.2197   20.7438
    0.0000  -22.5000   15.000011933.1641   20.7652
    7.5000  -22.5000   15.000011427.2070   20.7972
   -7.5000  -15.0000   15.000012570.2686   20.6283
    0.0000  -15.0000   15.000013091.9912   20.6564
    7.5000  -15.0000   15.000012536.0869   20.6828
   -7.5000   -7.5000   15.000013672.6318   20.5350
    0.0000   -7.5000   15.000014158.3252   20.5757
    7.5000   -7.5000   15.000013604.4316   20.6013
   -7.5000    0.0000   15.000014796.7686   20.5158
    0.0000    0.0000   15.000015208.6533   20.5625
    7.5000    0.0000   15.000014613.4941   20.5920
   -7.5000    7.5000   15.000014944.0537   20.5567
    0.0000    7.5000   15.000015390.0879   20.5954
    7.5000    7.5000   15.000014698.8535   20.6279
   -7.5000   15.0000   15.000014823.6270   20.5988
    0.0000   15.0000   15.000015245.7422   20.6247
    7.5000   15.0000   15.000014550.9648   20.6585
   -7.5000   22.5000   15.000014330.5645   20.5903
    0.0000   22.5000   15.000014770.7988   20.6114
    7.5000   22.5000   15.000014080.3447   20.6427
   -7.5000   30.0000   15.000013556.5547   20.3006
    0.0000   30.0000   15.000014037.6953   20.3282
    7.5000   30.0000   15.000013349.4521   20.3541
   -7.5000   37.5000   15.000013192.2383   20.2567
    0.0000   37.5000   15.000013656.0254   20.2969
    7.5000   37.5000   15.000013003.7510   20.3223
   -7.5000   45.0000   15.000012330.0830   19.7749
    0.0000   45.0000   15.000012756.9736   19.8199
    7.5000   45.0000   15.000012154.0469   19.8484
   -7.5000  -45.0000   22.5000 7857.2207   21.7834
    0.0000  -45.0000   22.5000 8143.4180   21.8228
    7.5000  -45.0000   22.5000 7775.4570   21.8419
   -7.5000  -37.5000   22.5000 8621.3428   21.3090
    0.0000  -37.5000   22.5000 8942.0830   21.3437
    7.5000  -37.5000   22.5000 8553.2021   21.3665
   -7.5000  -30.0000   22.5000 9689.2949   20.9694
    0.0000  -30.0000   22.500010063.5693   20.9929
    7.5000  -30.0000   22.5000 9623.0273   21.0163
   -7.5000  -22.5000   22.500010826.7871   20.8153
    0.0000  -22.5000   22.500011242.6816   20.8312
    7.5000  -22.5000   22.500010733.7617   20.8544
   -7.5000  -15.0000   22.500011908.6064   20.6949
    0.0000  -15.0000   22.500012355.1943   20.7129
    7.5000  -15.0000   22.500011789.7539   20.7315
   -7.5000   -7.5000   22.500013020.8535   20.6032
    0.0000   -7.5000   22.500013443.8115   20.6327
    7.5000   -7.5000   22.500012863.1758   20.6497
   -7.5000    0.0000   22.500014105.9180   20.5882
    0.0000    0.0000   22.500014533.7051   20.6266
    7.5000    0.0000   22.500013924.5508   20.6463
   -7.5000    7.5000   22.500014135.0010   20.6322
    0.0000    7.5000   22.500014566.2207   20.6670
    7.5000    7.5000   22.500013944.2354   20.6888
   -7.5000   15.0000   22.500013887.3291   20.6742
    0.0000   15.0000   22.500014270.2607   20.6981
    7.5000   15.0000   22.500013690.8867   20.7214
   -7.5000   22.5000   22.500013392.5303   20.6606
    0.0000   22.5000   22.500013822.0088   20.6763
    7.5000   22.5000   22.500013240.8428   20.6991
   -7.5000   30.0000   22.500012724.6943   20.3660
    0.0000   30.0000   22.500013187.4844   20.3837
    7.5000   30.0000   22.500012608.1572   20.4018
   -7.5000   37.5000   22.500012430.0420   20.3240
    0.0000   37.5000   22.500012874.1299   20.3531
    7.5000   37.5000   22.500012311.4307   20.3700
   -7.5000   45.0000   22.500011674.9033   19.8447
    0.0000   45.0000   22.500012043.5029   19.8816
    7.5000   45.0000   22.500011534.2822   19.9007
   -7.5000  -45.0000   30.0000 7267.7427   21.8784
    0.0000  -45.0000   30.0000 7518.4580   21.9128
    7.5000  -45.0000   30.0000 7179.2129   21.9204
   -7.5000  -37.5000   30.0000 8004.4121   21.4001
    0.0000  -37.5000   30.0000 8302.2822   21.4339
    7.5000  -37.5000   30.0000 7929.4390   21.4451
   -7.5000  -30.0000   30.0000 9011.9014   21.0541
    0.0000  -30.0000   30.0000 9381.0898   21.0791
    7.5000  -30.0000   30.0000 8945.3916   21.0926
   -7.5000  -22.5000   30.000010089.1729   20.8997
    0.0000  -22.5000   30.000010506.9307   20.9143
    7.5000  -22.5000   30.000010013.6416   20.9300
   -7.5000  -15.0000   30.000011137.8271   20.7822
    0.0000  -15.0000   30.000011593.1318   20.7946
    7.5000  -15.0000   30.000011053.5449   20.8064
   -7.5000   -7.5000   30.000012155.7666   20.6931
    0.0000   -7.5000   30.000012644.1963   20.7157
    7.5000   -7.5000   30.000012064.3330   20.7237
   -7.5000    0.0000   30.000013114.1924   20.6774
    0.0000    0.0000   30.000013653.8848   20.7111
    7.5000    0.0000   30.000013028.3848   20.7199
   -7.5000    7.5000   30.000013060.3701   20.7176
    0.0000    7.5000   30.000013598.9502   20.7520
    7.5000    7.5000   30.000012967.6445   20.7627
   -7.5000   15.0000   30.000012762.0352   20.7566
    0.0000   15.0000   30.000013264.0020   20.7820
    7.5000   15.0000   30.000012662.1279   20.7958
   -7.5000   22.5000   30.000012283.0498   20.7438
    0.0000   22.5000   30.000012801.0391   20.7583
    7.5000   22.5000   30.000012222.5322   20.7736
   -7.5000   30.0000   30.000011679.7842   20.4517
    0.0000   30.0000   30.000012160.4336   20.4639
    7.5000   30.0000   30.000011627.0156   20.4754
   -7.5000   37.5000   30.000011461.1748   20.4127
    0.0000   37.5000   30.000011898.4014   20.4349
    7.5000   37.5000   30.000011388.1592   20.4429
   -7.5000   45.0000   30.000010807.7412   19.9306
    0.0000   45.0000   30.000011168.1309   19.9631
    7.5000   45.0000   30.000010698.5459   19.9716
   -7.5000  -45.0000   37.5000 6900.5547   22.1826
    0.0000  -45.0000   37.5000 7221.6050   22.2219
    7.5000  -45.0000   37.5000 6895.3745   22.2296
   -7.5000  -37.5000   37.5000 7618.4653   21.6886
    0.0000  -37.5000   37.5000 7993.3994   21.7267
    7.5000  -37.5000   37.5000 7625.0303   21.7384
   -7.5000  -30.0000   37.5000 8621.6143   21.3321
    0.0000  -30.0000   37.5000 9055.1357   21.3620
    7.5000  -30.0000   37.5000 8630.7959   21.3773
   -7.5000  -22.5000   37.5000 9653.5273   21.1809
    0.0000  -22.5000   37.500010132.6289   21.2010
    7.5000  -22.5000   37.5000 9648.6924   21.2189
   -7.5000  -15.0000   37.500010658.5713   21.0685
    0.0000  -15.0000   37.500011177.6914   21.0864
    7.5000  -15.0000   37.500010649.5312   21.1000
   -7.5000   -7.5000   37.500011617.2344   20.9774
    0.0000   -7.5000   37.500012174.5361   21.0045
    7.5000   -7.5000   37.500011598.0273   21.0131
   -7.5000    0.0000   37.500012477.1279   20.9555
    0.0000    0.0000   37.500013133.9980   20.9931
    7.5000    0.0000   37.500012501.3535   21.0015
   -7.5000    7.5000   37.500012394.7725   20.9891
    0.0000    7.5000   37.500013034.0703   21.0277
    7.5000    7.5000   37.500012393.4248   21.0389
   -7.5000   15.0000   37.500012110.8340   21.0269
    0.0000   15.0000   37.500012718.0332   21.0571
    7.5000   15.0000   37.500012105.6768   21.0725
   -7.5000   22.5000   37.500011703.3857   21.0212
    0.0000   22.5000   37.500012263.9141   21.0411
    7.5000   22.5000   37.500011692.7002   21.0585
   -7.5000   30.0000   37.500011158.2217   20.7327
    0.0000   30.0000   37.500011643.5771   20.7503
    7.5000   30.0000   37.500011120.2832   20.7636
   -7.5000   37.5000   37.500010981.5879   20.6930
    0.0000   37.5000   37.500011410.7266   20.7197
    7.5000   37.5000   37.500010924.2822   20.7282
   -7.5000   45.0000   37.500010374.1182   20.1987
    0.0000   45.0000   37.500010743.5469   20.2350
    7.5000   45.0000   37.500010279.6338   20.2431
   -7.5000  -45.0000   45.0000 6204.7705   22.5555
    0.0000  -45.0000   45.0000 6537.5361   22.6000
    7.5000  -45.0000   45.0000 6257.2275   22.6182
   -7.5000  -37.5000   45.0000 6868.7827   22.0416
    0.0000  -37.5000   45.0000 7225.9395   22.0804
    7.5000  -37.5000   45.0000 6923.2593   22.1042
   -7.5000  -30.0000   45.0000 7782.2183   21.6768
    0.0000  -30.0000   45.0000 8185.5132   21.7058
    7.5000  -30.0000   45.0000 7852.7681   21.7325
   -7.5000  -22.5000   45.0000 8723.8369   21.5297
    0.0000  -22.5000   45.0000 9160.9141   21.5520
    7.5000  -22.5000   45.0000 8781.1748   21.5786
   -7.5000  -15.0000   45.0000 9614.5977   21.4178
    0.0000  -15.0000   45.000010099.9600   21.4420
    7.5000  -15.0000   45.0000 9689.3047   21.4628
   -7.5000   -7.5000   45.000010479.2129   21.3173
    0.0000   -7.5000   45.000011035.6064   21.3514
    7.5000   -7.5000   45.000010551.1670   21.3681
   -7.5000    0.0000   45.000011305.4316   21.2863
    0.0000    0.0000   45.000011944.5068   21.3283
    7.5000    0.0000   45.000011400.3389   21.3465
   -7.5000    7.5000   45.000011245.3496   21.3173
    0.0000    7.5000   45.000011844.1904   21.3565
    7.5000    7.5000   45.000011296.9912   21.3788
   -7.5000   15.0000   45.000011026.3701   21.3597
    0.0000   15.0000   45.000011576.2910   21.3891
    7.5000   15.0000   45.000011048.6875   21.4156
   -7.5000   22.5000   45.000010681.4092   21.3638
    0.0000   22.5000   45.000011185.0791   21.3858
    7.5000   22.5000   45.000010692.2344   21.4119
   -7.5000   30.0000   45.000010180.1846   21.0731
    0.0000   30.0000   45.000010624.0039   21.0969
    7.5000   30.0000   45.000010159.4131   21.1172
   -7.5000   37.5000   45.000010042.3086   21.0260
    0.0000   37.5000   45.000010432.3398   21.0597
    7.5000   37.5000   45.0000 9999.9492   21.0763
   -7.5000   45.0000   45.0000 9489.1006   20.5269
    0.0000   45.0000   45.0000 9840.6133   20.5674
    7.5000   45.0000   45.0000 9430.6689   20.5849

---------------------------------------------------------------------
imgreg_4dfp /opt/freesurfer/average/711-2C_as_mni_average_305 /opt/freesurfer/average/711-2B_as_mni_average_305_mask talsrcimg_g11 none talsrcimg_to_711-2C_as_mni_average_305_t4 4355
---------------------------------------------------------------------

freesurfer imgreg_4dfp.c
/opt/freesurfer/average/711-2C_as_mni_average_305.4dfp.img
       256       256       256         1
  1.000000  1.000000  1.000000
orientation T byte_order littleendian
Reading image: /opt/freesurfer/average/711-2C_as_mni_average_305.4dfp.img
dimensions:      256       256       256
mmppix:       1.0000   -1.0000   -1.0000
center:     128.0000 -129.0000 -129.0000
/opt/freesurfer/average/711-2B_as_mni_average_305_mask.4dfp.img
       256       256       256         1
  1.000000  1.000000  1.000000
orientation T byte_order littleendian
Reading mask: /opt/freesurfer/average/711-2B_as_mni_average_305_mask.4dfp.img (2306576 pixels)
talsrcimg_g11.4dfp.img
       256       256       256         1
  1.000000  1.000000  1.000000
orientation T byte_order littleendian
Reading image: talsrcimg_g11.4dfp.img
dimensions:      256       256       256
mmppix:       1.0000   -1.0000   -1.0000
center:     128.0000 -129.0000 -129.0000
rotation matrix determinant  1.000000
image alignment mode   4355 decimal     1103 hex
   -7.5000  -45.0000  -45.0000 1859.5719   26.3541
    0.0000  -45.0000  -45.0000 1854.9447   26.3756
    7.5000  -45.0000  -45.0000 1840.6123   26.7632
   -7.5000  -37.5000  -45.0000 1962.3511   23.6875
    0.0000  -37.5000  -45.0000 1958.2740   23.6087
    7.5000  -37.5000  -45.0000 1942.0684   24.0110
   -7.5000  -30.0000  -45.0000 2056.4736   21.4359
    0.0000  -30.0000  -45.0000 2058.3198   21.3180
    7.5000  -30.0000  -45.0000 2044.4902   21.6889
   -7.5000  -22.5000  -45.0000 2152.7981   19.5557
    0.0000  -22.5000  -45.0000 2153.8726   19.4889
    7.5000  -22.5000  -45.0000 2137.1921   19.7945
   -7.5000  -15.0000  -45.0000 2232.9978   18.1547
    0.0000  -15.0000  -45.0000 2231.9146   18.0644
    7.5000  -15.0000  -45.0000 2215.1904   18.2801
   -7.5000   -7.5000  -45.0000 2294.9216   17.2803
    0.0000   -7.5000  -45.0000 2297.0469   17.1917
    7.5000   -7.5000  -45.0000 2282.8240   17.4090
   -7.5000    0.0000  -45.0000 2332.1235   16.9084
    0.0000    0.0000  -45.0000 2331.3523   16.7853
    7.5000    0.0000  -45.0000 2322.9587   17.0045
   -7.5000    7.5000  -45.0000 2353.8137   16.8362
    0.0000    7.5000  -45.0000 2356.0454   16.7398
    7.5000    7.5000  -45.0000 2345.8376   16.9267
   -7.5000   15.0000  -45.0000 2362.7478   17.0374
    0.0000   15.0000  -45.0000 2370.5222   16.9059
    7.5000   15.0000  -45.0000 2350.4231   17.1330
   -7.5000   22.5000  -45.0000 2355.8794   17.2552
    0.0000   22.5000  -45.0000 2365.2419   17.1737
    7.5000   22.5000  -45.0000 2339.6467   17.4019
   -7.5000   30.0000  -45.0000 2337.3127   17.7579
    0.0000   30.0000  -45.0000 2343.9612   17.6293
    7.5000   30.0000  -45.0000 2323.3669   17.8963
   -7.5000   37.5000  -45.0000 2287.0444   18.5033
    0.0000   37.5000  -45.0000 2300.6057   18.4054
    7.5000   37.5000  -45.0000 2279.8467   18.6596
   -7.5000   45.0000  -45.0000 2227.8467   19.6018
    0.0000   45.0000  -45.0000 2244.4624   19.4937
    7.5000   45.0000  -45.0000 2220.5266   19.7749
   -7.5000  -45.0000  -37.5000 1901.0447   25.0340
    0.0000  -45.0000  -37.5000 1897.2349   24.9850
    7.5000  -45.0000  -37.5000 1882.7158   25.3709
   -7.5000  -37.5000  -37.5000 2010.6572   22.4729
    0.0000  -37.5000  -37.5000 2011.1322   22.3125
    7.5000  -37.5000  -37.5000 1996.4833   22.7121
   -7.5000  -30.0000  -37.5000 2117.8191   20.3137
    0.0000  -30.0000  -37.5000 2123.2253   20.2070
    7.5000  -30.0000  -37.5000 2104.1318   20.4927
   -7.5000  -22.5000  -37.5000 2219.4565   18.5088
    0.0000  -22.5000  -37.5000 2224.0706   18.4182
    7.5000  -22.5000  -37.5000 2208.5527   18.6713
   -7.5000  -15.0000  -37.5000 2303.4790   17.0701
    0.0000  -15.0000  -37.5000 2306.8469   16.9993
    7.5000  -15.0000  -37.5000 2289.2078   17.2143
   -7.5000   -7.5000  -37.5000 2378.3770   16.1152
    0.0000   -7.5000  -37.5000 2377.9585   16.0805
    7.5000   -7.5000  -37.5000 2359.8032   16.2704
   -7.5000    0.0000  -37.5000 2418.9570   15.6786
    0.0000    0.0000  -37.5000 2422.4358   15.5936
    7.5000    0.0000  -37.5000 2409.1707   15.7786
   -7.5000    7.5000  -37.5000 2444.1536   15.5810
    0.0000    7.5000  -37.5000 2448.9668   15.4914
    7.5000    7.5000  -37.5000 2429.8982   15.6267
   -7.5000   15.0000  -37.5000 2456.8042   15.6587
    0.0000   15.0000  -37.5000 2465.3066   15.5548
    7.5000   15.0000  -37.5000 2443.4775   15.6921
   -7.5000   22.5000  -37.5000 2457.0898   15.9097
    0.0000   22.5000  -37.5000 2468.4470   15.8232
    7.5000   22.5000  -37.5000 2441.5063   16.0131
   -7.5000   30.0000  -37.5000 2439.5007   16.3791
    0.0000   30.0000  -37.5000 2450.3464   16.2816
    7.5000   30.0000  -37.5000 2426.3020   16.5047
   -7.5000   37.5000  -37.5000 2390.4329   17.1018
    0.0000   37.5000  -37.5000 2402.9392   17.0160
    7.5000   37.5000  -37.5000 2377.2798   17.2468
   -7.5000   45.0000  -37.5000 2328.6689   18.1233
    0.0000   45.0000  -37.5000 2340.0962   18.0488
    7.5000   45.0000  -37.5000 2314.1172   18.2754
   -7.5000  -45.0000  -30.0000 1971.3105   24.8056
    0.0000  -45.0000  -30.0000 1969.0637   24.6495
    7.5000  -45.0000  -30.0000 1949.9601   25.0156
   -7.5000  -37.5000  -30.0000 2099.6477   22.1779
    0.0000  -37.5000  -30.0000 2102.9236   21.9919
    7.5000  -37.5000  -30.0000 2080.3289   22.3739
   -7.5000  -30.0000  -30.0000 2216.0886   19.9839
    0.0000  -30.0000  -30.0000 2225.5439   19.8934
    7.5000  -30.0000  -30.0000 2204.2764   20.1785
   -7.5000  -22.5000  -30.0000 2324.3286   18.1633
    0.0000  -22.5000  -30.0000 2334.6150   18.1236
    7.5000  -22.5000  -30.0000 2315.9453   18.3573
   -7.5000  -15.0000  -30.0000 2408.5759   16.6953
    0.0000  -15.0000  -30.0000 2416.0557   16.7218
    7.5000  -15.0000  -30.0000 2398.6379   16.9151
   -7.5000   -7.5000  -30.0000 2489.7517   15.6620
    0.0000   -7.5000  -30.0000 2496.1460   15.6575
    7.5000   -7.5000  -30.0000 2473.6199   15.8272
   -7.5000    0.0000  -30.0000 2545.8835   15.0695
    0.0000    0.0000  -30.0000 2554.6626   14.9850
    7.5000    0.0000  -30.0000 2534.0476   15.1326
   -7.5000    7.5000  -30.0000 2583.0222   14.9064
    0.0000    7.5000  -30.0000 2590.1287   14.8454
    7.5000    7.5000  -30.0000 2567.3689   14.9818
   -7.5000   15.0000  -30.0000 2598.5798   14.9820
    0.0000   15.0000  -30.0000 2606.2449   14.9213
    7.5000   15.0000  -30.0000 2582.9663   15.0031
   -7.5000   22.5000  -30.0000 2595.4241   15.2799
    0.0000   22.5000  -30.0000 2609.9998   15.2161
    7.5000   22.5000  -30.0000 2583.7974   15.3546
   -7.5000   30.0000  -30.0000 2579.4150   15.7321
    0.0000   30.0000  -30.0000 2590.7634   15.6783
    7.5000   30.0000  -30.0000 2566.7471   15.8597
   -7.5000   37.5000  -30.0000 2538.1519   16.4598
    0.0000   37.5000  -30.0000 2550.2598   16.4216
    7.5000   37.5000  -30.0000 2525.5164   16.5861
   -7.5000   45.0000  -30.0000 2472.4944   17.3777
    0.0000   45.0000  -30.0000 2483.0171   17.3668
    7.5000   45.0000  -30.0000 2455.2112   17.5364
   -7.5000  -45.0000  -22.5000 2023.2375   24.3870
    0.0000  -45.0000  -22.5000 2026.6201   24.2157
    7.5000  -45.0000  -22.5000 2009.0657   24.6493
   -7.5000  -37.5000  -22.5000 2162.5120   21.7263
    0.0000  -37.5000  -22.5000 2173.9275   21.6133
    7.5000  -37.5000  -22.5000 2152.8074   21.9749
   -7.5000  -30.0000  -22.5000 2284.8015   19.5188
    0.0000  -30.0000  -22.5000 2297.4563   19.4713
    7.5000  -30.0000  -22.5000 2279.4106   19.7858
   -7.5000  -22.5000  -22.5000 2402.7861   17.7250
    0.0000  -22.5000  -22.5000 2412.9302   17.6706
    7.5000  -22.5000  -22.5000 2391.4666   17.9733
   -7.5000  -15.0000  -22.5000 2492.7715   16.2195
    0.0000  -15.0000  -22.5000 2502.2964   16.2076
    7.5000  -15.0000  -22.5000 2480.2307   16.4953
   -7.5000   -7.5000  -22.5000 2572.5679   15.1302
    0.0000   -7.5000  -22.5000 2583.9602   15.0988
    7.5000   -7.5000  -22.5000 2560.0776   15.3169
   -7.5000    0.0000  -22.5000 2644.5869   14.4389
    0.0000    0.0000  -22.5000 2656.9365   14.3677
    7.5000    0.0000  -22.5000 2632.3975   14.5309
   -7.5000    7.5000  -22.5000 2692.2695   14.2053
    0.0000    7.5000  -22.5000 2701.9900   14.1208
    7.5000    7.5000  -22.5000 2674.1360   14.2292
   -7.5000   15.0000  -22.5000 2713.4417   14.2375
    0.0000   15.0000  -22.5000 2723.4526   14.1857
    7.5000   15.0000  -22.5000 2695.2366   14.2730
   -7.5000   22.5000  -22.5000 2715.7180   14.5853
    0.0000   22.5000  -22.5000 2728.1069   14.5211
    7.5000   22.5000  -22.5000 2699.7148   14.6397
   -7.5000   30.0000  -22.5000 2699.7126   15.0575
    0.0000   30.0000  -22.5000 2720.7156   15.0064
    7.5000   30.0000  -22.5000 2685.4336   15.1506
   -7.5000   37.5000  -22.5000 2653.9126   15.7524
    0.0000   37.5000  -22.5000 2678.9346   15.7155
    7.5000   37.5000  -22.5000 2646.5261   15.8756
   -7.5000   45.0000  -22.5000 2580.4067   16.6280
    0.0000   45.0000  -22.5000 2597.6863   16.5842
    7.5000   45.0000  -22.5000 2572.3599   16.7900
   -7.5000  -45.0000  -15.0000 2051.9348   23.8818
    0.0000  -45.0000  -15.0000 2059.6589   23.7663
    7.5000  -45.0000  -15.0000 2042.5641   24.2872
   -7.5000  -37.5000  -15.0000 2197.5977   21.2539
    0.0000  -37.5000  -15.0000 2211.7104   21.1794
    7.5000  -37.5000  -15.0000 2185.3264   21.5859
   -7.5000  -30.0000  -15.0000 2321.7585   19.0709
    0.0000  -30.0000  -15.0000 2332.4429   19.0161
    7.5000  -30.0000  -15.0000 2313.6008   19.3775
   -7.5000  -22.5000  -15.0000 2446.8438   17.2443
    0.0000  -22.5000  -15.0000 2452.3984   17.1638
    7.5000  -22.5000  -15.0000 2431.5681   17.5300
   -7.5000  -15.0000  -15.0000 2544.3223   15.7424
    0.0000  -15.0000  -15.0000 2553.6804   15.6585
    7.5000  -15.0000  -15.0000 2534.2861   16.0048
   -7.5000   -7.5000  -15.0000 2628.8958   14.6073
    0.0000   -7.5000  -15.0000 2645.1187   14.5455
    7.5000   -7.5000  -15.0000 2620.3191   14.8276
   -7.5000    0.0000  -15.0000 2704.0615   13.8839
    0.0000    0.0000  -15.0000 2718.1409   13.7920
    7.5000    0.0000  -15.0000 2688.6846   13.9999
   -7.5000    7.5000  -15.0000 2756.0637   13.5414
    0.0000    7.5000  -15.0000 2772.2317   13.4123
    7.5000    7.5000  -15.0000 2738.4324   13.5712
   -7.5000   15.0000  -15.0000 2790.8140   13.5172
    0.0000   15.0000  -15.0000 2807.9502   13.3863
    7.5000   15.0000  -15.0000 2768.7534   13.5829
   -7.5000   22.5000  -15.0000 2799.9075   13.8863
    0.0000   22.5000  -15.0000 2818.1294   13.7425
    7.5000   22.5000  -15.0000 2784.6619   13.9364
   -7.5000   30.0000  -15.0000 2784.6953   14.4098
    0.0000   30.0000  -15.0000 2813.1294   14.2737
    7.5000   30.0000  -15.0000 2779.3711   14.4610
   -7.5000   37.5000  -15.0000 2737.4646   15.1015
    0.0000   37.5000  -15.0000 2764.0251   14.9861
    7.5000   37.5000  -15.0000 2739.0674   15.2015
   -7.5000   45.0000  -15.0000 2660.7993   15.9589
    0.0000   45.0000  -15.0000 2682.3669   15.8783
    7.5000   45.0000  -15.0000 2660.7488   16.1055
   -7.5000  -45.0000   -7.5000 2064.3940   23.5062
    0.0000  -45.0000   -7.5000 2073.8633   23.3577
    7.5000  -45.0000   -7.5000 2056.7852   23.8339
   -7.5000  -37.5000   -7.5000 2207.7893   20.8657
    0.0000  -37.5000   -7.5000 2216.0415   20.7456
    7.5000  -37.5000   -7.5000 2196.1333   21.1346
   -7.5000  -30.0000   -7.5000 2335.2373   18.6349
    0.0000  -30.0000   -7.5000 2340.1555   18.5260
    7.5000  -30.0000   -7.5000 2322.0693   18.8795
   -7.5000  -22.5000   -7.5000 2464.3503   16.7883
    0.0000  -22.5000   -7.5000 2469.6025   16.6817
    7.5000  -22.5000   -7.5000 2446.2183   17.0625
   -7.5000  -15.0000   -7.5000 2571.0259   15.3368
    0.0000  -15.0000   -7.5000 2578.5757   15.1755
    7.5000  -15.0000   -7.5000 2558.0938   15.5346
   -7.5000   -7.5000   -7.5000 2663.0361   14.2188
    0.0000   -7.5000   -7.5000 2672.6257   14.0455
    7.5000   -7.5000   -7.5000 2649.2993   14.3877
   -7.5000    0.0000   -7.5000 2741.4099   13.4335
    0.0000    0.0000   -7.5000 2751.4014   13.2675
    7.5000    0.0000   -7.5000 2722.6697   13.5490
   -7.5000    7.5000   -7.5000 2801.3088   12.9866
    0.0000    7.5000   -7.5000 2814.1965   12.8280
    7.5000    7.5000   -7.5000 2781.3057   13.0625
   -7.5000   15.0000   -7.5000 2847.3230   12.9285
    0.0000   15.0000   -7.5000 2864.8589   12.7060
    7.5000   15.0000   -7.5000 2822.2861   13.0092
   -7.5000   22.5000   -7.5000 2866.4805   13.2475
    0.0000   22.5000   -7.5000 2884.3645   13.0008
    7.5000   22.5000   -7.5000 2848.5806   13.3399
   -7.5000   30.0000   -7.5000 2844.9292   13.8355
    0.0000   30.0000   -7.5000 2875.0610   13.5960
    7.5000   30.0000   -7.5000 2846.0217   13.9188
   -7.5000   37.5000   -7.5000 2796.5952   14.5172
    0.0000   37.5000   -7.5000 2825.4785   14.3383
    7.5000   37.5000   -7.5000 2805.8057   14.6322
   -7.5000   45.0000   -7.5000 2715.8113   15.3705
    0.0000   45.0000   -7.5000 2742.2788   15.2285
    7.5000   45.0000   -7.5000 2719.3677   15.5337
   -7.5000  -45.0000    0.0000 2059.1838   23.4872
    0.0000  -45.0000    0.0000 2069.3992   23.3535
    7.5000  -45.0000    0.0000 2051.4253   23.8277
   -7.5000  -37.5000    0.0000 2199.8726   20.8768
    0.0000  -37.5000    0.0000 2204.7483   20.5950
    7.5000  -37.5000    0.0000 2179.6626   20.9827
   -7.5000  -30.0000    0.0000 2326.8335   18.5927
    0.0000  -30.0000    0.0000 2329.3960   18.2858
    7.5000  -30.0000    0.0000 2308.0696   18.6779
   -7.5000  -22.5000    0.0000 2455.3047   16.6976
    0.0000  -22.5000    0.0000 2458.2617   16.4308
    7.5000  -22.5000    0.0000 2435.2551   16.7929
   -7.5000  -15.0000    0.0000 2567.3276   15.2015
    0.0000  -15.0000    0.0000 2572.7644   14.9456
    7.5000  -15.0000    0.0000 2549.7703   15.2841
   -7.5000   -7.5000    0.0000 2662.5718   14.0714
    0.0000   -7.5000    0.0000 2674.1060   13.7993
    7.5000   -7.5000    0.0000 2647.3320   14.1112
   -7.5000    0.0000    0.0000 2746.6064   13.2343
    0.0000    0.0000    0.0000 2757.8459   12.9678
    7.5000    0.0000    0.0000 2727.5098   13.2597
   -7.5000    7.5000    0.0000 2821.5334   12.7901
    0.0000    7.5000    0.0000 2831.2356   12.5539
    7.5000    7.5000    0.0000 2804.9927   12.7888
   -7.5000   15.0000    0.0000 2869.4790   12.6597
    0.0000   15.0000    0.0000 2887.3445   12.3719
    7.5000   15.0000    0.0000 2850.0625   12.6815
   -7.5000   22.5000    0.0000 2908.1125   12.9435
    0.0000   22.5000    0.0000 2917.8608   12.5799
    7.5000   22.5000    0.0000 2890.2239   13.0051
   -7.5000   30.0000    0.0000 2890.5225   13.5203
    0.0000   30.0000    0.0000 2913.4875   13.1865
    7.5000   30.0000    0.0000 2885.9482   13.5848
   -7.5000   37.5000    0.0000 2836.4187   14.1918
    0.0000   37.5000    0.0000 2866.8933   13.9149
    7.5000   37.5000    0.0000 2838.7979   14.2206
   -7.5000   45.0000    0.0000 2752.5149   15.0927
    0.0000   45.0000    0.0000 2779.1309   14.8679
    7.5000   45.0000    0.0000 2752.4978   15.0844
   -7.5000  -45.0000    7.5000 2044.7772   23.8490
    0.0000  -45.0000    7.5000 2051.6816   23.5124
    7.5000  -45.0000    7.5000 2032.7261   23.9552
   -7.5000  -37.5000    7.5000 2175.4873   21.1111
    0.0000  -37.5000    7.5000 2178.2883   20.7180
    7.5000  -37.5000    7.5000 2157.3665   21.0798
   -7.5000  -30.0000    7.5000 2303.6655   18.8070
    0.0000  -30.0000    7.5000 2304.5806   18.4565
    7.5000  -30.0000    7.5000 2281.1704   18.7599
   -7.5000  -22.5000    7.5000 2421.4912   16.8391
    0.0000  -22.5000    7.5000 2433.2676   16.5285
    7.5000  -22.5000    7.5000 2408.0645   16.8197
   -7.5000  -15.0000    7.5000 2532.8022   15.3007
    0.0000  -15.0000    7.5000 2546.2896   14.9999
    7.5000  -15.0000    7.5000 2516.2378   15.2793
   -7.5000   -7.5000    7.5000 2637.7649   14.1082
    0.0000   -7.5000    7.5000 2650.0381   13.7638
    7.5000   -7.5000    7.5000 2622.3491   14.0511
   -7.5000    0.0000    7.5000 2724.9160   13.2570
    0.0000    0.0000    7.5000 2734.6677   12.9063
    7.5000    0.0000    7.5000 2710.7173   13.2120
   -7.5000    7.5000    7.5000 2810.7104   12.9138
    0.0000    7.5000    7.5000 2812.2388   12.5681
    7.5000    7.5000    7.5000 2797.0452   12.8335
   -7.5000   15.0000    7.5000 2876.2075   12.9159
    0.0000   15.0000    7.5000 2887.6074   12.5528
    7.5000   15.0000    7.5000 2865.3862   12.7698
   -7.5000   22.5000    7.5000 2915.6992   13.0235
    0.0000   22.5000    7.5000 2931.5708   12.6190
    7.5000   22.5000    7.5000 2909.4246   12.9586
   -7.5000   30.0000    7.5000 2901.8438   13.3715
    0.0000   30.0000    7.5000 2925.4167   12.9921
    7.5000   30.0000    7.5000 2898.6555   13.2837
   -7.5000   37.5000    7.5000 2848.7834   13.9884
    0.0000   37.5000    7.5000 2872.6353   13.7034
    7.5000   37.5000    7.5000 2847.8745   13.9088
   -7.5000   45.0000    7.5000 2763.2073   14.9279
    0.0000   45.0000    7.5000 2784.0471   14.6887
    7.5000   45.0000    7.5000 2760.2830   14.8462
   -7.5000  -45.0000   15.0000 2009.6490   24.6409
    0.0000  -45.0000   15.0000 2014.4767   24.0472
    7.5000  -45.0000   15.0000 1995.1326   24.4007
   -7.5000  -37.5000   15.0000 2138.4158   21.6776
    0.0000  -37.5000   15.0000 2144.6318   21.1450
    7.5000  -37.5000   15.0000 2124.4180   21.4679
   -7.5000  -30.0000   15.0000 2253.5234   19.1982
    0.0000  -30.0000   15.0000 2267.3784   18.7704
    7.5000  -30.0000   15.0000 2242.7620   19.0755
   -7.5000  -22.5000   15.0000 2365.7517   17.2239
    0.0000  -22.5000   15.0000 2385.6284   16.7929
    7.5000  -22.5000   15.0000 2365.0703   17.0887
   -7.5000  -15.0000   15.0000 2474.7781   15.6556
    0.0000  -15.0000   15.0000 2490.9978   15.2242
    7.5000  -15.0000   15.0000 2467.6404   15.5033
   -7.5000   -7.5000   15.0000 2587.7488   14.4515
    0.0000   -7.5000   15.0000 2597.3054   14.0030
    7.5000   -7.5000   15.0000 2576.8718   14.2887
   -7.5000    0.0000   15.0000 2685.7424   13.7065
    0.0000    0.0000   15.0000 2689.8438   13.2699
    7.5000    0.0000   15.0000 2668.9932   13.5382
   -7.5000    7.5000   15.0000 2781.6963   13.3590
    0.0000    7.5000   15.0000 2783.8303   12.9307
    7.5000    7.5000   15.0000 2766.6392   13.1899
   -7.5000   15.0000   15.0000 2853.8459   13.2669
    0.0000   15.0000   15.0000 2865.1519   12.8844
    7.5000   15.0000   15.0000 2842.5073   13.1025
   -7.5000   22.5000   15.0000 2895.3530   13.3694
    0.0000   22.5000   15.0000 2914.0532   13.0063
    7.5000   22.5000   15.0000 2889.2627   13.1961
   -7.5000   30.0000   15.0000 2879.0955   13.5912
    0.0000   30.0000   15.0000 2908.4761   13.3280
    7.5000   30.0000   15.0000 2880.2036   13.4458
   -7.5000   37.5000   15.0000 2827.3533   14.1026
    0.0000   37.5000   15.0000 2854.8088   13.8938
    7.5000   37.5000   15.0000 2829.3032   14.0063
   -7.5000   45.0000   15.0000 2746.4434   14.9838
    0.0000   45.0000   15.0000 2768.5068   14.7743
    7.5000   45.0000   15.0000 2744.4368   14.9080
   -7.5000  -45.0000   22.5000 1964.5090   25.6524
    0.0000  -45.0000   22.5000 1966.9893   24.8411
    7.5000  -45.0000   22.5000 1944.4568   25.1091
   -7.5000  -37.5000   22.5000 2092.5005   22.5733
    0.0000  -37.5000   22.5000 2101.2410   21.8772
    7.5000  -37.5000   22.5000 2083.4116   22.1503
   -7.5000  -30.0000   22.5000 2199.1931   20.0858
    0.0000  -30.0000   22.5000 2212.0349   19.4497
    7.5000  -30.0000   22.5000 2194.6868   19.7380
   -7.5000  -22.5000   22.5000 2311.3337   18.0254
    0.0000  -22.5000   22.5000 2324.7339   17.4604
    7.5000  -22.5000   22.5000 2306.8643   17.7314
   -7.5000  -15.0000   22.5000 2423.6594   16.3868
    0.0000  -15.0000   22.5000 2434.3086   15.8979
    7.5000  -15.0000   22.5000 2414.9092   16.1694
   -7.5000   -7.5000   22.5000 2544.5984   15.2285
    0.0000   -7.5000   22.5000 2550.0994   14.7755
    7.5000   -7.5000   22.5000 2528.8418   15.0332
   -7.5000    0.0000   22.5000 2645.2581   14.4508
    0.0000    0.0000   22.5000 2650.9832   13.9816
    7.5000    0.0000   22.5000 2630.8657   14.2172
   -7.5000    7.5000   22.5000 2735.7773   13.9354
    0.0000    7.5000   22.5000 2749.9065   13.5258
    7.5000    7.5000   22.5000 2725.2222   13.7608
   -7.5000   15.0000   22.5000 2807.8428   13.6812
    0.0000   15.0000   22.5000 2831.0105   13.3031
    7.5000   15.0000   22.5000 2800.7227   13.5532
   -7.5000   22.5000   22.5000 2845.3313   13.7419
    0.0000   22.5000   22.5000 2872.2388   13.3993
    7.5000   22.5000   22.5000 2844.8887   13.6095
   -7.5000   30.0000   22.5000 2833.1865   14.0099
    0.0000   30.0000   22.5000 2866.3269   13.7657
    7.5000   30.0000   22.5000 2841.8247   13.9047
   -7.5000   37.5000   22.5000 2782.0764   14.5656
    0.0000   37.5000   22.5000 2809.2898   14.3123
    7.5000   37.5000   22.5000 2788.1582   14.4646
   -7.5000   45.0000   22.5000 2705.3865   15.4208
    0.0000   45.0000   22.5000 2724.6250   15.2197
    7.5000   45.0000   22.5000 2707.4863   15.3701
   -7.5000  -45.0000   30.0000 1913.3407   27.1861
    0.0000  -45.0000   30.0000 1899.8295   26.2348
    7.5000  -45.0000   30.0000 1880.3762   26.3981
   -7.5000  -37.5000   30.0000 2038.5603   23.9531
    0.0000  -37.5000   30.0000 2032.4669   23.1635
    7.5000  -37.5000   30.0000 2019.3949   23.3824
   -7.5000  -30.0000   30.0000 2142.4924   21.3274
    0.0000  -30.0000   30.0000 2150.3115   20.6865
    7.5000  -30.0000   30.0000 2134.4165   20.9054
   -7.5000  -22.5000   30.0000 2261.0571   19.2239
    0.0000  -22.5000   30.0000 2272.1279   18.7113
    7.5000  -22.5000   30.0000 2257.2473   18.9250
   -7.5000  -15.0000   30.0000 2376.1567   17.5493
    0.0000  -15.0000   30.0000 2388.9590   17.1113
    7.5000  -15.0000   30.0000 2370.9543   17.3237
   -7.5000   -7.5000   30.0000 2492.1116   16.2467
    0.0000   -7.5000   30.0000 2504.9939   15.8472
    7.5000   -7.5000   30.0000 2483.3523   16.0482
   -7.5000    0.0000   30.0000 2591.4468   15.2967
    0.0000    0.0000   30.0000 2606.6272   14.9312
    7.5000    0.0000   30.0000 2581.8691   15.1133
   -7.5000    7.5000   30.0000 2670.1567   14.6891
    0.0000    7.5000   30.0000 2693.5928   14.3836
    7.5000    7.5000   30.0000 2666.8560   14.5477
   -7.5000   15.0000   30.0000 2739.1099   14.3574
    0.0000   15.0000   30.0000 2763.7742   14.0307
    7.5000   15.0000   30.0000 2733.4529   14.2415
   -7.5000   22.5000   30.0000 2768.5957   14.3479
    0.0000   22.5000   30.0000 2797.8589   14.0718
    7.5000   22.5000   30.0000 2773.8972   14.2419
   -7.5000   30.0000   30.0000 2761.2483   14.6399
    0.0000   30.0000   30.0000 2791.6079   14.3982
    7.5000   30.0000   30.0000 2765.0266   14.5554
   -7.5000   37.5000   30.0000 2711.6685   15.2029
    0.0000   37.5000   30.0000 2738.7583   14.9594
    7.5000   37.5000   30.0000 2714.8787   15.1071
   -7.5000   45.0000   30.0000 2637.1360   16.0897
    0.0000   45.0000   30.0000 2661.7520   15.8277
    7.5000   45.0000   30.0000 2642.5828   15.9831
   -7.5000  -45.0000   37.5000 1851.9410   29.3303
    0.0000  -45.0000   37.5000 1839.0857   28.5016
    7.5000  -45.0000   37.5000 1818.8789   28.7118
   -7.5000  -37.5000   37.5000 1979.8358   25.8240
    0.0000  -37.5000   37.5000 1971.7700   25.2105
    7.5000  -37.5000   37.5000 1957.6124   25.3902
   -7.5000  -30.0000   37.5000 2091.3083   23.0581
    0.0000  -30.0000   37.5000 2097.0005   22.5612
    7.5000  -30.0000   37.5000 2085.0945   22.7428
   -7.5000  -22.5000   37.5000 2207.7126   20.7778
    0.0000  -22.5000   37.5000 2223.4912   20.3571
    7.5000  -22.5000   37.5000 2208.5754   20.5366
   -7.5000  -15.0000   37.5000 2321.5881   18.8992
    0.0000  -15.0000   37.5000 2339.9126   18.5424
    7.5000  -15.0000   37.5000 2324.3843   18.7027
   -7.5000   -7.5000   37.5000 2429.9509   17.4032
    0.0000   -7.5000   37.5000 2451.4431   17.0960
    7.5000   -7.5000   37.5000 2433.6702   17.2493
   -7.5000    0.0000   37.5000 2521.0459   16.3029
    0.0000    0.0000   37.5000 2549.1189   16.0539
    7.5000    0.0000   37.5000 2528.4436   16.1991
   -7.5000    7.5000   37.5000 2598.6304   15.6737
    0.0000    7.5000   37.5000 2630.0405   15.4179
    7.5000    7.5000   37.5000 2604.1917   15.5879
   -7.5000   15.0000   37.5000 2653.1960   15.2377
    0.0000   15.0000   37.5000 2682.7795   14.9961
    7.5000   15.0000   37.5000 2660.0261   15.1778
   -7.5000   22.5000   37.5000 2681.9443   15.2315
    0.0000   22.5000   37.5000 2709.2441   14.9596
    7.5000   22.5000   37.5000 2688.4343   15.1300
   -7.5000   30.0000   37.5000 2669.2261   15.5184
    0.0000   30.0000   37.5000 2697.2280   15.2635
    7.5000   30.0000   37.5000 2672.2231   15.4308
   -7.5000   37.5000   37.5000 2626.5217   16.0664
    0.0000   37.5000   37.5000 2650.7825   15.8382
    7.5000   37.5000   37.5000 2630.5378   16.0048
   -7.5000   45.0000   37.5000 2560.3235   16.9389
    0.0000   45.0000   37.5000 2583.7600   16.6888
    7.5000   45.0000   37.5000 2561.2722   16.8512
   -7.5000  -45.0000   45.0000 1776.2062   32.2581
    0.0000  -45.0000   45.0000 1775.1398   31.6027
    7.5000  -45.0000   45.0000 1753.4622   31.9093
   -7.5000  -37.5000   45.0000 1910.2896   28.2346
    0.0000  -37.5000   45.0000 1911.7163   27.6311
    7.5000  -37.5000   45.0000 1899.2646   27.9138
   -7.5000  -30.0000   45.0000 2024.5557   25.0719
    0.0000  -30.0000   45.0000 2040.1927   24.6221
    7.5000  -30.0000   45.0000 2032.9431   24.8631
   -7.5000  -22.5000   45.0000 2140.1909   22.5073
    0.0000  -22.5000   45.0000 2158.3730   22.1014
    7.5000  -22.5000   45.0000 2150.9424   22.3336
   -7.5000  -15.0000   45.0000 2246.1128   20.4218
    0.0000  -15.0000   45.0000 2270.0732   20.1117
    7.5000  -15.0000   45.0000 2265.1191   20.3347
   -7.5000   -7.5000   45.0000 2351.8201   18.7791
    0.0000   -7.5000   45.0000 2384.0247   18.5022
    7.5000   -7.5000   45.0000 2373.6636   18.7229
   -7.5000    0.0000   45.0000 2440.6326   17.6237
    0.0000    0.0000   45.0000 2476.9902   17.4144
    7.5000    0.0000   45.0000 2464.4819   17.6387
   -7.5000    7.5000   45.0000 2511.7966   16.8756
    0.0000    7.5000   45.0000 2548.2158   16.6309
    7.5000    7.5000   45.0000 2529.3223   16.8463
   -7.5000   15.0000   45.0000 2564.2761   16.4077
    0.0000   15.0000   45.0000 2590.9368   16.1782
    7.5000   15.0000   45.0000 2574.5657   16.3993
   -7.5000   22.5000   45.0000 2587.3945   16.3492
    0.0000   22.5000   45.0000 2613.1843   16.0698
    7.5000   22.5000   45.0000 2595.9180   16.2788
   -7.5000   30.0000   45.0000 2571.4285   16.5553
    0.0000   30.0000   45.0000 2594.7869   16.2980
    7.5000   30.0000   45.0000 2574.5969   16.5110
   -7.5000   37.5000   45.0000 2532.8687   17.1152
    0.0000   37.5000   45.0000 2549.2148   16.8793
    7.5000   37.5000   45.0000 2532.3040   17.0829
   -7.5000   45.0000   45.0000 2468.9421   18.0271
    0.0000   45.0000   45.0000 2489.6455   17.7793
    7.5000   45.0000   45.0000 2472.7026   17.9773

---------------------------------------------------------------------
imgreg_4dfp /opt/freesurfer/average/711-2C_as_mni_average_305 /opt/freesurfer/average/711-2B_as_mni_average_305_mask talsrcimg_g11 none talsrcimg_to_711-2C_as_mni_average_305_t4 1283
---------------------------------------------------------------------

freesurfer imgreg_4dfp.c
/opt/freesurfer/average/711-2C_as_mni_average_305.4dfp.img
       256       256       256         1
  1.000000  1.000000  1.000000
orientation T byte_order littleendian
Reading image: /opt/freesurfer/average/711-2C_as_mni_average_305.4dfp.img
dimensions:      256       256       256
mmppix:       1.0000   -1.0000   -1.0000
center:     128.0000 -129.0000 -129.0000
/opt/freesurfer/average/711-2B_as_mni_average_305_mask.4dfp.img
       256       256       256         1
  1.000000  1.000000  1.000000
orientation T byte_order littleendian
Reading mask: /opt/freesurfer/average/711-2B_as_mni_average_305_mask.4dfp.img (2306576 pixels)
talsrcimg_g11.4dfp.img
       256       256       256         1
  1.000000  1.000000  1.000000
orientation T byte_order littleendian
Reading image: talsrcimg_g11.4dfp.img
dimensions:      256       256       256
mmppix:       1.0000   -1.0000   -1.0000
center:     128.0000 -129.0000 -129.0000
rotation matrix determinant  1.000000
fimgreg.f
image alignment mode   1283 decimal      503 hex
parameters
    0.0000   22.5000    7.5000    0.0000    0.0000    0.0000
eta,q 0.92150 12.63279
niter,ni,del,rscale     5    3   12.0000    1.2000
parameter  1  0.980771 ->  0.500000 qaram    1.1500
parameter  4  1.794161 ->  0.500000 qaram    1.1500
parameters
   -3.4500   23.5834    8.1282   -3.4500   -1.7579    1.3054
eta,q 0.92426 12.59125
  0.0816  0.0839  0.0850  0.0745  0.0782  0.0786
  0.0793  0.0805  0.0839  0.0752  0.0768  0.0776
  0.0799  0.0798  0.0801  0.0763  0.0760  0.0768
  0.0826  0.0784  0.0777  0.0776  0.0754  0.0759
  0.0847  0.0775  0.0776  0.0797  0.0777  0.0758
  0.0861  0.0788  0.0802  0.0817  0.0813  0.0762
  0.0866  0.0811  0.0841  0.0835  0.0846  0.0772
niter,ni,del,rscale     6    3   12.0000    1.2000
parameter  4  1.759692 ->  0.500000 qaram    1.3225
parameter  5  0.595158 ->  0.500000 qaram    1.1500
parameters
   -0.7762   25.3464    9.0089   -7.4175   -5.2079    0.9147
eta,q 0.92979 12.53731
  0.0958  0.0825  0.0812  0.0690  0.0712  0.0726
  0.0862  0.0785  0.0794  0.0705  0.0702  0.0710
  0.0791  0.0755  0.0761  0.0715  0.0705  0.0702
  0.0757  0.0741  0.0739  0.0738  0.0707  0.0703
  0.0742  0.0739  0.0743  0.0757  0.0738  0.0706
  0.0758  0.0742  0.0762  0.0786  0.0772  0.0714
  0.0775  0.0763  0.0788  0.0816  0.0786  0.0733
niter,ni,del,rscale     7    3   12.0000    1.2000
parameter  4  0.833391 ->  0.500000 qaram    1.5209
parameters
    0.7154   25.5992    8.2262  -11.9801   -4.4440    2.2193
eta,q 0.93197 12.36083
  0.0846  0.0765  0.0763  0.0662  0.0749  0.0705
  0.0783  0.0713  0.0724  0.0677  0.0715  0.0690
  0.0736  0.0695  0.0692  0.0681  0.0691  0.0682
  0.0702  0.0695  0.0696  0.0688  0.0679  0.0678
  0.0692  0.0698  0.0730  0.0706  0.0680  0.0682
  0.0709  0.0714  0.0760  0.0735  0.0695  0.0684
  0.0769  0.0747  0.0787  0.0781  0.0725  0.0687
niter,ni,del,rscale     7    3   12.0000    1.2000
parameter  4  4.787660 ->  0.500000 qaram    1.7490
parameters
    0.6568   27.7003    7.3570  -17.2272   -4.7466    0.6666
eta,q 0.93790 12.39701
  0.0784  0.0769  0.0722  0.0613  0.0696  0.0644
  0.0721  0.0706  0.0684  0.0622  0.0653  0.0624
  0.0676  0.0683  0.0664  0.0653  0.0632  0.0620
  0.0680  0.0680  0.0681  0.0670  0.0630  0.0629
  0.0691  0.0681  0.0707  0.0684  0.0638  0.0640
  0.0720  0.0683  0.0715  0.0710  0.0666  0.0648
  0.0785  0.0682  0.0727  0.0738  0.0705  0.0659
niter,ni,del,rscale     7    3   12.0000    1.2000
parameters
    0.5868   29.6576    7.5553  -19.2823   -5.0632    1.6909
eta,q 0.93994 12.50115
  0.0753  0.0753  0.0697  0.0685  0.0670  0.0663
  0.0690  0.0689  0.0658  0.0619  0.0625  0.0625
  0.0618  0.0645  0.0625  0.0593  0.0604  0.0601
  0.0621  0.0620  0.0613  0.0613  0.0595  0.0596
  0.0651  0.0613  0.0623  0.0668  0.0607  0.0607
  0.0678  0.0621  0.0646  0.0685  0.0642  0.0613
  0.0758  0.0647  0.0689  0.0718  0.0680  0.0621
niter,ni,del,rscale     6    3   12.0000    1.2000
parameters
    0.9838   30.3664    7.4186  -19.5098   -5.2868    2.3930
eta,q 0.93942 12.49832
  0.0749  0.0718  0.0681  0.0715  0.0667  0.0644
  0.0670  0.0657  0.0637  0.0656  0.0624  0.0613
  0.0603  0.0613  0.0610  0.0603  0.0607  0.0599
  0.0601  0.0602  0.0604  0.0604  0.0603  0.0604
  0.0606  0.0611  0.0617  0.0638  0.0605  0.0607
  0.0631  0.0630  0.0642  0.0674  0.0631  0.0610
  0.0722  0.0669  0.0687  0.0705  0.0677  0.0621
niter,ni,del,rscale     5    3   12.0000    1.2000
parameters
    1.1392   30.6187    7.3370  -19.5811   -5.2925    2.5635
eta,q 0.93947 12.50002
  0.0735  0.0706  0.0677  0.0714  0.0668  0.0632
  0.0654  0.0640  0.0633  0.0661  0.0625  0.0607
  0.0607  0.0606  0.0611  0.0604  0.0609  0.0601
  0.0606  0.0605  0.0606  0.0606  0.0605  0.0605
  0.0594  0.0614  0.0619  0.0630  0.0603  0.0604
  0.0633  0.0638  0.0639  0.0669  0.0624  0.0610
  0.0733  0.0681  0.0677  0.0705  0.0671  0.0624
niter,ni,del,rscale     4    3   12.0000    1.2000
parameters
    1.1340   30.6531    7.3179  -19.6041   -5.2583    2.5122
eta,q 0.93947 12.50040
  0.0728  0.0698  0.0677  0.0714  0.0667  0.0629
  0.0649  0.0633  0.0633  0.0663  0.0626  0.0606
  0.0609  0.0604  0.0612  0.0605  0.0610  0.0601
  0.0605  0.0605  0.0606  0.0605  0.0605  0.0605
  0.0592  0.0614  0.0617  0.0628  0.0602  0.0604
  0.0639  0.0642  0.0637  0.0667  0.0623  0.0611
  0.0741  0.0686  0.0674  0.0705  0.0670  0.0626
registration optimization eta report
parameter search radius
    6.9000    6.0000    6.0000   10.4940    6.9000    6.0000
100000*second partial in parameter space
       30.       25.       19.        9.       14.        7.
  0.0728  0.0698  0.0677  0.0714  0.0667  0.0629
  0.0649  0.0633  0.0633  0.0663  0.0626  0.0606
  0.0609  0.0604  0.0612  0.0605  0.0610  0.0601
  0.0605  0.0605  0.0606  0.0605  0.0605  0.0605
  0.0592  0.0614  0.0617  0.0628  0.0602  0.0604
  0.0639  0.0642  0.0637  0.0667  0.0623  0.0611
  0.0741  0.0686  0.0674  0.0705  0.0670  0.0626
    1.1340   30.6531    7.3179  -19.6041   -5.2583    2.5122
eta,q 0.93947 12.50040

---------------------------------------------------------------------
imgreg_4dfp /opt/freesurfer/average/711-2C_as_mni_average_305 /opt/freesurfer/average/711-2B_as_mni_average_305_mask talsrcimg_g11 none talsrcimg_to_711-2C_as_mni_average_305_t4 3335
---------------------------------------------------------------------

freesurfer imgreg_4dfp.c
/opt/freesurfer/average/711-2C_as_mni_average_305.4dfp.img
       256       256       256         1
  1.000000  1.000000  1.000000
orientation T byte_order littleendian
Reading image: /opt/freesurfer/average/711-2C_as_mni_average_305.4dfp.img
dimensions:      256       256       256
mmppix:       1.0000   -1.0000   -1.0000
center:     128.0000 -129.0000 -129.0000
/opt/freesurfer/average/711-2B_as_mni_average_305_mask.4dfp.img
       256       256       256         1
  1.000000  1.000000  1.000000
orientation T byte_order littleendian
Reading mask: /opt/freesurfer/average/711-2B_as_mni_average_305_mask.4dfp.img (2306576 pixels)
talsrcimg_g11.4dfp.img
       256       256       256         1
  1.000000  1.000000  1.000000
orientation T byte_order littleendian
Reading image: talsrcimg_g11.4dfp.img
dimensions:      256       256       256
mmppix:       1.0000   -1.0000   -1.0000
center:     128.0000 -129.0000 -129.0000
fimgreg.f
image alignment mode   3335 decimal      D07 hex
parameters
    1.1340   30.6531    7.3179   -0.5165   -6.0219   -6.1931
   -7.2010    7.1544    4.3647   33.8980   -9.1646  -33.4106
eta,q 0.94183 12.57783
niter,ni,del,rscale     5    3    5.0000    1.2000
parameter  3  0.526005 ->  0.500000 qaram    1.1500
parameter  4-19.148533 ->  0.500000 qaram    1.1500
parameter  5 10.166211 ->  0.500000 qaram    1.1500
parameter  6  0.997864 ->  0.500000 qaram    1.1500
parameter 10  0.763294 ->  0.500000 qaram    1.1500
parameter 11 -0.606794 -> -0.500000 qaram    1.1500
parameters
    0.5586   31.6066    5.9379   -4.6565  -10.1619  -10.3331
   -7.4317    6.3754    5.8318   29.7580   -5.0246  -31.8659
eta,q 0.96458 12.28543
  0.0589  0.0605  0.0577  0.0432  0.0384  0.0368  0.0408  0.0426  0.0409  0.0364  0.0392  0.0385
  0.0582  0.0594  0.0573  0.0476  0.0418  0.0380  0.0395  0.0400  0.0397  0.0360  0.0378  0.0371
  0.0580  0.0586  0.0573  0.0522  0.0451  0.0399  0.0386  0.0386  0.0389  0.0366  0.0368  0.0360
  0.0582  0.0580  0.0578  0.0573  0.0488  0.0427  0.0384  0.0384  0.0383  0.0382  0.0360  0.0355
  0.0585  0.0578  0.0586  0.0617  0.0529  0.0473  0.0388  0.0394  0.0382  0.0409  0.0356  0.0355
  0.0591  0.0579  0.0597  0.0655  0.0567  0.0536  0.0397  0.0417  0.0386  0.0444  0.0355  0.0359
  0.0601  0.0583  0.0611  0.0702  0.0605  0.0607  0.0411  0.0448  0.0395  0.0480  0.0357  0.0367
niter,ni,del,rscale     7    3    5.0000    1.2000
parameter  4  2.136143 ->  0.500000 qaram    1.3225
parameter  5  1.114273 ->  0.500000 qaram    1.3225
parameters
    0.8513   30.5629    5.4510   -9.4175  -14.9229  -13.5140
   -7.8760    5.4742    6.4409   28.9346   -5.7127  -32.1640
eta,q 0.97654 11.99278
  0.0397  0.0357  0.0366  0.0264  0.0242  0.0248  0.0268  0.0279  0.0261  0.0273  0.0249  0.0256
  0.0376  0.0350  0.0355  0.0278  0.0239  0.0238  0.0250  0.0253  0.0248  0.0253  0.0241  0.0244
  0.0361  0.0349  0.0349  0.0309  0.0256  0.0237  0.0239  0.0238  0.0240  0.0239  0.0236  0.0236
  0.0354  0.0354  0.0349  0.0348  0.0285  0.0242  0.0236  0.0236  0.0235  0.0235  0.0235  0.0235
  0.0355  0.0363  0.0355  0.0397  0.0317  0.0253  0.0242  0.0249  0.0236  0.0243  0.0238  0.0239
  0.0364  0.0377  0.0367  0.0445  0.0356  0.0276  0.0256  0.0272  0.0242  0.0262  0.0245  0.0247
  0.0380  0.0396  0.0384  0.0489  0.0400  0.0321  0.0277  0.0305  0.0254  0.0296  0.0255  0.0259
niter,ni,del,rscale     7    3    5.0000    1.2000
parameters
    0.9541   30.4175    4.8424  -13.4602  -16.4582  -13.9993
   -7.8623    5.5892    7.5245   29.6133   -7.6931  -34.0812
eta,q 0.97838 11.83700
  0.0280  0.0263  0.0249  0.0245  0.0263  0.0246  0.0253  0.0267  0.0244  0.0262  0.0227  0.0229
  0.0256  0.0247  0.0238  0.0228  0.0242  0.0230  0.0236  0.0242  0.0233  0.0242  0.0221  0.0220
  0.0241  0.0237  0.0233  0.0221  0.0225  0.0222  0.0224  0.0227  0.0225  0.0227  0.0218  0.0216
  0.0235  0.0235  0.0234  0.0233  0.0222  0.0221  0.0220  0.0220  0.0220  0.0220  0.0219  0.0218
  0.0238  0.0240  0.0242  0.0262  0.0239  0.0227  0.0224  0.0225  0.0220  0.0221  0.0223  0.0225
  0.0251  0.0252  0.0254  0.0306  0.0266  0.0236  0.0236  0.0240  0.0225  0.0232  0.0230  0.0237
  0.0273  0.0271  0.0271  0.0354  0.0301  0.0250  0.0253  0.0265  0.0234  0.0252  0.0241  0.0250
niter,ni,del,rscale     6    3    5.0000    1.2000
parameters
    0.9687   30.4977    4.7352  -13.9260  -17.0312  -14.0454
   -8.3060    5.5933    7.6245   30.2344   -8.2058  -34.6146
eta,q 0.97838 11.82233
  0.0258  0.0249  0.0240  0.0269  0.0268  0.0246  0.0246  0.0261  0.0236  0.0259  0.0230  0.0236
  0.0236  0.0232  0.0226  0.0246  0.0245  0.0229  0.0230  0.0237  0.0226  0.0238  0.0222  0.0224
  0.0221  0.0221  0.0218  0.0227  0.0226  0.0220  0.0220  0.0223  0.0219  0.0223  0.0218  0.0217
  0.0216  0.0216  0.0216  0.0216  0.0217  0.0217  0.0217  0.0217  0.0217  0.0217  0.0217  0.0216
  0.0221  0.0219  0.0220  0.0223  0.0228  0.0222  0.0222  0.0221  0.0219  0.0219  0.0219  0.0221
  0.0235  0.0229  0.0230  0.0249  0.0252  0.0231  0.0235  0.0237  0.0225  0.0229  0.0225  0.0229
  0.0257  0.0245  0.0243  0.0287  0.0285  0.0245  0.0254  0.0262  0.0235  0.0249  0.0233  0.0242
niter,ni,del,rscale     5    3    5.0000    1.2000
parameters
    0.9776   30.6091    4.6675  -13.9439  -17.3371  -14.0287
   -8.3993    5.5979    7.7570   30.5344   -8.4037  -34.8785
eta,q 0.97839 11.82420
  0.0257  0.0248  0.0240  0.0273  0.0270  0.0245  0.0249  0.0260  0.0236  0.0255  0.0230  0.0238
  0.0235  0.0232  0.0227  0.0248  0.0247  0.0229  0.0231  0.0237  0.0226  0.0235  0.0222  0.0225
  0.0221  0.0221  0.0218  0.0228  0.0227  0.0219  0.0220  0.0222  0.0219  0.0222  0.0218  0.0218
  0.0216  0.0216  0.0216  0.0216  0.0216  0.0216  0.0216  0.0216  0.0216  0.0216  0.0216  0.0216
  0.0221  0.0219  0.0220  0.0220  0.0226  0.0221  0.0221  0.0221  0.0218  0.0219  0.0218  0.0220
  0.0235  0.0228  0.0229  0.0243  0.0248  0.0230  0.0232  0.0236  0.0224  0.0230  0.0223  0.0228
  0.0257  0.0243  0.0242  0.0280  0.0281  0.0243  0.0251  0.0261  0.0235  0.0251  0.0232  0.0240
niter,ni,del,rscale     4    3    5.0000    1.2000
parameters
    0.9801   30.6727    4.6241  -13.9354  -17.5013  -14.0480
   -8.4447    5.5868    7.8347   30.6962   -8.4961  -35.0142
eta,q 0.97839 11.82453
  0.0257  0.0247  0.0241  0.0273  0.0271  0.0244  0.0249  0.0260  0.0235  0.0253  0.0231  0.0238
  0.0235  0.0231  0.0227  0.0249  0.0248  0.0228  0.0232  0.0236  0.0225  0.0234  0.0223  0.0226
  0.0221  0.0220  0.0219  0.0228  0.0228  0.0219  0.0220  0.0222  0.0219  0.0221  0.0218  0.0218
  0.0216  0.0216  0.0216  0.0216  0.0216  0.0216  0.0216  0.0216  0.0216  0.0216  0.0216  0.0216
  0.0221  0.0219  0.0220  0.0220  0.0224  0.0221  0.0220  0.0221  0.0218  0.0219  0.0218  0.0219
  0.0235  0.0228  0.0228  0.0243  0.0247  0.0229  0.0232  0.0236  0.0224  0.0231  0.0223  0.0227
  0.0257  0.0244  0.0242  0.0280  0.0279  0.0243  0.0250  0.0261  0.0235  0.0252  0.0231  0.0239
niter,ni,del,rscale     3    3    5.0000    1.2000
parameters
    0.9792   30.7075    4.5931  -13.9331  -17.5904  -14.0723
   -8.4681    5.5795    7.8761   30.7833   -8.5571  -35.0941
eta,q 0.97840 11.82393
  0.0257  0.0246  0.0241  0.0273  0.0271  0.0244  0.0249  0.0260  0.0235  0.0252  0.0231  0.0239
  0.0235  0.0230  0.0227  0.0249  0.0249  0.0228  0.0232  0.0236  0.0225  0.0233  0.0223  0.0226
  0.0221  0.0220  0.0219  0.0228  0.0228  0.0219  0.0220  0.0222  0.0219  0.0221  0.0218  0.0218
  0.0216  0.0216  0.0216  0.0216  0.0216  0.0216  0.0216  0.0216  0.0216  0.0216  0.0216  0.0216
  0.0221  0.0219  0.0219  0.0220  0.0224  0.0221  0.0220  0.0221  0.0218  0.0220  0.0218  0.0219
  0.0235  0.0229  0.0228  0.0243  0.0246  0.0229  0.0232  0.0236  0.0224  0.0231  0.0223  0.0227
  0.0257  0.0245  0.0242  0.0280  0.0278  0.0243  0.0250  0.0261  0.0235  0.0252  0.0231  0.0239
niter,ni,del,rscale     2    3    5.0000    1.2000
parameters
    0.9793   30.7273    4.5726  -13.9271  -17.6356  -14.0937
   -8.4849    5.5720    7.9016   30.8303   -8.5882  -35.1355
eta,q 0.97839 11.82353
  0.0257  0.0245  0.0241  0.0273  0.0272  0.0244  0.0249  0.0260  0.0235  0.0252  0.0231  0.0239
  0.0235  0.0230  0.0227  0.0249  0.0249  0.0228  0.0232  0.0236  0.0225  0.0233  0.0223  0.0226
  0.0221  0.0220  0.0219  0.0228  0.0229  0.0219  0.0220  0.0222  0.0219  0.0221  0.0218  0.0218
  0.0216  0.0216  0.0216  0.0216  0.0216  0.0216  0.0216  0.0216  0.0216  0.0216  0.0216  0.0216
  0.0221  0.0219  0.0219  0.0220  0.0224  0.0221  0.0220  0.0221  0.0218  0.0220  0.0218  0.0219
  0.0235  0.0229  0.0228  0.0243  0.0246  0.0229  0.0232  0.0236  0.0224  0.0231  0.0223  0.0227
  0.0257  0.0245  0.0241  0.0280  0.0277  0.0243  0.0250  0.0260  0.0235  0.0252  0.0231  0.0239
registration optimization eta report
parameter search radius
    2.4000    2.4000    2.7600    9.5220    9.5220    8.2800
    7.2000    7.2000    7.2000    8.2800    8.2800    7.2000
100000*second partial in parameter space
       70.       50.       33.        7.        6.        4.
        6.        8.        4.        5.        2.        4.
  0.0257  0.0245  0.0241  0.0273  0.0272  0.0244  0.0249  0.0260  0.0235  0.0252  0.0231  0.0239
  0.0235  0.0230  0.0227  0.0249  0.0249  0.0228  0.0232  0.0236  0.0225  0.0233  0.0223  0.0226
  0.0221  0.0220  0.0219  0.0228  0.0229  0.0219  0.0220  0.0222  0.0219  0.0221  0.0218  0.0218
  0.0216  0.0216  0.0216  0.0216  0.0216  0.0216  0.0216  0.0216  0.0216  0.0216  0.0216  0.0216
  0.0221  0.0219  0.0219  0.0220  0.0224  0.0221  0.0220  0.0221  0.0218  0.0220  0.0218  0.0219
  0.0235  0.0229  0.0228  0.0243  0.0246  0.0229  0.0232  0.0236  0.0224  0.0231  0.0223  0.0227
  0.0257  0.0245  0.0241  0.0280  0.0277  0.0243  0.0250  0.0260  0.0235  0.0252  0.0231  0.0239
    0.9793   30.7273    4.5726  -13.9271  -17.6356  -14.0937
   -8.4849    5.5720    7.9016   30.8303   -8.5882  -35.1355
eta,q 0.97839 11.82353

---------------------------------------------------------------------
imgreg_4dfp /opt/freesurfer/average/711-2C_as_mni_average_305 /opt/freesurfer/average/711-2B_as_mni_average_305_mask talsrcimg_g11 none talsrcimg_to_711-2C_as_mni_average_305_t4 2311
---------------------------------------------------------------------

freesurfer imgreg_4dfp.c
/opt/freesurfer/average/711-2C_as_mni_average_305.4dfp.img
       256       256       256         1
  1.000000  1.000000  1.000000
orientation T byte_order littleendian
Reading image: /opt/freesurfer/average/711-2C_as_mni_average_305.4dfp.img
dimensions:      256       256       256
mmppix:       1.0000   -1.0000   -1.0000
center:     128.0000 -129.0000 -129.0000
/opt/freesurfer/average/711-2B_as_mni_average_305_mask.4dfp.img
       256       256       256         1
  1.000000  1.000000  1.000000
orientation T byte_order littleendian
Reading mask: /opt/freesurfer/average/711-2B_as_mni_average_305_mask.4dfp.img (2306576 pixels)
talsrcimg_g11.4dfp.img
       256       256       256         1
  1.000000  1.000000  1.000000
orientation T byte_order littleendian
Reading image: talsrcimg_g11.4dfp.img
dimensions:      256       256       256
mmppix:       1.0000   -1.0000   -1.0000
center:     128.0000 -129.0000 -129.0000
fimgreg.f
image alignment mode   2311 decimal      907 hex
parameters
    0.9793   30.7273    4.5726  -13.9271  -17.6356  -14.0937
   -8.4849    5.5720    7.9016   30.8303   -8.5882  -35.1355
eta,q 0.97839 11.82353
niter,ni,del,rscale     5    3    5.0000    0.8000
parameters
    0.9775   30.7500    4.5369  -13.2200  -17.3094  -14.3906
   -8.4510    5.6355    7.9198   30.9157   -8.4173  -34.9519
eta,q 0.97851 11.84815
  0.0235  0.0230  0.0224  0.0238  0.0238  0.0224  0.0231  0.0236  0.0224  0.0228  0.0221  0.0226
  0.0224  0.0222  0.0220  0.0229  0.0228  0.0219  0.0222  0.0225  0.0219  0.0221  0.0218  0.0220
  0.0218  0.0218  0.0217  0.0221  0.0220  0.0216  0.0217  0.0218  0.0216  0.0216  0.0216  0.0216
  0.0216  0.0216  0.0216  0.0216  0.0215  0.0215  0.0215  0.0215  0.0215  0.0215  0.0215  0.0215
  0.0218  0.0217  0.0217  0.0215  0.0216  0.0217  0.0217  0.0217  0.0216  0.0216  0.0215  0.0216
  0.0224  0.0222  0.0220  0.0220  0.0223  0.0221  0.0222  0.0224  0.0219  0.0220  0.0217  0.0219
  0.0235  0.0229  0.0225  0.0230  0.0233  0.0226  0.0231  0.0235  0.0224  0.0227  0.0220  0.0225
niter,ni,del,rscale     4    3    5.0000    0.7000
parameters
    0.9788   30.7446    4.4299  -13.1388  -17.2228  -14.5875
   -8.4257    5.6476    7.9775   30.8988   -8.4720  -34.9617
eta,q 0.97853 11.84434
  0.0230  0.0225  0.0221  0.0230  0.0232  0.0222  0.0227  0.0231  0.0222  0.0224  0.0219  0.0223
  0.0222  0.0220  0.0217  0.0223  0.0224  0.0218  0.0221  0.0222  0.0218  0.0219  0.0217  0.0218
  0.0217  0.0216  0.0215  0.0217  0.0217  0.0216  0.0216  0.0217  0.0216  0.0216  0.0215  0.0216
  0.0215  0.0215  0.0215  0.0215  0.0215  0.0215  0.0215  0.0215  0.0215  0.0215  0.0215  0.0215
  0.0217  0.0216  0.0216  0.0216  0.0217  0.0216  0.0216  0.0216  0.0215  0.0216  0.0215  0.0216
  0.0221  0.0220  0.0219  0.0221  0.0222  0.0219  0.0220  0.0222  0.0218  0.0219  0.0217  0.0218
  0.0230  0.0225  0.0223  0.0230  0.0231  0.0224  0.0227  0.0231  0.0221  0.0225  0.0219  0.0223
niter,ni,del,rscale     3    3    5.0000    0.6000
parameters
    0.9762   30.7371    4.3731  -13.0705  -17.1939  -14.6891
   -8.4330    5.6499    8.0022   30.9014   -8.4945  -34.9862
eta,q 0.97853 11.84330
  0.0226  0.0222  0.0219  0.0226  0.0228  0.0221  0.0224  0.0226  0.0220  0.0222  0.0218  0.0221
  0.0220  0.0218  0.0217  0.0221  0.0221  0.0217  0.0219  0.0220  0.0217  0.0218  0.0216  0.0217
  0.0216  0.0216  0.0215  0.0217  0.0217  0.0215  0.0216  0.0216  0.0215  0.0216  0.0215  0.0215
  0.0215  0.0215  0.0215  0.0215  0.0215  0.0215  0.0215  0.0215  0.0215  0.0215  0.0215  0.0215
  0.0216  0.0216  0.0215  0.0216  0.0216  0.0215  0.0216  0.0216  0.0215  0.0215  0.0215  0.0215
  0.0220  0.0218  0.0217  0.0219  0.0221  0.0218  0.0219  0.0220  0.0217  0.0218  0.0216  0.0217
  0.0226  0.0223  0.0220  0.0226  0.0227  0.0221  0.0224  0.0227  0.0220  0.0222  0.0218  0.0221
niter,ni,del,rscale     2    3    5.0000    0.5000
parameters
    0.9759   30.7362    4.3388  -13.0089  -17.1910  -14.7382
   -8.4360    5.6554    8.0288   30.9170   -8.5197  -35.0029
eta,q 0.97853 11.84401
  0.0222  0.0220  0.0218  0.0223  0.0224  0.0219  0.0221  0.0223  0.0218  0.0220  0.0217  0.0219
  0.0218  0.0217  0.0216  0.0219  0.0219  0.0217  0.0218  0.0219  0.0216  0.0217  0.0216  0.0216
  0.0216  0.0215  0.0215  0.0216  0.0216  0.0215  0.0215  0.0216  0.0215  0.0215  0.0215  0.0215
  0.0215  0.0215  0.0215  0.0215  0.0215  0.0215  0.0215  0.0215  0.0215  0.0215  0.0215  0.0215
  0.0216  0.0215  0.0215  0.0215  0.0216  0.0215  0.0215  0.0216  0.0215  0.0215  0.0215  0.0215
  0.0218  0.0217  0.0216  0.0218  0.0219  0.0217  0.0218  0.0218  0.0216  0.0217  0.0216  0.0217
  0.0222  0.0220  0.0218  0.0223  0.0224  0.0219  0.0221  0.0223  0.0218  0.0220  0.0217  0.0219
niter,ni,del,rscale     1    3    5.0000    0.4000
parameters
    0.9769   30.7364    4.3191  -12.9505  -17.1911  -14.7527
   -8.4479    5.6628    8.0264   30.9299   -8.5182  -35.0179
eta,q 0.97853 11.84592
  0.0220  0.0218  0.0217  0.0220  0.0221  0.0218  0.0219  0.0220  0.0217  0.0218  0.0216  0.0217
  0.0217  0.0216  0.0216  0.0217  0.0218  0.0216  0.0217  0.0217  0.0216  0.0216  0.0215  0.0216
  0.0215  0.0215  0.0215  0.0216  0.0215  0.0215  0.0215  0.0215  0.0215  0.0215  0.0215  0.0215
  0.0215  0.0215  0.0215  0.0215  0.0215  0.0215  0.0215  0.0215  0.0215  0.0215  0.0215  0.0215
  0.0215  0.0215  0.0215  0.0215  0.0215  0.0215  0.0215  0.0215  0.0215  0.0215  0.0215  0.0215
  0.0217  0.0216  0.0216  0.0217  0.0217  0.0216  0.0217  0.0217  0.0216  0.0216  0.0215  0.0216
  0.0220  0.0218  0.0217  0.0220  0.0221  0.0218  0.0219  0.0220  0.0217  0.0218  0.0216  0.0217
registration optimization eta report
parameter search radius
    0.8000    0.8000    0.8000    2.4000    2.4000    2.4000
    2.4000    2.4000    2.4000    2.4000    2.4000    2.4000
100000*second partial in parameter space
       76.       54.       35.        9.       11.        5.
        7.        9.        4.        6.        2.        5.
  0.0220  0.0218  0.0217  0.0220  0.0221  0.0218  0.0219  0.0220  0.0217  0.0218  0.0216  0.0217
  0.0217  0.0216  0.0216  0.0217  0.0218  0.0216  0.0217  0.0217  0.0216  0.0216  0.0215  0.0216
  0.0215  0.0215  0.0215  0.0216  0.0215  0.0215  0.0215  0.0215  0.0215  0.0215  0.0215  0.0215
  0.0215  0.0215  0.0215  0.0215  0.0215  0.0215  0.0215  0.0215  0.0215  0.0215  0.0215  0.0215
  0.0215  0.0215  0.0215  0.0215  0.0215  0.0215  0.0215  0.0215  0.0215  0.0215  0.0215  0.0215
  0.0217  0.0216  0.0216  0.0217  0.0217  0.0216  0.0217  0.0217  0.0216  0.0216  0.0215  0.0216
  0.0220  0.0218  0.0217  0.0220  0.0221  0.0218  0.0219  0.0220  0.0217  0.0218  0.0216  0.0217
    0.9769   30.7364    4.3191  -12.9505  -17.1911  -14.7527
   -8.4479    5.6628    8.0264   30.9299   -8.5182  -35.0179
eta,q 0.97853 11.84592

---------------------------------------------------------------------
imgreg_4dfp /opt/freesurfer/average/711-2C_as_mni_average_305 /opt/freesurfer/average/711-2B_as_mni_average_305_mask talsrcimg_g11 none talsrcimg_to_711-2C_as_mni_average_305_t4 2311
---------------------------------------------------------------------

freesurfer imgreg_4dfp.c
/opt/freesurfer/average/711-2C_as_mni_average_305.4dfp.img
       256       256       256         1
  1.000000  1.000000  1.000000
orientation T byte_order littleendian
Reading image: /opt/freesurfer/average/711-2C_as_mni_average_305.4dfp.img
dimensions:      256       256       256
mmppix:       1.0000   -1.0000   -1.0000
center:     128.0000 -129.0000 -129.0000
/opt/freesurfer/average/711-2B_as_mni_average_305_mask.4dfp.img
       256       256       256         1
  1.000000  1.000000  1.000000
orientation T byte_order littleendian
Reading mask: /opt/freesurfer/average/711-2B_as_mni_average_305_mask.4dfp.img (2306576 pixels)
talsrcimg_g11.4dfp.img
       256       256       256         1
  1.000000  1.000000  1.000000
orientation T byte_order littleendian
Reading image: talsrcimg_g11.4dfp.img
dimensions:      256       256       256
mmppix:       1.0000   -1.0000   -1.0000
center:     128.0000 -129.0000 -129.0000
fimgreg.f
image alignment mode   2311 decimal      907 hex
parameters
    0.9769   30.7364    4.3191  -12.9505  -17.1911  -14.7527
   -8.4479    5.6628    8.0264   30.9299   -8.5182  -35.0179
eta,q 0.97853 11.84593
niter,ni,del,rscale     5    3    5.0000    0.8000
parameters
    0.9738   30.7354    4.3149  -13.1990  -17.2356  -14.7460
   -8.4561    5.6179    7.9980   30.9263   -8.5781  -35.0261
eta,q 0.97852 11.83586
  0.0234  0.0228  0.0224  0.0232  0.0235  0.0226  0.0231  0.0235  0.0223  0.0227  0.0220  0.0225
  0.0223  0.0221  0.0219  0.0223  0.0225  0.0220  0.0222  0.0224  0.0219  0.0220  0.0217  0.0219
  0.0217  0.0216  0.0216  0.0217  0.0218  0.0216  0.0217  0.0217  0.0216  0.0216  0.0215  0.0216
  0.0215  0.0215  0.0215  0.0215  0.0215  0.0215  0.0215  0.0215  0.0215  0.0215  0.0215  0.0215
  0.0217  0.0216  0.0216  0.0217  0.0218  0.0216  0.0217  0.0217  0.0216  0.0216  0.0215  0.0216
  0.0223  0.0221  0.0219  0.0225  0.0225  0.0220  0.0222  0.0224  0.0219  0.0220  0.0217  0.0220
  0.0234  0.0228  0.0224  0.0237  0.0236  0.0225  0.0231  0.0236  0.0224  0.0227  0.0220  0.0225
niter,ni,del,rscale     4    3    5.0000    0.7000
parameters
    0.9710   30.7371    4.3316  -13.1509  -17.2284  -14.7586
   -8.4558    5.6312    8.0018   30.9267   -8.5462  -35.0202
eta,q 0.97853 11.83713
  0.0229  0.0225  0.0222  0.0230  0.0231  0.0223  0.0227  0.0231  0.0221  0.0224  0.0219  0.0223
  0.0221  0.0219  0.0218  0.0223  0.0223  0.0219  0.0220  0.0222  0.0218  0.0219  0.0217  0.0218
  0.0216  0.0216  0.0216  0.0217  0.0217  0.0216  0.0216  0.0217  0.0216  0.0216  0.0215  0.0216
  0.0215  0.0215  0.0215  0.0215  0.0215  0.0215  0.0215  0.0215  0.0215  0.0215  0.0215  0.0215
  0.0216  0.0216  0.0215  0.0216  0.0217  0.0216  0.0216  0.0216  0.0215  0.0216  0.0215  0.0216
  0.0221  0.0219  0.0218  0.0221  0.0223  0.0219  0.0220  0.0222  0.0218  0.0219  0.0217  0.0218
  0.0230  0.0225  0.0221  0.0230  0.0231  0.0223  0.0227  0.0231  0.0222  0.0224  0.0219  0.0223
niter,ni,del,rscale     3    3    5.0000    0.6000
parameters
    0.9731   30.7405    4.3218  -13.0765  -17.2179  -14.7809
   -8.4537    5.6426    8.0204   30.9333   -8.5489  -35.0276
eta,q 0.97853 11.83941
  0.0226  0.0222  0.0220  0.0226  0.0227  0.0221  0.0224  0.0226  0.0220  0.0222  0.0218  0.0221
  0.0220  0.0218  0.0217  0.0221  0.0221  0.0218  0.0219  0.0220  0.0217  0.0218  0.0216  0.0217
  0.0216  0.0216  0.0215  0.0217  0.0216  0.0215  0.0216  0.0216  0.0215  0.0216  0.0215  0.0215
  0.0215  0.0215  0.0215  0.0215  0.0215  0.0215  0.0215  0.0215  0.0215  0.0215  0.0215  0.0215
  0.0216  0.0216  0.0215  0.0216  0.0216  0.0215  0.0216  0.0216  0.0215  0.0215  0.0215  0.0215
  0.0220  0.0218  0.0217  0.0219  0.0221  0.0218  0.0219  0.0220  0.0217  0.0218  0.0216  0.0217
  0.0226  0.0222  0.0220  0.0226  0.0227  0.0221  0.0224  0.0226  0.0220  0.0222  0.0218  0.0221
niter,ni,del,rscale     2    3    5.0000    0.5000
parameters
    0.9742   30.7441    4.3127  -13.0119  -17.2116  -14.7844
   -8.4531    5.6555    8.0411   30.9423   -8.5557  -35.0306
eta,q 0.97853 11.84216
  0.0222  0.0220  0.0218  0.0223  0.0224  0.0219  0.0221  0.0223  0.0218  0.0220  0.0217  0.0219
  0.0218  0.0217  0.0216  0.0219  0.0219  0.0217  0.0218  0.0219  0.0216  0.0217  0.0216  0.0217
  0.0216  0.0215  0.0215  0.0216  0.0216  0.0215  0.0215  0.0216  0.0215  0.0215  0.0215  0.0215
  0.0215  0.0215  0.0215  0.0215  0.0215  0.0215  0.0215  0.0215  0.0215  0.0215  0.0215  0.0215
  0.0216  0.0215  0.0215  0.0215  0.0216  0.0215  0.0215  0.0216  0.0215  0.0215  0.0215  0.0215
  0.0218  0.0217  0.0216  0.0218  0.0219  0.0217  0.0218  0.0218  0.0216  0.0217  0.0216  0.0217
  0.0222  0.0220  0.0218  0.0223  0.0224  0.0219  0.0221  0.0223  0.0218  0.0220  0.0217  0.0219
niter,ni,del,rscale     1    3    5.0000    0.4000
parameters
    0.9777   30.7472    4.3073  -12.9620  -17.2114  -14.7765
   -8.4578    5.6643    8.0507   30.9567   -8.5518  -35.0242
eta,q 0.97854 11.84474
  0.0220  0.0218  0.0217  0.0220  0.0221  0.0218  0.0219  0.0220  0.0217  0.0218  0.0216  0.0217
  0.0217  0.0216  0.0216  0.0217  0.0218  0.0216  0.0217  0.0217  0.0216  0.0216  0.0215  0.0216
  0.0215  0.0215  0.0215  0.0215  0.0215  0.0215  0.0215  0.0215  0.0215  0.0215  0.0215  0.0215
  0.0215  0.0215  0.0215  0.0215  0.0215  0.0215  0.0215  0.0215  0.0215  0.0215  0.0215  0.0215
  0.0215  0.0215  0.0215  0.0215  0.0215  0.0215  0.0215  0.0215  0.0215  0.0215  0.0215  0.0215
  0.0217  0.0216  0.0216  0.0217  0.0217  0.0216  0.0217  0.0217  0.0216  0.0216  0.0215  0.0216
  0.0220  0.0218  0.0217  0.0220  0.0221  0.0218  0.0219  0.0220  0.0217  0.0218  0.0216  0.0217
registration optimization eta report
parameter search radius
    0.8000    0.8000    0.8000    2.4000    2.4000    2.4000
    2.4000    2.4000    2.4000    2.4000    2.4000    2.4000
100000*second partial in parameter space
       77.       54.       35.        9.       11.        5.
        7.        9.        4.        6.        2.        5.
  0.0220  0.0218  0.0217  0.0220  0.0221  0.0218  0.0219  0.0220  0.0217  0.0218  0.0216  0.0217
  0.0217  0.0216  0.0216  0.0217  0.0218  0.0216  0.0217  0.0217  0.0216  0.0216  0.0215  0.0216
  0.0215  0.0215  0.0215  0.0215  0.0215  0.0215  0.0215  0.0215  0.0215  0.0215  0.0215  0.0215
  0.0215  0.0215  0.0215  0.0215  0.0215  0.0215  0.0215  0.0215  0.0215  0.0215  0.0215  0.0215
  0.0215  0.0215  0.0215  0.0215  0.0215  0.0215  0.0215  0.0215  0.0215  0.0215  0.0215  0.0215
  0.0217  0.0216  0.0216  0.0217  0.0217  0.0216  0.0217  0.0217  0.0216  0.0216  0.0215  0.0216
  0.0220  0.0218  0.0217  0.0220  0.0221  0.0218  0.0219  0.0220  0.0217  0.0218  0.0216  0.0217
    0.9777   30.7472    4.3073  -12.9620  -17.2114  -14.7765
   -8.4578    5.6643    8.0507   30.9567   -8.5518  -35.0242
eta,q 0.97854 11.84474

---------------------------------------------------------------------
compute_vox2vox talsrcimg talsrcimg_to_711-2C_as_mni_average_305_t4 /opt/freesurfer/average/711-2C_as_mni_average_305
---------------------------------------------------------------------

freesurfer compute_vox2vox.c
Reading: talsrcimg.4dfp.ifh
Reading: talsrcimg_to_711-2C_as_mni_average_305_t4
Reading: /opt/freesurfer/average/711-2C_as_mni_average_305.4dfp.ifh
Writing: talsrcimg_to_711-2C_as_mni_average_305_t4_vox2vox.txt

start time Tue Mar 10 06:09:15 CET 2026
end		time Tue Mar 10 06:09:29 CET 2026

mpr2mni305 success

avi2talxfm orig_nu.mgz /opt/freesurfer/average/mni305.cor.mgz talsrcimg_to_711-2C_as_mni_average_305_t4_vox2vox.txt transforms/talairach.auto.xfm
avi2talxfm done
mv -f /out/sourcedata/freesurfer/sub-v1s6x0051606_ses-1/mri/talsrcimg_to_711-2C_as_mni_average_305_t4_vox2vox.txt /out/sourcedata/freesurfer/sub-v1s6x0051606_ses-1/mri/transforms/talsrcimg_to_711-2C_as_mni_average_305_t4_vox2vox.txt
lta_convert --src orig_nu.mgz --trg /opt/freesurfer/average/mni305.cor.mgz --inxfm transforms/talairach.auto.xfm --outlta transforms/talairach.auto.xfm.lta --subject fsaverage
7.3.2

--src: orig_nu.mgz src image (geometry).
--trg: /opt/freesurfer/average/mni305.cor.mgz trg image (geometry).
--inmni: transforms/talairach.auto.xfm input MNI/XFM transform.
--outlta: transforms/talairach.auto.xfm.lta output LTA.
--s: fsaverage subject name
 LTA read, type : 1
 1.13222  -0.10165   0.07267  -5.50955;
 0.05926   1.01177   0.43409  -8.56227;
-0.13226  -0.36844   1.03851  -20.24338;
 0.00000   0.00000   0.00000   1.00000;
setting subject to fsaverage
Writing  LTA to file transforms/talairach.auto.xfm.lta...
lta_convert successful.
 
 
Started at Tue Mar 10 06:09:14 CET 2026
Ended   at Tue Mar 10 06:09:29 CET 2026
talairach_avi done
