status file for recon-all
Tue Mar 10 07:23:28 CET 2026
#@# Tessellate lh Tue Mar 10 07:23:28 CET 2026
#@# Smooth1 lh Tue Mar 10 07:23:32 CET 2026
#@# Inflation1 lh Tue Mar 10 07:23:35 CET 2026
#@# QSphere lh Tue Mar 10 07:23:48 CET 2026
#@# Fix Topology lh Tue Mar 10 07:25:13 CET 2026
#@# Smooth2 lh Tue Mar 10 07:30:37 CET 2026
#@# Inflation2 lh Tue Mar 10 07:30:40 CET 2026
#@# Curv .H and .K lh Tue Mar 10 07:30:54 CET 2026
#@# Sphere lh Tue Mar 10 07:31:43 CET 2026
#@# Surf Reg lh Tue Mar 10 07:33:51 CET 2026
#@# Jacobian white lh Tue Mar 10 07:37:39 CET 2026
#@# AvgCurv lh Tue Mar 10 07:37:40 CET 2026
#@# Cortical Parc lh Tue Mar 10 07:37:41 CET 2026
#@# white curv lh Tue Mar 10 07:44:01 CET 2026
#@# white area lh Tue Mar 10 07:44:03 CET 2026
#@# pial curv lh Tue Mar 10 07:44:04 CET 2026
#@# pial area lh Tue Mar 10 07:44:05 CET 2026
#@# thickness lh Tue Mar 10 07:44:06 CET 2026
#@# area and vertex vol lh Tue Mar 10 07:44:37 CET 2026
#@# Curvature Stats lh Tue Mar 10 07:44:39 CET 2026
#@# Cortical Parc 2 lh Tue Mar 10 07:44:41 CET 2026
#@# Cortical Parc 3 lh Tue Mar 10 07:44:55 CET 2026
#@# WM/GM Contrast lh Tue Mar 10 07:45:07 CET 2026
recon-all -s sub-v1s6x0051364_ses-1 finished without error at Tue Mar 10 07:45:10 CET 2026



#New# invocation of recon-all 



status file for recon-all
Tue Mar 10 08:13:18 CET 2026
#@# white curv lh Tue Mar 10 08:13:18 CET 2026
#@# white area lh Tue Mar 10 08:13:18 CET 2026
#@# pial curv lh Tue Mar 10 08:13:18 CET 2026
#@# pial area lh Tue Mar 10 08:13:18 CET 2026
#@# thickness lh Tue Mar 10 08:13:18 CET 2026
#@# area and vertex vol lh Tue Mar 10 08:13:18 CET 2026
#@# Parcellation Stats lh Tue Mar 10 08:13:18 CET 2026
#@# Parcellation Stats 2 lh Tue Mar 10 08:13:37 CET 2026
#@# Parcellation Stats 3 lh Tue Mar 10 08:13:48 CET 2026
#@# BA_exvivo Labels lh Tue Mar 10 08:13:57 CET 2026
recon-all -s sub-v1s6x0051364_ses-1 finished without error at Tue Mar 10 08:16:35 CET 2026
