status file for recon-all
Tue Mar 10 07:45:12 CET 2026
#@# Tessellate rh Tue Mar 10 07:45:12 CET 2026
#@# Smooth1 rh Tue Mar 10 07:45:16 CET 2026
#@# Inflation1 rh Tue Mar 10 07:45:19 CET 2026
#@# QSphere rh Tue Mar 10 07:45:33 CET 2026
#@# Fix Topology rh Tue Mar 10 07:46:59 CET 2026
#@# Smooth2 rh Tue Mar 10 07:52:33 CET 2026
#@# Inflation2 rh Tue Mar 10 07:52:36 CET 2026
#@# Curv .H and .K rh Tue Mar 10 07:52:51 CET 2026
#@# Sphere rh Tue Mar 10 07:53:40 CET 2026
#@# Surf Reg rh Tue Mar 10 07:56:04 CET 2026
#@# Jacobian white rh Tue Mar 10 08:01:03 CET 2026
#@# AvgCurv rh Tue Mar 10 08:01:04 CET 2026
#@# Cortical Parc rh Tue Mar 10 08:01:05 CET 2026
#@# white curv rh Tue Mar 10 08:07:39 CET 2026
#@# white area rh Tue Mar 10 08:07:40 CET 2026
#@# pial curv rh Tue Mar 10 08:07:41 CET 2026
#@# pial area rh Tue Mar 10 08:07:43 CET 2026
#@# thickness rh Tue Mar 10 08:07:44 CET 2026
#@# area and vertex vol rh Tue Mar 10 08:08:15 CET 2026
#@# Curvature Stats rh Tue Mar 10 08:08:17 CET 2026
#@# Cortical Parc 2 rh Tue Mar 10 08:08:19 CET 2026
#@# Cortical Parc 3 rh Tue Mar 10 08:08:33 CET 2026
#@# WM/GM Contrast rh Tue Mar 10 08:08:44 CET 2026
recon-all -s sub-v1s6x0051364_ses-1 finished without error at Tue Mar 10 08:08:47 CET 2026



#New# invocation of recon-all 



status file for recon-all
Tue Mar 10 08:16:38 CET 2026
#@# white curv rh Tue Mar 10 08:16:38 CET 2026
#@# white area rh Tue Mar 10 08:16:38 CET 2026
#@# pial curv rh Tue Mar 10 08:16:38 CET 2026
#@# pial area rh Tue Mar 10 08:16:38 CET 2026
#@# thickness rh Tue Mar 10 08:16:38 CET 2026
#@# area and vertex vol rh Tue Mar 10 08:16:38 CET 2026
#@# Parcellation Stats rh Tue Mar 10 08:16:38 CET 2026
#@# Parcellation Stats 2 rh Tue Mar 10 08:16:59 CET 2026
#@# Parcellation Stats 3 rh Tue Mar 10 08:17:09 CET 2026
#@# BA_exvivo Labels rh Tue Mar 10 08:17:19 CET 2026
recon-all -s sub-v1s6x0051364_ses-1 finished without error at Tue Mar 10 08:19:56 CET 2026
