status file for recon-all
Tue Mar 10 07:23:09 CET 2026
#@# Tessellate lh Tue Mar 10 07:23:09 CET 2026
#@# Smooth1 lh Tue Mar 10 07:23:12 CET 2026
#@# Inflation1 lh Tue Mar 10 07:23:15 CET 2026
#@# QSphere lh Tue Mar 10 07:23:26 CET 2026
#@# Fix Topology lh Tue Mar 10 07:24:42 CET 2026
#@# Smooth2 lh Tue Mar 10 07:30:12 CET 2026
#@# Inflation2 lh Tue Mar 10 07:30:15 CET 2026
#@# Curv .H and .K lh Tue Mar 10 07:30:27 CET 2026
#@# Sphere lh Tue Mar 10 07:31:18 CET 2026
#@# Surf Reg lh Tue Mar 10 07:34:21 CET 2026
#@# Jacobian white lh Tue Mar 10 07:39:07 CET 2026
#@# AvgCurv lh Tue Mar 10 07:39:08 CET 2026
#@# Cortical Parc lh Tue Mar 10 07:39:09 CET 2026
#@# white curv lh Tue Mar 10 07:45:19 CET 2026
#@# white area lh Tue Mar 10 07:45:21 CET 2026
#@# pial curv lh Tue Mar 10 07:45:22 CET 2026
#@# pial area lh Tue Mar 10 07:45:23 CET 2026
#@# thickness lh Tue Mar 10 07:45:24 CET 2026
#@# area and vertex vol lh Tue Mar 10 07:45:55 CET 2026
#@# Curvature Stats lh Tue Mar 10 07:45:57 CET 2026
#@# Cortical Parc 2 lh Tue Mar 10 07:45:59 CET 2026
#@# Cortical Parc 3 lh Tue Mar 10 07:46:13 CET 2026
#@# WM/GM Contrast lh Tue Mar 10 07:46:23 CET 2026
recon-all -s sub-v1s6x0051366_ses-1 finished without error at Tue Mar 10 07:46:26 CET 2026



#New# invocation of recon-all 



status file for recon-all
Tue Mar 10 08:14:49 CET 2026
#@# white curv lh Tue Mar 10 08:14:49 CET 2026
#@# white area lh Tue Mar 10 08:14:49 CET 2026
#@# pial curv lh Tue Mar 10 08:14:49 CET 2026
#@# pial area lh Tue Mar 10 08:14:49 CET 2026
#@# thickness lh Tue Mar 10 08:14:49 CET 2026
#@# area and vertex vol lh Tue Mar 10 08:14:49 CET 2026
#@# Parcellation Stats lh Tue Mar 10 08:14:49 CET 2026
#@# Parcellation Stats 2 lh Tue Mar 10 08:15:09 CET 2026
#@# Parcellation Stats 3 lh Tue Mar 10 08:15:19 CET 2026
#@# BA_exvivo Labels lh Tue Mar 10 08:15:28 CET 2026
recon-all -s sub-v1s6x0051366_ses-1 finished without error at Tue Mar 10 08:18:00 CET 2026
