status file for recon-all
Tue Mar 10 07:46:29 CET 2026
#@# Tessellate rh Tue Mar 10 07:46:29 CET 2026
#@# Smooth1 rh Tue Mar 10 07:46:32 CET 2026
#@# Inflation1 rh Tue Mar 10 07:46:35 CET 2026
#@# QSphere rh Tue Mar 10 07:46:45 CET 2026
#@# Fix Topology rh Tue Mar 10 07:47:57 CET 2026
#@# Smooth2 rh Tue Mar 10 07:53:31 CET 2026
#@# Inflation2 rh Tue Mar 10 07:53:34 CET 2026
#@# Curv .H and .K rh Tue Mar 10 07:53:45 CET 2026
#@# Sphere rh Tue Mar 10 07:54:35 CET 2026
#@# Surf Reg rh Tue Mar 10 07:57:22 CET 2026
#@# Jacobian white rh Tue Mar 10 08:01:41 CET 2026
#@# AvgCurv rh Tue Mar 10 08:01:42 CET 2026
#@# Cortical Parc rh Tue Mar 10 08:01:42 CET 2026
#@# white curv rh Tue Mar 10 08:08:00 CET 2026
#@# white area rh Tue Mar 10 08:08:02 CET 2026
#@# pial curv rh Tue Mar 10 08:08:02 CET 2026
#@# pial area rh Tue Mar 10 08:08:04 CET 2026
#@# thickness rh Tue Mar 10 08:08:05 CET 2026
#@# area and vertex vol rh Tue Mar 10 08:08:35 CET 2026
#@# Curvature Stats rh Tue Mar 10 08:08:37 CET 2026
#@# Cortical Parc 2 rh Tue Mar 10 08:08:39 CET 2026
#@# Cortical Parc 3 rh Tue Mar 10 08:08:52 CET 2026
#@# WM/GM Contrast rh Tue Mar 10 08:09:03 CET 2026
recon-all -s sub-v1s6x0051366_ses-1 finished without error at Tue Mar 10 08:09:05 CET 2026



#New# invocation of recon-all 



status file for recon-all
Tue Mar 10 08:18:03 CET 2026
#@# white curv rh Tue Mar 10 08:18:03 CET 2026
#@# white area rh Tue Mar 10 08:18:03 CET 2026
#@# pial curv rh Tue Mar 10 08:18:03 CET 2026
#@# pial area rh Tue Mar 10 08:18:03 CET 2026
#@# thickness rh Tue Mar 10 08:18:03 CET 2026
#@# area and vertex vol rh Tue Mar 10 08:18:03 CET 2026
#@# Parcellation Stats rh Tue Mar 10 08:18:03 CET 2026
#@# Parcellation Stats 2 rh Tue Mar 10 08:18:23 CET 2026
#@# Parcellation Stats 3 rh Tue Mar 10 08:18:33 CET 2026
#@# BA_exvivo Labels rh Tue Mar 10 08:18:42 CET 2026
recon-all -s sub-v1s6x0051366_ses-1 finished without error at Tue Mar 10 08:21:09 CET 2026
