status file for recon-all
Tue Mar 10 05:48:51 CET 2026
#@# MotionCor Tue Mar 10 05:48:53 CET 2026
#@# Talairach Tue Mar 10 05:49:00 CET 2026
#@# Talairach Failure Detection Tue Mar 10 05:53:26 CET 2026
#@# Nu Intensity Correction Tue Mar 10 05:53:26 CET 2026
#@# Intensity Normalization Tue Mar 10 05:56:41 CET 2026
recon-all -s sub-v1s6x0051366_ses-1 finished without error at Tue Mar 10 05:58:21 CET 2026



#New# invocation of recon-all 



status file for recon-all
Tue Mar 10 06:04:54 CET 2026
#@# EM Registration Tue Mar 10 06:04:54 CET 2026
recon-all -s sub-v1s6x0051366_ses-1 finished without error at Tue Mar 10 06:06:28 CET 2026



#New# invocation of recon-all 



status file for recon-all
Tue Mar 10 06:06:30 CET 2026
#@# CA Normalize Tue Mar 10 06:06:30 CET 2026
#@# CA Reg Tue Mar 10 06:07:52 CET 2026
#@# SubCort Seg Tue Mar 10 06:47:19 CET 2026
#@# CC Seg Tue Mar 10 07:17:01 CET 2026
#@# Merge ASeg Tue Mar 10 07:17:35 CET 2026
#@# Intensity Normalization2 Tue Mar 10 07:17:35 CET 2026
#@# Mask BFS Tue Mar 10 07:19:59 CET 2026
#@# WM Segmentation Tue Mar 10 07:20:00 CET 2026
#@# Fill Tue Mar 10 07:22:01 CET 2026
recon-all -s sub-v1s6x0051366_ses-1 finished without error at Tue Mar 10 07:23:04 CET 2026



#New# invocation of recon-all 



status file for recon-all
Tue Mar 10 08:09:11 CET 2026
#@# white curv lh Tue Mar 10 08:09:11 CET 2026
#@# white area lh Tue Mar 10 08:09:11 CET 2026
#@# pial curv lh Tue Mar 10 08:09:11 CET 2026
#@# pial area lh Tue Mar 10 08:09:11 CET 2026
#@# thickness lh Tue Mar 10 08:09:11 CET 2026
#@# area and vertex vol lh Tue Mar 10 08:09:11 CET 2026
#@# white curv rh Tue Mar 10 08:09:11 CET 2026
#@# white area rh Tue Mar 10 08:09:11 CET 2026
#@# pial curv rh Tue Mar 10 08:09:11 CET 2026
#@# pial area rh Tue Mar 10 08:09:11 CET 2026
#@# thickness rh Tue Mar 10 08:09:11 CET 2026
#@# area and vertex vol rh Tue Mar 10 08:09:11 CET 2026
#@# Cortical ribbon mask Tue Mar 10 08:09:11 CET 2026
recon-all -s sub-v1s6x0051366_ses-1 finished without error at Tue Mar 10 08:14:44 CET 2026



#New# invocation of recon-all 



status file for recon-all
Tue Mar 10 08:21:13 CET 2026
#@# white curv lh Tue Mar 10 08:21:13 CET 2026
#@# white area lh Tue Mar 10 08:21:13 CET 2026
#@# pial curv lh Tue Mar 10 08:21:13 CET 2026
#@# pial area lh Tue Mar 10 08:21:13 CET 2026
#@# thickness lh Tue Mar 10 08:21:13 CET 2026
#@# area and vertex vol lh Tue Mar 10 08:21:14 CET 2026
#@# white curv rh Tue Mar 10 08:21:14 CET 2026
#@# white area rh Tue Mar 10 08:21:14 CET 2026
#@# pial curv rh Tue Mar 10 08:21:14 CET 2026
#@# pial area rh Tue Mar 10 08:21:14 CET 2026
#@# thickness rh Tue Mar 10 08:21:14 CET 2026
#@# area and vertex vol rh Tue Mar 10 08:21:14 CET 2026
#@# Curvature Stats lh Tue Mar 10 08:21:14 CET 2026
#@# Curvature Stats rh Tue Mar 10 08:21:16 CET 2026
#@# Relabel Hypointensities Tue Mar 10 08:21:18 CET 2026
#@# APas-to-ASeg Tue Mar 10 08:21:33 CET 2026
#@# AParc-to-ASeg aparc Tue Mar 10 08:21:40 CET 2026
#@# AParc-to-ASeg aparc.a2009s Tue Mar 10 08:22:12 CET 2026
#@# AParc-to-ASeg aparc.DKTatlas Tue Mar 10 08:22:45 CET 2026
#@# WMParc Tue Mar 10 08:23:17 CET 2026
#@# ASeg Stats Tue Mar 10 08:27:06 CET 2026
recon-all -s sub-v1s6x0051366_ses-1 finished without error at Tue Mar 10 08:27:38 CET 2026
