/out/sourcedata/freesurfer/sub-v1s6x0051365_ses-1/mri
/opt/freesurfer/bin/talairach_avi
--i orig_nu.mgz --xfm transforms/talairach.auto.xfm
talairach_avi 7.3.2
Linux dna058 5.14.0-427.37.1.el9_4.x86_64 #1 SMP PREEMPT_DYNAMIC Fri Sep 13 12:41:50 EDT 2024 x86_64 x86_64 x86_64 GNU/Linux
Tue Mar 10 05:42:26 CET 2026
mri_convert orig_nu.mgz talsrcimg.img 
reading from orig_nu.mgz...
TR=0.00, TE=0.00, TI=0.00, flip angle=0.00
i_ras = (-1, 0, 0)
j_ras = (0, 0, -1)
k_ras = (0, 1, 0)
writing to talsrcimg.img...
Analyze Output Matrix
-1.00000   0.00000   0.00000   133.03722;
 0.00000   0.00000   1.00000  -136.45984;
 0.00000  -1.00000   0.00000   115.46794;
 0.00000   0.00000   0.00000   1.00000;
--------------------
INFO: set hdr.hist.orient to -1
mpr2mni305 talsrcimg
Tue Mar 10 05:42:27 CET 2026
/opt/freesurfer/bin/mpr2mni305 talsrcimg
mpr2mni305 7.3.2
target=711-2C_as_mni_average_305

---------------------------------------------------------------------
analyzeto4dfp talsrcimg -O0 -y
---------------------------------------------------------------------

freesurfer ifh2hdr.c
Tue Mar 10 05:42:27 2026
Writing: talsrcimg.4dfp.hdr
freesurfer analyzeto4dfp.c
Reading: talsrcimg.hdr
header size 348 bytes
hdr.dime.datatype	offset=70	value=2
hdr.dime.bitpix		offset=72	value=8
hdr.hist.orient		offset=252	value=-1
dimensionality     4
dimensions       256       256       256         1
Reading: talsrcimg.img
Writing: talsrcimg.4dfp.img
Writing: talsrcimg.4dfp.ifh
ifh2hdr talsrcimg -r0to229
ori=2

---------------------------------------------------------------------
gauss_4dfp talsrcimg 1.1
---------------------------------------------------------------------

freesurfer gauss_4dfp.c
Reading: talsrcimg.4dfp.img
Writing: talsrcimg_g11.4dfp.img
image dimensions 256 256 256 padded to 288 288 288
processing volume 1freesurfer ifh2hdr.c
Tue Mar 10 05:42:28 2026
Writing: talsrcimg_g11.4dfp.hdr

Writing: talsrcimg_g11.4dfp.ifh
including: talsrcimg.4dfp.img.rec in talsrcimg_g11.4dfp.img.rec

---------------------------------------------------------------------
imgreg_4dfp /opt/freesurfer/average/711-2C_as_mni_average_305 none talsrcimg_g11 none talsrcimg_to_711-2C_as_mni_average_305_t4 4355
---------------------------------------------------------------------

freesurfer imgreg_4dfp.c
/opt/freesurfer/average/711-2C_as_mni_average_305.4dfp.img
       256       256       256         1
  1.000000  1.000000  1.000000
orientation T byte_order littleendian
Reading image: /opt/freesurfer/average/711-2C_as_mni_average_305.4dfp.img
dimensions:      256       256       256
mmppix:       1.0000   -1.0000   -1.0000
center:     128.0000 -129.0000 -129.0000
talsrcimg_g11.4dfp.img
       256       256       256         1
  1.000000  1.000000  1.000000
orientation T byte_order littleendian
Reading image: talsrcimg_g11.4dfp.img
dimensions:      256       256       256
mmppix:       1.0000   -1.0000   -1.0000
center:     128.0000 -129.0000 -129.0000
t4_read: open error in t4_sub.f l:  41 t4_file(1:l)talsrcimg_to_711-2C_as_mni_average_305_t4 
t4_read: transform initialized to I4
rotation matrix determinant  1.000000
image alignment mode   4355 decimal     1103 hex
   -7.5000  -45.0000  -45.0000 6950.9497   16.7095
    0.0000  -45.0000  -45.0000 7216.4404   16.7889
    7.5000  -45.0000  -45.0000 6924.9263   16.8236
   -7.5000  -37.5000  -45.0000 7535.3936   16.3415
    0.0000  -37.5000  -45.0000 7813.6348   16.4136
    7.5000  -37.5000  -45.0000 7479.7461   16.4394
   -7.5000  -30.0000  -45.0000 8411.4043   16.0514
    0.0000  -30.0000  -45.0000 8727.1963   16.1252
    7.5000  -30.0000  -45.0000 8325.7393   16.1504
   -7.5000  -22.5000  -45.0000 9352.7090   15.9654
    0.0000  -22.5000  -45.0000 9700.9697   16.0451
    7.5000  -22.5000  -45.0000 9231.3711   16.0752
   -7.5000  -15.0000  -45.000010277.6230   15.9301
    0.0000  -15.0000  -45.000010670.2656   16.0136
    7.5000  -15.0000  -45.000010143.3066   16.0493
   -7.5000   -7.5000  -45.000011159.2031   15.9210
    0.0000   -7.5000  -45.000011551.7256   16.0002
    7.5000   -7.5000  -45.000010998.4570   16.0337
   -7.5000    0.0000  -45.000011954.1895   15.9212
    0.0000    0.0000  -45.000012370.5703   15.9915
    7.5000    0.0000  -45.000011770.6787   16.0165
   -7.5000    7.5000  -45.000011868.1787   15.8890
    0.0000    7.5000  -45.000012266.0010   15.9565
    7.5000    7.5000  -45.000011650.3555   15.9769
   -7.5000   15.0000  -45.000011692.1289   15.8556
    0.0000   15.0000  -45.000012087.1514   15.9272
    7.5000   15.0000  -45.000011481.9004   15.9496
   -7.5000   22.5000  -45.000011203.3975   15.8574
    0.0000   22.5000  -45.000011596.8594   15.9356
    7.5000   22.5000  -45.000011033.9668   15.9640
   -7.5000   30.0000  -45.000010691.4541   15.6771
    0.0000   30.0000  -45.000011050.7930   15.7590
    7.5000   30.0000  -45.000010504.9297   15.7935
   -7.5000   37.5000  -45.000010567.0029   15.7041
    0.0000   37.5000  -45.000010894.8691   15.7821
    7.5000   37.5000  -45.000010345.9609   15.8151
   -7.5000   45.0000  -45.0000 9964.0645   15.3102
    0.0000   45.0000  -45.000010231.8477   15.3777
    7.5000   45.0000  -45.0000 9713.2422   15.4018
   -7.5000  -45.0000  -37.5000 7311.4043   16.7206
    0.0000  -45.0000  -37.5000 7586.7139   16.7986
    7.5000  -45.0000  -37.5000 7263.5283   16.8388
   -7.5000  -37.5000  -37.5000 7930.9463   16.3597
    0.0000  -37.5000  -37.5000 8219.3916   16.4276
    7.5000  -37.5000  -37.5000 7844.0068   16.4587
   -7.5000  -30.0000  -37.5000 8862.9189   16.0679
    0.0000  -30.0000  -37.5000 9198.9404   16.1376
    7.5000  -30.0000  -37.5000 8759.9023   16.1705
   -7.5000  -22.5000  -37.5000 9867.9863   15.9721
    0.0000  -22.5000  -37.500010231.5693   16.0502
    7.5000  -22.5000  -37.5000 9738.9111   16.0907
   -7.5000  -15.0000  -37.500010831.8076   15.9284
    0.0000  -15.0000  -37.500011225.2480   16.0131
    7.5000  -15.0000  -37.500010679.8662   16.0597
   -7.5000   -7.5000  -37.500011777.2598   15.9224
    0.0000   -7.5000  -37.500012190.0938   16.0027
    7.5000   -7.5000  -37.500011591.3135   16.0442
   -7.5000    0.0000  -37.500012618.2646   15.9321
    0.0000    0.0000  -37.500013036.8975   16.0009
    7.5000    0.0000  -37.500012383.3701   16.0310
   -7.5000    7.5000  -37.500012496.4482   15.9060
    0.0000    7.5000  -37.500012935.6445   15.9697
    7.5000    7.5000  -37.500012273.1992   15.9952
   -7.5000   15.0000  -37.500012277.5928   15.8709
    0.0000   15.0000  -37.500012714.8691   15.9384
    7.5000   15.0000  -37.500012063.2500   15.9682
   -7.5000   22.5000  -37.500011803.0049   15.8630
    0.0000   22.5000  -37.500012237.6162   15.9396
    7.5000   22.5000  -37.500011586.8301   15.9783
   -7.5000   30.0000  -37.500011249.4170   15.6750
    0.0000   30.0000  -37.500011645.2676   15.7579
    7.5000   30.0000  -37.500010999.9092   15.8032
   -7.5000   37.5000  -37.500011104.5176   15.7054
    0.0000   37.5000  -37.500011459.1162   15.7846
    7.5000   37.5000  -37.500010805.3340   15.8254
   -7.5000   45.0000  -37.500010456.3574   15.3206
    0.0000   45.0000  -37.500010753.6094   15.3868
    7.5000   45.0000  -37.500010165.6250   15.4157
   -7.5000  -45.0000  -30.0000 7775.9482   17.4324
    0.0000  -45.0000  -30.0000 8075.9243   17.5147
    7.5000  -45.0000  -30.0000 7725.0830   17.5631
   -7.5000  -37.5000  -30.0000 8442.9658   17.0634
    0.0000  -37.5000  -30.0000 8762.8857   17.1341
    7.5000  -37.5000  -30.0000 8358.6143   17.1729
   -7.5000  -30.0000  -30.0000 9468.9658   16.7660
    0.0000  -30.0000  -30.0000 9834.7939   16.8376
    7.5000  -30.0000  -30.0000 9367.1650   16.8787
   -7.5000  -22.5000  -30.000010549.9502   16.6639
    0.0000  -22.5000  -30.000010949.3545   16.7451
    7.5000  -22.5000  -30.000010416.7705   16.7948
   -7.5000  -15.0000  -30.000011573.2070   16.6113
    0.0000  -15.0000  -30.000011996.9492   16.7009
    7.5000  -15.0000  -30.000011399.2021   16.7566
   -7.5000   -7.5000  -30.000012560.3223   16.5997
    0.0000   -7.5000  -30.000013017.9209   16.6850
    7.5000   -7.5000  -30.000012352.7090   16.7343
   -7.5000    0.0000  -30.000013429.0898   16.6105
    0.0000    0.0000  -30.000013886.3818   16.6832
    7.5000    0.0000  -30.000013179.1719   16.7204
   -7.5000    7.5000  -30.000013290.2910   16.5907
    0.0000    7.5000  -30.000013777.7744   16.6568
    7.5000    7.5000  -30.000013065.8193   16.6895
   -7.5000   15.0000  -30.000013024.1064   16.5601
    0.0000   15.0000  -30.000013511.3652   16.6294
    7.5000   15.0000  -30.000012803.9355   16.6670
   -7.5000   22.5000  -30.000012548.1865   16.5476
    0.0000   22.5000  -30.000013024.2295   16.6273
    7.5000   22.5000  -30.000012317.8525   16.6750
   -7.5000   30.0000  -30.000011956.3936   16.3480
    0.0000   30.0000  -30.000012392.9307   16.4357
    7.5000   30.0000  -30.000011681.8545   16.4899
   -7.5000   37.5000  -30.000011747.6562   16.3749
    0.0000   37.5000  -30.000012150.1396   16.4590
    7.5000   37.5000  -30.000011427.3799   16.5076
   -7.5000   45.0000  -30.000011073.2598   15.9847
    0.0000   45.0000  -30.000011413.2197   16.0547
    7.5000   45.0000  -30.000010745.5039   16.0904
   -7.5000  -45.0000  -22.5000 8243.0967   18.0322
    0.0000  -45.0000  -22.5000 8588.4062   18.1205
    7.5000  -45.0000  -22.5000 8196.7715   18.1715
   -7.5000  -37.5000  -22.5000 8982.4316   17.6502
    0.0000  -37.5000  -22.5000 9335.2627   17.7277
    7.5000  -37.5000  -22.5000 8890.6445   17.7684
   -7.5000  -30.0000  -22.500010088.1016   17.3511
    0.0000  -30.0000  -22.500010478.7178   17.4288
    7.5000  -30.0000  -22.5000 9988.2607   17.4694
   -7.5000  -22.5000  -22.500011244.3662   17.2541
    0.0000  -22.5000  -22.500011678.7490   17.3400
    7.5000  -22.5000  -22.500011107.6250   17.3882
   -7.5000  -15.0000  -22.500012297.2383   17.2013
    0.0000  -15.0000  -22.500012761.2168   17.2949
    7.5000  -15.0000  -22.500012125.6191   17.3488
   -7.5000   -7.5000  -22.500013309.4414   17.1805
    0.0000   -7.5000  -22.500013820.9121   17.2698
    7.5000   -7.5000  -22.500013099.2188   17.3192
   -7.5000    0.0000  -22.500014179.9590   17.1818
    0.0000    0.0000  -22.500014704.0020   17.2599
    7.5000    0.0000  -22.500013939.2764   17.2993
   -7.5000    7.5000  -22.500014005.1914   17.1622
    0.0000    7.5000  -22.500014544.8398   17.2347
    7.5000    7.5000  -22.500013768.3750   17.2690
   -7.5000   15.0000  -22.500013727.5352   17.1390
    0.0000   15.0000  -22.500014257.5527   17.2142
    7.5000   15.0000  -22.500013495.3857   17.2514
   -7.5000   22.5000  -22.500013283.2168   17.1331
    0.0000   22.5000  -22.500013801.8477   17.2173
    7.5000   22.5000  -22.500013029.2783   17.2635
   -7.5000   30.0000  -22.500012644.8887   16.9313
    0.0000   30.0000  -22.500013131.1416   17.0229
    7.5000   30.0000  -22.500012363.8662   17.0753
   -7.5000   37.5000  -22.500012385.5156   16.9504
    0.0000   37.5000  -22.500012854.0195   17.0385
    7.5000   37.5000  -22.500012105.1455   17.0871
   -7.5000   45.0000  -22.500011625.9199   16.5469
    0.0000   45.0000  -22.500012015.0273   16.6222
    7.5000   45.0000  -22.500011326.2061   16.6601
   -7.5000  -45.0000  -15.0000 8746.9688   18.4571
    0.0000  -45.0000  -15.0000 9094.5234   18.5494
    7.5000  -45.0000  -15.0000 8657.1279   18.5963
   -7.5000  -37.5000  -15.0000 9523.5625   18.0587
    0.0000  -37.5000  -15.0000 9897.1748   18.1423
    7.5000  -37.5000  -15.0000 9407.7764   18.1784
   -7.5000  -30.0000  -15.000010678.7871   17.7544
    0.0000  -30.0000  -15.000011106.1650   17.8384
    7.5000  -30.0000  -15.000010577.7979   17.8719
   -7.5000  -22.5000  -15.000011878.2451   17.6649
    0.0000  -22.5000  -15.000012359.8418   17.7557
    7.5000  -22.5000  -15.000011768.7139   17.7949
   -7.5000  -15.0000  -15.000012964.0332   17.6194
    0.0000  -15.0000  -15.000013489.7627   17.7156
    7.5000  -15.0000  -15.000012845.5020   17.7606
   -7.5000   -7.5000  -15.000014025.6123   17.5948
    0.0000   -7.5000  -15.000014589.0879   17.6862
    7.5000   -7.5000  -15.000013855.4814   17.7293
   -7.5000    0.0000  -15.000014918.0146   17.5862
    0.0000    0.0000  -15.000015490.6641   17.6680
    7.5000    0.0000  -15.000014710.3271   17.7035
   -7.5000    7.5000  -15.000014694.9844   17.5599
    0.0000    7.5000  -15.000015265.1719   17.6383
    7.5000    7.5000  -15.000014493.3145   17.6680
   -7.5000   15.0000  -15.000014418.5068   17.5386
    0.0000   15.0000  -15.000014986.5205   17.6199
    7.5000   15.0000  -15.000014216.5020   17.6502
   -7.5000   22.5000  -15.000013990.5498   17.5414
    0.0000   22.5000  -15.000014552.9346   17.6303
    7.5000   22.5000  -15.000013757.0059   17.6677
   -7.5000   30.0000  -15.000013296.4492   17.3458
    0.0000   30.0000  -15.000013831.7363   17.4399
    7.5000   30.0000  -15.000013042.8906   17.4836
   -7.5000   37.5000  -15.000013013.5791   17.3617
    0.0000   37.5000  -15.000013529.8242   17.4518
    7.5000   37.5000  -15.000012746.4346   17.4943
   -7.5000   45.0000  -15.000012187.9170   16.9466
    0.0000   45.0000  -15.000012611.1680   17.0255
    7.5000   45.0000  -15.000011899.4160   17.0597
   -7.5000  -45.0000   -7.5000 9218.0967   18.6606
    0.0000  -45.0000   -7.5000 9582.8574   18.7525
    7.5000  -45.0000   -7.5000 9125.1807   18.7927
   -7.5000  -37.5000   -7.500010016.4541   18.2502
    0.0000  -37.5000   -7.500010414.7939   18.3349
    7.5000  -37.5000   -7.5000 9917.8066   18.3649
   -7.5000  -30.0000   -7.500011234.4062   17.9352
    0.0000  -30.0000   -7.500011693.3799   18.0212
    7.5000  -30.0000   -7.500011127.4326   18.0483
   -7.5000  -22.5000   -7.500012495.1016   17.8468
    0.0000  -22.5000   -7.500013005.7158   17.9383
    7.5000  -22.5000   -7.500012371.1064   17.9697
   -7.5000  -15.0000   -7.500013648.2822   17.8083
    0.0000  -15.0000   -7.500014218.7441   17.9034
    7.5000  -15.0000   -7.500013548.3906   17.9404
   -7.5000   -7.5000   -7.500014754.7510   17.7892
    0.0000   -7.5000   -7.500015347.6377   17.8793
    7.5000   -7.5000   -7.500014613.8066   17.9156
   -7.5000    0.0000   -7.500015754.3174   17.7801
    0.0000    0.0000   -7.500016372.9580   17.8616
    7.5000    0.0000   -7.500015576.9570   17.8908
   -7.5000    7.5000   -7.500015471.1719   17.7458
    0.0000    7.5000   -7.500016073.6162   17.8252
    7.5000    7.5000   -7.500015349.1768   17.8491
   -7.5000   15.0000   -7.500015197.6260   17.7174
    0.0000   15.0000   -7.500015807.7832   17.8007
    7.5000   15.0000   -7.500015100.5225   17.8247
   -7.5000   22.5000   -7.500014756.3096   17.7207
    0.0000   22.5000   -7.500015360.4922   17.8105
    7.5000   22.5000   -7.500014603.6016   17.8401
   -7.5000   30.0000   -7.500014025.8457   17.5318
    0.0000   30.0000   -7.500014633.1875   17.6249
    7.5000   30.0000   -7.500013842.6514   17.6609
   -7.5000   37.5000   -7.500013709.8457   17.5532
    0.0000   37.5000   -7.500014277.6895   17.6420
    7.5000   37.5000   -7.500013499.1162   17.6777
   -7.5000   45.0000   -7.500012824.9297   17.1367
    0.0000   45.0000   -7.500013308.5254   17.2152
    7.5000   45.0000   -7.500012576.3037   17.2433
   -7.5000  -45.0000    0.0000 9612.0352   18.6982
    0.0000  -45.0000    0.0000 9987.8994   18.7870
    7.5000  -45.0000    0.0000 9523.0430   18.8259
   -7.5000  -37.5000    0.000010456.4590   18.2864
    0.0000  -37.5000    0.000010870.7910   18.3671
    7.5000  -37.5000    0.000010381.5566   18.3960
   -7.5000  -30.0000    0.000011697.4268   17.9617
    0.0000  -30.0000    0.000012157.8750   18.0444
    7.5000  -30.0000    0.000011615.1641   18.0726
   -7.5000  -22.5000    0.000012981.8955   17.8655
    0.0000  -22.5000    0.000013497.7539   17.9547
    7.5000  -22.5000    0.000012886.4121   17.9883
   -7.5000  -15.0000    0.000014192.1172   17.8260
    0.0000  -15.0000    0.000014766.0068   17.9195
    7.5000  -15.0000    0.000014102.2168   17.9593
   -7.5000   -7.5000    0.000015354.5176   17.8159
    0.0000   -7.5000    0.000015970.0723   17.9044
    7.5000   -7.5000    0.000015265.8340   17.9420
   -7.5000    0.0000    0.000016479.3359   17.8161
    0.0000    0.0000    0.000017136.4668   17.8947
    7.5000    0.0000    0.000016371.5439   17.9227
   -7.5000    7.5000    0.000016271.3281   17.7800
    0.0000    7.5000    0.000016930.3301   17.8556
    7.5000    7.5000    0.000016243.9521   17.8784
   -7.5000   15.0000    0.000015931.5703   17.7427
    0.0000   15.0000    0.000016580.4121   17.8228
    7.5000   15.0000    0.000015979.3975   17.8478
   -7.5000   22.5000    0.000015378.1484   17.7389
    0.0000   22.5000    0.000016025.1895   17.8264
    7.5000   22.5000    0.000015420.2998   17.8582
   -7.5000   30.0000    0.000014614.8682   17.5498
    0.0000   30.0000    0.000015239.8896   17.6414
    7.5000   30.0000    0.000014621.9121   17.6801
   -7.5000   37.5000    0.000014289.6084   17.5800
    0.0000   37.5000    0.000014878.0098   17.6673
    7.5000   37.5000    0.000014214.1416   17.7043
   -7.5000   45.0000    0.000013405.5986   17.1727
    0.0000   45.0000    0.000013912.1055   17.2484
    7.5000   45.0000    0.000013224.1084   17.2755
   -7.5000  -45.0000    7.5000 9269.6504   18.7108
    0.0000  -45.0000    7.5000 9628.3857   18.7981
    7.5000  -45.0000    7.5000 9192.8271   18.8431
   -7.5000  -37.5000    7.500010097.3223   18.3069
    0.0000  -37.5000    7.500010492.1924   18.3830
    7.5000  -37.5000    7.500010013.4629   18.4178
   -7.5000  -30.0000    7.500011270.9941   17.9804
    0.0000  -30.0000    7.500011718.3135   18.0584
    7.5000  -30.0000    7.500011183.6191   18.0952
   -7.5000  -22.5000    7.500012493.6807   17.8732
    0.0000  -22.5000    7.500012997.7061   17.9606
    7.5000  -22.5000    7.500012424.4033   18.0059
   -7.5000  -15.0000    7.500013651.0342   17.8243
    0.0000  -15.0000    7.500014194.6670   17.9191
    7.5000  -15.0000    7.500013620.8066   17.9712
   -7.5000   -7.5000    7.500014730.5283   17.8175
    0.0000   -7.5000    7.500015327.9658   17.9074
    7.5000   -7.5000    7.500014770.4463   17.9539
   -7.5000    0.0000    7.500015830.9971   17.8284
    0.0000    0.0000    7.500016528.2832   17.9054
    7.5000    0.0000    7.500015914.3555   17.9391
   -7.5000    7.5000    7.500015825.2051   17.7993
    0.0000    7.5000    7.500016497.0273   17.8705
    7.5000    7.5000    7.500015939.9912   17.8990
   -7.5000   15.0000    7.500015525.0283   17.7600
    0.0000   15.0000    7.500016116.3740   17.8355
    7.5000   15.0000    7.500015758.4512   17.8688
   -7.5000   22.5000    7.500014915.7412   17.7453
    0.0000   22.5000    7.500015451.2783   17.8310
    7.5000   22.5000    7.500015120.7266   17.8744
   -7.5000   30.0000    7.500014173.8359   17.5476
    0.0000   30.0000    7.500014662.0488   17.6404
    7.5000   30.0000    7.500014199.7363   17.6911
   -7.5000   37.5000    7.500013838.3867   17.5816
    0.0000   37.5000    7.500014302.9453   17.6702
    7.5000   37.5000    7.500013706.0605   17.7160
   -7.5000   45.0000    7.500012918.5605   17.1845
    0.0000   45.0000    7.500013339.0020   17.2588
    7.5000   45.0000    7.500012693.5381   17.2912
   -7.5000  -45.0000   15.0000 8833.2646   18.7195
    0.0000  -45.0000   15.0000 9191.5811   18.8079
    7.5000  -45.0000   15.0000 8782.3193   18.8598
   -7.5000  -37.5000   15.0000 9625.2676   18.3233
    0.0000  -37.5000   15.000010019.8418   18.3992
    7.5000  -37.5000   15.0000 9584.4824   18.4409
   -7.5000  -30.0000   15.000010703.4521   18.0039
    0.0000  -30.0000   15.000011139.5645   18.0808
    7.5000  -30.0000   15.000010690.4746   18.1249
   -7.5000  -22.5000   15.000011854.7305   17.8943
    0.0000  -22.5000   15.000012346.6836   17.9815
    7.5000  -22.5000   15.000011892.1279   18.0349
   -7.5000  -15.0000   15.000012947.6494   17.8378
    0.0000  -15.0000   15.000013469.4482   17.9340
    7.5000  -15.0000   15.000013030.6855   17.9938
   -7.5000   -7.5000   15.000014019.6045   17.8253
    0.0000   -7.5000   15.000014590.9287   17.9170
    7.5000   -7.5000   15.000014102.9424   17.9699
   -7.5000    0.0000   15.000015123.1387   17.8370
    0.0000    0.0000   15.000015795.5195   17.9150
    7.5000    0.0000   15.000015156.3545   17.9549
   -7.5000    7.5000   15.000015237.1406   17.8157
    0.0000    7.5000   15.000015911.3447   17.8867
    7.5000    7.5000   15.000015163.0264   17.9217
   -7.5000   15.0000   15.000015059.4707   17.7828
    0.0000   15.0000   15.000015686.9502   17.8573
    7.5000   15.0000   15.000014971.6914   17.8976
   -7.5000   22.5000   15.000014521.5303   17.7655
    0.0000   22.5000   15.000015114.0918   17.8510
    7.5000   22.5000   15.000014390.4668   17.9023
   -7.5000   30.0000   15.000013698.9766   17.5602
    0.0000   30.0000   15.000014216.2783   17.6545
    7.5000   30.0000   15.000013513.9824   17.7127
   -7.5000   37.5000   15.000013243.9805   17.5891
    0.0000   37.5000   15.000013717.5840   17.6795
    7.5000   37.5000   15.000013022.5449   17.7316
   -7.5000   45.0000   15.000012241.9287   17.1928
    0.0000   45.0000   15.000012653.4092   17.2680
    7.5000   45.0000   15.000012036.9727   17.3065
   -7.5000  -45.0000   22.5000 8262.6113   18.7422
    0.0000  -45.0000   22.5000 8623.7158   18.8338
    7.5000  -45.0000   22.5000 8250.5840   18.8870
   -7.5000  -37.5000   22.5000 9040.9834   18.3448
    0.0000  -37.5000   22.5000 9420.0410   18.4251
    7.5000  -37.5000   22.5000 9017.4326   18.4676
   -7.5000  -30.0000   22.500010100.7363   18.0336
    0.0000  -30.0000   22.500010504.4258   18.1142
    7.5000  -30.0000   22.500010082.6191   18.1566
   -7.5000  -22.5000   22.500011235.0332   17.9326
    0.0000  -22.5000   22.500011702.8037   18.0219
    7.5000  -22.5000   22.500011236.9961   18.0721
   -7.5000  -15.0000   22.500012362.0967   17.8777
    0.0000  -15.0000   22.500012862.5645   17.9749
    7.5000  -15.0000   22.500012352.6064   18.0310
   -7.5000   -7.5000   22.500013435.0947   17.8560
    0.0000   -7.5000   22.500013973.4375   17.9487
    7.5000   -7.5000   22.500013375.5068   18.0001
   -7.5000    0.0000   22.500014438.6992   17.8573
    0.0000    0.0000   22.500015050.0137   17.9384
    7.5000    0.0000   22.500014324.6514   17.9794
   -7.5000    7.5000   22.500014357.1084   17.8369
    0.0000    7.5000   22.500014939.0879   17.9122
    7.5000    7.5000   22.500014232.5713   17.9479
   -7.5000   15.0000   22.500014017.5342   17.8129
    0.0000   15.0000   22.500014558.1650   17.8909
    7.5000   15.0000   22.500013911.0400   17.9297
   -7.5000   22.5000   22.500013480.9375   17.8040
    0.0000   22.5000   22.500014050.1299   17.8915
    7.5000   22.5000   22.500013365.0762   17.9396
   -7.5000   30.0000   22.500012799.6904   17.5995
    0.0000   30.0000   22.500013352.0010   17.6946
    7.5000   30.0000   22.500012661.7354   17.7492
   -7.5000   37.5000   22.500012420.7539   17.6193
    0.0000   37.5000   22.500012963.3789   17.7108
    7.5000   37.5000   22.500012313.0908   17.7614
   -7.5000   45.0000   22.500011504.4668   17.2124
    0.0000   45.0000   22.500011981.3496   17.2906
    7.5000   45.0000   22.500011386.5098   17.3301
   -7.5000  -45.0000   30.0000 7635.8442   18.8114
    0.0000  -45.0000   30.0000 7941.6147   18.9053
    7.5000  -45.0000   30.0000 7592.0913   18.9536
   -7.5000  -37.5000   30.0000 8404.0889   18.4070
    0.0000  -37.5000   30.0000 8742.8447   18.4919
    7.5000  -37.5000   30.0000 8334.0850   18.5290
   -7.5000  -30.0000   30.0000 9450.0771   18.0956
    0.0000  -30.0000   30.0000 9812.2988   18.1809
    7.5000  -30.0000   30.0000 9347.0244   18.2153
   -7.5000  -22.5000   30.000010545.2969   18.0035
    0.0000  -22.5000   30.000010947.5059   18.0957
    7.5000  -22.5000   30.000010421.7236   18.1360
   -7.5000  -15.0000   30.000011577.5918   17.9561
    0.0000  -15.0000   30.000012007.4844   18.0540
    7.5000  -15.0000   30.000011426.6680   18.1001
   -7.5000   -7.5000   30.000012515.7979   17.9305
    0.0000   -7.5000   30.000013001.2129   18.0235
    7.5000   -7.5000   30.000012357.8467   18.0679
   -7.5000    0.0000   30.000013387.6699   17.9219
    0.0000    0.0000   30.000013918.7627   18.0051
    7.5000    0.0000   30.000013228.1846   18.0418
   -7.5000    7.5000   30.000013207.6689   17.8959
    0.0000    7.5000   30.000013704.5430   17.9754
    7.5000    7.5000   30.000013107.2754   18.0060
   -7.5000   15.0000   30.000012831.3135   17.8744
    0.0000   15.0000   30.000013298.8076   17.9570
    7.5000   15.0000   30.000012753.6924   17.9881
   -7.5000   22.5000   30.000012344.0674   17.8750
    0.0000   22.5000   30.000012845.7090   17.9654
    7.5000   22.5000   30.000012289.1123   18.0038
   -7.5000   30.0000   30.000011735.7139   17.6770
    0.0000   30.0000   30.000012224.4746   17.7727
    7.5000   30.0000   30.000011671.6562   17.8177
   -7.5000   37.5000   30.000011471.1064   17.6929
    0.0000   37.5000   30.000011945.4932   17.7846
    7.5000   37.5000   30.000011415.1885   17.8283
   -7.5000   45.0000   30.000010665.1504   17.2747
    0.0000   45.0000   30.000011106.6172   17.3549
    7.5000   45.0000   30.000010596.9375   17.3902
   -7.5000  -45.0000   37.5000 7279.3242   19.1614
    0.0000  -45.0000   37.5000 7581.8667   19.2560
    7.5000  -45.0000   37.5000 7194.9810   19.2982
   -7.5000  -37.5000   37.5000 8021.4175   18.7383
    0.0000  -37.5000   37.5000 8354.8252   18.8254
    7.5000  -37.5000   37.5000 7916.5190   18.8570
   -7.5000  -30.0000   37.5000 9044.1582   18.4068
    0.0000  -30.0000   37.5000 9392.2275   18.4952
    7.5000  -30.0000   37.5000 8908.8477   18.5238
   -7.5000  -22.5000   37.500010085.3193   18.3133
    0.0000  -22.5000   37.500010459.0791   18.4075
    7.5000  -22.5000   37.5000 9924.3721   18.4406
   -7.5000  -15.0000   37.500011054.0830   18.2724
    0.0000  -15.0000   37.500011460.1016   18.3704
    7.5000  -15.0000   37.500010872.6133   18.4093
   -7.5000   -7.5000   37.500011981.9141   18.2527
    0.0000   -7.5000   37.500012423.4111   18.3454
    7.5000   -7.5000   37.500011778.7930   18.3835
   -7.5000    0.0000   37.500012836.7129   18.2437
    0.0000    0.0000   37.500013312.7119   18.3274
    7.5000    0.0000   37.500012643.8027   18.3581
   -7.5000    7.5000   37.500012633.8555   18.2079
    0.0000    7.5000   37.500013104.0244   18.2895
    7.5000    7.5000   37.500012511.5029   18.3146
   -7.5000   15.0000   37.500012299.6006   18.1779
    0.0000   15.0000   37.500012747.8926   18.2635
    7.5000   15.0000   37.500012189.8809   18.2888
   -7.5000   22.5000   37.500011884.8574   18.1810
    0.0000   22.5000   37.500012356.1846   18.2734
    7.5000   22.5000   37.500011805.5557   18.3046
   -7.5000   30.0000   37.500011328.1514   17.9881
    0.0000   30.0000   37.500011765.4619   18.0840
    7.5000   30.0000   37.500011258.6904   18.1218
   -7.5000   37.5000   37.500011085.0264   18.0108
    0.0000   37.5000   37.500011526.8721   18.1022
    7.5000   37.5000   37.500011026.7354   18.1397
   -7.5000   45.0000   37.500010309.4668   17.5848
    0.0000   45.0000   37.500010731.0527   17.6655
    7.5000   45.0000   37.500010249.6035   17.6951
   -7.5000  -45.0000   45.0000 6535.8921   19.4988
    0.0000  -45.0000   45.0000 6813.5435   19.5934
    7.5000  -45.0000   45.0000 6456.9287   19.6362
   -7.5000  -37.5000   45.0000 7222.5254   19.0629
    0.0000  -37.5000   45.0000 7513.7495   19.1486
    7.5000  -37.5000   45.0000 7140.0527   19.1811
   -7.5000  -30.0000   45.0000 8167.1880   18.7072
    0.0000  -30.0000   45.0000 8483.2656   18.7946
    7.5000  -30.0000   45.0000 8074.9468   18.8263
   -7.5000  -22.5000   45.0000 9105.9951   18.6016
    0.0000  -22.5000   45.0000 9445.9463   18.6958
    7.5000  -22.5000   45.0000 8983.9980   18.7329
   -7.5000  -15.0000   45.000010006.9639   18.5591
    0.0000  -15.0000   45.000010370.1855   18.6579
    7.5000  -15.0000   45.0000 9848.3340   18.7015
   -7.5000   -7.5000   45.000010906.2471   18.5493
    0.0000   -7.5000   45.000011299.9404   18.6432
    7.5000   -7.5000   45.000010710.1221   18.6842
   -7.5000    0.0000   45.000011715.6025   18.5502
    0.0000    0.0000   45.000012144.7480   18.6335
    7.5000    0.0000   45.000011523.6875   18.6646
   -7.5000    7.5000   45.000011556.4443   18.5101
    0.0000    7.5000   45.000011986.5508   18.5901
    7.5000    7.5000   45.000011423.2197   18.6159
   -7.5000   15.0000   45.000011250.9121   18.4682
    0.0000   15.0000   45.000011671.4248   18.5528
    7.5000   15.0000   45.000011149.7158   18.5809
   -7.5000   22.5000   45.000010891.5713   18.4638
    0.0000   22.5000   45.000011325.8613   18.5561
    7.5000   22.5000   45.000010820.7578   18.5913
   -7.5000   30.0000   45.000010406.7725   18.2677
    0.0000   30.0000   45.000010824.4248   18.3645
    7.5000   30.0000   45.000010359.6328   18.4068
   -7.5000   37.5000   45.000010216.9873   18.3019
    0.0000   37.5000   45.000010617.1465   18.3944
    7.5000   37.5000   45.000010160.5928   18.4348
   -7.5000   45.0000   45.0000 9535.5488   17.8884
    0.0000   45.0000   45.0000 9900.5645   17.9687
    7.5000   45.0000   45.0000 9462.0381   17.9986

---------------------------------------------------------------------
imgreg_4dfp /opt/freesurfer/average/711-2C_as_mni_average_305 /opt/freesurfer/average/711-2B_as_mni_average_305_mask talsrcimg_g11 none talsrcimg_to_711-2C_as_mni_average_305_t4 4355
---------------------------------------------------------------------

freesurfer imgreg_4dfp.c
/opt/freesurfer/average/711-2C_as_mni_average_305.4dfp.img
       256       256       256         1
  1.000000  1.000000  1.000000
orientation T byte_order littleendian
Reading image: /opt/freesurfer/average/711-2C_as_mni_average_305.4dfp.img
dimensions:      256       256       256
mmppix:       1.0000   -1.0000   -1.0000
center:     128.0000 -129.0000 -129.0000
/opt/freesurfer/average/711-2B_as_mni_average_305_mask.4dfp.img
       256       256       256         1
  1.000000  1.000000  1.000000
orientation T byte_order littleendian
Reading mask: /opt/freesurfer/average/711-2B_as_mni_average_305_mask.4dfp.img (2306576 pixels)
talsrcimg_g11.4dfp.img
       256       256       256         1
  1.000000  1.000000  1.000000
orientation T byte_order littleendian
Reading image: talsrcimg_g11.4dfp.img
dimensions:      256       256       256
mmppix:       1.0000   -1.0000   -1.0000
center:     128.0000 -129.0000 -129.0000
rotation matrix determinant  1.000000
image alignment mode   4355 decimal     1103 hex
   -7.5000  -45.0000  -45.0000 1889.9984   22.2434
    0.0000  -45.0000  -45.0000 1891.5413   22.1356
    7.5000  -45.0000  -45.0000 1875.6278   22.3837
   -7.5000  -37.5000  -45.0000 2002.5725   19.8843
    0.0000  -37.5000  -45.0000 2003.9398   19.7260
    7.5000  -37.5000  -45.0000 1982.7617   19.9815
   -7.5000  -30.0000  -45.0000 2098.7026   17.9409
    0.0000  -30.0000  -45.0000 2104.1587   17.7818
    7.5000  -30.0000  -45.0000 2078.9346   18.0433
   -7.5000  -22.5000  -45.0000 2186.2280   16.4237
    0.0000  -22.5000  -45.0000 2194.8369   16.3043
    7.5000  -22.5000  -45.0000 2170.1238   16.5460
   -7.5000  -15.0000  -45.0000 2259.0327   15.4016
    0.0000  -15.0000  -45.0000 2271.2124   15.2905
    7.5000  -15.0000  -45.0000 2247.9961   15.5443
   -7.5000   -7.5000  -45.0000 2305.2349   14.8003
    0.0000   -7.5000  -45.0000 2308.2395   14.7204
    7.5000   -7.5000  -45.0000 2288.9861   14.9470
   -7.5000    0.0000  -45.0000 2328.7466   14.4562
    0.0000    0.0000  -45.0000 2336.2734   14.3865
    7.5000    0.0000  -45.0000 2315.1304   14.6268
   -7.5000    7.5000  -45.0000 2340.9705   14.3599
    0.0000    7.5000  -45.0000 2347.8201   14.2898
    7.5000    7.5000  -45.0000 2326.0786   14.5365
   -7.5000   15.0000  -45.0000 2339.0659   14.5156
    0.0000   15.0000  -45.0000 2347.8782   14.4011
    7.5000   15.0000  -45.0000 2321.4568   14.6639
   -7.5000   22.5000  -45.0000 2329.3003   14.8811
    0.0000   22.5000  -45.0000 2338.9856   14.7864
    7.5000   22.5000  -45.0000 2313.6296   15.0850
   -7.5000   30.0000  -45.0000 2306.9358   15.5881
    0.0000   30.0000  -45.0000 2317.4875   15.4514
    7.5000   30.0000  -45.0000 2289.3875   15.7494
   -7.5000   37.5000  -45.0000 2260.9275   16.5137
    0.0000   37.5000  -45.0000 2269.9412   16.3302
    7.5000   37.5000  -45.0000 2242.8560   16.6407
   -7.5000   45.0000  -45.0000 2191.6506   17.6552
    0.0000   45.0000  -45.0000 2199.9141   17.4263
    7.5000   45.0000  -45.0000 2175.4282   17.7445
   -7.5000  -45.0000  -37.5000 1944.3840   21.0005
    0.0000  -45.0000  -37.5000 1948.1150   20.8882
    7.5000  -45.0000  -37.5000 1937.9385   21.2032
   -7.5000  -37.5000  -37.5000 2064.8291   18.7662
    0.0000  -37.5000  -37.5000 2071.3770   18.6398
    7.5000  -37.5000  -37.5000 2052.0608   18.9195
   -7.5000  -30.0000  -37.5000 2170.5449   16.9537
    0.0000  -30.0000  -37.5000 2180.6475   16.8444
    7.5000  -30.0000  -37.5000 2153.9331   17.0822
   -7.5000  -22.5000  -37.5000 2269.3064   15.5120
    0.0000  -22.5000  -37.5000 2279.1396   15.4185
    7.5000  -22.5000  -37.5000 2252.9668   15.6525
   -7.5000  -15.0000  -37.5000 2349.6016   14.4385
    0.0000  -15.0000  -37.5000 2357.5002   14.3696
    7.5000  -15.0000  -37.5000 2332.2483   14.5874
   -7.5000   -7.5000  -37.5000 2406.8052   13.7312
    0.0000   -7.5000  -37.5000 2411.9893   13.6597
    7.5000   -7.5000  -37.5000 2386.0996   13.9032
   -7.5000    0.0000  -37.5000 2435.6216   13.4090
    0.0000    0.0000  -37.5000 2440.4272   13.3583
    7.5000    0.0000  -37.5000 2411.2139   13.5661
   -7.5000    7.5000  -37.5000 2442.7605   13.2784
    0.0000    7.5000  -37.5000 2453.7080   13.2312
    7.5000    7.5000  -37.5000 2427.5649   13.4316
   -7.5000   15.0000  -37.5000 2438.9324   13.3914
    0.0000   15.0000  -37.5000 2454.7009   13.3380
    7.5000   15.0000  -37.5000 2426.1975   13.5430
   -7.5000   22.5000  -37.5000 2427.5317   13.7453
    0.0000   22.5000  -37.5000 2444.9636   13.6876
    7.5000   22.5000  -37.5000 2415.8738   13.9224
   -7.5000   30.0000  -37.5000 2402.6274   14.3777
    0.0000   30.0000  -37.5000 2416.9934   14.2781
    7.5000   30.0000  -37.5000 2387.2112   14.5444
   -7.5000   37.5000  -37.5000 2358.4565   15.2281
    0.0000   37.5000  -37.5000 2369.8713   15.1069
    7.5000   37.5000  -37.5000 2345.1367   15.3845
   -7.5000   45.0000  -37.5000 2282.6628   16.3197
    0.0000   45.0000  -37.5000 2294.7134   16.1378
    7.5000   45.0000  -37.5000 2272.7839   16.4210
   -7.5000  -45.0000  -30.0000 2029.5850   20.6002
    0.0000  -45.0000  -30.0000 2035.4918   20.4550
    7.5000  -45.0000  -30.0000 2025.2745   20.7980
   -7.5000  -37.5000  -30.0000 2157.1553   18.3659
    0.0000  -37.5000  -30.0000 2167.5957   18.2516
    7.5000  -37.5000  -30.0000 2148.5803   18.5140
   -7.5000  -30.0000  -30.0000 2274.2107   16.6031
    0.0000  -30.0000  -30.0000 2287.8108   16.4929
    7.5000  -30.0000  -30.0000 2267.2659   16.7504
   -7.5000  -22.5000  -30.0000 2385.3296   15.1791
    0.0000  -22.5000  -30.0000 2393.2031   15.1105
    7.5000  -22.5000  -30.0000 2372.6321   15.3229
   -7.5000  -15.0000  -30.0000 2472.0613   14.0715
    0.0000  -15.0000  -30.0000 2478.1348   14.0164
    7.5000  -15.0000  -30.0000 2453.0522   14.2083
   -7.5000   -7.5000  -30.0000 2539.4946   13.2614
    0.0000   -7.5000  -30.0000 2543.6523   13.2124
    7.5000   -7.5000  -30.0000 2516.8035   13.4149
   -7.5000    0.0000  -30.0000 2570.1938   12.8645
    0.0000    0.0000  -30.0000 2577.2842   12.8083
    7.5000    0.0000  -30.0000 2550.0144   13.0021
   -7.5000    7.5000  -30.0000 2589.4419   12.7213
    0.0000    7.5000  -30.0000 2601.8682   12.6896
    7.5000    7.5000  -30.0000 2570.9885   12.8664
   -7.5000   15.0000  -30.0000 2583.3560   12.8865
    0.0000   15.0000  -30.0000 2598.4524   12.8509
    7.5000   15.0000  -30.0000 2567.4319   13.0157
   -7.5000   22.5000  -30.0000 2569.2441   13.2387
    0.0000   22.5000  -30.0000 2589.7036   13.2233
    7.5000   22.5000  -30.0000 2560.2795   13.3976
   -7.5000   30.0000  -30.0000 2542.2031   13.8150
    0.0000   30.0000  -30.0000 2564.6714   13.7854
    7.5000   30.0000  -30.0000 2531.8159   13.9959
   -7.5000   37.5000  -30.0000 2493.8059   14.5828
    0.0000   37.5000  -30.0000 2512.9988   14.5365
    7.5000   37.5000  -30.0000 2480.8965   14.7505
   -7.5000   45.0000  -30.0000 2418.6118   15.5872
    0.0000   45.0000  -30.0000 2435.1064   15.4958
    7.5000   45.0000  -30.0000 2401.3923   15.7126
   -7.5000  -45.0000  -22.5000 2089.3706   20.0752
    0.0000  -45.0000  -22.5000 2100.7559   19.9813
    7.5000  -45.0000  -22.5000 2082.5305   20.3192
   -7.5000  -37.5000  -22.5000 2227.0769   17.8790
    0.0000  -37.5000  -22.5000 2239.3843   17.7954
    7.5000  -37.5000  -22.5000 2214.5217   18.0994
   -7.5000  -30.0000  -22.5000 2353.2896   16.1389
    0.0000  -30.0000  -22.5000 2365.3582   16.0537
    7.5000  -30.0000  -22.5000 2344.9685   16.3357
   -7.5000  -22.5000  -22.5000 2469.5815   14.7251
    0.0000  -22.5000  -22.5000 2479.6421   14.6470
    7.5000  -22.5000  -22.5000 2456.5210   14.8902
   -7.5000  -15.0000  -22.5000 2558.2695   13.5698
    0.0000  -15.0000  -22.5000 2564.6631   13.5158
    7.5000  -15.0000  -22.5000 2539.6125   13.7337
   -7.5000   -7.5000  -22.5000 2628.9827   12.7636
    0.0000   -7.5000  -22.5000 2639.1868   12.7083
    7.5000   -7.5000  -22.5000 2611.1023   12.9017
   -7.5000    0.0000  -22.5000 2668.1687   12.2578
    0.0000    0.0000  -22.5000 2680.5640   12.2152
    7.5000    0.0000  -22.5000 2652.2124   12.3941
   -7.5000    7.5000  -22.5000 2699.1626   12.0716
    0.0000    7.5000  -22.5000 2711.2732   12.0552
    7.5000    7.5000  -22.5000 2674.3916   12.2208
   -7.5000   15.0000  -22.5000 2704.4600   12.2343
    0.0000   15.0000  -22.5000 2718.2607   12.2097
    7.5000   15.0000  -22.5000 2682.3015   12.3558
   -7.5000   22.5000  -22.5000 2692.1548   12.5965
    0.0000   22.5000  -22.5000 2714.2434   12.6045
    7.5000   22.5000  -22.5000 2674.4883   12.7474
   -7.5000   30.0000  -22.5000 2664.0957   13.1633
    0.0000   30.0000  -22.5000 2689.2576   13.1690
    7.5000   30.0000  -22.5000 2648.9226   13.3321
   -7.5000   37.5000  -22.5000 2608.1021   13.8783
    0.0000   37.5000  -22.5000 2634.6853   13.8730
    7.5000   37.5000  -22.5000 2598.2312   14.0598
   -7.5000   45.0000  -22.5000 2526.1584   14.8033
    0.0000   45.0000  -22.5000 2549.7537   14.7549
    7.5000   45.0000  -22.5000 2515.4849   14.9923
   -7.5000  -45.0000  -15.0000 2125.2871   19.6210
    0.0000  -45.0000  -15.0000 2134.5110   19.5631
    7.5000  -45.0000  -15.0000 2109.6963   19.8277
   -7.5000  -37.5000  -15.0000 2264.4243   17.4435
    0.0000  -37.5000  -15.0000 2273.4509   17.3714
    7.5000  -37.5000  -15.0000 2245.5149   17.6465
   -7.5000  -30.0000  -15.0000 2394.3569   15.6614
    0.0000  -30.0000  -15.0000 2402.7495   15.6222
    7.5000  -30.0000  -15.0000 2381.0229   15.9104
   -7.5000  -22.5000  -15.0000 2513.7292   14.2501
    0.0000  -22.5000  -15.0000 2523.3667   14.2077
    7.5000  -22.5000  -15.0000 2500.7136   14.4817
   -7.5000  -15.0000  -15.0000 2602.5476   13.1039
    0.0000  -15.0000  -15.0000 2612.2024   13.0719
    7.5000  -15.0000  -15.0000 2592.0596   13.3436
   -7.5000   -7.5000  -15.0000 2681.3833   12.3003
    0.0000   -7.5000  -15.0000 2696.8752   12.2538
    7.5000   -7.5000  -15.0000 2666.9009   12.5110
   -7.5000    0.0000  -15.0000 2732.5371   11.7460
    0.0000    0.0000  -15.0000 2748.0420   11.7027
    7.5000    0.0000  -15.0000 2715.7605   11.9276
   -7.5000    7.5000  -15.0000 2770.7905   11.4685
    0.0000    7.5000  -15.0000 2787.8032   11.4500
    7.5000    7.5000  -15.0000 2747.4773   11.6587
   -7.5000   15.0000  -15.0000 2789.9631   11.5885
    0.0000   15.0000  -15.0000 2805.8213   11.5886
    7.5000   15.0000  -15.0000 2761.6921   11.7684
   -7.5000   22.5000  -15.0000 2788.4375   11.9905
    0.0000   22.5000  -15.0000 2811.7402   11.9964
    7.5000   22.5000  -15.0000 2762.5527   12.1489
   -7.5000   30.0000  -15.0000 2753.7622   12.5566
    0.0000   30.0000  -15.0000 2782.8472   12.5763
    7.5000   30.0000  -15.0000 2736.5286   12.7291
   -7.5000   37.5000  -15.0000 2691.8142   13.2390
    0.0000   37.5000  -15.0000 2719.4756   13.2375
    7.5000   37.5000  -15.0000 2681.6272   13.4252
   -7.5000   45.0000  -15.0000 2605.6162   14.1071
    0.0000   45.0000  -15.0000 2628.7659   14.0926
    7.5000   45.0000  -15.0000 2595.3162   14.3274
   -7.5000  -45.0000   -7.5000 2141.6548   19.2547
    0.0000  -45.0000   -7.5000 2151.4883   19.1963
    7.5000  -45.0000   -7.5000 2127.1372   19.6080
   -7.5000  -37.5000   -7.5000 2272.9370   17.0403
    0.0000  -37.5000   -7.5000 2283.2463   17.0246
    7.5000  -37.5000   -7.5000 2261.6104   17.3862
   -7.5000  -30.0000   -7.5000 2403.9958   15.2767
    0.0000  -30.0000   -7.5000 2412.7881   15.2488
    7.5000  -30.0000   -7.5000 2389.5215   15.5841
   -7.5000  -22.5000   -7.5000 2525.8147   13.8575
    0.0000  -22.5000   -7.5000 2537.4216   13.8427
    7.5000  -22.5000   -7.5000 2511.2205   14.1558
   -7.5000  -15.0000   -7.5000 2621.8823   12.7404
    0.0000  -15.0000   -7.5000 2637.8591   12.7239
    7.5000  -15.0000   -7.5000 2611.9983   13.0458
   -7.5000   -7.5000   -7.5000 2710.8269   11.9241
    0.0000   -7.5000   -7.5000 2725.2629   11.8896
    7.5000   -7.5000   -7.5000 2695.2039   12.2018
   -7.5000    0.0000   -7.5000 2783.9597   11.3530
    0.0000    0.0000   -7.5000 2799.2991   11.3004
    7.5000    0.0000   -7.5000 2761.2175   11.5949
   -7.5000    7.5000   -7.5000 2826.7400   11.0229
    0.0000    7.5000   -7.5000 2849.5193   11.0008
    7.5000    7.5000   -7.5000 2804.8330   11.2869
   -7.5000   15.0000   -7.5000 2854.6582   11.0407
    0.0000   15.0000   -7.5000 2876.4043   11.0391
    7.5000   15.0000   -7.5000 2833.9612   11.3180
   -7.5000   22.5000   -7.5000 2852.6133   11.4609
    0.0000   22.5000   -7.5000 2878.7627   11.4562
    7.5000   22.5000   -7.5000 2833.7222   11.6957
   -7.5000   30.0000   -7.5000 2813.1580   12.0756
    0.0000   30.0000   -7.5000 2845.3723   12.0717
    7.5000   30.0000   -7.5000 2800.0967   12.2748
   -7.5000   37.5000   -7.5000 2748.3433   12.7426
    0.0000   37.5000   -7.5000 2776.7117   12.7318
    7.5000   37.5000   -7.5000 2735.2456   12.9735
   -7.5000   45.0000   -7.5000 2657.3823   13.5582
    0.0000   45.0000   -7.5000 2682.6992   13.5316
    7.5000   45.0000   -7.5000 2647.1890   13.7997
   -7.5000  -45.0000    0.0000 2144.6716   19.1690
    0.0000  -45.0000    0.0000 2152.6936   19.1819
    7.5000  -45.0000    0.0000 2134.1821   19.6666
   -7.5000  -37.5000    0.0000 2273.8323   16.9659
    0.0000  -37.5000    0.0000 2282.7585   16.9538
    7.5000  -37.5000    0.0000 2265.2764   17.4233
   -7.5000  -30.0000    0.0000 2396.0295   15.1439
    0.0000  -30.0000    0.0000 2406.3894   15.1372
    7.5000  -30.0000    0.0000 2386.7290   15.5725
   -7.5000  -22.5000    0.0000 2511.3335   13.7129
    0.0000  -22.5000    0.0000 2527.0239   13.6860
    7.5000  -22.5000    0.0000 2503.1448   14.1069
   -7.5000  -15.0000    0.0000 2615.3901   12.5950
    0.0000  -15.0000    0.0000 2634.3315   12.5734
    7.5000  -15.0000    0.0000 2603.4119   12.9692
   -7.5000   -7.5000    0.0000 2711.8630   11.7374
    0.0000   -7.5000    0.0000 2730.3955   11.7074
    7.5000   -7.5000    0.0000 2697.8250   12.0911
   -7.5000    0.0000    0.0000 2796.0547   11.1570
    0.0000    0.0000    0.0000 2816.3621   11.1166
    7.5000    0.0000    0.0000 2780.2832   11.4750
   -7.5000    7.5000    0.0000 2854.9478   10.8611
    0.0000    7.5000    0.0000 2881.0276   10.8057
    7.5000    7.5000    0.0000 2838.2107   11.1863
   -7.5000   15.0000    0.0000 2894.8589   10.7699
    0.0000   15.0000    0.0000 2917.1216   10.7318
    7.5000   15.0000    0.0000 2876.9626   11.1908
   -7.5000   22.5000    0.0000 2894.3748   11.1271
    0.0000   22.5000    0.0000 2922.2998   11.1037
    7.5000   22.5000    0.0000 2880.4832   11.5122
   -7.5000   30.0000    0.0000 2852.7002   11.7392
    0.0000   30.0000    0.0000 2882.6846   11.7026
    7.5000   30.0000    0.0000 2841.7920   12.0579
   -7.5000   37.5000    0.0000 2782.2915   12.4283
    0.0000   37.5000    0.0000 2809.7559   12.3872
    7.5000   37.5000    0.0000 2770.1892   12.7468
   -7.5000   45.0000    0.0000 2691.8159   13.2649
    0.0000   45.0000    0.0000 2715.0347   13.2062
    7.5000   45.0000    0.0000 2680.6833   13.5459
   -7.5000  -45.0000    7.5000 2133.5232   19.3003
    0.0000  -45.0000    7.5000 2140.1487   19.2744
    7.5000  -45.0000    7.5000 2126.0151   19.8833
   -7.5000  -37.5000    7.5000 2259.8943   17.1002
    0.0000  -37.5000    7.5000 2268.5564   17.0473
    7.5000  -37.5000    7.5000 2251.2305   17.5688
   -7.5000  -30.0000    7.5000 2373.7361   15.2326
    0.0000  -30.0000    7.5000 2384.2253   15.1871
    7.5000  -30.0000    7.5000 2359.6208   15.6749
   -7.5000  -22.5000    7.5000 2485.2590   13.7590
    0.0000  -22.5000    7.5000 2499.9194   13.7248
    7.5000  -22.5000    7.5000 2473.1245   14.1939
   -7.5000  -15.0000    7.5000 2591.7947   12.6115
    0.0000  -15.0000    7.5000 2609.6379   12.5805
    7.5000  -15.0000    7.5000 2582.1643   13.0308
   -7.5000   -7.5000    7.5000 2689.6628   11.7296
    0.0000   -7.5000    7.5000 2709.8562   11.7015
    7.5000   -7.5000    7.5000 2685.6665   12.1592
   -7.5000    0.0000    7.5000 2780.5989   11.1812
    0.0000    0.0000    7.5000 2802.2317   11.1395
    7.5000    0.0000    7.5000 2783.3740   11.6070
   -7.5000    7.5000    7.5000 2858.5120   10.9426
    0.0000    7.5000    7.5000 2883.3179   10.8792
    7.5000    7.5000    7.5000 2857.5024   11.3118
   -7.5000   15.0000    7.5000 2916.2656   10.9115
    0.0000   15.0000    7.5000 2938.3901   10.8178
    7.5000   15.0000    7.5000 2906.2935   11.3140
   -7.5000   22.5000    7.5000 2919.1594   11.0925
    0.0000   22.5000    7.5000 2938.1575   10.9939
    7.5000   22.5000    7.5000 2909.8650   11.5142
   -7.5000   30.0000    7.5000 2873.7502   11.5640
    0.0000   30.0000    7.5000 2885.8235   11.4593
    7.5000   30.0000    7.5000 2855.1460   11.9213
   -7.5000   37.5000    7.5000 2798.6782   12.2900
    0.0000   37.5000    7.5000 2811.8569   12.1909
    7.5000   37.5000    7.5000 2781.6067   12.5539
   -7.5000   45.0000    7.5000 2697.9082   13.2205
    0.0000   45.0000    7.5000 2713.0056   13.1005
    7.5000   45.0000    7.5000 2686.0840   13.3894
   -7.5000  -45.0000   15.0000 2102.7996   19.7909
    0.0000  -45.0000   15.0000 2108.7710   19.7341
    7.5000  -45.0000   15.0000 2090.8796   20.3963
   -7.5000  -37.5000   15.0000 2231.6860   17.4379
    0.0000  -37.5000   15.0000 2238.6584   17.4123
    7.5000  -37.5000   15.0000 2216.0017   18.0247
   -7.5000  -30.0000   15.0000 2331.6868   15.4583
    0.0000  -30.0000   15.0000 2343.3125   15.4150
    7.5000  -30.0000   15.0000 2319.4802   16.0259
   -7.5000  -22.5000   15.0000 2439.8540   13.9631
    0.0000  -22.5000   15.0000 2454.6326   13.8901
    7.5000  -22.5000   15.0000 2433.8203   14.4929
   -7.5000  -15.0000   15.0000 2544.8743   12.8256
    0.0000  -15.0000   15.0000 2560.3787   12.7536
    7.5000  -15.0000   15.0000 2548.2556   13.3302
   -7.5000   -7.5000   15.0000 2652.1421   12.0345
    0.0000   -7.5000   15.0000 2671.1750   11.9734
    7.5000   -7.5000   15.0000 2654.8804   12.4792
   -7.5000    0.0000   15.0000 2751.4744   11.5217
    0.0000    0.0000   15.0000 2772.5469   11.4683
    7.5000    0.0000   15.0000 2751.8245   11.9233
   -7.5000    7.5000   15.0000 2843.6958   11.2945
    0.0000    7.5000   15.0000 2871.3477   11.2571
    7.5000    7.5000   15.0000 2835.2600   11.5957
   -7.5000   15.0000   15.0000 2909.3286   11.2469
    0.0000   15.0000   15.0000 2936.1953   11.1930
    7.5000   15.0000   15.0000 2891.4446   11.5156
   -7.5000   22.5000   15.0000 2915.9216   11.4171
    0.0000   22.5000   15.0000 2940.6411   11.3492
    7.5000   22.5000   15.0000 2894.6221   11.6566
   -7.5000   30.0000   15.0000 2863.1875   11.7552
    0.0000   30.0000   15.0000 2886.4255   11.7091
    7.5000   30.0000   15.0000 2843.3337   11.9853
   -7.5000   37.5000   15.0000 2788.7747   12.3525
    0.0000   37.5000   15.0000 2808.1665   12.2764
    7.5000   37.5000   15.0000 2768.1069   12.5644
   -7.5000   45.0000   15.0000 2683.2922   13.2501
    0.0000   45.0000   15.0000 2700.0693   13.1205
    7.5000   45.0000   15.0000 2671.3074   13.3815
   -7.5000  -45.0000   22.5000 2048.0886   20.5701
    0.0000  -45.0000   22.5000 2059.7656   20.4631
    7.5000  -45.0000   22.5000 2048.2642   21.2372
   -7.5000  -37.5000   22.5000 2180.5747   18.1542
    0.0000  -37.5000   22.5000 2195.1885   18.0574
    7.5000  -37.5000   22.5000 2176.7173   18.7305
   -7.5000  -30.0000   22.5000 2285.1460   16.1677
    0.0000  -30.0000   22.5000 2296.0674   16.0299
    7.5000  -30.0000   22.5000 2281.2808   16.7099
   -7.5000  -22.5000   22.5000 2396.7322   14.6725
    0.0000  -22.5000   22.5000 2412.2163   14.5773
    7.5000  -22.5000   22.5000 2396.4500   15.1654
   -7.5000  -15.0000   22.5000 2508.3057   13.5555
    0.0000  -15.0000   22.5000 2524.6208   13.4689
    7.5000  -15.0000   22.5000 2508.9031   13.9925
   -7.5000   -7.5000   22.5000 2614.5312   12.7241
    0.0000   -7.5000   22.5000 2633.3196   12.6581
    7.5000   -7.5000   22.5000 2611.2439   13.1038
   -7.5000    0.0000   22.5000 2713.2134   12.1076
    0.0000    0.0000   22.5000 2735.5669   12.0361
    7.5000    0.0000   22.5000 2706.8289   12.4361
   -7.5000    7.5000   22.5000 2802.7688   11.7590
    0.0000    7.5000   22.5000 2830.8435   11.6958
    7.5000    7.5000   22.5000 2789.2112   12.0124
   -7.5000   15.0000   22.5000 2861.9390   11.5745
    0.0000   15.0000   22.5000 2885.6306   11.5068
    7.5000   15.0000   22.5000 2843.3074   11.8537
   -7.5000   22.5000   22.5000 2864.2336   11.7259
    0.0000   22.5000   22.5000 2893.8254   11.6934
    7.5000   22.5000   22.5000 2848.3640   11.9259
   -7.5000   30.0000   22.5000 2821.8376   12.1550
    0.0000   30.0000   22.5000 2850.5081   12.1386
    7.5000   30.0000   22.5000 2802.3689   12.3348
   -7.5000   37.5000   22.5000 2749.7625   12.7653
    0.0000   37.5000   22.5000 2776.0515   12.7604
    7.5000   37.5000   22.5000 2732.5669   12.9590
   -7.5000   45.0000   22.5000 2652.6343   13.5914
    0.0000   45.0000   22.5000 2676.5085   13.5491
    7.5000   45.0000   22.5000 2638.9893   13.7650
   -7.5000  -45.0000   30.0000 1986.6760   21.9918
    0.0000  -45.0000   30.0000 1992.5173   21.7769
    7.5000  -45.0000   30.0000 1993.4951   22.5273
   -7.5000  -37.5000   30.0000 2129.0825   19.4391
    0.0000  -37.5000   30.0000 2140.7222   19.2523
    7.5000  -37.5000   30.0000 2128.3899   19.9070
   -7.5000  -30.0000   30.0000 2247.6748   17.3579
    0.0000  -30.0000   30.0000 2255.9788   17.1963
    7.5000  -30.0000   30.0000 2238.1323   17.7752
   -7.5000  -22.5000   30.0000 2364.7476   15.7579
    0.0000  -22.5000   30.0000 2377.3826   15.6363
    7.5000  -22.5000   30.0000 2353.5671   16.1353
   -7.5000  -15.0000   30.0000 2472.7239   14.5232
    0.0000  -15.0000   30.0000 2487.3896   14.4109
    7.5000  -15.0000   30.0000 2460.6023   14.8508
   -7.5000   -7.5000   30.0000 2572.3533   13.5316
    0.0000   -7.5000   30.0000 2590.3857   13.4581
    7.5000   -7.5000   30.0000 2561.3193   13.8429
   -7.5000    0.0000   30.0000 2661.5959   12.7961
    0.0000    0.0000   30.0000 2684.0110   12.7084
    7.5000    0.0000   30.0000 2653.1108   13.0787
   -7.5000    7.5000   30.0000 2740.8640   12.3540
    0.0000    7.5000   30.0000 2765.6228   12.2485
    7.5000    7.5000   30.0000 2728.8528   12.6092
   -7.5000   15.0000   30.0000 2786.2405   12.0828
    0.0000   15.0000   30.0000 2803.4102   12.0057
    7.5000   15.0000   30.0000 2771.4563   12.3484
   -7.5000   22.5000   30.0000 2783.1309   12.2490
    0.0000   22.5000   30.0000 2809.6423   12.1949
    7.5000   22.5000   30.0000 2774.7043   12.4528
   -7.5000   30.0000   30.0000 2749.6167   12.6608
    0.0000   30.0000   30.0000 2777.0913   12.6291
    7.5000   30.0000   30.0000 2735.7583   12.8654
   -7.5000   37.5000   30.0000 2688.7380   13.2828
    0.0000   37.5000   30.0000 2714.6660   13.2349
    7.5000   37.5000   30.0000 2677.5754   13.4701
   -7.5000   45.0000   30.0000 2600.3335   14.1002
    0.0000   45.0000   30.0000 2626.7632   14.0603
    7.5000   45.0000   30.0000 2588.5120   14.2959
   -7.5000  -45.0000   37.5000 1928.6624   23.8914
    0.0000  -45.0000   37.5000 1936.8215   23.7073
    7.5000  -45.0000   37.5000 1930.4620   24.2976
   -7.5000  -37.5000   37.5000 2072.1155   21.0558
    0.0000  -37.5000   37.5000 2085.2446   20.8536
    7.5000  -37.5000   37.5000 2068.1658   21.3420
   -7.5000  -30.0000   37.5000 2195.6333   18.7064
    0.0000  -30.0000   37.5000 2207.4343   18.5286
    7.5000  -30.0000   37.5000 2187.2134   18.9877
   -7.5000  -22.5000   37.5000 2309.8354   16.9170
    0.0000  -22.5000   37.5000 2323.1130   16.7573
    7.5000  -22.5000   37.5000 2297.5081   17.1798
   -7.5000  -15.0000   37.5000 2417.5420   15.5366
    0.0000  -15.0000   37.5000 2430.9585   15.4125
    7.5000  -15.0000   37.5000 2399.0159   15.7761
   -7.5000   -7.5000   37.5000 2515.8521   14.4333
    0.0000   -7.5000   37.5000 2534.2920   14.3374
    7.5000   -7.5000   37.5000 2498.3818   14.6955
   -7.5000    0.0000   37.5000 2600.2693   13.6425
    0.0000    0.0000   37.5000 2621.4023   13.5363
    7.5000    0.0000   37.5000 2586.1211   13.8945
   -7.5000    7.5000   37.5000 2660.4937   13.1103
    0.0000    7.5000   37.5000 2683.8306   13.0047
    7.5000    7.5000   37.5000 2647.6084   13.3512
   -7.5000   15.0000   37.5000 2696.7356   12.8120
    0.0000   15.0000   37.5000 2714.4961   12.7215
    7.5000   15.0000   37.5000 2682.8020   13.0121
   -7.5000   22.5000   37.5000 2692.2312   12.9781
    0.0000   22.5000   37.5000 2717.7952   12.9010
    7.5000   22.5000   37.5000 2689.8503   13.1348
   -7.5000   30.0000   37.5000 2659.9678   13.3959
    0.0000   30.0000   37.5000 2682.4670   13.3318
    7.5000   30.0000   37.5000 2658.2632   13.5812
   -7.5000   37.5000   37.5000 2610.4097   13.9757
    0.0000   37.5000   37.5000 2632.3442   13.9070
    7.5000   37.5000   37.5000 2604.6511   14.1666
   -7.5000   45.0000   37.5000 2534.8105   14.7605
    0.0000   45.0000   37.5000 2561.8323   14.6794
    7.5000   45.0000   37.5000 2527.4297   14.9454
   -7.5000  -45.0000   45.0000 1859.6935   26.0456
    0.0000  -45.0000   45.0000 1865.2266   25.8485
    7.5000  -45.0000   45.0000 1849.4854   26.4148
   -7.5000  -37.5000   45.0000 2003.5873   22.7553
    0.0000  -37.5000   45.0000 2013.1552   22.5125
    7.5000  -37.5000   45.0000 1995.7892   22.9765
   -7.5000  -30.0000   45.0000 2128.6011   20.1509
    0.0000  -30.0000   45.0000 2139.1084   19.9317
    7.5000  -30.0000   45.0000 2124.7844   20.3626
   -7.5000  -22.5000   45.0000 2241.2480   18.1836
    0.0000  -22.5000   45.0000 2254.3813   18.0029
    7.5000  -22.5000   45.0000 2229.1646   18.3638
   -7.5000  -15.0000   45.0000 2344.4565   16.6808
    0.0000  -15.0000   45.0000 2358.0725   16.5231
    7.5000  -15.0000   45.0000 2326.5515   16.8299
   -7.5000   -7.5000   45.0000 2441.2832   15.5400
    0.0000   -7.5000   45.0000 2457.4238   15.3955
    7.5000   -7.5000   45.0000 2423.2764   15.7023
   -7.5000    0.0000   45.0000 2517.2346   14.7066
    0.0000    0.0000   45.0000 2536.5649   14.5726
    7.5000    0.0000   45.0000 2502.0571   14.8983
   -7.5000    7.5000   45.0000 2575.7756   14.0693
    0.0000    7.5000   45.0000 2591.9807   13.9695
    7.5000    7.5000   45.0000 2559.4792   14.2856
   -7.5000   15.0000   45.0000 2601.6763   13.7663
    0.0000   15.0000   45.0000 2620.1287   13.6384
    7.5000   15.0000   45.0000 2591.7117   13.8993
   -7.5000   22.5000   45.0000 2598.2856   13.8872
    0.0000   22.5000   45.0000 2621.0483   13.7800
    7.5000   22.5000   45.0000 2596.3296   14.0070
   -7.5000   30.0000   45.0000 2564.3191   14.2993
    0.0000   30.0000   45.0000 2586.8264   14.2240
    7.5000   30.0000   45.0000 2567.3142   14.4630
   -7.5000   37.5000   45.0000 2521.5269   14.8648
    0.0000   37.5000   45.0000 2540.5054   14.7778
    7.5000   37.5000   45.0000 2517.7896   15.0443
   -7.5000   45.0000   45.0000 2460.4907   15.6158
    0.0000   45.0000   45.0000 2481.4436   15.4851
    7.5000   45.0000   45.0000 2449.6575   15.7528

---------------------------------------------------------------------
imgreg_4dfp /opt/freesurfer/average/711-2C_as_mni_average_305 /opt/freesurfer/average/711-2B_as_mni_average_305_mask talsrcimg_g11 none talsrcimg_to_711-2C_as_mni_average_305_t4 1283
---------------------------------------------------------------------

freesurfer imgreg_4dfp.c
/opt/freesurfer/average/711-2C_as_mni_average_305.4dfp.img
       256       256       256         1
  1.000000  1.000000  1.000000
orientation T byte_order littleendian
Reading image: /opt/freesurfer/average/711-2C_as_mni_average_305.4dfp.img
dimensions:      256       256       256
mmppix:       1.0000   -1.0000   -1.0000
center:     128.0000 -129.0000 -129.0000
/opt/freesurfer/average/711-2B_as_mni_average_305_mask.4dfp.img
       256       256       256         1
  1.000000  1.000000  1.000000
orientation T byte_order littleendian
Reading mask: /opt/freesurfer/average/711-2B_as_mni_average_305_mask.4dfp.img (2306576 pixels)
talsrcimg_g11.4dfp.img
       256       256       256         1
  1.000000  1.000000  1.000000
orientation T byte_order littleendian
Reading image: talsrcimg_g11.4dfp.img
dimensions:      256       256       256
mmppix:       1.0000   -1.0000   -1.0000
center:     128.0000 -129.0000 -129.0000
rotation matrix determinant  1.000000
fimgreg.f
image alignment mode   1283 decimal      503 hex
parameters
    0.0000   22.5000   15.0000    0.0000    0.0000    0.0000
eta,q 0.92150 11.33977
niter,ni,del,rscale     5    3   12.0000    1.2000
parameter  2  0.846588 ->  0.500000 qaram    1.1500
parameter  3  0.607206 ->  0.500000 qaram    1.1500
parameter  4  2.897020 ->  0.500000 qaram    1.1500
parameter  6  0.892225 ->  0.500000 qaram    1.1500
parameters
   -1.2803   19.0500   11.5500   -3.4500    0.1786   -3.4500
eta,q 0.92652 11.07677
  0.0843  0.0804  0.0813  0.0727  0.0766  0.0732
  0.0829  0.0814  0.0779  0.0739  0.0748  0.0734
  0.0841  0.0833  0.0787  0.0755  0.0741  0.0739
  0.0829  0.0834  0.0824  0.0773  0.0743  0.0745
  0.0822  0.0853  0.0844  0.0792  0.0750  0.0756
  0.0843  0.0888  0.0865  0.0812  0.0754  0.0770
  0.0895  0.0945  0.0910  0.0837  0.0756  0.0791
niter,ni,del,rscale     7    3   12.0000    1.2000
parameter  4  2.457758 ->  0.500000 qaram    1.3225
parameters
   -2.4790   20.1582   11.7259   -7.4175    1.1062   -3.2048
eta,q 0.92991 11.03788
  0.0758  0.0836  0.0825  0.0693  0.0751  0.0749
  0.0724  0.0782  0.0792  0.0698  0.0720  0.0720
  0.0724  0.0741  0.0754  0.0716  0.0706  0.0700
  0.0735  0.0730  0.0735  0.0736  0.0702  0.0700
  0.0734  0.0741  0.0762  0.0756  0.0700  0.0713
  0.0757  0.0745  0.0789  0.0775  0.0710  0.0723
  0.0787  0.0783  0.0813  0.0800  0.0724  0.0734
niter,ni,del,rscale     7    3   12.0000    1.2000
parameter  4  0.583452 ->  0.500000 qaram    1.5209
parameters
   -1.7023   21.3057   10.8897  -11.9801    0.5638   -3.5785
eta,q 0.93196 10.94913
  0.0748  0.0832  0.0776  0.0706  0.0725  0.0728
  0.0712  0.0754  0.0751  0.0686  0.0701  0.0692
  0.0692  0.0711  0.0717  0.0690  0.0683  0.0676
  0.0701  0.0706  0.0709  0.0706  0.0686  0.0683
  0.0708  0.0714  0.0739  0.0736  0.0704  0.0699
  0.0705  0.0731  0.0783  0.0766  0.0718  0.0710
  0.0719  0.0755  0.0802  0.0794  0.0727  0.0723
niter,ni,del,rscale     7    3   12.0000    1.2000
parameters
   -1.6687   23.1570    9.2066  -13.5128    0.1711   -3.8977
eta,q 0.93611 10.83061
  0.0728  0.0854  0.0740  0.0730  0.0695  0.0707
  0.0692  0.0776  0.0698  0.0685  0.0664  0.0669
  0.0676  0.0710  0.0658  0.0641  0.0642  0.0643
  0.0680  0.0681  0.0671  0.0653  0.0642  0.0640
  0.0684  0.0671  0.0734  0.0695  0.0660  0.0660
  0.0696  0.0694  0.0777  0.0742  0.0679  0.0685
  0.0721  0.0731  0.0794  0.0776  0.0701  0.0709
niter,ni,del,rscale     6    3   12.0000    1.2000
parameters
   -1.4185   23.8700    8.6426  -14.4841    0.2139   -3.9013
eta,q 0.93627 10.79282
  0.0708  0.0819  0.0746  0.0736  0.0692  0.0706
  0.0669  0.0741  0.0711  0.0692  0.0666  0.0666
  0.0647  0.0672  0.0666  0.0645  0.0643  0.0641
  0.0639  0.0639  0.0638  0.0641  0.0637  0.0637
  0.0645  0.0656  0.0679  0.0678  0.0650  0.0654
  0.0663  0.0705  0.0738  0.0733  0.0666  0.0674
  0.0696  0.0756  0.0780  0.0768  0.0687  0.0697
niter,ni,del,rscale     5    3   12.0000    1.2000
parameters
   -1.4042   24.2502    8.4079  -15.0115    0.2404   -3.8299
eta,q 0.93602 10.78411
  0.0698  0.0811  0.0748  0.0745  0.0689  0.0706
  0.0662  0.0732  0.0715  0.0700  0.0665  0.0667
  0.0642  0.0660  0.0669  0.0652  0.0644  0.0643
  0.0637  0.0637  0.0639  0.0640  0.0640  0.0640
  0.0643  0.0667  0.0664  0.0670  0.0651  0.0655
  0.0661  0.0715  0.0719  0.0722  0.0666  0.0672
  0.0696  0.0770  0.0770  0.0764  0.0685  0.0694
niter,ni,del,rscale     4    3   12.0000    1.2000
parameters
   -1.4083   24.4584    8.3197  -15.2807    0.2434   -3.7830
eta,q 0.93584 10.78471
  0.0697  0.0806  0.0750  0.0750  0.0688  0.0705
  0.0662  0.0727  0.0717  0.0706  0.0665  0.0666
  0.0642  0.0656  0.0672  0.0657  0.0646  0.0643
  0.0640  0.0640  0.0641  0.0642  0.0641  0.0641
  0.0645  0.0674  0.0660  0.0666  0.0653  0.0656
  0.0661  0.0720  0.0712  0.0715  0.0666  0.0673
  0.0696  0.0777  0.0766  0.0760  0.0684  0.0694
niter,ni,del,rscale     3    3   12.0000    1.2000
parameters
   -1.4151   24.5601    8.2812  -15.4179    0.2501   -3.7654
eta,q 0.93573 10.78515
  0.0698  0.0802  0.0750  0.0751  0.0687  0.0704
  0.0662  0.0724  0.0719  0.0709  0.0666  0.0666
  0.0643  0.0654  0.0674  0.0659  0.0647  0.0644
  0.0642  0.0642  0.0643  0.0643  0.0643  0.0643
  0.0647  0.0677  0.0660  0.0665  0.0654  0.0656
  0.0662  0.0723  0.0710  0.0712  0.0667  0.0673
  0.0697  0.0781  0.0764  0.0757  0.0684  0.0694
niter,ni,del,rscale     2    3   12.0000    1.2000
parameters
   -1.4260   24.6118    8.2656  -15.4866    0.2478   -3.7560
eta,q 0.93567 10.78575
  0.0698  0.0800  0.0750  0.0752  0.0687  0.0704
  0.0662  0.0723  0.0720  0.0711  0.0666  0.0666
  0.0644  0.0653  0.0675  0.0660  0.0647  0.0644
  0.0643  0.0643  0.0643  0.0643  0.0643  0.0643
  0.0648  0.0678  0.0660  0.0664  0.0654  0.0657
  0.0662  0.0725  0.0709  0.0710  0.0667  0.0674
  0.0697  0.0783  0.0764  0.0756  0.0684  0.0695
registration optimization eta report
parameter search radius
    6.0000    6.9000    6.9000    9.1253    6.0000    6.9000
100000*second partial in parameter space
       16.       30.       22.       13.       11.       12.
  0.0698  0.0800  0.0750  0.0752  0.0687  0.0704
  0.0662  0.0723  0.0720  0.0711  0.0666  0.0666
  0.0644  0.0653  0.0675  0.0660  0.0647  0.0644
  0.0643  0.0643  0.0643  0.0643  0.0643  0.0643
  0.0648  0.0678  0.0660  0.0664  0.0654  0.0657
  0.0662  0.0725  0.0709  0.0710  0.0667  0.0674
  0.0697  0.0783  0.0764  0.0756  0.0684  0.0695
   -1.4260   24.6118    8.2656  -15.4866    0.2478   -3.7560
eta,q 0.93567 10.78575

---------------------------------------------------------------------
imgreg_4dfp /opt/freesurfer/average/711-2C_as_mni_average_305 /opt/freesurfer/average/711-2B_as_mni_average_305_mask talsrcimg_g11 none talsrcimg_to_711-2C_as_mni_average_305_t4 3335
---------------------------------------------------------------------

freesurfer imgreg_4dfp.c
/opt/freesurfer/average/711-2C_as_mni_average_305.4dfp.img
       256       256       256         1
  1.000000  1.000000  1.000000
orientation T byte_order littleendian
Reading image: /opt/freesurfer/average/711-2C_as_mni_average_305.4dfp.img
dimensions:      256       256       256
mmppix:       1.0000   -1.0000   -1.0000
center:     128.0000 -129.0000 -129.0000
/opt/freesurfer/average/711-2B_as_mni_average_305_mask.4dfp.img
       256       256       256         1
  1.000000  1.000000  1.000000
orientation T byte_order littleendian
Reading mask: /opt/freesurfer/average/711-2B_as_mni_average_305_mask.4dfp.img (2306576 pixels)
talsrcimg_g11.4dfp.img
       256       256       256         1
  1.000000  1.000000  1.000000
orientation T byte_order littleendian
Reading image: talsrcimg_g11.4dfp.img
dimensions:      256       256       256
mmppix:       1.0000   -1.0000   -1.0000
center:     128.0000 -129.0000 -129.0000
fimgreg.f
image alignment mode   3335 decimal      D07 hex
parameters
   -1.4260   24.6118    8.2656   -0.2157   -3.8453   -3.6316
    6.4281    1.3333   -6.5507   26.6713    0.4325  -26.7011
eta,q 0.93682 10.82637
niter,ni,del,rscale     5    3    5.0000    1.2000
parameter  3  0.832264 ->  0.500000 qaram    1.1500
parameter  4 -3.724765 ->  0.500000 qaram    1.1500
parameter  5  3.928292 ->  0.500000 qaram    1.1500
parameter  6  2.142268 ->  0.500000 qaram    1.1500
parameter 10  0.618600 ->  0.500000 qaram    1.1500
parameter 12 -0.953331 -> -0.500000 qaram    1.1500
parameters
   -1.6307   23.9497    6.8856   -4.3557   -7.9853   -7.7716
    4.5840    0.9205   -3.6634   22.5313    1.5463  -22.5611
eta,q 0.96332 10.56178
  0.0645  0.0637  0.0627  0.0468  0.0450  0.0378  0.0418  0.0445  0.0436  0.0391  0.0408  0.0442
  0.0639  0.0632  0.0625  0.0528  0.0472  0.0397  0.0406  0.0423  0.0421  0.0383  0.0396  0.0418
  0.0634  0.0631  0.0627  0.0579  0.0506  0.0429  0.0402  0.0407  0.0409  0.0385  0.0387  0.0397
  0.0632  0.0632  0.0631  0.0625  0.0543  0.0481  0.0404  0.0402  0.0402  0.0398  0.0383  0.0382
  0.0635  0.0635  0.0636  0.0675  0.0579  0.0548  0.0412  0.0410  0.0398  0.0422  0.0383  0.0372
  0.0643  0.0640  0.0642  0.0716  0.0619  0.0605  0.0426  0.0430  0.0399  0.0451  0.0387  0.0366
  0.0652  0.0648  0.0649  0.0749  0.0662  0.0656  0.0444  0.0457  0.0406  0.0484  0.0396  0.0363
niter,ni,del,rscale     7    3    5.0000    1.2000
parameter  4  2.349486 ->  0.500000 qaram    1.3225
parameter  6  0.515940 ->  0.500000 qaram    1.3225
parameters
   -2.0048   23.8212    6.2851   -9.1167  -11.9619  -12.5326
    5.0432    0.1281   -3.7169   22.1707    1.5619  -19.1621
eta,q 0.97598 10.22936
  0.0384  0.0390  0.0384  0.0246  0.0274  0.0251  0.0287  0.0294  0.0268  0.0281  0.0260  0.0282
  0.0371  0.0376  0.0368  0.0261  0.0261  0.0246  0.0266  0.0266  0.0255  0.0262  0.0252  0.0267
  0.0365  0.0368  0.0363  0.0305  0.0260  0.0248  0.0252  0.0249  0.0247  0.0249  0.0247  0.0254
  0.0367  0.0366  0.0366  0.0363  0.0271  0.0259  0.0245  0.0245  0.0245  0.0245  0.0245  0.0245
  0.0372  0.0370  0.0375  0.0415  0.0293  0.0290  0.0249  0.0258  0.0248  0.0250  0.0246  0.0240
  0.0382  0.0380  0.0388  0.0474  0.0325  0.0349  0.0260  0.0284  0.0256  0.0265  0.0252  0.0242
  0.0399  0.0396  0.0406  0.0536  0.0363  0.0432  0.0278  0.0320  0.0268  0.0290  0.0260  0.0250
niter,ni,del,rscale     7    3    5.0000    1.2000
parameter  4  0.573569 ->  0.500000 qaram    1.5209
parameters
   -1.8594   23.7919    5.9831  -14.5918   -9.9354  -13.9791
    5.6068   -0.1910   -4.3055   20.9976    0.7387  -19.1020
eta,q 0.97791 10.02578
  0.0294  0.0268  0.0261  0.0236  0.0282  0.0253  0.0258  0.0264  0.0241  0.0252  0.0230  0.0245
  0.0266  0.0252  0.0249  0.0228  0.0260  0.0236  0.0241  0.0239  0.0230  0.0234  0.0224  0.0232
  0.0247  0.0243  0.0241  0.0225  0.0241  0.0225  0.0228  0.0226  0.0224  0.0223  0.0221  0.0224
  0.0240  0.0240  0.0240  0.0240  0.0226  0.0222  0.0223  0.0222  0.0222  0.0222  0.0221  0.0221
  0.0244  0.0244  0.0245  0.0283  0.0223  0.0229  0.0224  0.0229  0.0226  0.0231  0.0223  0.0223
  0.0258  0.0254  0.0256  0.0334  0.0230  0.0247  0.0233  0.0246  0.0235  0.0249  0.0228  0.0232
  0.0281  0.0269  0.0273  0.0385  0.0249  0.0291  0.0249  0.0271  0.0249  0.0275  0.0235  0.0244
niter,ni,del,rscale     7    3    5.0000    1.2000
parameters
   -1.6384   23.5247    5.5575  -16.1715   -9.4293  -14.5927
    5.5192   -0.1961   -4.4509   20.5069    0.8030  -19.1273
eta,q 0.97788  9.91749
  0.0266  0.0243  0.0237  0.0267  0.0268  0.0258  0.0251  0.0267  0.0243  0.0258  0.0233  0.0244
  0.0244  0.0229  0.0226  0.0243  0.0248  0.0238  0.0235  0.0242  0.0231  0.0238  0.0226  0.0232
  0.0228  0.0222  0.0220  0.0228  0.0231  0.0225  0.0225  0.0227  0.0224  0.0225  0.0223  0.0224
  0.0221  0.0220  0.0220  0.0219  0.0222  0.0221  0.0221  0.0221  0.0221  0.0221  0.0221  0.0221
  0.0222  0.0226  0.0226  0.0226  0.0224  0.0228  0.0225  0.0227  0.0224  0.0228  0.0222  0.0224
  0.0233  0.0238  0.0237  0.0261  0.0237  0.0240  0.0236  0.0243  0.0232  0.0244  0.0226  0.0232
  0.0253  0.0256  0.0252  0.0323  0.0261  0.0272  0.0252  0.0267  0.0245  0.0269  0.0232  0.0244
niter,ni,del,rscale     6    3    5.0000    1.2000
parameters
   -1.6393   23.4285    5.4070  -16.4267   -9.2583  -14.7890
    5.5093   -0.2309   -4.4805   20.3771    0.8152  -19.1439
eta,q 0.97786  9.89675
  0.0259  0.0247  0.0244  0.0277  0.0264  0.0261  0.0251  0.0267  0.0244  0.0262  0.0233  0.0244
  0.0238  0.0233  0.0230  0.0250  0.0245  0.0240  0.0236  0.0242  0.0232  0.0241  0.0227  0.0232
  0.0226  0.0224  0.0223  0.0232  0.0229  0.0226  0.0225  0.0227  0.0224  0.0227  0.0223  0.0224
  0.0221  0.0221  0.0221  0.0221  0.0222  0.0221  0.0221  0.0221  0.0221  0.0221  0.0221  0.0221
  0.0226  0.0225  0.0225  0.0220  0.0225  0.0228  0.0225  0.0227  0.0224  0.0227  0.0223  0.0224
  0.0238  0.0236  0.0235  0.0241  0.0240  0.0240  0.0236  0.0244  0.0232  0.0242  0.0227  0.0232
  0.0259  0.0252  0.0249  0.0297  0.0264  0.0267  0.0251  0.0267  0.0244  0.0266  0.0233  0.0245
niter,ni,del,rscale     5    3    5.0000    1.2000
parameters
   -1.6503   23.4024    5.3549  -16.4533   -9.2058  -14.8504
    5.5087   -0.2439   -4.4796   20.3453    0.8063  -19.1540
eta,q 0.97785  9.89346
  0.0259  0.0249  0.0246  0.0279  0.0263  0.0263  0.0251  0.0267  0.0244  0.0263  0.0233  0.0245
  0.0238  0.0234  0.0232  0.0252  0.0244  0.0241  0.0236  0.0243  0.0232  0.0242  0.0227  0.0232
  0.0226  0.0225  0.0224  0.0232  0.0229  0.0227  0.0225  0.0227  0.0224  0.0227  0.0223  0.0224
  0.0221  0.0221  0.0221  0.0221  0.0221  0.0221  0.0221  0.0221  0.0221  0.0221  0.0221  0.0221
  0.0226  0.0225  0.0225  0.0220  0.0226  0.0228  0.0225  0.0227  0.0224  0.0226  0.0223  0.0224
  0.0239  0.0235  0.0234  0.0239  0.0241  0.0240  0.0236  0.0243  0.0232  0.0241  0.0227  0.0232
  0.0259  0.0251  0.0248  0.0292  0.0265  0.0265  0.0251  0.0267  0.0244  0.0265  0.0233  0.0244
niter,ni,del,rscale     4    3    5.0000    1.2000
parameters
   -1.6538   23.3924    5.3395  -16.4615   -9.1937  -14.8648
    5.5066   -0.2482   -4.4760   20.3364    0.8054  -19.1608
eta,q 0.97785  9.89254
  0.0259  0.0250  0.0247  0.0279  0.0263  0.0263  0.0251  0.0267  0.0244  0.0264  0.0233  0.0245
  0.0239  0.0235  0.0233  0.0252  0.0244  0.0242  0.0236  0.0243  0.0232  0.0242  0.0227  0.0232
  0.0226  0.0225  0.0224  0.0233  0.0228  0.0227  0.0225  0.0227  0.0224  0.0227  0.0223  0.0224
  0.0221  0.0221  0.0221  0.0221  0.0221  0.0221  0.0221  0.0221  0.0221  0.0221  0.0221  0.0222
  0.0226  0.0225  0.0225  0.0220  0.0226  0.0228  0.0225  0.0227  0.0224  0.0226  0.0223  0.0224
  0.0239  0.0235  0.0233  0.0239  0.0241  0.0239  0.0236  0.0243  0.0232  0.0241  0.0227  0.0232
  0.0259  0.0250  0.0247  0.0292  0.0265  0.0264  0.0251  0.0267  0.0244  0.0265  0.0233  0.0244
registration optimization eta report
parameter search radius
    2.4000    2.4000    2.7600   10.9503    8.2800    9.5220
    7.2000    7.2000    7.2000    8.2800    7.2000    8.2800
100000*second partial in parameter space
       65.       49.       33.        5.        6.        5.
        6.        9.        4.        6.        2.        3.
  0.0259  0.0250  0.0247  0.0279  0.0263  0.0263  0.0251  0.0267  0.0244  0.0264  0.0233  0.0245
  0.0239  0.0235  0.0233  0.0252  0.0244  0.0242  0.0236  0.0243  0.0232  0.0242  0.0227  0.0232
  0.0226  0.0225  0.0224  0.0233  0.0228  0.0227  0.0225  0.0227  0.0224  0.0227  0.0223  0.0224
  0.0221  0.0221  0.0221  0.0221  0.0221  0.0221  0.0221  0.0221  0.0221  0.0221  0.0221  0.0222
  0.0226  0.0225  0.0225  0.0220  0.0226  0.0228  0.0225  0.0227  0.0224  0.0226  0.0223  0.0224
  0.0239  0.0235  0.0233  0.0239  0.0241  0.0239  0.0236  0.0243  0.0232  0.0241  0.0227  0.0232
  0.0259  0.0250  0.0247  0.0292  0.0265  0.0264  0.0251  0.0267  0.0244  0.0265  0.0233  0.0244
   -1.6538   23.3924    5.3395  -16.4615   -9.1937  -14.8648
    5.5066   -0.2482   -4.4760   20.3364    0.8054  -19.1608
eta,q 0.97785  9.89254

---------------------------------------------------------------------
imgreg_4dfp /opt/freesurfer/average/711-2C_as_mni_average_305 /opt/freesurfer/average/711-2B_as_mni_average_305_mask talsrcimg_g11 none talsrcimg_to_711-2C_as_mni_average_305_t4 2311
---------------------------------------------------------------------

freesurfer imgreg_4dfp.c
/opt/freesurfer/average/711-2C_as_mni_average_305.4dfp.img
       256       256       256         1
  1.000000  1.000000  1.000000
orientation T byte_order littleendian
Reading image: /opt/freesurfer/average/711-2C_as_mni_average_305.4dfp.img
dimensions:      256       256       256
mmppix:       1.0000   -1.0000   -1.0000
center:     128.0000 -129.0000 -129.0000
/opt/freesurfer/average/711-2B_as_mni_average_305_mask.4dfp.img
       256       256       256         1
  1.000000  1.000000  1.000000
orientation T byte_order littleendian
Reading mask: /opt/freesurfer/average/711-2B_as_mni_average_305_mask.4dfp.img (2306576 pixels)
talsrcimg_g11.4dfp.img
       256       256       256         1
  1.000000  1.000000  1.000000
orientation T byte_order littleendian
Reading image: talsrcimg_g11.4dfp.img
dimensions:      256       256       256
mmppix:       1.0000   -1.0000   -1.0000
center:     128.0000 -129.0000 -129.0000
fimgreg.f
image alignment mode   2311 decimal      907 hex
parameters
   -1.6538   23.3924    5.3395  -16.4614   -9.1937  -14.8648
    5.5066   -0.2482   -4.4760   20.3364    0.8054  -19.1608
eta,q 0.97785  9.89255
niter,ni,del,rscale     5    3    5.0000    0.8000
parameters
   -1.6571   23.4027    5.3032  -14.3419   -9.1209  -14.6805
    5.7765   -0.1933   -4.1995   20.5286    0.5594  -19.2900
eta,q 0.97815 10.01878
  0.0239  0.0235  0.0230  0.0238  0.0236  0.0231  0.0235  0.0242  0.0231  0.0235  0.0223  0.0227
  0.0229  0.0228  0.0225  0.0231  0.0227  0.0225  0.0227  0.0229  0.0225  0.0227  0.0221  0.0222
  0.0223  0.0223  0.0222  0.0226  0.0221  0.0220  0.0221  0.0221  0.0220  0.0221  0.0219  0.0219
  0.0221  0.0221  0.0221  0.0221  0.0219  0.0219  0.0219  0.0219  0.0219  0.0219  0.0218  0.0219
  0.0223  0.0223  0.0223  0.0219  0.0221  0.0220  0.0220  0.0221  0.0219  0.0220  0.0219  0.0220
  0.0229  0.0227  0.0226  0.0219  0.0226  0.0224  0.0224  0.0229  0.0223  0.0225  0.0221  0.0223
  0.0239  0.0234  0.0231  0.0223  0.0235  0.0229  0.0232  0.0240  0.0228  0.0233  0.0225  0.0227
niter,ni,del,rscale     4    3    5.0000    0.7000
parameters
   -1.6318   23.4098    5.3069  -14.6047   -9.1270  -14.6889
    5.7172   -0.2342   -4.1750   20.5632    0.5331  -19.3303
eta,q 0.97814 10.00563
  0.0233  0.0229  0.0225  0.0227  0.0232  0.0228  0.0230  0.0236  0.0227  0.0231  0.0223  0.0225
  0.0225  0.0223  0.0222  0.0223  0.0225  0.0223  0.0224  0.0226  0.0223  0.0224  0.0220  0.0221
  0.0220  0.0220  0.0219  0.0220  0.0220  0.0220  0.0220  0.0220  0.0220  0.0220  0.0219  0.0219
  0.0219  0.0218  0.0218  0.0218  0.0219  0.0219  0.0219  0.0219  0.0219  0.0219  0.0219  0.0219
  0.0220  0.0220  0.0219  0.0219  0.0220  0.0220  0.0220  0.0221  0.0219  0.0220  0.0219  0.0219
  0.0224  0.0223  0.0222  0.0224  0.0225  0.0223  0.0224  0.0227  0.0222  0.0224  0.0221  0.0222
  0.0232  0.0229  0.0225  0.0232  0.0232  0.0228  0.0231  0.0236  0.0227  0.0231  0.0223  0.0225
niter,ni,del,rscale     3    3    5.0000    0.6000
parameters
   -1.6254   23.4221    5.2973  -14.4970   -9.1385  -14.7278
    5.7217   -0.2438   -4.1565   20.5771    0.5150  -19.3518
eta,q 0.97815 10.00868
  0.0229  0.0226  0.0224  0.0226  0.0228  0.0225  0.0227  0.0231  0.0225  0.0228  0.0222  0.0223
  0.0223  0.0222  0.0221  0.0223  0.0223  0.0222  0.0222  0.0224  0.0221  0.0223  0.0220  0.0221
  0.0220  0.0220  0.0219  0.0220  0.0220  0.0219  0.0220  0.0220  0.0219  0.0220  0.0219  0.0219
  0.0219  0.0219  0.0219  0.0219  0.0219  0.0219  0.0218  0.0219  0.0219  0.0218  0.0218  0.0219
  0.0220  0.0219  0.0219  0.0219  0.0220  0.0219  0.0220  0.0220  0.0219  0.0220  0.0219  0.0219
  0.0223  0.0222  0.0221  0.0221  0.0223  0.0222  0.0222  0.0224  0.0221  0.0223  0.0220  0.0221
  0.0229  0.0226  0.0224  0.0226  0.0228  0.0225  0.0227  0.0231  0.0225  0.0227  0.0222  0.0223
niter,ni,del,rscale     2    3    5.0000    0.5000
parameters
   -1.6239   23.4270    5.2856  -14.3771   -9.1579  -14.7496
    5.7275   -0.2530   -4.1359   20.5824    0.4726  -19.3679
eta,q 0.97816 10.01278
  0.0226  0.0224  0.0222  0.0224  0.0225  0.0223  0.0225  0.0227  0.0223  0.0225  0.0221  0.0222
  0.0222  0.0221  0.0220  0.0222  0.0221  0.0221  0.0221  0.0222  0.0220  0.0221  0.0219  0.0220
  0.0219  0.0219  0.0219  0.0220  0.0219  0.0219  0.0219  0.0219  0.0219  0.0219  0.0219  0.0219
  0.0219  0.0219  0.0219  0.0218  0.0218  0.0218  0.0218  0.0218  0.0218  0.0218  0.0218  0.0218
  0.0219  0.0219  0.0219  0.0219  0.0219  0.0219  0.0219  0.0219  0.0219  0.0219  0.0219  0.0219
  0.0222  0.0221  0.0220  0.0220  0.0222  0.0221  0.0221  0.0223  0.0220  0.0221  0.0219  0.0220
  0.0226  0.0224  0.0222  0.0224  0.0225  0.0223  0.0225  0.0227  0.0223  0.0225  0.0221  0.0222
niter,ni,del,rscale     1    3    5.0000    0.4000
parameters
   -1.6201   23.4293    5.2693  -14.2693   -9.1836  -14.7823
    5.7099   -0.2696   -4.1194   20.5793    0.4894  -19.3972
eta,q 0.97816 10.01534
  0.0223  0.0222  0.0221  0.0222  0.0223  0.0222  0.0222  0.0224  0.0221  0.0223  0.0220  0.0220
  0.0221  0.0220  0.0219  0.0220  0.0220  0.0220  0.0220  0.0221  0.0220  0.0220  0.0219  0.0219
  0.0219  0.0219  0.0219  0.0219  0.0219  0.0219  0.0219  0.0219  0.0219  0.0219  0.0219  0.0219
  0.0218  0.0218  0.0218  0.0218  0.0218  0.0218  0.0218  0.0218  0.0218  0.0218  0.0218  0.0218
  0.0219  0.0219  0.0219  0.0219  0.0219  0.0219  0.0219  0.0219  0.0219  0.0219  0.0219  0.0219
  0.0220  0.0220  0.0220  0.0220  0.0221  0.0220  0.0220  0.0221  0.0220  0.0220  0.0219  0.0219
  0.0223  0.0222  0.0221  0.0222  0.0223  0.0222  0.0222  0.0224  0.0221  0.0223  0.0220  0.0221
registration optimization eta report
parameter search radius
    0.8000    0.8000    0.8000    2.4000    2.4000    2.4000
    2.4000    2.4000    2.4000    2.4000    2.4000    2.4000
100000*second partial in parameter space
       74.       53.       35.        6.        8.        6.
        7.       10.        5.        7.        2.        4.
  0.0223  0.0222  0.0221  0.0222  0.0223  0.0222  0.0222  0.0224  0.0221  0.0223  0.0220  0.0220
  0.0221  0.0220  0.0219  0.0220  0.0220  0.0220  0.0220  0.0221  0.0220  0.0220  0.0219  0.0219
  0.0219  0.0219  0.0219  0.0219  0.0219  0.0219  0.0219  0.0219  0.0219  0.0219  0.0219  0.0219
  0.0218  0.0218  0.0218  0.0218  0.0218  0.0218  0.0218  0.0218  0.0218  0.0218  0.0218  0.0218
  0.0219  0.0219  0.0219  0.0219  0.0219  0.0219  0.0219  0.0219  0.0219  0.0219  0.0219  0.0219
  0.0220  0.0220  0.0220  0.0220  0.0221  0.0220  0.0220  0.0221  0.0220  0.0220  0.0219  0.0219
  0.0223  0.0222  0.0221  0.0222  0.0223  0.0222  0.0222  0.0224  0.0221  0.0223  0.0220  0.0221
   -1.6201   23.4293    5.2693  -14.2693   -9.1836  -14.7823
    5.7099   -0.2696   -4.1194   20.5793    0.4894  -19.3972
eta,q 0.97816 10.01534

---------------------------------------------------------------------
imgreg_4dfp /opt/freesurfer/average/711-2C_as_mni_average_305 /opt/freesurfer/average/711-2B_as_mni_average_305_mask talsrcimg_g11 none talsrcimg_to_711-2C_as_mni_average_305_t4 2311
---------------------------------------------------------------------

freesurfer imgreg_4dfp.c
/opt/freesurfer/average/711-2C_as_mni_average_305.4dfp.img
       256       256       256         1
  1.000000  1.000000  1.000000
orientation T byte_order littleendian
Reading image: /opt/freesurfer/average/711-2C_as_mni_average_305.4dfp.img
dimensions:      256       256       256
mmppix:       1.0000   -1.0000   -1.0000
center:     128.0000 -129.0000 -129.0000
/opt/freesurfer/average/711-2B_as_mni_average_305_mask.4dfp.img
       256       256       256         1
  1.000000  1.000000  1.000000
orientation T byte_order littleendian
Reading mask: /opt/freesurfer/average/711-2B_as_mni_average_305_mask.4dfp.img (2306576 pixels)
talsrcimg_g11.4dfp.img
       256       256       256         1
  1.000000  1.000000  1.000000
orientation T byte_order littleendian
Reading image: talsrcimg_g11.4dfp.img
dimensions:      256       256       256
mmppix:       1.0000   -1.0000   -1.0000
center:     128.0000 -129.0000 -129.0000
fimgreg.f
image alignment mode   2311 decimal      907 hex
parameters
   -1.6201   23.4293    5.2693  -14.2693   -9.1836  -14.7823
    5.7099   -0.2696   -4.1194   20.5793    0.4894  -19.3972
eta,q 0.97816 10.01534
niter,ni,del,rscale     5    3    5.0000    0.8000
parameters
   -1.6449   23.4179    5.2761  -14.7406   -9.1205  -14.6950
    5.6861   -0.2315   -4.1644   20.5739    0.5155  -19.3625
eta,q 0.97813  9.99959
  0.0236  0.0231  0.0228  0.0229  0.0236  0.0231  0.0233  0.0242  0.0229  0.0234  0.0224  0.0227
  0.0227  0.0224  0.0222  0.0224  0.0227  0.0224  0.0226  0.0229  0.0224  0.0226  0.0221  0.0222
  0.0220  0.0220  0.0219  0.0220  0.0221  0.0220  0.0220  0.0221  0.0220  0.0221  0.0219  0.0220
  0.0218  0.0218  0.0218  0.0218  0.0219  0.0219  0.0219  0.0219  0.0219  0.0219  0.0219  0.0219
  0.0221  0.0220  0.0219  0.0220  0.0220  0.0220  0.0221  0.0221  0.0220  0.0221  0.0219  0.0220
  0.0227  0.0224  0.0222  0.0226  0.0226  0.0224  0.0226  0.0229  0.0224  0.0226  0.0221  0.0222
  0.0238  0.0232  0.0227  0.0237  0.0235  0.0229  0.0234  0.0240  0.0230  0.0234  0.0224  0.0227
niter,ni,del,rscale     4    3    5.0000    0.7000
parameters
   -1.6264   23.4146    5.2944  -14.6230   -9.1338  -14.7047
    5.7064   -0.2348   -4.1708   20.5755    0.5265  -19.3452
eta,q 0.97814 10.00392
  0.0233  0.0229  0.0226  0.0229  0.0232  0.0228  0.0230  0.0236  0.0227  0.0231  0.0223  0.0225
  0.0225  0.0223  0.0222  0.0224  0.0224  0.0223  0.0224  0.0226  0.0222  0.0224  0.0220  0.0221
  0.0221  0.0220  0.0219  0.0221  0.0220  0.0220  0.0220  0.0220  0.0220  0.0220  0.0219  0.0219
  0.0219  0.0219  0.0219  0.0219  0.0219  0.0219  0.0219  0.0219  0.0219  0.0219  0.0219  0.0219
  0.0220  0.0220  0.0219  0.0219  0.0220  0.0220  0.0220  0.0221  0.0220  0.0220  0.0219  0.0219
  0.0225  0.0223  0.0222  0.0222  0.0225  0.0223  0.0224  0.0227  0.0222  0.0224  0.0220  0.0221
  0.0232  0.0229  0.0225  0.0229  0.0232  0.0228  0.0230  0.0236  0.0227  0.0231  0.0223  0.0225
niter,ni,del,rscale     3    3    5.0000    0.6000
parameters
   -1.6246   23.4207    5.2927  -14.4973   -9.1428  -14.7364
    5.7233   -0.2441   -4.1574   20.5766    0.5002  -19.3592
eta,q 0.97815 10.00805
  0.0229  0.0226  0.0224  0.0226  0.0228  0.0225  0.0227  0.0231  0.0225  0.0228  0.0222  0.0223
  0.0223  0.0222  0.0221  0.0223  0.0223  0.0222  0.0222  0.0224  0.0221  0.0223  0.0220  0.0221
  0.0220  0.0220  0.0219  0.0220  0.0220  0.0219  0.0219  0.0220  0.0219  0.0220  0.0219  0.0219
  0.0219  0.0219  0.0219  0.0219  0.0219  0.0219  0.0218  0.0218  0.0219  0.0219  0.0219  0.0218
  0.0220  0.0219  0.0219  0.0219  0.0220  0.0220  0.0219  0.0220  0.0219  0.0220  0.0219  0.0219
  0.0223  0.0222  0.0221  0.0221  0.0223  0.0222  0.0222  0.0224  0.0221  0.0223  0.0220  0.0221
  0.0229  0.0226  0.0224  0.0226  0.0228  0.0225  0.0227  0.0231  0.0225  0.0228  0.0222  0.0223
niter,ni,del,rscale     2    3    5.0000    0.5000
parameters
   -1.6245   23.4243    5.2819  -14.3787   -9.1533  -14.7651
    5.7223   -0.2557   -4.1347   20.5833    0.5038  -19.3702
eta,q 0.97816 10.01203
  0.0226  0.0224  0.0222  0.0224  0.0225  0.0223  0.0225  0.0227  0.0223  0.0225  0.0221  0.0222
  0.0222  0.0221  0.0220  0.0222  0.0221  0.0221  0.0221  0.0222  0.0220  0.0221  0.0219  0.0220
  0.0219  0.0219  0.0219  0.0220  0.0219  0.0219  0.0219  0.0219  0.0219  0.0219  0.0219  0.0219
  0.0219  0.0219  0.0218  0.0218  0.0218  0.0218  0.0218  0.0218  0.0218  0.0218  0.0218  0.0218
  0.0219  0.0219  0.0219  0.0219  0.0219  0.0219  0.0219  0.0220  0.0219  0.0219  0.0219  0.0219
  0.0222  0.0221  0.0220  0.0220  0.0222  0.0221  0.0221  0.0223  0.0220  0.0221  0.0219  0.0220
  0.0226  0.0224  0.0222  0.0224  0.0225  0.0223  0.0225  0.0227  0.0223  0.0225  0.0221  0.0222
niter,ni,del,rscale     1    3    5.0000    0.4000
parameters
   -1.6209   23.4291    5.2692  -14.2712   -9.1807  -14.7752
    5.7197   -0.2745   -4.1215   20.5893    0.4833  -19.3929
eta,q 0.97816 10.01585
  0.0223  0.0222  0.0221  0.0222  0.0223  0.0222  0.0222  0.0224  0.0221  0.0223  0.0220  0.0220
  0.0221  0.0220  0.0219  0.0221  0.0220  0.0220  0.0220  0.0221  0.0220  0.0220  0.0219  0.0219
  0.0219  0.0219  0.0219  0.0219  0.0219  0.0219  0.0219  0.0219  0.0219  0.0219  0.0219  0.0219
  0.0218  0.0218  0.0218  0.0218  0.0218  0.0218  0.0218  0.0218  0.0218  0.0218  0.0218  0.0218
  0.0219  0.0219  0.0219  0.0219  0.0219  0.0219  0.0219  0.0219  0.0219  0.0219  0.0219  0.0219
  0.0220  0.0220  0.0220  0.0220  0.0221  0.0220  0.0220  0.0221  0.0220  0.0220  0.0219  0.0219
  0.0223  0.0222  0.0221  0.0222  0.0223  0.0222  0.0222  0.0224  0.0221  0.0223  0.0220  0.0221
registration optimization eta report
parameter search radius
    0.8000    0.8000    0.8000    2.4000    2.4000    2.4000
    2.4000    2.4000    2.4000    2.4000    2.4000    2.4000
100000*second partial in parameter space
       74.       53.       36.        6.        8.        6.
        7.       10.        5.        7.        2.        4.
  0.0223  0.0222  0.0221  0.0222  0.0223  0.0222  0.0222  0.0224  0.0221  0.0223  0.0220  0.0220
  0.0221  0.0220  0.0219  0.0221  0.0220  0.0220  0.0220  0.0221  0.0220  0.0220  0.0219  0.0219
  0.0219  0.0219  0.0219  0.0219  0.0219  0.0219  0.0219  0.0219  0.0219  0.0219  0.0219  0.0219
  0.0218  0.0218  0.0218  0.0218  0.0218  0.0218  0.0218  0.0218  0.0218  0.0218  0.0218  0.0218
  0.0219  0.0219  0.0219  0.0219  0.0219  0.0219  0.0219  0.0219  0.0219  0.0219  0.0219  0.0219
  0.0220  0.0220  0.0220  0.0220  0.0221  0.0220  0.0220  0.0221  0.0220  0.0220  0.0219  0.0219
  0.0223  0.0222  0.0221  0.0222  0.0223  0.0222  0.0222  0.0224  0.0221  0.0223  0.0220  0.0221
   -1.6209   23.4291    5.2692  -14.2712   -9.1807  -14.7752
    5.7197   -0.2745   -4.1215   20.5893    0.4833  -19.3929
eta,q 0.97816 10.01585

---------------------------------------------------------------------
compute_vox2vox talsrcimg talsrcimg_to_711-2C_as_mni_average_305_t4 /opt/freesurfer/average/711-2C_as_mni_average_305
---------------------------------------------------------------------

freesurfer compute_vox2vox.c
Reading: talsrcimg.4dfp.ifh
Reading: talsrcimg_to_711-2C_as_mni_average_305_t4
Reading: /opt/freesurfer/average/711-2C_as_mni_average_305.4dfp.ifh
Writing: talsrcimg_to_711-2C_as_mni_average_305_t4_vox2vox.txt

start time Tue Mar 10 05:42:27 CET 2026
end		time Tue Mar 10 05:43:52 CET 2026

mpr2mni305 success

avi2talxfm orig_nu.mgz /opt/freesurfer/average/mni305.cor.mgz talsrcimg_to_711-2C_as_mni_average_305_t4_vox2vox.txt transforms/talairach.auto.xfm
avi2talxfm done
mv -f /out/sourcedata/freesurfer/sub-v1s6x0051365_ses-1/mri/talsrcimg_to_711-2C_as_mni_average_305_t4_vox2vox.txt /out/sourcedata/freesurfer/sub-v1s6x0051365_ses-1/mri/transforms/talsrcimg_to_711-2C_as_mni_average_305_t4_vox2vox.txt
lta_convert --src orig_nu.mgz --trg /opt/freesurfer/average/mni305.cor.mgz --inxfm transforms/talairach.auto.xfm --outlta transforms/talairach.auto.xfm.lta --subject fsaverage
7.3.2

--src: orig_nu.mgz src image (geometry).
--trg: /opt/freesurfer/average/mni305.cor.mgz trg image (geometry).
--inmni: transforms/talairach.auto.xfm input MNI/XFM transform.
--outlta: transforms/talairach.auto.xfm.lta output LTA.
--s: fsaverage subject name
 LTA read, type : 1
 1.16304   0.02039  -0.06889  -2.06337;
 0.00515   1.11590   0.23796   0.19292;
 0.05161  -0.25205   1.04402  -11.26163;
 0.00000   0.00000   0.00000   1.00000;
setting subject to fsaverage
Writing  LTA to file transforms/talairach.auto.xfm.lta...
lta_convert successful.
 
 
Started at Tue Mar 10 05:42:26 CET 2026
Ended   at Tue Mar 10 05:43:52 CET 2026
talairach_avi done
