/out/sourcedata/freesurfer/sub-v1s6x0051370_ses-1/mri
/opt/freesurfer/bin/talairach_avi
--i orig_nu.mgz --xfm transforms/talairach.auto.xfm
talairach_avi 7.3.2
Linux dna007 5.14.0-427.37.1.el9_4.x86_64 #1 SMP PREEMPT_DYNAMIC Fri Sep 13 12:41:50 EDT 2024 x86_64 x86_64 x86_64 GNU/Linux
Tue Mar 10 06:00:26 CET 2026
mri_convert orig_nu.mgz talsrcimg.img 
reading from orig_nu.mgz...
TR=0.00, TE=0.00, TI=0.00, flip angle=0.00
i_ras = (-1, 0, 0)
j_ras = (0, 0, -1)
k_ras = (0, 1, 0)
writing to talsrcimg.img...
Analyze Output Matrix
-1.00000   0.00000   0.00000   130.17796;
 0.00000   0.00000   1.00000  -123.93221;
 0.00000  -1.00000   0.00000   126.61017;
 0.00000   0.00000   0.00000   1.00000;
--------------------
INFO: set hdr.hist.orient to -1
mpr2mni305 talsrcimg
Tue Mar 10 06:00:27 CET 2026
/opt/freesurfer/bin/mpr2mni305 talsrcimg
mpr2mni305 7.3.2
target=711-2C_as_mni_average_305

---------------------------------------------------------------------
analyzeto4dfp talsrcimg -O0 -y
---------------------------------------------------------------------

freesurfer ifh2hdr.c
Tue Mar 10 06:00:27 2026
Writing: talsrcimg.4dfp.hdr
freesurfer analyzeto4dfp.c
Reading: talsrcimg.hdr
header size 348 bytes
hdr.dime.datatype	offset=70	value=2
hdr.dime.bitpix		offset=72	value=8
hdr.hist.orient		offset=252	value=-1
dimensionality     4
dimensions       256       256       256         1
Reading: talsrcimg.img
Writing: talsrcimg.4dfp.img
Writing: talsrcimg.4dfp.ifh
ifh2hdr talsrcimg -r0to210
ori=2

---------------------------------------------------------------------
gauss_4dfp talsrcimg 1.1
---------------------------------------------------------------------

freesurfer gauss_4dfp.c
Reading: talsrcimg.4dfp.img
Writing: talsrcimg_g11.4dfp.img
image dimensions 256 256 256 padded to 288 288 288
processing volume 1freesurfer ifh2hdr.c
Tue Mar 10 06:00:29 2026
Writing: talsrcimg_g11.4dfp.hdr

Writing: talsrcimg_g11.4dfp.ifh
including: talsrcimg.4dfp.img.rec in talsrcimg_g11.4dfp.img.rec

---------------------------------------------------------------------
imgreg_4dfp /opt/freesurfer/average/711-2C_as_mni_average_305 none talsrcimg_g11 none talsrcimg_to_711-2C_as_mni_average_305_t4 4355
---------------------------------------------------------------------

freesurfer imgreg_4dfp.c
/opt/freesurfer/average/711-2C_as_mni_average_305.4dfp.img
       256       256       256         1
  1.000000  1.000000  1.000000
orientation T byte_order littleendian
Reading image: /opt/freesurfer/average/711-2C_as_mni_average_305.4dfp.img
dimensions:      256       256       256
mmppix:       1.0000   -1.0000   -1.0000
center:     128.0000 -129.0000 -129.0000
talsrcimg_g11.4dfp.img
       256       256       256         1
  1.000000  1.000000  1.000000
orientation T byte_order littleendian
Reading image: talsrcimg_g11.4dfp.img
dimensions:      256       256       256
mmppix:       1.0000   -1.0000   -1.0000
center:     128.0000 -129.0000 -129.0000
t4_read: open error in t4_sub.f l:  41 t4_file(1:l)talsrcimg_to_711-2C_as_mni_average_305_t4 
t4_read: transform initialized to I4
rotation matrix determinant  1.000000
image alignment mode   4355 decimal     1103 hex
   -7.5000  -45.0000  -45.0000 7458.7222   14.5500
    0.0000  -45.0000  -45.0000 7748.4697   14.6047
    7.5000  -45.0000  -45.0000 7433.7651   14.6174
   -7.5000  -37.5000  -45.0000 8035.2114   14.2319
    0.0000  -37.5000  -45.0000 8357.7793   14.2776
    7.5000  -37.5000  -45.0000 7997.3667   14.2881
   -7.5000  -30.0000  -45.0000 8936.8105   13.9780
    0.0000  -30.0000  -45.0000 9325.2285   14.0156
    7.5000  -30.0000  -45.0000 8884.1865   14.0203
   -7.5000  -22.5000  -45.0000 9894.9551   13.8652
    0.0000  -22.5000  -45.000010350.0869   13.9036
    7.5000  -22.5000  -45.0000 9826.6523   13.9049
   -7.5000  -15.0000  -45.000010850.2480   13.8352
    0.0000  -15.0000  -45.000011364.0957   13.8811
    7.5000  -15.0000  -45.000010775.4941   13.8835
   -7.5000   -7.5000  -45.000011699.3701   13.8324
    0.0000   -7.5000  -45.000012278.4941   13.8851
    7.5000   -7.5000  -45.000011639.4541   13.8917
   -7.5000    0.0000  -45.000012479.3516   13.8355
    0.0000    0.0000  -45.000013137.2949   13.8878
    7.5000    0.0000  -45.000012435.8838   13.8982
   -7.5000    7.5000  -45.000012365.6143   13.8270
    0.0000    7.5000  -45.000012995.7402   13.8716
    7.5000    7.5000  -45.000012335.1211   13.8810
   -7.5000   15.0000  -45.000012198.7715   13.8188
    0.0000   15.0000  -45.000012808.2139   13.8564
    7.5000   15.0000  -45.000012154.2441   13.8608
   -7.5000   22.5000  -45.000011792.5820   13.8172
    0.0000   22.5000  -45.000012350.0186   13.8557
    7.5000   22.5000  -45.000011696.1416   13.8568
   -7.5000   30.0000  -45.000011172.2705   13.6399
    0.0000   30.0000  -45.000011689.6025   13.6853
    7.5000   30.0000  -45.000011038.4697   13.6876
   -7.5000   37.5000  -45.000011038.8428   13.6481
    0.0000   37.5000  -45.000011565.2725   13.7001
    7.5000   37.5000  -45.000010889.7363   13.7066
   -7.5000   45.0000  -45.000010265.9805   13.3045
    0.0000   45.0000  -45.000010764.3809   13.3548
    7.5000   45.0000  -45.000010145.6279   13.3648
   -7.5000  -45.0000  -37.5000 7794.0688   14.5218
    0.0000  -45.0000  -37.5000 8121.0063   14.5756
    7.5000  -45.0000  -37.5000 7766.7065   14.5813
   -7.5000  -37.5000  -37.5000 8418.3535   14.2040
    0.0000  -37.5000  -37.5000 8792.8564   14.2509
    7.5000  -37.5000  -37.5000 8378.4424   14.2556
   -7.5000  -30.0000  -37.5000 9396.2246   13.9476
    0.0000  -30.0000  -37.5000 9837.8281   13.9883
    7.5000  -30.0000  -37.5000 9347.0713   13.9894
   -7.5000  -22.5000  -37.500010414.6992   13.8349
    0.0000  -22.5000  -37.500010903.2744   13.8759
    7.5000  -22.5000  -37.500010347.5342   13.8752
   -7.5000  -15.0000  -37.500011404.4854   13.8082
    0.0000  -15.0000  -37.500011958.0957   13.8544
    7.5000  -15.0000  -37.500011344.5605   13.8548
   -7.5000   -7.5000  -37.500012317.7686   13.8085
    0.0000   -7.5000  -37.500012941.4092   13.8600
    7.5000   -7.5000  -37.500012270.1270   13.8623
   -7.5000    0.0000  -37.500013117.9014   13.8126
    0.0000    0.0000  -37.500013820.8857   13.8636
    7.5000    0.0000  -37.500013101.3252   13.8676
   -7.5000    7.5000  -37.500013010.2041   13.8015
    0.0000    7.5000  -37.500013695.7021   13.8470
    7.5000    7.5000  -37.500012985.5244   13.8506
   -7.5000   15.0000  -37.500012824.7324   13.7893
    0.0000   15.0000  -37.500013493.3525   13.8300
    7.5000   15.0000  -37.500012773.7598   13.8307
   -7.5000   22.5000  -37.500012384.7773   13.7872
    0.0000   22.5000  -37.500013011.7715   13.8282
    7.5000   22.5000  -37.500012301.2246   13.8273
   -7.5000   30.0000  -37.500011709.4736   13.6133
    0.0000   30.0000  -37.500012275.5605   13.6590
    7.5000   30.0000  -37.500011587.9824   13.6593
   -7.5000   37.5000  -37.500011572.5918   13.6245
    0.0000   37.5000  -37.500012124.9756   13.6753
    7.5000   37.5000  -37.500011429.0283   13.6776
   -7.5000   45.0000  -37.500010794.9062   13.2824
    0.0000   45.0000  -37.500011324.2188   13.3315
    7.5000   45.0000  -37.500010693.3213   13.3354
   -7.5000  -45.0000  -30.0000 8267.0400   15.1284
    0.0000  -45.0000  -30.0000 8619.6738   15.1812
    7.5000  -45.0000  -30.0000 8238.9229   15.1833
   -7.5000  -37.5000  -30.0000 8948.0693   14.7989
    0.0000  -37.5000  -30.0000 9341.8584   14.8454
    7.5000  -37.5000  -30.0000 8905.3184   14.8478
   -7.5000  -30.0000  -30.0000 9999.0684   14.5310
    0.0000  -30.0000  -30.000010471.3418   14.5728
    7.5000  -30.0000  -30.0000 9951.6133   14.5746
   -7.5000  -22.5000  -30.000011093.3145   14.4121
    0.0000  -22.5000  -30.000011623.8076   14.4544
    7.5000  -22.5000  -30.000011037.1113   14.4562
   -7.5000  -15.0000  -30.000012133.5264   14.3842
    0.0000  -15.0000  -30.000012720.8564   14.4312
    7.5000  -15.0000  -30.000012076.3975   14.4332
   -7.5000   -7.5000  -30.000013126.6045   14.3857
    0.0000   -7.5000  -30.000013795.0576   14.4368
    7.5000   -7.5000  -30.000013084.0830   14.4379
   -7.5000    0.0000  -30.000013983.1611   14.3913
    0.0000    0.0000  -30.000014732.1885   14.4411
    7.5000    0.0000  -30.000013965.2812   14.4416
   -7.5000    7.5000  -30.000013869.4043   14.3804
    0.0000    7.5000  -30.000014597.4121   14.4254
    7.5000    7.5000  -30.000013836.3828   14.4266
   -7.5000   15.0000  -30.000013680.7871   14.3664
    0.0000   15.0000  -30.000014420.0176   14.4081
    7.5000   15.0000  -30.000013628.2490   14.4095
   -7.5000   22.5000  -30.000013187.7363   14.3610
    0.0000   22.5000  -30.000013907.6670   14.4034
    7.5000   22.5000  -30.000013131.2227   14.4049
   -7.5000   30.0000  -30.000012441.7520   14.1825
    0.0000   30.0000  -30.000013093.7480   14.2290
    7.5000   30.0000  -30.000012373.2705   14.2309
   -7.5000   37.5000  -30.000012251.6904   14.1954
    0.0000   37.5000  -30.000012876.7832   14.2458
    7.5000   37.5000  -30.000012159.4209   14.2468
   -7.5000   45.0000  -30.000011445.9697   13.8492
    0.0000   45.0000  -30.000012018.8555   13.8971
    7.5000   45.0000  -30.000011372.0469   13.8975
   -7.5000  -45.0000  -22.5000 8747.3330   15.6457
    0.0000  -45.0000  -22.5000 9104.0439   15.6980
    7.5000  -45.0000  -22.5000 8728.1934   15.7038
   -7.5000  -37.5000  -22.5000 9470.6152   15.3075
    0.0000  -37.5000  -22.5000 9881.4297   15.3521
    7.5000  -37.5000  -22.5000 9433.3066   15.3588
   -7.5000  -30.0000  -22.500010588.0078   15.0324
    0.0000  -30.0000  -22.500011089.3672   15.0716
    7.5000  -30.0000  -22.500010538.8877   15.0788
   -7.5000  -22.5000  -22.500011742.6348   14.9065
    0.0000  -22.5000  -22.500012308.5947   14.9469
    7.5000  -22.5000  -22.500011685.7051   14.9541
   -7.5000  -15.0000  -22.500012838.4189   14.8734
    0.0000  -15.0000  -22.500013477.1104   14.9202
    7.5000  -15.0000  -22.500012795.8066   14.9263
   -7.5000   -7.5000  -22.500013906.1865   14.8742
    0.0000   -7.5000  -22.500014617.6904   14.9257
    7.5000   -7.5000  -22.500013883.3516   14.9298
   -7.5000    0.0000  -22.500014856.9648   14.8822
    0.0000    0.0000  -22.500015607.9971   14.9316
    7.5000    0.0000  -22.500014845.5186   14.9352
   -7.5000    7.5000  -22.500014733.6602   14.8745
    0.0000    7.5000  -22.500015492.5859   14.9179
    7.5000    7.5000  -22.500014686.7979   14.9233
   -7.5000   15.0000  -22.500014548.9033   14.8623
    0.0000   15.0000  -22.500015321.1201   14.9013
    7.5000   15.0000  -22.500014493.6523   14.9080
   -7.5000   22.5000  -22.500014021.2402   14.8527
    0.0000   22.5000  -22.500014788.9668   14.8931
    7.5000   22.5000  -22.500013994.7129   14.9001
   -7.5000   30.0000  -22.500013215.6533   14.6672
    0.0000   30.0000  -22.500013933.8984   14.7134
    7.5000   30.0000  -22.500013194.8477   14.7194
   -7.5000   37.5000  -22.500012932.8281   14.6797
    0.0000   37.5000  -22.500013590.8242   14.7305
    7.5000   37.5000  -22.500012874.0381   14.7345
   -7.5000   45.0000  -22.500012080.2061   14.3323
    0.0000   45.0000  -22.500012699.1758   14.3798
    7.5000   45.0000  -22.500012033.9395   14.3833
   -7.5000  -45.0000  -15.0000 9194.7559   16.0229
    0.0000  -45.0000  -15.0000 9589.8164   16.0765
    7.5000  -45.0000  -15.0000 9184.5684   16.0886
   -7.5000  -37.5000  -15.0000 9962.0645   15.6771
    0.0000  -37.5000  -15.000010416.2461   15.7205
    7.5000  -37.5000  -15.0000 9927.8086   15.7329
   -7.5000  -30.0000  -15.000011137.7490   15.3975
    0.0000  -30.0000  -15.000011660.1094   15.4333
    7.5000  -30.0000  -15.000011083.6533   15.4445
   -7.5000  -22.5000  -15.000012347.0381   15.2673
    0.0000  -22.5000  -15.000012918.3730   15.3049
    7.5000  -22.5000  -15.000012276.2656   15.3145
   -7.5000  -15.0000  -15.000013487.8574   15.2302
    0.0000  -15.0000  -15.000014142.8848   15.2765
    7.5000  -15.0000  -15.000013465.3340   15.2845
   -7.5000   -7.5000  -15.000014658.6104   15.2294
    0.0000   -7.5000  -15.000015370.2227   15.2824
    7.5000   -7.5000  -15.000014637.1230   15.2901
   -7.5000    0.0000  -15.000015732.2822   15.2381
    0.0000    0.0000  -15.000016498.6719   15.2891
    7.5000    0.0000  -15.000015730.7725   15.2985
   -7.5000    7.5000  -15.000015604.8184   15.2328
    0.0000    7.5000  -15.000016396.1191   15.2753
    7.5000    7.5000  -15.000015576.8330   15.2864
   -7.5000   15.0000  -15.000015377.6689   15.2229
    0.0000   15.0000  -15.000016178.9648   15.2586
    7.5000   15.0000  -15.000015365.3857   15.2694
   -7.5000   22.5000  -15.000014846.4062   15.2114
    0.0000   22.5000  -15.000015611.4473   15.2491
    7.5000   22.5000  -15.000014863.5898   15.2584
   -7.5000   30.0000  -15.000014006.5605   15.0211
    0.0000   30.0000  -15.000014751.5840   15.0668
    7.5000   30.0000  -15.000014052.8271   15.0747
   -7.5000   37.5000  -15.000013681.9424   15.0323
    0.0000   37.5000  -15.000014367.3320   15.0846
    7.5000   37.5000  -15.000013657.7529   15.0922
   -7.5000   45.0000  -15.000012804.4844   14.6839
    0.0000   45.0000  -15.000013451.1621   14.7331
    7.5000   45.0000  -15.000012753.5098   14.7421
   -7.5000  -45.0000   -7.5000 9658.0547   16.2152
    0.0000  -45.0000   -7.500010065.6133   16.2725
    7.5000  -45.0000   -7.5000 9660.1621   16.2883
   -7.5000  -37.5000   -7.500010441.0283   15.8630
    0.0000  -37.5000   -7.500010915.8301   15.9091
    7.5000  -37.5000   -7.500010433.8975   15.9234
   -7.5000  -30.0000   -7.500011635.0000   15.5806
    0.0000  -30.0000   -7.500012194.4141   15.6175
    7.5000  -30.0000   -7.500011628.3955   15.6270
   -7.5000  -22.5000   -7.500012880.9072   15.4513
    0.0000  -22.5000   -7.500013493.4619   15.4899
    7.5000  -22.5000   -7.500012866.0312   15.4961
   -7.5000  -15.0000   -7.500014102.5088   15.4147
    0.0000  -15.0000   -7.500014756.9609   15.4631
    7.5000  -15.0000   -7.500014101.6621   15.4691
   -7.5000   -7.5000   -7.500015338.7881   15.4127
    0.0000   -7.5000   -7.500016081.3369   15.4690
    7.5000   -7.5000   -7.500015355.5322   15.4780
   -7.5000    0.0000   -7.500016631.8242   15.4193
    0.0000    0.0000   -7.500017456.1992   15.4743
    7.5000    0.0000   -7.500016635.7520   15.4872
   -7.5000    7.5000   -7.500016658.0801   15.4125
    0.0000    7.5000   -7.500017549.5273   15.4577
    7.5000    7.5000   -7.500016633.6309   15.4708
   -7.5000   15.0000   -7.500016410.4551   15.4036
    0.0000   15.0000   -7.500017293.0117   15.4405
    7.5000   15.0000   -7.500016416.7949   15.4496
   -7.5000   22.5000   -7.500015807.2637   15.3929
    0.0000   22.5000   -7.500016624.7324   15.4317
    7.5000   22.5000   -7.500015847.4688   15.4376
   -7.5000   30.0000   -7.500014929.9512   15.2026
    0.0000   30.0000   -7.500015753.9258   15.2505
    7.5000   30.0000   -7.500014971.9736   15.2563
   -7.5000   37.5000   -7.500014540.8408   15.2129
    0.0000   37.5000   -7.500015341.0781   15.2684
    7.5000   37.5000   -7.500014467.2549   15.2773
   -7.5000   45.0000   -7.500013587.2344   14.8613
    0.0000   45.0000   -7.500014346.2822   14.9143
    7.5000   45.0000   -7.500013462.5195   14.9267
   -7.5000  -45.0000    0.0000 9980.3828   16.2511
    0.0000  -45.0000    0.000010431.0488   16.3121
    7.5000  -45.0000    0.0000 9998.2285   16.3259
   -7.5000  -37.5000    0.000010840.3115   15.8960
    0.0000  -37.5000    0.000011334.2812   15.9471
    7.5000  -37.5000    0.000010855.1406   15.9585
   -7.5000  -30.0000    0.000012095.0869   15.6117
    0.0000  -30.0000    0.000012632.2520   15.6537
    7.5000  -30.0000    0.000012127.9219   15.6587
   -7.5000  -22.5000    0.000013401.9434   15.4849
    0.0000  -22.5000    0.000013973.2422   15.5279
    7.5000  -22.5000    0.000013446.5430   15.5291
   -7.5000  -15.0000    0.000014673.7031   15.4517
    0.0000  -15.0000    0.000015295.9062   15.5031
    7.5000  -15.0000    0.000014734.3770   15.5055
   -7.5000   -7.5000    0.000015948.7275   15.4500
    0.0000   -7.5000    0.000016660.3965   15.5088
    7.5000   -7.5000    0.000016023.7285   15.5159
   -7.5000    0.0000    0.000017366.1934   15.4545
    0.0000    0.0000    0.000018280.9668   15.5128
    7.5000    0.0000    0.000017356.4004   15.5241
   -7.5000    7.5000    0.000017635.1582   15.4446
    0.0000    7.5000    0.000018866.6562   15.4945
    7.5000    7.5000    0.000017547.5840   15.5046
   -7.5000   15.0000    0.000017528.2305   15.4342
    0.0000   15.0000    0.000018777.1934   15.4762
    7.5000   15.0000    0.000017408.2441   15.4809
   -7.5000   22.5000    0.000016797.4355   15.4264
    0.0000   22.5000    0.000017887.9141   15.4695
    7.5000   22.5000    0.000016702.5312   15.4705
   -7.5000   30.0000    0.000015723.9014   15.2396
    0.0000   30.0000    0.000016718.9238   15.2903
    7.5000   30.0000    0.000015641.8906   15.2926
   -7.5000   37.5000    0.000015154.5684   15.2500
    0.0000   37.5000    0.000016089.3145   15.3081
    7.5000   37.5000    0.000015036.1045   15.3151
   -7.5000   45.0000    0.000014108.6123   14.8964
    0.0000   45.0000    0.000014952.4834   14.9526
    7.5000   45.0000    0.000013985.7041   14.9635
   -7.5000  -45.0000    7.5000 9555.4717   16.2500
    0.0000  -45.0000    7.5000 9979.6279   16.3102
    7.5000  -45.0000    7.5000 9582.1729   16.3167
   -7.5000  -37.5000    7.500010377.8320   15.8944
    0.0000  -37.5000    7.500010867.7734   15.9469
    7.5000  -37.5000    7.500010420.9541   15.9521
   -7.5000  -30.0000    7.500011595.2656   15.6074
    0.0000  -30.0000    7.500012154.2295   15.6531
    7.5000  -30.0000    7.500011659.2510   15.6542
   -7.5000  -22.5000    7.500012911.7061   15.4814
    0.0000  -22.5000    7.500013535.9062   15.5272
    7.5000  -22.5000    7.500012962.4678   15.5264
   -7.5000  -15.0000    7.500014217.7871   15.4515
    0.0000  -15.0000    7.500014916.8164   15.5032
    7.5000  -15.0000    7.500014274.1924   15.5036
   -7.5000   -7.5000    7.500015452.8115   15.4519
    0.0000   -7.5000    7.500016231.1729   15.5094
    7.5000   -7.5000    7.500015504.4824   15.5121
   -7.5000    0.0000    7.500016699.7266   15.4564
    0.0000    0.0000    7.500017691.8086   15.5136
    7.5000    0.0000    7.500016732.6113   15.5180
   -7.5000    7.5000    7.500016834.5508   15.4440
    0.0000    7.5000    7.500018127.1016   15.4950
    7.5000    7.5000    7.500016892.5801   15.4989
   -7.5000   15.0000    7.500016766.3984   15.4303
    0.0000   15.0000    7.500017994.5586   15.4758
    7.5000   15.0000    7.500016750.2578   15.4767
   -7.5000   22.5000    7.500016089.4424   15.4230
    0.0000   22.5000    7.500017194.5430   15.4688
    7.5000   22.5000    7.500016080.2744   15.4678
   -7.5000   30.0000    7.500015056.7480   15.2393
    0.0000   30.0000    7.500016062.9521   15.2905
    7.5000   30.0000    7.500015048.5771   15.2908
   -7.5000   37.5000    7.500014462.8828   15.2519
    0.0000   37.5000    7.500015413.4326   15.3087
    7.5000   37.5000    7.500014448.0137   15.3113
   -7.5000   45.0000    7.500013420.5967   14.8982
    0.0000   45.0000    7.500014272.2891   14.9533
    7.5000   45.0000    7.500013389.0332   14.9576
   -7.5000  -45.0000   15.0000 8987.2910   16.2625
    0.0000  -45.0000   15.0000 9472.0840   16.3191
    7.5000  -45.0000   15.0000 9025.7725   16.3214
   -7.5000  -37.5000   15.0000 9800.8125   15.9091
    0.0000  -37.5000   15.000010343.5879   15.9589
    7.5000  -37.5000   15.0000 9847.6641   15.9615
   -7.5000  -30.0000   15.000010983.8906   15.6208
    0.0000  -30.0000   15.000011597.2461   15.6655
    7.5000  -30.0000   15.000011051.5312   15.6674
   -7.5000  -22.5000   15.000012238.8896   15.4927
    0.0000  -22.5000   15.000012878.2002   15.5380
    7.5000  -22.5000   15.000012292.5547   15.5399
   -7.5000  -15.0000   15.000013446.7676   15.4626
    0.0000  -15.0000   15.000014102.6582   15.5130
    7.5000  -15.0000   15.000013478.7959   15.5151
   -7.5000   -7.5000   15.000014558.4277   15.4643
    0.0000   -7.5000   15.000015261.9482   15.5191
    7.5000   -7.5000   15.000014561.2832   15.5202
   -7.5000    0.0000   15.000015644.1230   15.4705
    0.0000    0.0000   15.000016547.9219   15.5238
    7.5000    0.0000   15.000015716.3545   15.5243
   -7.5000    7.5000   15.000015702.4111   15.4587
    0.0000    7.5000   15.000016679.4219   15.5070
    7.5000    7.5000   15.000015772.6064   15.5082
   -7.5000   15.0000   15.000015535.7529   15.4436
    0.0000   15.0000   15.000016385.7090   15.4883
    7.5000   15.0000   15.000015513.8506   15.4897
   -7.5000   22.5000   15.000014983.4375   15.4343
    0.0000   22.5000   15.000015788.7988   15.4797
    7.5000   22.5000   15.000014992.6543   15.4813
   -7.5000   30.0000   15.000014121.5527   15.2503
    0.0000   30.0000   15.000014937.0225   15.3002
    7.5000   30.0000   15.000014183.2988   15.3022
   -7.5000   37.5000   15.000013606.8418   15.2642
    0.0000   37.5000   15.000014398.0059   15.3182
    7.5000   37.5000   15.000013664.7598   15.3193
   -7.5000   45.0000   15.000012625.5801   14.9117
    0.0000   45.0000   15.000013332.1260   14.9632
    7.5000   45.0000   15.000012637.7969   14.9636
   -7.5000  -45.0000   22.5000 8349.6562   16.4244
    0.0000  -45.0000   22.5000 8793.8193   16.4795
    7.5000  -45.0000   22.5000 8368.4160   16.4857
   -7.5000  -37.5000   22.5000 9119.0352   16.0695
    0.0000  -37.5000   22.5000 9641.6582   16.1163
    7.5000  -37.5000   22.5000 9163.7607   16.1235
   -7.5000  -30.0000   22.500010232.5908   15.7775
    0.0000  -30.0000   22.500010798.2490   15.8184
    7.5000  -30.0000   22.500010261.3525   15.8261
   -7.5000  -22.5000   22.500011348.4121   15.6438
    0.0000  -22.5000   22.500011936.1650   15.6858
    7.5000  -22.5000   22.500011353.8340   15.6936
   -7.5000  -15.0000   22.500012426.4238   15.6088
    0.0000  -15.0000   22.500013026.5303   15.6576
    7.5000  -15.0000   22.500012403.6641   15.6642
   -7.5000   -7.5000   22.500013457.0293   15.6098
    0.0000   -7.5000   22.500014124.8047   15.6638
    7.5000   -7.5000   22.500013452.9180   15.6682
   -7.5000    0.0000   22.500014521.9521   15.6183
    0.0000    0.0000   22.500015316.1543   15.6702
    7.5000    0.0000   22.500014578.8643   15.6742
   -7.5000    7.5000   22.500014544.9727   15.6101
    0.0000    7.5000   22.500015257.2471   15.6556
    7.5000    7.5000   22.500014527.3828   15.6614
   -7.5000   15.0000   22.500014320.7158   15.5969
    0.0000   15.0000   22.500014896.4717   15.6377
    7.5000   15.0000   22.500014218.2363   15.6449
   -7.5000   22.5000   22.500013872.0293   15.5843
    0.0000   22.5000   22.500014491.3506   15.6265
    7.5000   22.5000   22.500013829.4395   15.6340
   -7.5000   30.0000   22.500013168.5742   15.3944
    0.0000   30.0000   22.500013822.9902   15.4426
    7.5000   30.0000   22.500013179.6826   15.4491
   -7.5000   37.5000   22.500012759.3555   15.4078
    0.0000   37.5000   22.500013390.9570   15.4611
    7.5000   37.5000   22.500012770.0117   15.4654
   -7.5000   45.0000   22.500011820.8838   15.0542
    0.0000   45.0000   22.500012412.0479   15.1043
    7.5000   45.0000   22.500011807.8809   15.1081
   -7.5000  -45.0000   30.0000 7633.1182   16.7062
    0.0000  -45.0000   30.0000 8000.7524   16.7619
    7.5000  -45.0000   30.0000 7635.7217   16.7749
   -7.5000  -37.5000   30.0000 8363.5166   16.3432
    0.0000  -37.5000   30.0000 8800.1348   16.3879
    7.5000  -37.5000   30.0000 8362.3975   16.4013
   -7.5000  -30.0000   30.0000 9377.6221   16.0437
    0.0000  -30.0000   30.0000 9844.3467   16.0800
    7.5000  -30.0000   30.0000 9350.8535   16.0920
   -7.5000  -22.5000   30.000010390.2646   15.9042
    0.0000  -22.5000   30.000010893.2871   15.9423
    7.5000  -22.5000   30.000010352.1875   15.9523
   -7.5000  -15.0000   30.000011383.5869   15.8649
    0.0000  -15.0000   30.000011923.8584   15.9124
    7.5000  -15.0000   30.000011337.3848   15.9207
   -7.5000   -7.5000   30.000012390.4834   15.8646
    0.0000   -7.5000   30.000013006.2637   15.9194
    7.5000   -7.5000   30.000012397.6445   15.9275
   -7.5000    0.0000   30.000013401.8408   15.8739
    0.0000    0.0000   30.000014071.4629   15.9269
    7.5000    0.0000   30.000013432.9014   15.9369
   -7.5000    7.5000   30.000013356.2979   15.8678
    0.0000    7.5000   30.000013905.1846   15.9115
    7.5000    7.5000   30.000013291.2412   15.9235
   -7.5000   15.0000   30.000013084.3018   15.8568
    0.0000   15.0000   30.000013569.7832   15.8931
    7.5000   15.0000   30.000012985.6201   15.9045
   -7.5000   22.5000   30.000012745.9785   15.8428
    0.0000   22.5000   30.000013256.8760   15.8811
    7.5000   22.5000   30.000012677.8027   15.8908
   -7.5000   30.0000   30.000012156.4443   15.6467
    0.0000   30.0000   30.000012702.3135   15.6936
    7.5000   30.0000   30.000012147.4482   15.7018
   -7.5000   37.5000   30.000011840.1807   15.6593
    0.0000   37.5000   30.000012386.6045   15.7134
    7.5000   37.5000   30.000011827.7559   15.7214
   -7.5000   45.0000   30.000010964.7568   15.3007
    0.0000   45.0000   30.000011475.7480   15.3517
    7.5000   45.0000   30.000010936.4482   15.3613
   -7.5000  -45.0000   37.5000 7318.9907   17.2652
    0.0000  -45.0000   37.5000 7636.2832   17.3289
    7.5000  -45.0000   37.5000 7346.9570   17.3485
   -7.5000  -37.5000   37.5000 8029.6743   16.8786
    0.0000  -37.5000   37.5000 8384.5732   16.9292
    7.5000  -37.5000   37.5000 8028.8452   16.9469
   -7.5000  -30.0000   37.5000 9013.1670   16.5612
    0.0000  -30.0000   37.5000 9410.8477   16.6010
    7.5000  -30.0000   37.5000 8978.2783   16.6131
   -7.5000  -22.5000   37.5000 9991.5557   16.4163
    0.0000  -22.5000   37.500010437.2500   16.4579
    7.5000  -22.5000   37.5000 9963.1992   16.4661
   -7.5000  -15.0000   37.500010964.8379   16.3765
    0.0000  -15.0000   37.500011462.6445   16.4292
    7.5000  -15.0000   37.500010948.5762   16.4373
   -7.5000   -7.5000   37.500011953.5781   16.3749
    0.0000   -7.5000   37.500012526.6143   16.4368
    7.5000   -7.5000   37.500011986.6104   16.4484
   -7.5000    0.0000   37.500012918.4570   16.3815
    0.0000    0.0000   37.500013527.3672   16.4420
    7.5000    0.0000   37.500012935.3535   16.4582
   -7.5000    7.5000   37.500012820.0400   16.3722
    0.0000    7.5000   37.500013337.8975   16.4217
    7.5000    7.5000   37.500012762.8916   16.4379
   -7.5000   15.0000   37.500012531.2031   16.3618
    0.0000   15.0000   37.500013019.9648   16.4015
    7.5000   15.0000   37.500012458.5322   16.4132
   -7.5000   22.5000   37.500012234.7959   16.3511
    0.0000   22.5000   37.500012725.5098   16.3928
    7.5000   22.5000   37.500012152.1533   16.4007
   -7.5000   30.0000   37.500011717.2510   16.1508
    0.0000   30.0000   37.500012232.0312   16.2029
    7.5000   30.0000   37.500011698.3145   16.2108
   -7.5000   37.5000   37.500011470.6133   16.1630
    0.0000   37.5000   37.500011981.1914   16.2241
    7.5000   37.5000   37.500011443.0078   16.2356
   -7.5000   45.0000   37.500010625.9932   15.7898
    0.0000   45.0000   37.500011122.6455   15.8482
    7.5000   45.0000   37.500010587.4443   15.8638
   -7.5000  -45.0000   45.0000 6732.7812   17.8815
    0.0000  -45.0000   45.0000 7034.0776   17.9543
    7.5000  -45.0000   45.0000 6766.2881   17.9717
   -7.5000  -37.5000   45.0000 7388.0747   17.4664
    0.0000  -37.5000   45.0000 7715.2178   17.5274
    7.5000  -37.5000   45.0000 7392.5918   17.5425
   -7.5000  -30.0000   45.0000 8303.3848   17.1292
    0.0000  -30.0000   45.0000 8665.5156   17.1796
    7.5000  -30.0000   45.0000 8273.6133   17.1878
   -7.5000  -22.5000   45.0000 9221.1045   16.9810
    0.0000  -22.5000   45.0000 9630.6572   17.0319
    7.5000  -22.5000   45.0000 9214.4443   17.0358
   -7.5000  -15.0000   45.000010125.1875   16.9435
    0.0000  -15.0000   45.000010602.8643   17.0039
    7.5000  -15.0000   45.000010145.3262   17.0083
   -7.5000   -7.5000   45.000011029.1729   16.9378
    0.0000   -7.5000   45.000011561.3809   17.0072
    7.5000   -7.5000   45.000011062.0898   17.0163
   -7.5000    0.0000   45.000011888.1250   16.9371
    0.0000    0.0000   45.000012434.2080   17.0060
    7.5000    0.0000   45.000011890.6025   17.0202
   -7.5000    7.5000   45.000011777.0576   16.9234
    0.0000    7.5000   45.000012279.1523   16.9827
    7.5000    7.5000   45.000011740.0986   16.9961
   -7.5000   15.0000   45.000011531.0869   16.9144
    0.0000   15.0000   45.000012005.9287   16.9646
    7.5000   15.0000   45.000011479.8447   16.9724
   -7.5000   22.5000   45.000011261.2129   16.9110
    0.0000   22.5000   45.000011732.1201   16.9620
    7.5000   22.5000   45.000011206.8340   16.9656
   -7.5000   30.0000   45.000010808.4473   16.7080
    0.0000   30.0000   45.000011287.9629   16.7677
    7.5000   30.0000   45.000010805.2236   16.7720
   -7.5000   37.5000   45.000010605.8730   16.7171
    0.0000   37.5000   45.000011094.4053   16.7856
    7.5000   37.5000   45.000010607.6191   16.7946
   -7.5000   45.0000   45.0000 9824.1660   16.3328
    0.0000   45.0000   45.000010297.3281   16.3993
    7.5000   45.0000   45.0000 9819.1709   16.4129

---------------------------------------------------------------------
imgreg_4dfp /opt/freesurfer/average/711-2C_as_mni_average_305 /opt/freesurfer/average/711-2B_as_mni_average_305_mask talsrcimg_g11 none talsrcimg_to_711-2C_as_mni_average_305_t4 4355
---------------------------------------------------------------------

freesurfer imgreg_4dfp.c
/opt/freesurfer/average/711-2C_as_mni_average_305.4dfp.img
       256       256       256         1
  1.000000  1.000000  1.000000
orientation T byte_order littleendian
Reading image: /opt/freesurfer/average/711-2C_as_mni_average_305.4dfp.img
dimensions:      256       256       256
mmppix:       1.0000   -1.0000   -1.0000
center:     128.0000 -129.0000 -129.0000
/opt/freesurfer/average/711-2B_as_mni_average_305_mask.4dfp.img
       256       256       256         1
  1.000000  1.000000  1.000000
orientation T byte_order littleendian
Reading mask: /opt/freesurfer/average/711-2B_as_mni_average_305_mask.4dfp.img (2306576 pixels)
talsrcimg_g11.4dfp.img
       256       256       256         1
  1.000000  1.000000  1.000000
orientation T byte_order littleendian
Reading image: talsrcimg_g11.4dfp.img
dimensions:      256       256       256
mmppix:       1.0000   -1.0000   -1.0000
center:     128.0000 -129.0000 -129.0000
rotation matrix determinant  1.000000
image alignment mode   4355 decimal     1103 hex
   -7.5000  -37.5000  -45.0000 2158.3420   17.6393
    0.0000  -37.5000  -45.0000 2169.3164   17.6670
    7.5000  -37.5000  -45.0000 2154.7725   17.7582
   -7.5000  -30.0000  -45.0000 2265.6360   15.9958
    0.0000  -30.0000  -45.0000 2279.3428   16.0694
    7.5000  -30.0000  -45.0000 2262.6912   16.1075
   -7.5000  -22.5000  -45.0000 2364.6509   14.7002
    0.0000  -22.5000  -45.0000 2379.1951   14.8058
    7.5000  -22.5000  -45.0000 2356.4631   14.7971
   -7.5000  -15.0000  -45.0000 2438.8347   13.7472
    0.0000  -15.0000  -45.0000 2454.6360   13.8639
    7.5000  -15.0000  -45.0000 2428.7827   13.8771
   -7.5000   -7.5000  -45.0000 2480.7925   13.1824
    0.0000   -7.5000  -45.0000 2492.6589   13.2427
    7.5000   -7.5000  -45.0000 2471.7639   13.2875
   -7.5000    0.0000  -45.0000 2500.1138   12.8927
    0.0000    0.0000  -45.0000 2517.7803   12.9328
    7.5000    0.0000  -45.0000 2491.0586   13.0092
   -7.5000    7.5000  -45.0000 2507.1633   12.8144
    0.0000    7.5000  -45.0000 2523.2952   12.8293
    7.5000    7.5000  -45.0000 2498.1594   12.9113
   -7.5000   15.0000  -45.0000 2509.2871   12.9843
    0.0000   15.0000  -45.0000 2521.1316   12.9705
    7.5000   15.0000  -45.0000 2497.5837   13.0798
   -7.5000   22.5000  -45.0000 2498.2668   13.3711
    0.0000   22.5000  -45.0000 2509.9087   13.3545
    7.5000   22.5000  -45.0000 2484.7935   13.4791
   -7.5000   30.0000  -45.0000 2464.0217   13.9323
    0.0000   30.0000  -45.0000 2482.9932   13.9218
    7.5000   30.0000  -45.0000 2453.7583   14.0423
   -7.5000   37.5000  -45.0000 2421.9038   14.7165
    0.0000   37.5000  -45.0000 2443.2915   14.7329
    7.5000   37.5000  -45.0000 2411.9031   14.8278
   -7.5000   45.0000  -45.0000 2353.5266   15.6920
    0.0000   45.0000  -45.0000 2375.3843   15.7376
    7.5000   45.0000  -45.0000 2347.3787   15.8015
   -7.5000   52.5000  -45.0000 2247.5781   16.8341
    0.0000   52.5000  -45.0000 2267.5710   16.8764
    7.5000   52.5000  -45.0000 2245.6392   16.9539
   -7.5000  -37.5000  -37.5000 2214.6562   16.7387
    0.0000  -37.5000  -37.5000 2228.7844   16.8052
    7.5000  -37.5000  -37.5000 2209.9619   16.8779
   -7.5000  -30.0000  -37.5000 2331.1116   15.1726
    0.0000  -30.0000  -37.5000 2351.3477   15.2400
    7.5000  -30.0000  -37.5000 2325.1414   15.2808
   -7.5000  -22.5000  -37.5000 2436.7329   13.9179
    0.0000  -22.5000  -37.5000 2454.7866   13.9857
    7.5000  -22.5000  -37.5000 2427.6387   14.0359
   -7.5000  -15.0000  -37.5000 2516.8110   12.9923
    0.0000  -15.0000  -37.5000 2534.8618   13.0478
    7.5000  -15.0000  -37.5000 2508.0649   13.1092
   -7.5000   -7.5000  -37.5000 2564.9475   12.3807
    0.0000   -7.5000  -37.5000 2585.5144   12.4374
    7.5000   -7.5000  -37.5000 2557.4307   12.4753
   -7.5000    0.0000  -37.5000 2586.7312   12.0338
    0.0000    0.0000  -37.5000 2606.1672   12.0783
    7.5000    0.0000  -37.5000 2583.1348   12.1182
   -7.5000    7.5000  -37.5000 2600.5933   11.9186
    0.0000    7.5000  -37.5000 2620.5083   11.9254
    7.5000    7.5000  -37.5000 2596.3115   12.0056
   -7.5000   15.0000  -37.5000 2600.8076   12.0735
    0.0000   15.0000  -37.5000 2613.7498   12.0681
    7.5000   15.0000  -37.5000 2594.2271   12.1567
   -7.5000   22.5000  -37.5000 2587.7957   12.4143
    0.0000   22.5000  -37.5000 2602.8289   12.3925
    7.5000   22.5000  -37.5000 2581.0752   12.5148
   -7.5000   30.0000  -37.5000 2558.7178   12.9177
    0.0000   30.0000  -37.5000 2575.2385   12.8966
    7.5000   30.0000  -37.5000 2548.8306   13.0206
   -7.5000   37.5000  -37.5000 2513.2805   13.6507
    0.0000   37.5000  -37.5000 2532.4922   13.6455
    7.5000   37.5000  -37.5000 2506.8057   13.7559
   -7.5000   45.0000  -37.5000 2445.0129   14.5748
    0.0000   45.0000  -37.5000 2465.5488   14.5685
    7.5000   45.0000  -37.5000 2441.2510   14.6768
   -7.5000   52.5000  -37.5000 2332.8508   15.6520
    0.0000   52.5000  -37.5000 2356.1472   15.6405
    7.5000   52.5000  -37.5000 2332.7925   15.7665
   -7.5000  -37.5000  -30.0000 2301.0752   16.5261
    0.0000  -37.5000  -30.0000 2314.0273   16.5916
    7.5000  -37.5000  -30.0000 2296.0605   16.6640
   -7.5000  -30.0000  -30.0000 2425.7493   14.9629
    0.0000  -30.0000  -30.0000 2444.0112   15.0069
    7.5000  -30.0000  -30.0000 2420.0857   15.0923
   -7.5000  -22.5000  -30.0000 2539.9148   13.6833
    0.0000  -22.5000  -30.0000 2558.7014   13.7328
    7.5000  -22.5000  -30.0000 2530.7048   13.8349
   -7.5000  -15.0000  -30.0000 2621.2297   12.7129
    0.0000  -15.0000  -30.0000 2638.9685   12.7300
    7.5000  -15.0000  -30.0000 2614.3149   12.8386
   -7.5000   -7.5000  -30.0000 2680.8352   12.0612
    0.0000   -7.5000  -30.0000 2699.2107   12.0743
    7.5000   -7.5000  -30.0000 2675.2966   12.1550
   -7.5000    0.0000  -30.0000 2708.2031   11.6537
    0.0000    0.0000  -30.0000 2729.9402   11.6827
    7.5000    0.0000  -30.0000 2708.4875   11.7434
   -7.5000    7.5000  -30.0000 2732.0430   11.4838
    0.0000    7.5000  -30.0000 2753.4192   11.4844
    7.5000    7.5000  -30.0000 2728.5049   11.5723
   -7.5000   15.0000  -30.0000 2735.8486   11.6322
    0.0000   15.0000  -30.0000 2754.4072   11.6398
    7.5000   15.0000  -30.0000 2731.8025   11.7362
   -7.5000   22.5000  -30.0000 2726.9106   11.9594
    0.0000   22.5000  -30.0000 2744.8115   11.9355
    7.5000   22.5000  -30.0000 2722.9314   12.0586
   -7.5000   30.0000  -30.0000 2697.4011   12.4707
    0.0000   30.0000  -30.0000 2715.6638   12.4344
    7.5000   30.0000  -30.0000 2692.7322   12.5643
   -7.5000   37.5000  -30.0000 2651.2617   13.1730
    0.0000   37.5000  -30.0000 2667.4490   13.1283
    7.5000   37.5000  -30.0000 2644.3923   13.2787
   -7.5000   45.0000  -30.0000 2573.9260   14.0671
    0.0000   45.0000  -30.0000 2588.0857   14.0224
    7.5000   45.0000  -30.0000 2569.0544   14.1544
   -7.5000   52.5000  -30.0000 2454.1499   15.1417
    0.0000   52.5000  -30.0000 2473.3394   15.0665
    7.5000   52.5000  -30.0000 2452.4231   15.2078
   -7.5000  -37.5000  -22.5000 2351.6423   16.2775
    0.0000  -37.5000  -22.5000 2362.3704   16.3006
    7.5000  -37.5000  -22.5000 2348.8123   16.4383
   -7.5000  -30.0000  -22.5000 2479.4741   14.6661
    0.0000  -30.0000  -22.5000 2498.1895   14.7182
    7.5000  -30.0000  -22.5000 2473.3254   14.8315
   -7.5000  -22.5000  -22.5000 2592.8452   13.3743
    0.0000  -22.5000  -22.5000 2613.1169   13.4151
    7.5000  -22.5000  -22.5000 2586.7771   13.5152
   -7.5000  -15.0000  -22.5000 2681.2822   12.3789
    0.0000  -15.0000  -22.5000 2701.6694   12.3867
    7.5000  -15.0000  -22.5000 2678.1509   12.5040
   -7.5000   -7.5000  -22.5000 2749.3330   11.6891
    0.0000   -7.5000  -22.5000 2772.7954   11.6705
    7.5000   -7.5000  -22.5000 2748.8391   11.7958
   -7.5000    0.0000  -22.5000 2793.0984   11.2526
    0.0000    0.0000  -22.5000 2811.3916   11.2209
    7.5000    0.0000  -22.5000 2791.6831   11.3414
   -7.5000    7.5000  -22.5000 2828.7957   11.0314
    0.0000    7.5000  -22.5000 2851.4507   10.9881
    7.5000    7.5000  -22.5000 2822.2920   11.1203
   -7.5000   15.0000  -22.5000 2841.0813   11.1600
    0.0000   15.0000  -22.5000 2862.9705   11.1332
    7.5000   15.0000  -22.5000 2834.8970   11.2558
   -7.5000   22.5000  -22.5000 2834.2615   11.4743
    0.0000   22.5000  -22.5000 2854.0269   11.4382
    7.5000   22.5000  -22.5000 2832.5452   11.5734
   -7.5000   30.0000  -22.5000 2802.6738   11.9919
    0.0000   30.0000  -22.5000 2826.3909   11.9233
    7.5000   30.0000  -22.5000 2804.8555   12.0756
   -7.5000   37.5000  -22.5000 2753.3779   12.6769
    0.0000   37.5000  -22.5000 2771.1714   12.5950
    7.5000   37.5000  -22.5000 2751.5312   12.7520
   -7.5000   45.0000  -22.5000 2670.6440   13.5470
    0.0000   45.0000  -22.5000 2685.3772   13.4708
    7.5000   45.0000  -22.5000 2668.7427   13.6321
   -7.5000   52.5000  -22.5000 2545.3040   14.6040
    0.0000   52.5000  -22.5000 2561.2361   14.5154
    7.5000   52.5000  -22.5000 2543.7659   14.6520
   -7.5000  -37.5000  -15.0000 2359.9773   16.0673
    0.0000  -37.5000  -15.0000 2382.8274   16.0572
    7.5000  -37.5000  -15.0000 2361.3452   16.2399
   -7.5000  -30.0000  -15.0000 2487.6970   14.4487
    0.0000  -30.0000  -15.0000 2514.1633   14.4371
    7.5000  -30.0000  -15.0000 2486.7356   14.5911
   -7.5000  -22.5000  -15.0000 2604.8840   13.1206
    0.0000  -22.5000  -15.0000 2626.1284   13.0903
    7.5000  -22.5000  -15.0000 2599.9622   13.2456
   -7.5000  -15.0000  -15.0000 2699.6494   12.1095
    0.0000  -15.0000  -15.0000 2720.5466   12.0676
    7.5000  -15.0000  -15.0000 2697.4866   12.2183
   -7.5000   -7.5000  -15.0000 2782.0471   11.3795
    0.0000   -7.5000  -15.0000 2800.0469   11.3213
    7.5000   -7.5000  -15.0000 2779.5366   11.4874
   -7.5000    0.0000  -15.0000 2833.3887   10.9354
    0.0000    0.0000  -15.0000 2853.3779   10.8614
    7.5000    0.0000  -15.0000 2836.8315   11.0258
   -7.5000    7.5000  -15.0000 2875.5625   10.7204
    0.0000    7.5000  -15.0000 2903.4019   10.6369
    7.5000    7.5000  -15.0000 2876.8181   10.8256
   -7.5000   15.0000  -15.0000 2899.7141   10.7799
    0.0000   15.0000  -15.0000 2927.1660   10.6978
    7.5000   15.0000  -15.0000 2897.5007   10.8900
   -7.5000   22.5000  -15.0000 2900.5908   11.0882
    0.0000   22.5000  -15.0000 2923.9155   10.9923
    7.5000   22.5000  -15.0000 2901.4614   11.2107
   -7.5000   30.0000  -15.0000 2868.4272   11.6039
    0.0000   30.0000  -15.0000 2890.8289   11.4899
    7.5000   30.0000  -15.0000 2875.8748   11.6958
   -7.5000   37.5000  -15.0000 2816.0972   12.2624
    0.0000   37.5000  -15.0000 2834.8679   12.1539
    7.5000   37.5000  -15.0000 2823.6189   12.3596
   -7.5000   45.0000  -15.0000 2731.8137   13.1294
    0.0000   45.0000  -15.0000 2748.5713   13.0294
    7.5000   45.0000  -15.0000 2735.2195   13.2254
   -7.5000   52.5000  -15.0000 2604.7390   14.1406
    0.0000   52.5000  -15.0000 2623.6992   14.0595
    7.5000   52.5000  -15.0000 2607.8787   14.2348
   -7.5000  -37.5000   -7.5000 2354.9719   15.9641
    0.0000  -37.5000   -7.5000 2370.0627   15.8327
    7.5000  -37.5000   -7.5000 2357.2542   16.0868
   -7.5000  -30.0000   -7.5000 2473.3323   14.2799
    0.0000  -30.0000   -7.5000 2493.6162   14.1752
    7.5000  -30.0000   -7.5000 2476.9832   14.4003
   -7.5000  -22.5000   -7.5000 2588.2778   12.9616
    0.0000  -22.5000   -7.5000 2605.0190   12.8595
    7.5000  -22.5000   -7.5000 2588.5623   13.0540
   -7.5000  -15.0000   -7.5000 2693.7642   11.9411
    0.0000  -15.0000   -7.5000 2706.5322   11.8392
    7.5000  -15.0000   -7.5000 2693.0181   12.0235
   -7.5000   -7.5000   -7.5000 2782.3010   11.2160
    0.0000   -7.5000   -7.5000 2798.3970   11.1072
    7.5000   -7.5000   -7.5000 2785.6936   11.2980
   -7.5000    0.0000   -7.5000 2851.1514   10.7946
    0.0000    0.0000   -7.5000 2870.3430   10.6897
    7.5000    0.0000   -7.5000 2861.5647   10.8582
   -7.5000    7.5000   -7.5000 2914.1667   10.6263
    0.0000    7.5000   -7.5000 2934.8052   10.5445
    7.5000    7.5000   -7.5000 2922.6213   10.7012
   -7.5000   15.0000   -7.5000 2941.5195   10.6192
    0.0000   15.0000   -7.5000 2972.2478   10.5172
    7.5000   15.0000   -7.5000 2949.7612   10.7123
   -7.5000   22.5000   -7.5000 2946.9297   10.8501
    0.0000   22.5000   -7.5000 2970.0945   10.7284
    7.5000   22.5000   -7.5000 2951.0581   10.9729
   -7.5000   30.0000   -7.5000 2910.4231   11.3096
    0.0000   30.0000   -7.5000 2928.9453   11.2182
    7.5000   30.0000   -7.5000 2916.1731   11.3999
   -7.5000   37.5000   -7.5000 2854.4897   11.9429
    0.0000   37.5000   -7.5000 2876.8254   11.8583
    7.5000   37.5000   -7.5000 2861.4148   11.9921
   -7.5000   45.0000   -7.5000 2767.9119   12.7755
    0.0000   45.0000   -7.5000 2788.7402   12.7113
    7.5000   45.0000   -7.5000 2775.1064   12.8130
   -7.5000   52.5000   -7.5000 2636.6401   13.7985
    0.0000   52.5000   -7.5000 2654.3972   13.7190
    7.5000   52.5000   -7.5000 2640.9138   13.8120
   -7.5000  -37.5000    0.0000 2333.9094   16.1488
    0.0000  -37.5000    0.0000 2344.1667   15.9369
    7.5000  -37.5000    0.0000 2333.5122   16.2219
   -7.5000  -30.0000    0.0000 2449.1753   14.3931
    0.0000  -30.0000    0.0000 2456.3989   14.1922
    7.5000  -30.0000    0.0000 2448.3796   14.4943
   -7.5000  -22.5000    0.0000 2565.2092   13.0428
    0.0000  -22.5000    0.0000 2565.9084   12.8556
    7.5000  -22.5000    0.0000 2565.2156   13.1350
   -7.5000  -15.0000    0.0000 2673.3999   12.0180
    0.0000  -15.0000    0.0000 2669.8706   11.8424
    7.5000  -15.0000    0.0000 2674.1060   12.1024
   -7.5000   -7.5000    0.0000 2771.9241   11.3123
    0.0000   -7.5000    0.0000 2775.0417   11.1595
    7.5000   -7.5000    0.0000 2780.7559   11.3688
   -7.5000    0.0000    0.0000 2857.5667   10.8666
    0.0000    0.0000    0.0000 2876.0940   10.7666
    7.5000    0.0000    0.0000 2874.2412   10.9104
   -7.5000    7.5000    0.0000 2935.6792   10.7316
    0.0000    7.5000    0.0000 2963.9097   10.6947
    7.5000    7.5000    0.0000 2950.4436   10.7230
   -7.5000   15.0000    0.0000 2974.5635   10.7402
    0.0000   15.0000    0.0000 3027.0408   10.7468
    7.5000   15.0000    0.0000 2986.5300   10.7212
   -7.5000   22.5000    0.0000 2972.5540   10.8397
    0.0000   22.5000    0.0000 3014.2361   10.8072
    7.5000   22.5000    0.0000 2981.4128   10.8897
   -7.5000   30.0000    0.0000 2928.4326   11.1577
    0.0000   30.0000    0.0000 2956.9331   11.1175
    7.5000   30.0000    0.0000 2935.3237   11.2147
   -7.5000   37.5000    0.0000 2870.3184   11.7131
    0.0000   37.5000    0.0000 2896.0830   11.6468
    7.5000   37.5000    0.0000 2879.9680   11.7356
   -7.5000   45.0000    0.0000 2782.5518   12.5446
    0.0000   45.0000    0.0000 2805.7188   12.4637
    7.5000   45.0000    0.0000 2795.8530   12.5657
   -7.5000   52.5000    0.0000 2648.2966   13.5856
    0.0000   52.5000    0.0000 2666.7100   13.5010
    7.5000   52.5000    0.0000 2655.7363   13.6047
   -7.5000  -37.5000    7.5000 2307.3596   16.5098
    0.0000  -37.5000    7.5000 2309.5220   16.2637
    7.5000  -37.5000    7.5000 2308.7683   16.6068
   -7.5000  -30.0000    7.5000 2418.2991   14.7511
    0.0000  -30.0000    7.5000 2419.8132   14.5370
    7.5000  -30.0000    7.5000 2419.6707   14.8406
   -7.5000  -22.5000    7.5000 2536.1318   13.4294
    0.0000  -22.5000    7.5000 2536.9182   13.2409
    7.5000  -22.5000    7.5000 2536.7761   13.5125
   -7.5000  -15.0000    7.5000 2652.3059   12.4219
    0.0000  -15.0000    7.5000 2654.2253   12.2847
    7.5000  -15.0000    7.5000 2651.7605   12.4857
   -7.5000   -7.5000    7.5000 2756.3218   11.6544
    0.0000   -7.5000    7.5000 2766.9548   11.5439
    7.5000   -7.5000    7.5000 2762.7078   11.7022
   -7.5000    0.0000    7.5000 2854.3416   11.1163
    0.0000    0.0000    7.5000 2877.1560   11.0439
    7.5000    0.0000    7.5000 2862.6375   11.1747
   -7.5000    7.5000    7.5000 2938.4858   10.8735
    0.0000    7.5000    7.5000 2972.5378   10.8735
    7.5000    7.5000    7.5000 2946.9333   10.8812
   -7.5000   15.0000    7.5000 2989.9648   10.8372
    0.0000   15.0000    7.5000 3043.2354   10.8499
    7.5000   15.0000    7.5000 2999.2097   10.8302
   -7.5000   22.5000    7.5000 2978.3438   10.9651
    0.0000   22.5000    7.5000 3032.9739   10.9178
    7.5000   22.5000    7.5000 2994.8518   10.9727
   -7.5000   30.0000    7.5000 2927.8438   11.2463
    0.0000   30.0000    7.5000 2966.9121   11.1798
    7.5000   30.0000    7.5000 2938.1040   11.2711
   -7.5000   37.5000    7.5000 2867.3835   11.7675
    0.0000   37.5000    7.5000 2895.2598   11.6953
    7.5000   37.5000    7.5000 2872.6125   11.7900
   -7.5000   45.0000    7.5000 2778.7437   12.5643
    0.0000   45.0000    7.5000 2799.3921   12.4911
    7.5000   45.0000    7.5000 2786.6294   12.5770
   -7.5000   52.5000    7.5000 2649.6143   13.5597
    0.0000   52.5000    7.5000 2666.7849   13.4923
    7.5000   52.5000    7.5000 2653.1807   13.5828
   -7.5000  -37.5000   15.0000 2273.7512   17.2217
    0.0000  -37.5000   15.0000 2282.5059   17.0547
    7.5000  -37.5000   15.0000 2274.5947   17.3404
   -7.5000  -30.0000   15.0000 2386.8394   15.4032
    0.0000  -30.0000   15.0000 2397.5750   15.2323
    7.5000  -30.0000   15.0000 2391.0918   15.5152
   -7.5000  -22.5000   15.0000 2507.0125   14.0021
    0.0000  -22.5000   15.0000 2513.8999   13.8407
    7.5000  -22.5000   15.0000 2506.8987   14.0963
   -7.5000  -15.0000   15.0000 2624.0981   12.9238
    0.0000  -15.0000   15.0000 2631.6426   12.7752
    7.5000  -15.0000   15.0000 2623.7937   12.9723
   -7.5000   -7.5000   15.0000 2729.5112   12.0579
    0.0000   -7.5000   15.0000 2743.3118   11.9201
    7.5000   -7.5000   15.0000 2733.5833   12.0658
   -7.5000    0.0000   15.0000 2826.7524   11.4547
    0.0000    0.0000   15.0000 2848.2158   11.3457
    7.5000    0.0000   15.0000 2832.0696   11.4410
   -7.5000    7.5000   15.0000 2913.0183   11.1258
    0.0000    7.5000   15.0000 2946.0745   11.0690
    7.5000    7.5000   15.0000 2921.5317   11.1174
   -7.5000   15.0000   15.0000 2972.0515   10.9970
    0.0000   15.0000   15.0000 3019.7827   10.8993
    7.5000   15.0000   15.0000 2981.2371   10.9930
   -7.5000   22.5000   15.0000 2960.1931   11.1199
    0.0000   22.5000   15.0000 3009.2532   10.9428
    7.5000   22.5000   15.0000 2978.8562   11.0694
   -7.5000   30.0000   15.0000 2909.2979   11.4689
    0.0000   30.0000   15.0000 2954.0999   11.2997
    7.5000   30.0000   15.0000 2929.8618   11.4383
   -7.5000   37.5000   15.0000 2842.1482   12.0281
    0.0000   37.5000   15.0000 2869.8145   11.9451
    7.5000   37.5000   15.0000 2851.8118   12.0338
   -7.5000   45.0000   15.0000 2754.2856   12.8297
    0.0000   45.0000   15.0000 2772.4246   12.7555
    7.5000   45.0000   15.0000 2762.1023   12.8338
   -7.5000   52.5000   15.0000 2628.5916   13.7834
    0.0000   52.5000   15.0000 2642.2419   13.7217
    7.5000   52.5000   15.0000 2632.4973   13.8029
   -7.5000  -37.5000   22.5000 2238.0396   18.1463
    0.0000  -37.5000   22.5000 2252.8921   17.9970
    7.5000  -37.5000   22.5000 2241.7493   18.2450
   -7.5000  -30.0000   22.5000 2356.5767   16.1763
    0.0000  -30.0000   22.5000 2366.8518   16.0173
    7.5000  -30.0000   22.5000 2355.7510   16.2380
   -7.5000  -22.5000   22.5000 2469.9285   14.6233
    0.0000  -22.5000   22.5000 2481.7114   14.4497
    7.5000  -22.5000   22.5000 2467.4663   14.6576
   -7.5000  -15.0000   22.5000 2578.8965   13.4458
    0.0000  -15.0000   22.5000 2594.5029   13.2562
    7.5000  -15.0000   22.5000 2580.3464   13.4213
   -7.5000   -7.5000   22.5000 2687.2903   12.5372
    0.0000   -7.5000   22.5000 2702.8025   12.3442
    7.5000   -7.5000   22.5000 2692.8586   12.4973
   -7.5000    0.0000   22.5000 2787.0596   11.9004
    0.0000    0.0000   22.5000 2803.3303   11.7552
    7.5000    0.0000   22.5000 2793.4807   11.8886
   -7.5000    7.5000   22.5000 2868.2874   11.5265
    0.0000    7.5000   22.5000 2894.5691   11.4035
    7.5000    7.5000   22.5000 2875.8508   11.5310
   -7.5000   15.0000   22.5000 2919.8408   11.3476
    0.0000   15.0000   22.5000 2943.1653   11.1490
    7.5000   15.0000   22.5000 2920.6235   11.3000
   -7.5000   22.5000   22.5000 2912.0725   11.4631
    0.0000   22.5000   22.5000 2943.3352   11.2534
    7.5000   22.5000   22.5000 2923.1667   11.3887
   -7.5000   30.0000   22.5000 2868.7488   11.8289
    0.0000   30.0000   22.5000 2908.1680   11.6629
    7.5000   30.0000   22.5000 2887.2202   11.7938
   -7.5000   37.5000   22.5000 2801.3499   12.4136
    0.0000   37.5000   22.5000 2828.9680   12.3027
    7.5000   37.5000   22.5000 2813.1084   12.4049
   -7.5000   45.0000   22.5000 2715.9370   13.2254
    0.0000   45.0000   22.5000 2736.5857   13.1393
    7.5000   45.0000   22.5000 2723.1667   13.2238
   -7.5000   52.5000   22.5000 2586.3530   14.1818
    0.0000   52.5000   22.5000 2608.0608   14.1451
    7.5000   52.5000   22.5000 2595.3682   14.2072
   -7.5000  -37.5000   30.0000 2185.6716   19.1449
    0.0000  -37.5000   30.0000 2197.3855   18.9115
    7.5000  -37.5000   30.0000 2188.1677   19.1510
   -7.5000  -30.0000   30.0000 2309.8955   16.9961
    0.0000  -30.0000   30.0000 2318.4626   16.7764
    7.5000  -30.0000   30.0000 2306.1440   16.9862
   -7.5000  -22.5000   30.0000 2423.2871   15.3468
    0.0000  -22.5000   30.0000 2436.0269   15.1141
    7.5000  -22.5000   30.0000 2423.3936   15.3194
   -7.5000  -15.0000   30.0000 2530.3633   14.0989
    0.0000  -15.0000   30.0000 2547.0986   13.8480
    7.5000  -15.0000   30.0000 2534.5994   14.0555
   -7.5000   -7.5000   30.0000 2639.5671   13.1529
    0.0000   -7.5000   30.0000 2656.5312   12.9143
    7.5000   -7.5000   30.0000 2648.4353   13.1159
   -7.5000    0.0000   30.0000 2732.7744   12.5025
    0.0000    0.0000   30.0000 2752.3442   12.3097
    7.5000    0.0000   30.0000 2745.1760   12.4945
   -7.5000    7.5000   30.0000 2800.4355   12.1027
    0.0000    7.5000   30.0000 2823.9954   11.8410
    7.5000    7.5000   30.0000 2812.0044   12.0365
   -7.5000   15.0000   30.0000 2839.1282   11.8621
    0.0000   15.0000   30.0000 2855.3940   11.6064
    7.5000   15.0000   30.0000 2843.0132   11.7819
   -7.5000   22.5000   30.0000 2839.0745   11.9712
    0.0000   22.5000   30.0000 2862.0264   11.7677
    7.5000   22.5000   30.0000 2848.4951   11.9136
   -7.5000   30.0000   30.0000 2800.5591   12.3328
    0.0000   30.0000   30.0000 2833.1248   12.1845
    7.5000   30.0000   30.0000 2817.7725   12.3061
   -7.5000   37.5000   30.0000 2739.8752   12.9406
    0.0000   37.5000   30.0000 2766.7107   12.8291
    7.5000   37.5000   30.0000 2750.4580   12.9445
   -7.5000   45.0000   30.0000 2658.5039   13.7535
    0.0000   45.0000   30.0000 2679.8867   13.6522
    7.5000   45.0000   30.0000 2666.1118   13.7557
   -7.5000   52.5000   30.0000 2530.5234   14.7248
    0.0000   52.5000   30.0000 2555.8428   14.6452
    7.5000   52.5000   30.0000 2542.5273   14.7316
   -7.5000  -37.5000   37.5000 2127.2671   20.2025
    0.0000  -37.5000   37.5000 2134.7737   19.8808
    7.5000  -37.5000   37.5000 2129.9736   20.1620
   -7.5000  -30.0000   37.5000 2252.0278   17.9815
    0.0000  -30.0000   37.5000 2264.5044   17.6511
    7.5000  -30.0000   37.5000 2253.7046   17.8696
   -7.5000  -22.5000   37.5000 2366.0652   16.2383
    0.0000  -22.5000   37.5000 2384.7739   15.9470
    7.5000  -22.5000   37.5000 2374.1802   16.1510
   -7.5000  -15.0000   37.5000 2477.1985   14.9395
    0.0000  -15.0000   37.5000 2499.0908   14.6385
    7.5000  -15.0000   37.5000 2485.6467   14.8571
   -7.5000   -7.5000   37.5000 2583.7747   13.9705
    0.0000   -7.5000   37.5000 2606.0115   13.6975
    7.5000   -7.5000   37.5000 2594.2224   13.9188
   -7.5000    0.0000   37.5000 2666.6106   13.2855
    0.0000    0.0000   37.5000 2695.6711   13.0181
    7.5000    0.0000   37.5000 2681.4861   13.2241
   -7.5000    7.5000   37.5000 2726.3367   12.8309
    0.0000    7.5000   37.5000 2757.6841   12.5076
    7.5000    7.5000   37.5000 2740.1340   12.7016
   -7.5000   15.0000   37.5000 2756.5896   12.5471
    0.0000   15.0000   37.5000 2775.7664   12.3030
    7.5000   15.0000   37.5000 2762.5493   12.4666
   -7.5000   22.5000   37.5000 2756.6082   12.6656
    0.0000   22.5000   37.5000 2776.9705   12.4641
    7.5000   22.5000   37.5000 2762.8586   12.5788
   -7.5000   30.0000   37.5000 2718.8528   13.0270
    0.0000   30.0000   37.5000 2746.2278   12.8720
    7.5000   30.0000   37.5000 2737.9272   12.9672
   -7.5000   37.5000   37.5000 2662.5686   13.6301
    0.0000   37.5000   37.5000 2688.6021   13.5069
    7.5000   37.5000   37.5000 2676.1384   13.5953
   -7.5000   45.0000   37.5000 2584.0493   14.4234
    0.0000   45.0000   37.5000 2610.7095   14.3264
    7.5000   45.0000   37.5000 2593.7822   14.4109
   -7.5000   52.5000   37.5000 2464.9629   15.4109
    0.0000   52.5000   37.5000 2489.8696   15.3122
    7.5000   52.5000   37.5000 2477.9084   15.4033
   -7.5000  -37.5000   45.0000 2064.7063   21.5812
    0.0000  -37.5000   45.0000 2073.9783   21.2005
    7.5000  -37.5000   45.0000 2065.0405   21.4268
   -7.5000  -30.0000   45.0000 2190.7087   19.1866
    0.0000  -30.0000   45.0000 2209.3254   18.8080
    7.5000  -30.0000   45.0000 2193.9324   18.9515
   -7.5000  -22.5000   45.0000 2306.7810   17.3442
    0.0000  -22.5000   45.0000 2330.9595   17.0214
    7.5000  -22.5000   45.0000 2318.9438   17.1591
   -7.5000  -15.0000   45.0000 2413.1296   15.9726
    0.0000  -15.0000   45.0000 2439.4724   15.6889
    7.5000  -15.0000   45.0000 2427.6770   15.8446
   -7.5000   -7.5000   45.0000 2511.4231   14.9501
    0.0000   -7.5000   45.0000 2536.5540   14.6929
    7.5000   -7.5000   45.0000 2526.0642   14.8578
   -7.5000    0.0000   45.0000 2587.0376   14.2288
    0.0000    0.0000   45.0000 2618.3999   13.9215
    7.5000    0.0000   45.0000 2606.9534   14.0913
   -7.5000    7.5000   45.0000 2637.3398   13.6881
    0.0000    7.5000   45.0000 2670.4041   13.3975
    7.5000    7.5000   45.0000 2653.5371   13.5678
   -7.5000   15.0000   45.0000 2666.1975   13.4503
    0.0000   15.0000   45.0000 2687.2083   13.2369
    7.5000   15.0000   45.0000 2671.2964   13.3493
   -7.5000   22.5000   45.0000 2663.9482   13.5615
    0.0000   22.5000   45.0000 2688.1069   13.3679
    7.5000   22.5000   45.0000 2673.8608   13.4420
   -7.5000   30.0000   45.0000 2627.8149   13.9204
    0.0000   30.0000   45.0000 2657.7041   13.7561
    7.5000   30.0000   45.0000 2651.3171   13.8322
   -7.5000   37.5000   45.0000 2577.1946   14.5029
    0.0000   37.5000   45.0000 2610.4231   14.3760
    7.5000   37.5000   45.0000 2597.6021   14.4241
   -7.5000   45.0000   45.0000 2502.9294   15.2726
    0.0000   45.0000   45.0000 2533.2227   15.1662
    7.5000   45.0000   45.0000 2518.7458   15.2236
   -7.5000   52.5000   45.0000 2388.1799   16.2380
    0.0000   52.5000   45.0000 2414.3149   16.1347
    7.5000   52.5000   45.0000 2402.7175   16.2019

---------------------------------------------------------------------
imgreg_4dfp /opt/freesurfer/average/711-2C_as_mni_average_305 /opt/freesurfer/average/711-2B_as_mni_average_305_mask talsrcimg_g11 none talsrcimg_to_711-2C_as_mni_average_305_t4 1283
---------------------------------------------------------------------

freesurfer imgreg_4dfp.c
/opt/freesurfer/average/711-2C_as_mni_average_305.4dfp.img
       256       256       256         1
  1.000000  1.000000  1.000000
orientation T byte_order littleendian
Reading image: /opt/freesurfer/average/711-2C_as_mni_average_305.4dfp.img
dimensions:      256       256       256
mmppix:       1.0000   -1.0000   -1.0000
center:     128.0000 -129.0000 -129.0000
/opt/freesurfer/average/711-2B_as_mni_average_305_mask.4dfp.img
       256       256       256         1
  1.000000  1.000000  1.000000
orientation T byte_order littleendian
Reading mask: /opt/freesurfer/average/711-2B_as_mni_average_305_mask.4dfp.img (2306576 pixels)
talsrcimg_g11.4dfp.img
       256       256       256         1
  1.000000  1.000000  1.000000
orientation T byte_order littleendian
Reading image: talsrcimg_g11.4dfp.img
dimensions:      256       256       256
mmppix:       1.0000   -1.0000   -1.0000
center:     128.0000 -129.0000 -129.0000
rotation matrix determinant  1.000000
fimgreg.f
image alignment mode   1283 decimal      503 hex
parameters
    0.0000   15.0000    7.5000    0.0000    0.0000    0.0000
eta,q 0.95498 10.89996
niter,ni,del,rscale     5    3   12.0000    1.2000
parameter  4  1.530821 ->  0.500000 qaram    1.1500
parameters
    0.3100   17.1369    7.2349   -3.4500   -1.8216   -0.4810
eta,q 0.96140 10.85079
  0.0589  0.0590  0.0482  0.0379  0.0421  0.0435
  0.0507  0.0519  0.0460  0.0390  0.0397  0.0405
  0.0458  0.0466  0.0441  0.0408  0.0387  0.0389
  0.0436  0.0432  0.0427  0.0429  0.0394  0.0387
  0.0452  0.0428  0.0429  0.0449  0.0415  0.0400
  0.0502  0.0437  0.0457  0.0477  0.0454  0.0420
  0.0552  0.0459  0.0506  0.0520  0.0502  0.0448
niter,ni,del,rscale     5    3   12.0000    1.2000
parameter  4  1.111509 ->  0.500000 qaram    1.3225
parameters
    1.0055   18.5618    6.2557   -7.4175   -2.1534   -0.5816
eta,q 0.96574 10.79927
  0.0566  0.0521  0.0431  0.0347  0.0412  0.0397
  0.0473  0.0464  0.0405  0.0341  0.0376  0.0363
  0.0415  0.0413  0.0388  0.0353  0.0350  0.0344
  0.0386  0.0383  0.0384  0.0384  0.0342  0.0343
  0.0389  0.0387  0.0399  0.0420  0.0351  0.0349
  0.0430  0.0401  0.0432  0.0450  0.0385  0.0366
  0.0498  0.0436  0.0480  0.0488  0.0433  0.0399
niter,ni,del,rscale     5    3   12.0000    1.2000
parameters
    1.0011   19.2483    5.6741   -7.6413   -2.1366   -0.5246
eta,q 0.96575 10.81120
  0.0514  0.0499  0.0410  0.0459  0.0417  0.0396
  0.0418  0.0426  0.0382  0.0377  0.0378  0.0362
  0.0359  0.0369  0.0355  0.0339  0.0352  0.0344
  0.0343  0.0343  0.0342  0.0343  0.0342  0.0342
  0.0362  0.0349  0.0359  0.0367  0.0346  0.0346
  0.0424  0.0382  0.0398  0.0411  0.0374  0.0362
  0.0510  0.0444  0.0448  0.0447  0.0420  0.0393
niter,ni,del,rscale     4    3   12.0000    1.2000
parameters
    0.9487   19.2654    5.5546   -7.7202   -2.1083   -0.5285
eta,q 0.96576 10.80915
  0.0516  0.0470  0.0418  0.0463  0.0417  0.0396
  0.0416  0.0402  0.0388  0.0382  0.0378  0.0362
  0.0356  0.0354  0.0361  0.0340  0.0352  0.0343
  0.0343  0.0342  0.0342  0.0343  0.0342  0.0342
  0.0363  0.0357  0.0352  0.0364  0.0346  0.0347
  0.0428  0.0401  0.0385  0.0408  0.0373  0.0363
  0.0515  0.0468  0.0433  0.0445  0.0419  0.0394
niter,ni,del,rscale     3    3   12.0000    1.2000
parameters
    0.9314   19.2627    5.5274   -7.7420   -2.0987   -0.5291
eta,q 0.96576 10.80840
  0.0518  0.0470  0.0420  0.0465  0.0416  0.0396
  0.0418  0.0401  0.0389  0.0384  0.0378  0.0362
  0.0357  0.0354  0.0361  0.0340  0.0351  0.0343
  0.0342  0.0342  0.0342  0.0343  0.0342  0.0342
  0.0362  0.0357  0.0350  0.0363  0.0346  0.0347
  0.0426  0.0402  0.0383  0.0407  0.0374  0.0363
  0.0514  0.0469  0.0430  0.0444  0.0420  0.0394
registration optimization eta report
parameter search radius
    6.0000    6.0000    6.0000    7.9350    6.0000    6.0000
100000*second partial in parameter space
       49.       35.       22.       18.       21.       15.
  0.0518  0.0470  0.0420  0.0465  0.0416  0.0396
  0.0418  0.0401  0.0389  0.0384  0.0378  0.0362
  0.0357  0.0354  0.0361  0.0340  0.0351  0.0343
  0.0342  0.0342  0.0342  0.0343  0.0342  0.0342
  0.0362  0.0357  0.0350  0.0363  0.0346  0.0347
  0.0426  0.0402  0.0383  0.0407  0.0374  0.0363
  0.0514  0.0469  0.0430  0.0444  0.0420  0.0394
    0.9314   19.2627    5.5274   -7.7420   -2.0987   -0.5291
eta,q 0.96576 10.80840

---------------------------------------------------------------------
imgreg_4dfp /opt/freesurfer/average/711-2C_as_mni_average_305 /opt/freesurfer/average/711-2B_as_mni_average_305_mask talsrcimg_g11 none talsrcimg_to_711-2C_as_mni_average_305_t4 3335
---------------------------------------------------------------------

freesurfer imgreg_4dfp.c
/opt/freesurfer/average/711-2C_as_mni_average_305.4dfp.img
       256       256       256         1
  1.000000  1.000000  1.000000
orientation T byte_order littleendian
Reading image: /opt/freesurfer/average/711-2C_as_mni_average_305.4dfp.img
dimensions:      256       256       256
mmppix:       1.0000   -1.0000   -1.0000
center:     128.0000 -129.0000 -129.0000
/opt/freesurfer/average/711-2B_as_mni_average_305_mask.4dfp.img
       256       256       256         1
  1.000000  1.000000  1.000000
orientation T byte_order littleendian
Reading mask: /opt/freesurfer/average/711-2B_as_mni_average_305_mask.4dfp.img (2306576 pixels)
talsrcimg_g11.4dfp.img
       256       256       256         1
  1.000000  1.000000  1.000000
orientation T byte_order littleendian
Reading image: talsrcimg_g11.4dfp.img
dimensions:      256       256       256
mmppix:       1.0000   -1.0000   -1.0000
center:     128.0000 -129.0000 -129.0000
fimgreg.f
image alignment mode   3335 decimal      D07 hex
parameters
    0.9314   19.2627    5.5274   -0.0713   -0.9112   -0.9780
    0.4218    3.7530   -0.9229   13.4371   -3.6622  -13.4622
eta,q 0.96642 10.92237
niter,ni,del,rscale     5    3    5.0000    1.2000
parameter  4  1.910833 ->  0.500000 qaram    1.1500
parameter  5  1.291281 ->  0.500000 qaram    1.1500
parameter  6  0.520256 ->  0.500000 qaram    1.1500
parameters
    1.2002   19.7159    6.0491   -4.2113   -5.0512   -5.1180
   -0.2340    4.8802    0.9372   10.6731   -1.9721  -16.7831
eta,q 0.97698 10.63164
  0.0374  0.0368  0.0353  0.0268  0.0242  0.0249  0.0269  0.0298  0.0271  0.0248  0.0248  0.0235
  0.0355  0.0352  0.0344  0.0280  0.0247  0.0243  0.0253  0.0272  0.0257  0.0237  0.0242  0.0231
  0.0342  0.0341  0.0338  0.0300  0.0261  0.0244  0.0244  0.0253  0.0247  0.0234  0.0237  0.0230
  0.0336  0.0335  0.0334  0.0334  0.0285  0.0250  0.0243  0.0243  0.0241  0.0240  0.0234  0.0233
  0.0337  0.0335  0.0334  0.0374  0.0317  0.0260  0.0249  0.0242  0.0240  0.0253  0.0234  0.0240
  0.0345  0.0340  0.0336  0.0413  0.0353  0.0271  0.0262  0.0252  0.0243  0.0276  0.0235  0.0249
  0.0361  0.0350  0.0342  0.0450  0.0386  0.0290  0.0280  0.0273  0.0251  0.0305  0.0239  0.0259
niter,ni,del,rscale     7    3    5.0000    1.2000
parameter  4  0.561348 ->  0.500000 qaram    1.3225
parameters
    1.1806   19.8122    5.2700   -8.9723   -7.3348   -4.2565
   -0.3613    4.6351    1.1104   11.8129   -2.5018  -18.3870
eta,q 0.97887 10.42822
  0.0267  0.0262  0.0236  0.0223  0.0235  0.0247  0.0241  0.0252  0.0235  0.0254  0.0222  0.0221
  0.0247  0.0245  0.0230  0.0215  0.0222  0.0231  0.0226  0.0231  0.0223  0.0235  0.0216  0.0214
  0.0234  0.0235  0.0228  0.0217  0.0214  0.0219  0.0216  0.0217  0.0216  0.0221  0.0213  0.0211
  0.0230  0.0230  0.0230  0.0228  0.0215  0.0214  0.0213  0.0213  0.0213  0.0213  0.0212  0.0212
  0.0235  0.0233  0.0236  0.0251  0.0228  0.0216  0.0217  0.0220  0.0215  0.0213  0.0214  0.0216
  0.0248  0.0242  0.0244  0.0290  0.0254  0.0225  0.0227  0.0235  0.0222  0.0221  0.0218  0.0224
  0.0268  0.0257  0.0256  0.0332  0.0290  0.0235  0.0243  0.0257  0.0233  0.0236  0.0224  0.0234
niter,ni,del,rscale     7    3    5.0000    1.2000
parameters
    1.1683   19.8700    5.3625   -9.3929   -7.8508   -3.7502
   -0.4690    4.5971    1.1926   12.2123   -2.5905  -18.5471
eta,q 0.97881 10.41417
  0.0247  0.0240  0.0229  0.0254  0.0247  0.0243  0.0240  0.0252  0.0232  0.0246  0.0222  0.0227
  0.0228  0.0225  0.0220  0.0234  0.0229  0.0227  0.0224  0.0231  0.0222  0.0229  0.0217  0.0219
  0.0216  0.0215  0.0214  0.0218  0.0217  0.0216  0.0215  0.0217  0.0214  0.0217  0.0213  0.0214
  0.0211  0.0211  0.0211  0.0211  0.0211  0.0212  0.0212  0.0212  0.0212  0.0212  0.0212  0.0212
  0.0216  0.0214  0.0213  0.0216  0.0215  0.0216  0.0216  0.0218  0.0214  0.0214  0.0213  0.0214
  0.0228  0.0223  0.0218  0.0233  0.0232  0.0226  0.0226  0.0232  0.0221  0.0224  0.0217  0.0220
  0.0248  0.0237  0.0227  0.0270  0.0263  0.0234  0.0241  0.0252  0.0231  0.0240  0.0223  0.0228
niter,ni,del,rscale     6    3    5.0000    1.2000
parameters
    1.1530   19.8850    5.4474   -9.3682   -7.9891   -3.5724
   -0.4900    4.5993    1.2277   12.2729   -2.5885  -18.5104
eta,q 0.97879 10.41816
  0.0248  0.0239  0.0230  0.0258  0.0250  0.0240  0.0241  0.0252  0.0232  0.0243  0.0223  0.0228
  0.0228  0.0224  0.0220  0.0237  0.0232  0.0225  0.0225  0.0231  0.0221  0.0227  0.0217  0.0219
  0.0216  0.0215  0.0214  0.0221  0.0218  0.0215  0.0215  0.0217  0.0214  0.0216  0.0213  0.0214
  0.0212  0.0212  0.0212  0.0212  0.0212  0.0212  0.0212  0.0212  0.0212  0.0212  0.0212  0.0212
  0.0216  0.0215  0.0213  0.0215  0.0214  0.0217  0.0216  0.0217  0.0214  0.0215  0.0213  0.0214
  0.0229  0.0224  0.0219  0.0230  0.0228  0.0227  0.0226  0.0231  0.0221  0.0226  0.0217  0.0219
  0.0249  0.0238  0.0228  0.0264  0.0258  0.0235  0.0240  0.0252  0.0232  0.0243  0.0223  0.0228
niter,ni,del,rscale     5    3    5.0000    1.2000
parameters
    1.1532   19.8828    5.4846   -9.3572   -8.0161   -3.5273
   -0.4955    4.6009    1.2268   12.2680   -2.5770  -18.4697
eta,q 0.97879 10.41925
  0.0248  0.0239  0.0229  0.0258  0.0251  0.0240  0.0241  0.0252  0.0232  0.0243  0.0223  0.0228
  0.0229  0.0224  0.0220  0.0237  0.0233  0.0225  0.0225  0.0231  0.0221  0.0227  0.0217  0.0219
  0.0217  0.0215  0.0214  0.0221  0.0219  0.0215  0.0215  0.0217  0.0214  0.0216  0.0213  0.0214
  0.0212  0.0212  0.0212  0.0212  0.0212  0.0212  0.0212  0.0212  0.0212  0.0212  0.0212  0.0212
  0.0216  0.0215  0.0214  0.0215  0.0214  0.0218  0.0216  0.0217  0.0215  0.0216  0.0213  0.0214
  0.0229  0.0224  0.0219  0.0230  0.0228  0.0227  0.0226  0.0231  0.0221  0.0226  0.0217  0.0219
  0.0248  0.0239  0.0228  0.0264  0.0257  0.0236  0.0240  0.0252  0.0232  0.0243  0.0223  0.0228
niter,ni,del,rscale     4    3    5.0000    1.2000
parameters
    1.1562   19.8789    5.5007   -9.3554   -8.0215   -3.5196
   -0.4969    4.6056    1.2168   12.2593   -2.5739  -18.4420
eta,q 0.97879 10.41911
  0.0248  0.0239  0.0229  0.0258  0.0251  0.0239  0.0241  0.0252  0.0232  0.0243  0.0223  0.0228
  0.0229  0.0224  0.0220  0.0237  0.0233  0.0224  0.0225  0.0231  0.0221  0.0227  0.0217  0.0219
  0.0217  0.0215  0.0214  0.0221  0.0219  0.0215  0.0215  0.0217  0.0214  0.0216  0.0213  0.0214
  0.0212  0.0212  0.0212  0.0212  0.0212  0.0212  0.0212  0.0212  0.0212  0.0212  0.0212  0.0212
  0.0216  0.0215  0.0214  0.0215  0.0214  0.0218  0.0216  0.0217  0.0215  0.0216  0.0213  0.0214
  0.0229  0.0224  0.0220  0.0230  0.0227  0.0227  0.0225  0.0231  0.0221  0.0226  0.0217  0.0219
  0.0248  0.0239  0.0229  0.0264  0.0257  0.0236  0.0240  0.0252  0.0232  0.0244  0.0223  0.0228
registration optimization eta report
parameter search radius
    2.4000    2.4000    2.4000    9.5220    8.2800    8.2800
    7.2000    7.2000    7.2000    7.2000    7.2000    7.2000
100000*second partial in parameter space
       63.       46.       29.        5.        6.        4.
        5.        8.        4.        6.        2.        3.
  0.0248  0.0239  0.0229  0.0258  0.0251  0.0239  0.0241  0.0252  0.0232  0.0243  0.0223  0.0228
  0.0229  0.0224  0.0220  0.0237  0.0233  0.0224  0.0225  0.0231  0.0221  0.0227  0.0217  0.0219
  0.0217  0.0215  0.0214  0.0221  0.0219  0.0215  0.0215  0.0217  0.0214  0.0216  0.0213  0.0214
  0.0212  0.0212  0.0212  0.0212  0.0212  0.0212  0.0212  0.0212  0.0212  0.0212  0.0212  0.0212
  0.0216  0.0215  0.0214  0.0215  0.0214  0.0218  0.0216  0.0217  0.0215  0.0216  0.0213  0.0214
  0.0229  0.0224  0.0220  0.0230  0.0227  0.0227  0.0225  0.0231  0.0221  0.0226  0.0217  0.0219
  0.0248  0.0239  0.0229  0.0264  0.0257  0.0236  0.0240  0.0252  0.0232  0.0244  0.0223  0.0228
    1.1562   19.8789    5.5007   -9.3554   -8.0215   -3.5196
   -0.4969    4.6056    1.2168   12.2593   -2.5739  -18.4420
eta,q 0.97879 10.41911

---------------------------------------------------------------------
imgreg_4dfp /opt/freesurfer/average/711-2C_as_mni_average_305 /opt/freesurfer/average/711-2B_as_mni_average_305_mask talsrcimg_g11 none talsrcimg_to_711-2C_as_mni_average_305_t4 2311
---------------------------------------------------------------------

freesurfer imgreg_4dfp.c
/opt/freesurfer/average/711-2C_as_mni_average_305.4dfp.img
       256       256       256         1
  1.000000  1.000000  1.000000
orientation T byte_order littleendian
Reading image: /opt/freesurfer/average/711-2C_as_mni_average_305.4dfp.img
dimensions:      256       256       256
mmppix:       1.0000   -1.0000   -1.0000
center:     128.0000 -129.0000 -129.0000
/opt/freesurfer/average/711-2B_as_mni_average_305_mask.4dfp.img
       256       256       256         1
  1.000000  1.000000  1.000000
orientation T byte_order littleendian
Reading mask: /opt/freesurfer/average/711-2B_as_mni_average_305_mask.4dfp.img (2306576 pixels)
talsrcimg_g11.4dfp.img
       256       256       256         1
  1.000000  1.000000  1.000000
orientation T byte_order littleendian
Reading image: talsrcimg_g11.4dfp.img
dimensions:      256       256       256
mmppix:       1.0000   -1.0000   -1.0000
center:     128.0000 -129.0000 -129.0000
fimgreg.f
image alignment mode   2311 decimal      907 hex
parameters
    1.1562   19.8789    5.5007   -9.3554   -8.0215   -3.5196
   -0.4969    4.6056    1.2168   12.2593   -2.5739  -18.4420
eta,q 0.97879 10.41911
niter,ni,del,rscale     5    3    5.0000    0.8000
parameters
    1.1641   19.8673    5.5086   -8.6575   -7.4246   -3.9509
   -0.4672    4.6131    1.2680   12.1504   -2.4790  -18.2912
eta,q 0.97888 10.45722
  0.0229  0.0224  0.0220  0.0228  0.0228  0.0221  0.0225  0.0231  0.0221  0.0225  0.0216  0.0219
  0.0220  0.0217  0.0216  0.0221  0.0220  0.0215  0.0217  0.0220  0.0216  0.0217  0.0213  0.0215
  0.0214  0.0213  0.0213  0.0215  0.0215  0.0212  0.0213  0.0214  0.0212  0.0213  0.0212  0.0212
  0.0212  0.0212  0.0212  0.0212  0.0212  0.0211  0.0211  0.0211  0.0211  0.0211  0.0211  0.0211
  0.0214  0.0214  0.0213  0.0212  0.0212  0.0214  0.0213  0.0214  0.0212  0.0213  0.0212  0.0212
  0.0220  0.0218  0.0215  0.0216  0.0215  0.0219  0.0217  0.0220  0.0215  0.0218  0.0213  0.0214
  0.0229  0.0224  0.0220  0.0221  0.0222  0.0224  0.0224  0.0230  0.0220  0.0226  0.0216  0.0218
niter,ni,del,rscale     4    3    5.0000    0.7000
parameters
    1.1854   19.8971    5.4137   -8.6492   -7.2839   -4.1156
   -0.4695    4.5977    1.2740   12.1176   -2.4914  -18.3935
eta,q 0.97889 10.45702
  0.0225  0.0221  0.0216  0.0222  0.0222  0.0220  0.0222  0.0226  0.0218  0.0222  0.0215  0.0216
  0.0217  0.0216  0.0213  0.0216  0.0217  0.0215  0.0216  0.0218  0.0214  0.0216  0.0213  0.0213
  0.0213  0.0212  0.0212  0.0212  0.0213  0.0212  0.0212  0.0213  0.0212  0.0212  0.0211  0.0212
  0.0211  0.0211  0.0211  0.0211  0.0211  0.0211  0.0211  0.0211  0.0211  0.0211  0.0211  0.0211
  0.0213  0.0212  0.0212  0.0213  0.0212  0.0213  0.0212  0.0213  0.0212  0.0213  0.0212  0.0212
  0.0217  0.0215  0.0214  0.0216  0.0215  0.0216  0.0216  0.0218  0.0214  0.0216  0.0213  0.0214
  0.0224  0.0220  0.0218  0.0221  0.0222  0.0221  0.0222  0.0226  0.0218  0.0223  0.0215  0.0217
niter,ni,del,rscale     3    3    5.0000    0.6000
parameters
    1.1848   19.9087    5.3626   -8.6648   -7.1855   -4.1779
   -0.4755    4.5890    1.2693   12.1292   -2.5284  -18.4409
eta,q 0.97889 10.45845
  0.0221  0.0218  0.0215  0.0219  0.0219  0.0218  0.0219  0.0222  0.0216  0.0220  0.0214  0.0215
  0.0215  0.0214  0.0213  0.0215  0.0215  0.0214  0.0214  0.0216  0.0213  0.0215  0.0212  0.0213
  0.0212  0.0212  0.0211  0.0212  0.0212  0.0212  0.0212  0.0212  0.0212  0.0212  0.0211  0.0212
  0.0211  0.0211  0.0211  0.0211  0.0211  0.0211  0.0211  0.0211  0.0211  0.0211  0.0211  0.0211
  0.0212  0.0212  0.0212  0.0212  0.0212  0.0212  0.0212  0.0212  0.0212  0.0212  0.0211  0.0212
  0.0215  0.0214  0.0213  0.0215  0.0214  0.0215  0.0215  0.0216  0.0214  0.0215  0.0212  0.0213
  0.0221  0.0218  0.0216  0.0219  0.0219  0.0218  0.0219  0.0222  0.0216  0.0219  0.0214  0.0215
niter,ni,del,rscale     2    3    5.0000    0.5000
parameters
    1.1849   19.9164    5.3457   -8.6728   -7.1048   -4.1870
   -0.4711    4.5752    1.2807   12.1225   -2.5004  -18.4607
eta,q 0.97889 10.46131
  0.0218  0.0216  0.0214  0.0217  0.0217  0.0216  0.0216  0.0219  0.0215  0.0217  0.0213  0.0214
  0.0214  0.0213  0.0212  0.0214  0.0214  0.0213  0.0213  0.0215  0.0213  0.0214  0.0212  0.0212
  0.0212  0.0212  0.0211  0.0212  0.0212  0.0212  0.0212  0.0212  0.0211  0.0212  0.0211  0.0211
  0.0211  0.0211  0.0211  0.0211  0.0211  0.0211  0.0211  0.0211  0.0211  0.0211  0.0211  0.0211
  0.0212  0.0212  0.0211  0.0212  0.0211  0.0212  0.0212  0.0212  0.0211  0.0212  0.0211  0.0211
  0.0214  0.0213  0.0212  0.0214  0.0213  0.0213  0.0213  0.0215  0.0213  0.0214  0.0212  0.0212
  0.0218  0.0216  0.0214  0.0217  0.0216  0.0216  0.0216  0.0219  0.0215  0.0217  0.0213  0.0214
niter,ni,del,rscale     1    3    5.0000    0.4000
parameters
    1.1871   19.9181    5.3364   -8.6988   -7.0581   -4.1907
   -0.4838    4.5850    1.2636   12.1164   -2.5508  -18.4567
eta,q 0.97890 10.46209
  0.0215  0.0214  0.0213  0.0215  0.0215  0.0214  0.0214  0.0216  0.0213  0.0215  0.0212  0.0213
  0.0213  0.0212  0.0212  0.0213  0.0213  0.0213  0.0213  0.0213  0.0212  0.0213  0.0212  0.0212
  0.0212  0.0211  0.0211  0.0211  0.0212  0.0211  0.0211  0.0212  0.0211  0.0211  0.0211  0.0211
  0.0211  0.0211  0.0211  0.0211  0.0211  0.0211  0.0211  0.0211  0.0211  0.0211  0.0211  0.0211
  0.0211  0.0211  0.0211  0.0212  0.0211  0.0211  0.0211  0.0212  0.0211  0.0211  0.0211  0.0211
  0.0213  0.0212  0.0212  0.0213  0.0212  0.0212  0.0213  0.0213  0.0212  0.0213  0.0212  0.0212
  0.0215  0.0214  0.0213  0.0215  0.0215  0.0214  0.0214  0.0216  0.0213  0.0215  0.0212  0.0213
registration optimization eta report
parameter search radius
    0.8000    0.8000    0.8000    2.4000    2.4000    2.4000
    2.4000    2.4000    2.4000    2.4000    2.4000    2.4000
100000*second partial in parameter space
       67.       49.       31.        6.        6.        6.
        6.        9.        4.        7.        2.        3.
  0.0215  0.0214  0.0213  0.0215  0.0215  0.0214  0.0214  0.0216  0.0213  0.0215  0.0212  0.0213
  0.0213  0.0212  0.0212  0.0213  0.0213  0.0213  0.0213  0.0213  0.0212  0.0213  0.0212  0.0212
  0.0212  0.0211  0.0211  0.0211  0.0212  0.0211  0.0211  0.0212  0.0211  0.0211  0.0211  0.0211
  0.0211  0.0211  0.0211  0.0211  0.0211  0.0211  0.0211  0.0211  0.0211  0.0211  0.0211  0.0211
  0.0211  0.0211  0.0211  0.0212  0.0211  0.0211  0.0211  0.0212  0.0211  0.0211  0.0211  0.0211
  0.0213  0.0212  0.0212  0.0213  0.0212  0.0212  0.0213  0.0213  0.0212  0.0213  0.0212  0.0212
  0.0215  0.0214  0.0213  0.0215  0.0215  0.0214  0.0214  0.0216  0.0213  0.0215  0.0212  0.0213
    1.1871   19.9181    5.3364   -8.6988   -7.0581   -4.1907
   -0.4838    4.5850    1.2636   12.1164   -2.5508  -18.4567
eta,q 0.97890 10.46209

---------------------------------------------------------------------
imgreg_4dfp /opt/freesurfer/average/711-2C_as_mni_average_305 /opt/freesurfer/average/711-2B_as_mni_average_305_mask talsrcimg_g11 none talsrcimg_to_711-2C_as_mni_average_305_t4 2311
---------------------------------------------------------------------

freesurfer imgreg_4dfp.c
/opt/freesurfer/average/711-2C_as_mni_average_305.4dfp.img
       256       256       256         1
  1.000000  1.000000  1.000000
orientation T byte_order littleendian
Reading image: /opt/freesurfer/average/711-2C_as_mni_average_305.4dfp.img
dimensions:      256       256       256
mmppix:       1.0000   -1.0000   -1.0000
center:     128.0000 -129.0000 -129.0000
/opt/freesurfer/average/711-2B_as_mni_average_305_mask.4dfp.img
       256       256       256         1
  1.000000  1.000000  1.000000
orientation T byte_order littleendian
Reading mask: /opt/freesurfer/average/711-2B_as_mni_average_305_mask.4dfp.img (2306576 pixels)
talsrcimg_g11.4dfp.img
       256       256       256         1
  1.000000  1.000000  1.000000
orientation T byte_order littleendian
Reading image: talsrcimg_g11.4dfp.img
dimensions:      256       256       256
mmppix:       1.0000   -1.0000   -1.0000
center:     128.0000 -129.0000 -129.0000
fimgreg.f
image alignment mode   2311 decimal      907 hex
parameters
    1.1871   19.9181    5.3364   -8.6988   -7.0581   -4.1907
   -0.4838    4.5850    1.2636   12.1164   -2.5508  -18.4567
eta,q 0.97890 10.46208
niter,ni,del,rscale     5    3    5.0000    0.8000
parameters
    1.1780   19.9177    5.3253   -8.7097   -7.3261   -4.1538
   -0.4760    4.5838    1.2996   12.1772   -2.5338  -18.5299
eta,q 0.97889 10.45239
  0.0228  0.0224  0.0219  0.0224  0.0224  0.0223  0.0225  0.0231  0.0221  0.0226  0.0216  0.0218
  0.0219  0.0217  0.0214  0.0217  0.0217  0.0217  0.0217  0.0220  0.0215  0.0218  0.0213  0.0214
  0.0213  0.0212  0.0212  0.0213  0.0213  0.0213  0.0213  0.0213  0.0212  0.0213  0.0212  0.0212
  0.0211  0.0211  0.0211  0.0211  0.0211  0.0211  0.0211  0.0211  0.0211  0.0211  0.0211  0.0211
  0.0213  0.0212  0.0212  0.0213  0.0212  0.0213  0.0213  0.0213  0.0212  0.0213  0.0212  0.0212
  0.0219  0.0217  0.0215  0.0217  0.0218  0.0217  0.0217  0.0220  0.0215  0.0217  0.0213  0.0214
  0.0228  0.0224  0.0219  0.0224  0.0228  0.0222  0.0224  0.0230  0.0220  0.0225  0.0216  0.0219
niter,ni,del,rscale     4    3    5.0000    0.7000
parameters
    1.1757   19.9193    5.3418   -8.6681   -7.2614   -4.1583
   -0.4779    4.5773    1.3033   12.1707   -2.5206  -18.5026
eta,q 0.97889 10.45680
  0.0224  0.0221  0.0217  0.0222  0.0222  0.0220  0.0221  0.0226  0.0218  0.0222  0.0215  0.0217
  0.0217  0.0215  0.0214  0.0216  0.0216  0.0215  0.0216  0.0218  0.0214  0.0216  0.0213  0.0214
  0.0213  0.0212  0.0212  0.0212  0.0213  0.0212  0.0212  0.0213  0.0212  0.0212  0.0211  0.0212
  0.0211  0.0211  0.0211  0.0211  0.0211  0.0211  0.0211  0.0211  0.0211  0.0211  0.0211  0.0211
  0.0213  0.0212  0.0212  0.0212  0.0212  0.0212  0.0212  0.0213  0.0212  0.0213  0.0211  0.0212
  0.0217  0.0215  0.0214  0.0216  0.0215  0.0216  0.0216  0.0218  0.0214  0.0216  0.0213  0.0214
  0.0224  0.0221  0.0217  0.0221  0.0222  0.0220  0.0221  0.0226  0.0218  0.0222  0.0215  0.0217
niter,ni,del,rscale     3    3    5.0000    0.6000
parameters
    1.1800   19.9201    5.3396   -8.6690   -7.1827   -4.1854
   -0.4823    4.5771    1.2908   12.1556   -2.5258  -18.4925
eta,q 0.97889 10.45879
  0.0221  0.0218  0.0215  0.0219  0.0219  0.0218  0.0219  0.0222  0.0216  0.0219  0.0214  0.0215
  0.0216  0.0214  0.0213  0.0215  0.0215  0.0214  0.0214  0.0216  0.0213  0.0215  0.0212  0.0213
  0.0212  0.0212  0.0212  0.0212  0.0212  0.0212  0.0212  0.0212  0.0212  0.0212  0.0211  0.0212
  0.0211  0.0211  0.0211  0.0211  0.0211  0.0211  0.0211  0.0211  0.0211  0.0211  0.0211  0.0211
  0.0212  0.0212  0.0212  0.0212  0.0212  0.0212  0.0212  0.0212  0.0212  0.0212  0.0211  0.0211
  0.0215  0.0214  0.0213  0.0215  0.0214  0.0214  0.0215  0.0216  0.0214  0.0215  0.0212  0.0213
  0.0221  0.0218  0.0216  0.0219  0.0219  0.0218  0.0219  0.0222  0.0216  0.0219  0.0214  0.0215
niter,ni,del,rscale     2    3    5.0000    0.5000
parameters
    1.1835   19.9189    5.3350   -8.6763   -7.1118   -4.1970
   -0.4793    4.5730    1.2818   12.1280   -2.5343  -18.4804
eta,q 0.97890 10.46067
  0.0218  0.0216  0.0214  0.0217  0.0217  0.0216  0.0216  0.0219  0.0215  0.0217  0.0213  0.0214
  0.0214  0.0213  0.0212  0.0214  0.0214  0.0213  0.0213  0.0215  0.0213  0.0214  0.0212  0.0212
  0.0212  0.0212  0.0211  0.0212  0.0212  0.0212  0.0212  0.0212  0.0211  0.0212  0.0211  0.0211
  0.0211  0.0211  0.0211  0.0211  0.0211  0.0211  0.0211  0.0211  0.0211  0.0211  0.0211  0.0211
  0.0212  0.0212  0.0211  0.0212  0.0211  0.0212  0.0212  0.0212  0.0212  0.0212  0.0211  0.0211
  0.0214  0.0213  0.0212  0.0214  0.0213  0.0213  0.0213  0.0215  0.0213  0.0214  0.0212  0.0212
  0.0218  0.0216  0.0214  0.0217  0.0216  0.0216  0.0216  0.0219  0.0215  0.0217  0.0213  0.0214
niter,ni,del,rscale     1    3    5.0000    0.4000
parameters
    1.1886   19.9220    5.3361   -8.6982   -7.0489   -4.1917
   -0.4848    4.5839    1.2685   12.1082   -2.5413  -18.4572
eta,q 0.97890 10.46249
  0.0215  0.0214  0.0213  0.0215  0.0215  0.0214  0.0214  0.0216  0.0213  0.0215  0.0212  0.0213
  0.0213  0.0212  0.0212  0.0213  0.0213  0.0213  0.0213  0.0213  0.0212  0.0213  0.0212  0.0212
  0.0212  0.0211  0.0211  0.0211  0.0212  0.0211  0.0211  0.0212  0.0211  0.0211  0.0211  0.0211
  0.0211  0.0211  0.0211  0.0211  0.0211  0.0211  0.0211  0.0211  0.0211  0.0211  0.0211  0.0211
  0.0211  0.0211  0.0211  0.0212  0.0211  0.0211  0.0211  0.0212  0.0211  0.0212  0.0211  0.0211
  0.0213  0.0212  0.0212  0.0213  0.0212  0.0212  0.0213  0.0213  0.0212  0.0213  0.0212  0.0212
  0.0215  0.0214  0.0213  0.0215  0.0214  0.0214  0.0214  0.0216  0.0213  0.0215  0.0212  0.0213
registration optimization eta report
parameter search radius
    0.8000    0.8000    0.8000    2.4000    2.4000    2.4000
    2.4000    2.4000    2.4000    2.4000    2.4000    2.4000
100000*second partial in parameter space
       68.       49.       30.        6.        6.        6.
        6.        9.        4.        7.        2.        3.
  0.0215  0.0214  0.0213  0.0215  0.0215  0.0214  0.0214  0.0216  0.0213  0.0215  0.0212  0.0213
  0.0213  0.0212  0.0212  0.0213  0.0213  0.0213  0.0213  0.0213  0.0212  0.0213  0.0212  0.0212
  0.0212  0.0211  0.0211  0.0211  0.0212  0.0211  0.0211  0.0212  0.0211  0.0211  0.0211  0.0211
  0.0211  0.0211  0.0211  0.0211  0.0211  0.0211  0.0211  0.0211  0.0211  0.0211  0.0211  0.0211
  0.0211  0.0211  0.0211  0.0212  0.0211  0.0211  0.0211  0.0212  0.0211  0.0212  0.0211  0.0211
  0.0213  0.0212  0.0212  0.0213  0.0212  0.0212  0.0213  0.0213  0.0212  0.0213  0.0212  0.0212
  0.0215  0.0214  0.0213  0.0215  0.0214  0.0214  0.0214  0.0216  0.0213  0.0215  0.0212  0.0213
    1.1886   19.9220    5.3361   -8.6982   -7.0489   -4.1917
   -0.4848    4.5839    1.2685   12.1082   -2.5413  -18.4572
eta,q 0.97890 10.46249

---------------------------------------------------------------------
compute_vox2vox talsrcimg talsrcimg_to_711-2C_as_mni_average_305_t4 /opt/freesurfer/average/711-2C_as_mni_average_305
---------------------------------------------------------------------

freesurfer compute_vox2vox.c
Reading: talsrcimg.4dfp.ifh
Reading: talsrcimg_to_711-2C_as_mni_average_305_t4
Reading: /opt/freesurfer/average/711-2C_as_mni_average_305.4dfp.ifh
Writing: talsrcimg_to_711-2C_as_mni_average_305_t4_vox2vox.txt

start time Tue Mar 10 06:00:27 CET 2026
end		time Tue Mar 10 06:01:53 CET 2026

mpr2mni305 success

avi2talxfm orig_nu.mgz /opt/freesurfer/average/mni305.cor.mgz talsrcimg_to_711-2C_as_mni_average_305_t4_vox2vox.txt transforms/talairach.auto.xfm
avi2talxfm done
mv -f /out/sourcedata/freesurfer/sub-v1s6x0051370_ses-1/mri/talsrcimg_to_711-2C_as_mni_average_305_t4_vox2vox.txt /out/sourcedata/freesurfer/sub-v1s6x0051370_ses-1/mri/transforms/talsrcimg_to_711-2C_as_mni_average_305_t4_vox2vox.txt
lta_convert --src orig_nu.mgz --trg /opt/freesurfer/average/mni305.cor.mgz --inxfm transforms/talairach.auto.xfm --outlta transforms/talairach.auto.xfm.lta --subject fsaverage
7.3.2

--src: orig_nu.mgz src image (geometry).
--trg: /opt/freesurfer/average/mni305.cor.mgz trg image (geometry).
--inmni: transforms/talairach.auto.xfm input MNI/XFM transform.
--outlta: transforms/talairach.auto.xfm.lta output LTA.
--s: fsaverage subject name
 LTA read, type : 1
 1.09389  -0.05176  -0.00457  -2.02185;
 0.02550   1.01699   0.20208  -14.16686;
-0.01825  -0.13177   1.04957  -17.11897;
 0.00000   0.00000   0.00000   1.00000;
setting subject to fsaverage
Writing  LTA to file transforms/talairach.auto.xfm.lta...
lta_convert successful.
 
 
Started at Tue Mar 10 06:00:26 CET 2026
Ended   at Tue Mar 10 06:01:53 CET 2026
talairach_avi done
