status file for recon-all
Tue Mar 10 08:08:05 CET 2026
#@# Tessellate rh Tue Mar 10 08:08:05 CET 2026
#@# Smooth1 rh Tue Mar 10 08:08:09 CET 2026
#@# Inflation1 rh Tue Mar 10 08:08:11 CET 2026
#@# QSphere rh Tue Mar 10 08:08:23 CET 2026
#@# Fix Topology rh Tue Mar 10 08:09:34 CET 2026
#@# Smooth2 rh Tue Mar 10 08:15:12 CET 2026
#@# Inflation2 rh Tue Mar 10 08:15:15 CET 2026
#@# Curv .H and .K rh Tue Mar 10 08:15:28 CET 2026
#@# Sphere rh Tue Mar 10 08:16:10 CET 2026
#@# Surf Reg rh Tue Mar 10 08:20:54 CET 2026
#@# Jacobian white rh Tue Mar 10 08:26:30 CET 2026
#@# AvgCurv rh Tue Mar 10 08:26:31 CET 2026
#@# Cortical Parc rh Tue Mar 10 08:26:31 CET 2026
#@# white curv rh Tue Mar 10 08:32:19 CET 2026
#@# white area rh Tue Mar 10 08:32:21 CET 2026
#@# pial curv rh Tue Mar 10 08:32:22 CET 2026
#@# pial area rh Tue Mar 10 08:32:23 CET 2026
#@# thickness rh Tue Mar 10 08:32:24 CET 2026
#@# area and vertex vol rh Tue Mar 10 08:32:52 CET 2026
#@# Curvature Stats rh Tue Mar 10 08:32:54 CET 2026
#@# Cortical Parc 2 rh Tue Mar 10 08:32:56 CET 2026
#@# Cortical Parc 3 rh Tue Mar 10 08:33:08 CET 2026
#@# WM/GM Contrast rh Tue Mar 10 08:33:18 CET 2026
recon-all -s sub-v1s6x0051372_ses-1 finished without error at Tue Mar 10 08:33:21 CET 2026



#New# invocation of recon-all 



status file for recon-all
Tue Mar 10 08:40:05 CET 2026
#@# white curv rh Tue Mar 10 08:40:05 CET 2026
#@# white area rh Tue Mar 10 08:40:05 CET 2026
#@# pial curv rh Tue Mar 10 08:40:05 CET 2026
#@# pial area rh Tue Mar 10 08:40:05 CET 2026
#@# thickness rh Tue Mar 10 08:40:05 CET 2026
#@# area and vertex vol rh Tue Mar 10 08:40:05 CET 2026
#@# Parcellation Stats rh Tue Mar 10 08:40:05 CET 2026
#@# Parcellation Stats 2 rh Tue Mar 10 08:40:22 CET 2026
#@# Parcellation Stats 3 rh Tue Mar 10 08:40:30 CET 2026
#@# BA_exvivo Labels rh Tue Mar 10 08:40:38 CET 2026
recon-all -s sub-v1s6x0051372_ses-1 finished without error at Tue Mar 10 08:43:12 CET 2026
