/out/sourcedata/freesurfer/sub-v1s6x0051368_ses-1/mri
/opt/freesurfer/bin/talairach_avi
--i orig_nu.mgz --xfm transforms/talairach.auto.xfm
talairach_avi 7.3.2
Linux dna074 5.14.0-427.37.1.el9_4.x86_64 #1 SMP PREEMPT_DYNAMIC Fri Sep 13 12:41:50 EDT 2024 x86_64 x86_64 x86_64 GNU/Linux
Tue Mar 10 05:52:13 CET 2026
mri_convert orig_nu.mgz talsrcimg.img 
reading from orig_nu.mgz...
TR=0.00, TE=0.00, TI=0.00, flip angle=0.00
i_ras = (-1, 0, 0)
j_ras = (0, 0, -1)
k_ras = (0, 1, 0)
writing to talsrcimg.img...
Analyze Output Matrix
-1.00000   0.00000   0.00000   133.56779;
 0.00000   0.00000   1.00000  -127.32204;
 0.00000  -1.00000   0.00000   126.61017;
 0.00000   0.00000   0.00000   1.00000;
--------------------
INFO: set hdr.hist.orient to -1
mpr2mni305 talsrcimg
Tue Mar 10 05:52:13 CET 2026
/opt/freesurfer/bin/mpr2mni305 talsrcimg
mpr2mni305 7.3.2
target=711-2C_as_mni_average_305

---------------------------------------------------------------------
analyzeto4dfp talsrcimg -O0 -y
---------------------------------------------------------------------

freesurfer ifh2hdr.c
Tue Mar 10 05:52:13 2026
Writing: talsrcimg.4dfp.hdr
freesurfer analyzeto4dfp.c
Reading: talsrcimg.hdr
header size 348 bytes
hdr.dime.datatype	offset=70	value=2
hdr.dime.bitpix		offset=72	value=8
hdr.hist.orient		offset=252	value=-1
dimensionality     4
dimensions       256       256       256         1
Reading: talsrcimg.img
Writing: talsrcimg.4dfp.img
Writing: talsrcimg.4dfp.ifh
ifh2hdr talsrcimg -r0to227
ori=2

---------------------------------------------------------------------
gauss_4dfp talsrcimg 1.1
---------------------------------------------------------------------

freesurfer gauss_4dfp.c
Reading: talsrcimg.4dfp.img
Writing: talsrcimg_g11.4dfp.img
image dimensions 256 256 256 padded to 288 288 288
processing volume 1freesurfer ifh2hdr.c
Tue Mar 10 05:52:15 2026
Writing: talsrcimg_g11.4dfp.hdr

Writing: talsrcimg_g11.4dfp.ifh
including: talsrcimg.4dfp.img.rec in talsrcimg_g11.4dfp.img.rec

---------------------------------------------------------------------
imgreg_4dfp /opt/freesurfer/average/711-2C_as_mni_average_305 none talsrcimg_g11 none talsrcimg_to_711-2C_as_mni_average_305_t4 4355
---------------------------------------------------------------------

freesurfer imgreg_4dfp.c
/opt/freesurfer/average/711-2C_as_mni_average_305.4dfp.img
       256       256       256         1
  1.000000  1.000000  1.000000
orientation T byte_order littleendian
Reading image: /opt/freesurfer/average/711-2C_as_mni_average_305.4dfp.img
dimensions:      256       256       256
mmppix:       1.0000   -1.0000   -1.0000
center:     128.0000 -129.0000 -129.0000
talsrcimg_g11.4dfp.img
       256       256       256         1
  1.000000  1.000000  1.000000
orientation T byte_order littleendian
Reading image: talsrcimg_g11.4dfp.img
dimensions:      256       256       256
mmppix:       1.0000   -1.0000   -1.0000
center:     128.0000 -129.0000 -129.0000
t4_read: open error in t4_sub.f l:  41 t4_file(1:l)talsrcimg_to_711-2C_as_mni_average_305_t4 
t4_read: transform initialized to I4
rotation matrix determinant  1.000000
image alignment mode   4355 decimal     1103 hex
   -7.5000  -45.0000  -45.0000 6892.6719   15.1084
    0.0000  -45.0000  -45.0000 7218.4761   15.1988
    7.5000  -45.0000  -45.0000 6844.7329   15.1659
   -7.5000  -37.5000  -45.0000 7478.8774   14.6841
    0.0000  -37.5000  -45.0000 7801.9829   14.7678
    7.5000  -37.5000  -45.0000 7408.6357   14.7332
   -7.5000  -30.0000  -45.0000 8343.8340   14.3752
    0.0000  -30.0000  -45.0000 8688.8164   14.4609
    7.5000  -30.0000  -45.0000 8248.2744   14.4265
   -7.5000  -22.5000  -45.0000 9309.6572   14.2571
    0.0000  -22.5000  -45.0000 9689.7441   14.3521
    7.5000  -22.5000  -45.0000 9193.3496   14.3230
   -7.5000  -15.0000  -45.000010263.8301   14.1981
    0.0000  -15.0000  -45.000010692.4961   14.2972
    7.5000  -15.0000  -45.000010141.9893   14.2733
   -7.5000   -7.5000  -45.000011228.0107   14.1515
    0.0000   -7.5000  -45.000011702.1895   14.2436
    7.5000   -7.5000  -45.000011109.8096   14.2186
   -7.5000    0.0000  -45.000012135.5361   14.1377
    0.0000    0.0000  -45.000012635.0234   14.2199
    7.5000    0.0000  -45.000012015.3389   14.1901
   -7.5000    7.5000  -45.000012083.6299   14.1602
    0.0000    7.5000  -45.000012603.6592   14.2390
    7.5000    7.5000  -45.000011968.7363   14.2055
   -7.5000   15.0000  -45.000011913.2822   14.1951
    0.0000   15.0000  -45.000012461.6631   14.2794
    7.5000   15.0000  -45.000011839.8828   14.2454
   -7.5000   22.5000  -45.000011715.5303   14.2042
    0.0000   22.5000  -45.000012216.0674   14.2989
    7.5000   22.5000  -45.000011615.3799   14.2695
   -7.5000   30.0000  -45.000011220.0977   13.9961
    0.0000   30.0000  -45.000011713.3516   14.0938
    7.5000   30.0000  -45.000011122.2012   14.0701
   -7.5000   37.5000  -45.000011061.5928   13.9629
    0.0000   37.5000  -45.000011550.7646   14.0538
    7.5000   37.5000  -45.000010957.9590   14.0291
   -7.5000   45.0000  -45.000010559.2236   13.5951
    0.0000   45.0000  -45.000011011.2246   13.6741
    7.5000   45.0000  -45.000010457.2207   13.6455
   -7.5000  -45.0000  -37.5000 7229.1973   15.1079
    0.0000  -45.0000  -37.5000 7526.3589   15.2033
    7.5000  -45.0000  -37.5000 7142.0947   15.1722
   -7.5000  -37.5000  -37.5000 7830.6128   14.6735
    0.0000  -37.5000  -37.5000 8138.7173   14.7617
    7.5000  -37.5000  -37.5000 7735.7241   14.7303
   -7.5000  -30.0000  -37.5000 8750.6836   14.3592
    0.0000  -30.0000  -37.5000 9096.9043   14.4477
    7.5000  -30.0000  -37.5000 8642.2471   14.4151
   -7.5000  -22.5000  -37.5000 9796.8115   14.2467
    0.0000  -22.5000  -37.500010190.5381   14.3430
    7.5000  -22.5000  -37.5000 9671.7383   14.3130
   -7.5000  -15.0000  -37.500010800.7861   14.1975
    0.0000  -15.0000  -37.500011239.5537   14.2978
    7.5000  -15.0000  -37.500010683.4023   14.2712
   -7.5000   -7.5000  -37.500011799.9150   14.1557
    0.0000   -7.5000  -37.500012279.1289   14.2508
    7.5000   -7.5000  -37.500011692.7363   14.2245
   -7.5000    0.0000  -37.500012747.0322   14.1382
    0.0000    0.0000  -37.500013243.9541   14.2249
    7.5000    0.0000  -37.500012614.3535   14.1966
   -7.5000    7.5000  -37.500012690.8906   14.1509
    0.0000    7.5000  -37.500013172.6416   14.2338
    7.5000    7.5000  -37.500012533.1543   14.2031
   -7.5000   15.0000  -37.500012511.4365   14.1797
    0.0000   15.0000  -37.500013021.3760   14.2669
    7.5000   15.0000  -37.500012400.7715   14.2345
   -7.5000   22.5000  -37.500012285.7734   14.1939
    0.0000   22.5000  -37.500012774.7871   14.2899
    7.5000   22.5000  -37.500012184.4512   14.2597
   -7.5000   30.0000  -37.500011784.6484   13.9956
    0.0000   30.0000  -37.500012262.5635   14.0944
    7.5000   30.0000  -37.500011706.5684   14.0680
   -7.5000   37.5000  -37.500011609.2344   13.9671
    0.0000   37.5000  -37.500012084.4736   14.0609
    7.5000   37.5000  -37.500011520.3916   14.0349
   -7.5000   45.0000  -37.500011065.8408   13.5956
    0.0000   45.0000  -37.500011500.7471   13.6789
    7.5000   45.0000  -37.500010961.6172   13.6517
   -7.5000  -45.0000  -30.0000 7634.1294   15.7137
    0.0000  -45.0000  -30.0000 7951.2017   15.8179
    7.5000  -45.0000  -30.0000 7569.1392   15.7920
   -7.5000  -37.5000  -30.0000 8292.3574   15.2612
    0.0000  -37.5000  -30.0000 8614.9521   15.3575
    7.5000  -37.5000  -30.0000 8196.3301   15.3305
   -7.5000  -30.0000  -30.0000 9305.9473   14.9276
    0.0000  -30.0000  -30.0000 9673.6729   15.0227
    7.5000  -30.0000  -30.0000 9179.9727   14.9918
   -7.5000  -22.5000  -30.000010408.9727   14.8078
    0.0000  -22.5000  -30.000010824.1143   14.9103
    7.5000  -22.5000  -30.000010278.4619   14.8801
   -7.5000  -15.0000  -30.000011474.5420   14.7597
    0.0000  -15.0000  -30.000011924.3223   14.8670
    7.5000  -15.0000  -30.000011356.7861   14.8404
   -7.5000   -7.5000  -30.000012541.7148   14.7231
    0.0000   -7.5000  -30.000013017.5898   14.8263
    7.5000   -7.5000  -30.000012412.0527   14.8030
   -7.5000    0.0000  -30.000013555.0986   14.7087
    0.0000    0.0000  -30.000014055.8242   14.8040
    7.5000    0.0000  -30.000013388.3506   14.7813
   -7.5000    7.5000  -30.000013461.9443   14.7184
    0.0000    7.5000  -30.000013962.0312   14.8092
    7.5000    7.5000  -30.000013290.5264   14.7828
   -7.5000   15.0000  -30.000013285.2324   14.7418
    0.0000   15.0000  -30.000013775.4053   14.8354
    7.5000   15.0000  -30.000013150.3701   14.8046
   -7.5000   22.5000  -30.000013041.0996   14.7517
    0.0000   22.5000  -30.000013547.4209   14.8538
    7.5000   22.5000  -30.000012956.0859   14.8233
   -7.5000   30.0000  -30.000012541.8838   14.5512
    0.0000   30.0000  -30.000013030.1631   14.6570
    7.5000   30.0000  -30.000012470.0527   14.6306
   -7.5000   37.5000  -30.000012338.8193   14.5283
    0.0000   37.5000  -30.000012837.4600   14.6301
    7.5000   37.5000  -30.000012257.7510   14.6072
   -7.5000   45.0000  -30.000011690.4111   14.1545
    0.0000   45.0000  -30.000012124.5625   14.2463
    7.5000   45.0000  -30.000011598.7891   14.2244
   -7.5000  -45.0000  -22.5000 8051.4487   16.2211
    0.0000  -45.0000  -22.5000 8370.8408   16.3282
    7.5000  -45.0000  -22.5000 7990.9902   16.3060
   -7.5000  -37.5000  -22.5000 8766.3486   15.7646
    0.0000  -37.5000  -22.5000 9097.0762   15.8637
    7.5000  -37.5000  -22.5000 8666.1992   15.8382
   -7.5000  -30.0000  -22.5000 9840.2383   15.4188
    0.0000  -30.0000  -22.500010222.4766   15.5171
    7.5000  -30.0000  -22.5000 9712.9404   15.4868
   -7.5000  -22.5000  -22.500011003.7490   15.2859
    0.0000  -22.5000  -22.500011418.9570   15.3932
    7.5000  -22.5000  -22.500010861.9990   15.3644
   -7.5000  -15.0000  -22.500012137.8154   15.2283
    0.0000  -15.0000  -22.500012598.6279   15.3416
    7.5000  -15.0000  -22.500012002.0352   15.3190
   -7.5000   -7.5000  -22.500013250.3516   15.1927
    0.0000   -7.5000  -22.500013742.6973   15.3007
    7.5000   -7.5000  -22.500013101.3613   15.2829
   -7.5000    0.0000  -22.500014313.4766   15.1865
    0.0000    0.0000  -22.500014836.6816   15.2852
    7.5000    0.0000  -22.500014134.3721   15.2670
   -7.5000    7.5000  -22.500014221.0254   15.2036
    0.0000    7.5000  -22.500014744.4688   15.2974
    7.5000    7.5000  -22.500014053.2236   15.2730
   -7.5000   15.0000  -22.500014048.0752   15.2271
    0.0000   15.0000  -22.500014536.9395   15.3240
    7.5000   15.0000  -22.500013876.7969   15.2936
   -7.5000   22.5000  -22.500013782.0723   15.2270
    0.0000   22.5000  -22.500014294.5508   15.3339
    7.5000   22.5000  -22.500013656.5234   15.3049
   -7.5000   30.0000  -22.500013263.1729   15.0155
    0.0000   30.0000  -22.500013760.5957   15.1272
    7.5000   30.0000  -22.500013142.2754   15.1047
   -7.5000   37.5000  -22.500013053.9180   14.9939
    0.0000   37.5000  -22.500013559.2070   15.1005
    7.5000   37.5000  -22.500012947.4736   15.0830
   -7.5000   45.0000  -22.500012277.1240   14.6253
    0.0000   45.0000  -22.500012718.7344   14.7204
    7.5000   45.0000  -22.500012162.9434   14.7029
   -7.5000  -45.0000  -15.0000 8429.6758   16.6061
    0.0000  -45.0000  -15.0000 8759.7109   16.7117
    7.5000  -45.0000  -15.0000 8383.9365   16.6880
   -7.5000  -37.5000  -15.0000 9189.4297   16.1507
    0.0000  -37.5000  -15.0000 9537.6650   16.2486
    7.5000  -37.5000  -15.0000 9105.9844   16.2200
   -7.5000  -30.0000  -15.000010312.0762   15.8017
    0.0000  -30.0000  -15.000010699.4150   15.9006
    7.5000  -30.0000  -15.000010196.3184   15.8687
   -7.5000  -22.5000  -15.000011534.8359   15.6581
    0.0000  -22.5000  -15.000011944.8428   15.7682
    7.5000  -22.5000  -15.000011387.8496   15.7409
   -7.5000  -15.0000  -15.000012711.9121   15.5877
    0.0000  -15.0000  -15.000013191.0859   15.7042
    7.5000  -15.0000  -15.000012585.4922   15.6850
   -7.5000   -7.5000  -15.000013891.9727   15.5471
    0.0000   -7.5000  -15.000014433.4375   15.6560
    7.5000   -7.5000  -15.000013764.3350   15.6402
   -7.5000    0.0000  -15.000015040.6787   15.5463
    0.0000    0.0000  -15.000015615.8945   15.6437
    7.5000    0.0000  -15.000014892.8555   15.6244
   -7.5000    7.5000  -15.000014986.8125   15.5751
    0.0000    7.5000  -15.000015573.7051   15.6677
    7.5000    7.5000  -15.000014855.3037   15.6407
   -7.5000   15.0000  -15.000014803.5674   15.6048
    0.0000   15.0000  -15.000015356.0684   15.7022
    7.5000   15.0000  -15.000014635.9658   15.6703
   -7.5000   22.5000  -15.000014518.8906   15.5970
    0.0000   22.5000  -15.000015054.9502   15.7066
    7.5000   22.5000  -15.000014330.8906   15.6790
   -7.5000   30.0000  -15.000013966.0303   15.3720
    0.0000   30.0000  -15.000014487.2832   15.4869
    7.5000   30.0000  -15.000013775.9043   15.4678
   -7.5000   37.5000  -15.000013723.1035   15.3459
    0.0000   37.5000  -15.000014277.7725   15.4534
    7.5000   37.5000  -15.000013585.3535   15.4377
   -7.5000   45.0000  -15.000012885.1348   14.9809
    0.0000   45.0000  -15.000013365.4492   15.0747
    7.5000   45.0000  -15.000012740.4951   15.0562
   -7.5000  -45.0000   -7.5000 8834.4033   16.8357
    0.0000  -45.0000   -7.5000 9149.9551   16.9377
    7.5000  -45.0000   -7.5000 8756.4521   16.9067
   -7.5000  -37.5000   -7.5000 9641.4971   16.3742
    0.0000  -37.5000   -7.5000 9988.0400   16.4687
    7.5000  -37.5000   -7.5000 9536.0439   16.4338
   -7.5000  -30.0000   -7.500010799.9189   16.0279
    0.0000  -30.0000   -7.500011183.3994   16.1248
    7.5000  -30.0000   -7.500010652.7861   16.0891
   -7.5000  -22.5000   -7.500012042.2412   15.8858
    0.0000  -22.5000   -7.500012469.0898   15.9943
    7.5000  -22.5000   -7.500011878.1670   15.9650
   -7.5000  -15.0000   -7.500013282.9443   15.8115
    0.0000  -15.0000   -7.500013792.7578   15.9258
    7.5000  -15.0000   -7.500013123.1924   15.9043
   -7.5000   -7.5000   -7.500014566.2988   15.7628
    0.0000   -7.5000   -7.500015151.7383   15.8684
    7.5000   -7.5000   -7.500014400.6172   15.8473
   -7.5000    0.0000   -7.500015881.2295   15.7573
    0.0000    0.0000   -7.500016538.9570   15.8506
    7.5000    0.0000   -7.500015686.3506   15.8238
   -7.5000    7.5000   -7.500015966.3682   15.7899
    0.0000    7.5000   -7.500016682.5625   15.8791
    7.5000    7.5000   -7.500015714.9590   15.8458
   -7.5000   15.0000   -7.500015767.8838   15.8274
    0.0000   15.0000   -7.500016476.4590   15.9228
    7.5000   15.0000   -7.500015472.6074   15.8872
   -7.5000   22.5000   -7.500015431.0879   15.8218
    0.0000   22.5000   -7.500016131.5791   15.9298
    7.5000   22.5000   -7.500015112.3320   15.9003
   -7.5000   30.0000   -7.500014826.6494   15.5923
    0.0000   30.0000   -7.500015508.3867   15.7049
    7.5000   30.0000   -7.500014485.0254   15.6836
   -7.5000   37.5000   -7.500014578.0000   15.5583
    0.0000   37.5000   -7.500015218.4277   15.6626
    7.5000   37.5000   -7.500014256.0791   15.6418
   -7.5000   45.0000   -7.500013644.0635   15.1871
    0.0000   45.0000   -7.500014179.9199   15.2770
    7.5000   45.0000   -7.500013345.5410   15.2512
   -7.5000  -45.0000    0.0000 9095.0996   16.9067
    0.0000  -45.0000    0.0000 9456.5957   17.0079
    7.5000  -45.0000    0.0000 8988.7471   16.9710
   -7.5000  -37.5000    0.0000 9958.3047   16.4319
    0.0000  -37.5000    0.000010360.8535   16.5256
    7.5000  -37.5000    0.0000 9861.3623   16.4868
   -7.5000  -30.0000    0.000011152.4023   16.0862
    0.0000  -30.0000    0.000011590.2354   16.1821
    7.5000  -30.0000    0.000011060.9795   16.1437
   -7.5000  -22.5000    0.000012415.1230   15.9541
    0.0000  -22.5000    0.000012932.2559   16.0604
    7.5000  -22.5000    0.000012336.3984   16.0279
   -7.5000  -15.0000    0.000013704.4121   15.8880
    0.0000  -15.0000    0.000014280.6475   15.9989
    7.5000  -15.0000    0.000013574.8711   15.9722
   -7.5000   -7.5000    0.000015131.8135   15.8359
    0.0000   -7.5000    0.000015783.7432   15.9390
    7.5000   -7.5000    0.000014905.2344   15.9109
   -7.5000    0.0000    0.000016729.5801   15.8205
    0.0000    0.0000    0.000017543.5059   15.9124
    7.5000    0.0000    0.000016359.8818   15.8791
   -7.5000    7.5000    0.000017107.5449   15.8457
    0.0000    7.5000    0.000018060.5098   15.9338
    7.5000    7.5000    0.000016510.0527   15.8963
   -7.5000   15.0000    0.000016888.0371   15.8847
    0.0000   15.0000    0.000017828.7695   15.9791
    7.5000   15.0000    0.000016187.7676   15.9409
   -7.5000   22.5000    0.000016338.3057   15.8898
    0.0000   22.5000    0.000017196.2832   15.9956
    7.5000   22.5000    0.000015706.8926   15.9628
   -7.5000   30.0000    0.000015588.5830   15.6681
    0.0000   30.0000    0.000016381.0625   15.7775
    7.5000   30.0000    0.000015055.3496   15.7509
   -7.5000   37.5000    0.000015274.4326   15.6309
    0.0000   37.5000    0.000016014.1318   15.7327
    7.5000   37.5000    0.000014833.7383   15.7050
   -7.5000   45.0000    0.000014201.3730   15.2492
    0.0000   45.0000    0.000014841.0117   15.3377
    7.5000   45.0000    0.000013862.4678   15.3056
   -7.5000  -45.0000    7.5000 8647.1924   16.9061
    0.0000  -45.0000    7.5000 9060.3604   17.0129
    7.5000  -45.0000    7.5000 8586.0879   16.9781
   -7.5000  -37.5000    7.5000 9524.7275   16.4200
    0.0000  -37.5000    7.5000 9989.7920   16.5187
    7.5000  -37.5000    7.5000 9450.2578   16.4836
   -7.5000  -30.0000    7.500010682.1455   16.0683
    0.0000  -30.0000    7.500011203.5557   16.1674
    7.5000  -30.0000    7.500010588.9814   16.1309
   -7.5000  -22.5000    7.500011918.8105   15.9424
    0.0000  -22.5000    7.500012537.1826   16.0502
    7.5000  -22.5000    7.500011822.7637   16.0167
   -7.5000  -15.0000    7.500013203.5977   15.8874
    0.0000  -15.0000    7.500013876.9619   15.9996
    7.5000  -15.0000    7.500013004.5293   15.9698
   -7.5000   -7.5000    7.500014580.6494   15.8406
    0.0000   -7.5000    7.500015314.5801   15.9470
    7.5000   -7.5000    7.500014263.8467   15.9175
   -7.5000    0.0000    7.500016167.6279   15.8211
    0.0000    0.0000    7.500017008.6074   15.9180
    7.5000    0.0000    7.500015624.7012   15.8864
   -7.5000    7.5000    7.500016575.6094   15.8352
    0.0000    7.5000    7.500017661.3809   15.9280
    7.5000    7.5000    7.500015775.7334   15.8936
   -7.5000   15.0000    7.500016391.5410   15.8675
    0.0000   15.0000    7.500017435.7070   15.9650
    7.5000   15.0000    7.500015528.3848   15.9288
   -7.5000   22.5000    7.500015768.9961   15.8782
    0.0000   22.5000    7.500016634.7324   15.9856
    7.5000   22.5000    7.500015042.0332   15.9518
   -7.5000   30.0000    7.500014957.8848   15.6675
    0.0000   30.0000    7.500015739.2471   15.7782
    7.5000   30.0000    7.500014418.6504   15.7487
   -7.5000   37.5000    7.500014608.9639   15.6356
    0.0000   37.5000    7.500015340.4629   15.7406
    7.5000   37.5000    7.500014222.5449   15.7115
   -7.5000   45.0000    7.500013559.3467   15.2497
    0.0000   45.0000    7.500014222.0127   15.3431
    7.5000   45.0000    7.500013316.4902   15.3127
   -7.5000  -45.0000   15.0000 8020.3188   16.8773
    0.0000  -45.0000   15.0000 8446.0703   16.9892
    7.5000  -45.0000   15.0000 7970.1636   16.9614
   -7.5000  -37.5000   15.0000 8900.4180   16.3912
    0.0000  -37.5000   15.0000 9385.1660   16.4946
    7.5000  -37.5000   15.0000 8819.7549   16.4656
   -7.5000  -30.0000   15.000010057.2168   16.0329
    0.0000  -30.0000   15.000010587.3154   16.1349
    7.5000  -30.0000   15.0000 9940.5811   16.1017
   -7.5000  -22.5000   15.000011260.9082   15.9042
    0.0000  -22.5000   15.000011863.3105   16.0142
    7.5000  -22.5000   15.000011144.4668   15.9817
   -7.5000  -15.0000   15.000012440.1504   15.8525
    0.0000  -15.0000   15.000013089.4434   15.9677
    7.5000  -15.0000   15.000012292.4521   15.9391
   -7.5000   -7.5000   15.000013649.8789   15.8132
    0.0000   -7.5000   15.000014290.7930   15.9239
    7.5000   -7.5000   15.000013476.2793   15.8989
   -7.5000    0.0000   15.000015005.3350   15.7976
    0.0000    0.0000   15.000015713.8740   15.9000
    7.5000    0.0000   15.000014752.5547   15.8756
   -7.5000    7.5000   15.000015131.6104   15.8080
    0.0000    7.5000   15.000016023.9785   15.9055
    7.5000    7.5000   15.000014832.5381   15.8772
   -7.5000   15.0000   15.000014952.2578   15.8333
    0.0000   15.0000   15.000015775.2031   15.9337
    7.5000   15.0000   15.000014616.6953   15.9007
   -7.5000   22.5000   15.000014543.2998   15.8405
    0.0000   22.5000   15.000015283.5293   15.9500
    7.5000   22.5000   15.000014208.9561   15.9173
   -7.5000   30.0000   15.000013955.6660   15.6331
    0.0000   30.0000   15.000014635.9043   15.7467
    7.5000   30.0000   15.000013664.6494   15.7184
   -7.5000   37.5000   15.000013716.5244   15.6085
    0.0000   37.5000   15.000014391.4277   15.7178
    7.5000   37.5000   15.000013461.2881   15.6932
   -7.5000   45.0000   15.000012786.7998   15.2271
    0.0000   45.0000   15.000013413.2832   15.3257
    7.5000   45.0000   15.000012593.1045   15.3022
   -7.5000  -45.0000   22.5000 7313.3804   16.8837
    0.0000  -45.0000   22.5000 7682.1963   16.9952
    7.5000  -45.0000   22.5000 7239.4727   16.9721
   -7.5000  -37.5000   22.5000 8147.7998   16.4080
    0.0000  -37.5000   22.5000 8546.5801   16.5112
    7.5000  -37.5000   22.5000 8062.4053   16.4847
   -7.5000  -30.0000   22.5000 9198.1826   16.0472
    0.0000  -30.0000   22.5000 9639.2129   16.1495
    7.5000  -30.0000   22.5000 9123.5518   16.1180
   -7.5000  -22.5000   22.500010311.9678   15.9085
    0.0000  -22.5000   22.500010789.5527   16.0202
    7.5000  -22.5000   22.500010241.8643   15.9902
   -7.5000  -15.0000   22.500011374.6133   15.8484
    0.0000  -15.0000   22.500011878.7471   15.9662
    7.5000  -15.0000   22.500011311.4531   15.9426
   -7.5000   -7.5000   22.500012479.8662   15.8112
    0.0000   -7.5000   22.500012972.2480   15.9235
    7.5000   -7.5000   22.500012416.1533   15.9050
   -7.5000    0.0000   22.500013659.2178   15.8048
    0.0000    0.0000   22.500014238.1260   15.9074
    7.5000    0.0000   22.500013582.7510   15.8886
   -7.5000    7.5000   22.500013728.7529   15.8227
    0.0000    7.5000   22.500014412.0332   15.9202
    7.5000    7.5000   22.500013622.6572   15.8949
   -7.5000   15.0000   22.500013529.3389   15.8473
    0.0000   15.0000   22.500014142.8184   15.9480
    7.5000   15.0000   22.500013402.4678   15.9164
   -7.5000   22.5000   22.500013174.1064   15.8447
    0.0000   22.5000   22.500013747.3262   15.9559
    7.5000   22.5000   22.500013038.1211   15.9257
   -7.5000   30.0000   22.500012721.2627   15.6291
    0.0000   30.0000   22.500013256.7607   15.7452
    7.5000   30.0000   22.500012589.6660   15.7219
   -7.5000   37.5000   22.500012614.6465   15.6065
    0.0000   37.5000   22.500013195.1875   15.7174
    7.5000   37.5000   22.500012491.5010   15.6992
   -7.5000   45.0000   22.500011853.9541   15.2340
    0.0000   45.0000   22.500012408.2764   15.3329
    7.5000   45.0000   22.500011739.8066   15.3148
   -7.5000  -45.0000   30.0000 6657.1738   17.2397
    0.0000  -45.0000   30.0000 6965.3501   17.3517
    7.5000  -45.0000   30.0000 6591.4829   17.3267
   -7.5000  -37.5000   30.0000 7423.0957   16.7579
    0.0000  -37.5000   30.0000 7744.8027   16.8617
    7.5000  -37.5000   30.0000 7347.5513   16.8317
   -7.5000  -30.0000   30.0000 8401.4199   16.3870
    0.0000  -30.0000   30.0000 8751.6016   16.4917
    7.5000  -30.0000   30.0000 8333.3447   16.4583
   -7.5000  -22.5000   30.0000 9423.1904   16.2348
    0.0000  -22.5000   30.0000 9819.1182   16.3512
    7.5000  -22.5000   30.0000 9362.7480   16.3224
   -7.5000  -15.0000   30.000010426.2207   16.1606
    0.0000  -15.0000   30.000010844.1270   16.2837
    7.5000  -15.0000   30.000010377.2900   16.2633
   -7.5000   -7.5000   30.000011464.5732   16.1180
    0.0000   -7.5000   30.000011885.4902   16.2331
    7.5000   -7.5000   30.000011396.9707   16.2162
   -7.5000    0.0000   30.000012535.9883   16.1172
    0.0000    0.0000   30.000013037.5029   16.2201
    7.5000    0.0000   30.000012456.1367   16.1999
   -7.5000    7.5000   30.000012590.9482   16.1472
    0.0000    7.5000   30.000013149.2686   16.2452
    7.5000    7.5000   30.000012497.3418   16.2169
   -7.5000   15.0000   30.000012393.0156   16.1782
    0.0000   15.0000   30.000012910.8223   16.2813
    7.5000   15.0000   30.000012289.8975   16.2478
   -7.5000   22.5000   30.000012080.9092   16.1684
    0.0000   22.5000   30.000012577.0352   16.2842
    7.5000   22.5000   30.000011964.1992   16.2551
   -7.5000   30.0000   30.000011667.1152   15.9367
    0.0000   30.0000   30.000012141.3252   16.0581
    7.5000   30.0000   30.000011550.6387   16.0377
   -7.5000   37.5000   30.000011620.9824   15.9094
    0.0000   37.5000   30.000012118.6367   16.0230
    7.5000   37.5000   30.000011523.0859   16.0064
   -7.5000   45.0000   30.000010978.4619   15.5351
    0.0000   45.0000   30.000011455.0293   15.6343
    7.5000   45.0000   30.000010870.7393   15.6148
   -7.5000  -45.0000   37.5000 6315.8149   17.8148
    0.0000  -45.0000   37.5000 6633.3398   17.9266
    7.5000  -45.0000   37.5000 6268.0776   17.8926
   -7.5000  -37.5000   37.5000 7065.2896   17.3076
    0.0000  -37.5000   37.5000 7384.6396   17.4102
    7.5000  -37.5000   37.5000 6984.2129   17.3713
   -7.5000  -30.0000   37.5000 8028.3916   16.9217
    0.0000  -30.0000   37.5000 8371.2539   17.0268
    7.5000  -30.0000   37.5000 7942.8501   16.9869
   -7.5000  -22.5000   37.5000 9022.7754   16.7614
    0.0000  -22.5000   37.5000 9386.2568   16.8796
    7.5000  -22.5000   37.5000 8936.3047   16.8473
   -7.5000  -15.0000   37.5000 9996.0059   16.6770
    0.0000  -15.0000   37.500010383.8887   16.8021
    7.5000  -15.0000   37.5000 9916.3867   16.7790
   -7.5000   -7.5000   37.500010999.0703   16.6236
    0.0000   -7.5000   37.500011394.4004   16.7394
    7.5000   -7.5000   37.500010918.1826   16.7167
   -7.5000    0.0000   37.500012008.2168   16.6196
    0.0000    0.0000   37.500012464.9912   16.7213
    7.5000    0.0000   37.500011919.9072   16.6920
   -7.5000    7.5000   37.500012026.6689   16.6574
    0.0000    7.5000   37.500012533.2588   16.7540
    7.5000    7.5000   37.500011955.1377   16.7169
   -7.5000   15.0000   37.500011839.7529   16.6988
    0.0000   15.0000   37.500012314.1279   16.8021
    7.5000   15.0000   37.500011762.6797   16.7625
   -7.5000   22.5000   37.500011556.3350   16.6907
    0.0000   22.5000   37.500012014.5801   16.8084
    7.5000   22.5000   37.500011464.0107   16.7758
   -7.5000   30.0000   37.500011186.0293   16.4454
    0.0000   30.0000   37.500011638.1416   16.5687
    7.5000   30.0000   37.500011082.1289   16.5458
   -7.5000   37.5000   37.500011169.3604   16.4085
    0.0000   37.5000   37.500011633.4756   16.5228
    7.5000   37.5000   37.500011078.5957   16.5004
   -7.5000   45.0000   37.500010565.7012   16.0194
    0.0000   45.0000   37.500011035.9473   16.1174
    7.5000   45.0000   37.500010485.2666   16.0891
   -7.5000  -45.0000   45.0000 5742.6982   18.4571
    0.0000  -45.0000   45.0000 6048.7319   18.5749
    7.5000  -45.0000   45.0000 5721.8433   18.5343
   -7.5000  -37.5000   45.0000 6430.3350   17.9009
    0.0000  -37.5000   45.0000 6725.8877   18.0082
    7.5000  -37.5000   45.0000 6373.2964   17.9640
   -7.5000  -30.0000   45.0000 7331.7266   17.4842
    0.0000  -30.0000   45.0000 7639.4487   17.5934
    7.5000  -30.0000   45.0000 7264.8750   17.5491
   -7.5000  -22.5000   45.0000 8273.7637   17.3201
    0.0000  -22.5000   45.0000 8602.3828   17.4423
    7.5000  -22.5000   45.0000 8196.4121   17.4058
   -7.5000  -15.0000   45.0000 9164.9990   17.2397
    0.0000  -15.0000   45.0000 9530.4307   17.3683
    7.5000  -15.0000   45.0000 9099.0605   17.3397
   -7.5000   -7.5000   45.000010086.0068   17.1842
    0.0000   -7.5000   45.000010472.6191   17.3039
    7.5000   -7.5000   45.000010011.4980   17.2740
   -7.5000    0.0000   45.000011007.8477   17.1729
    0.0000    0.0000   45.000011431.4248   17.2787
    7.5000    0.0000   45.000010924.9482   17.2422
   -7.5000    7.5000   45.000011013.1562   17.2034
    0.0000    7.5000   45.000011471.8389   17.3037
    7.5000    7.5000   45.000010953.2812   17.2612
   -7.5000   15.0000   45.000010819.8887   17.2447
    0.0000   15.0000   45.000011273.1172   17.3520
    7.5000   15.0000   45.000010761.2881   17.3082
   -7.5000   22.5000   45.000010589.8984   17.2444
    0.0000   22.5000   45.000011026.6338   17.3661
    7.5000   22.5000   45.000010519.9238   17.3293
   -7.5000   30.0000   45.000010292.4951   16.9982
    0.0000   30.0000   45.000010703.9121   17.1250
    7.5000   30.0000   45.000010197.1514   17.0966
   -7.5000   37.5000   45.000010297.8691   16.9603
    0.0000   37.5000   45.000010710.9873   17.0784
    7.5000   37.5000   45.000010209.6562   17.0490
   -7.5000   45.0000   45.0000 9745.4854   16.5602
    0.0000   45.0000   45.000010159.3115   16.6622
    7.5000   45.0000   45.0000 9655.1875   16.6270

---------------------------------------------------------------------
imgreg_4dfp /opt/freesurfer/average/711-2C_as_mni_average_305 /opt/freesurfer/average/711-2B_as_mni_average_305_mask talsrcimg_g11 none talsrcimg_to_711-2C_as_mni_average_305_t4 4355
---------------------------------------------------------------------

freesurfer imgreg_4dfp.c
/opt/freesurfer/average/711-2C_as_mni_average_305.4dfp.img
       256       256       256         1
  1.000000  1.000000  1.000000
orientation T byte_order littleendian
Reading image: /opt/freesurfer/average/711-2C_as_mni_average_305.4dfp.img
dimensions:      256       256       256
mmppix:       1.0000   -1.0000   -1.0000
center:     128.0000 -129.0000 -129.0000
/opt/freesurfer/average/711-2B_as_mni_average_305_mask.4dfp.img
       256       256       256         1
  1.000000  1.000000  1.000000
orientation T byte_order littleendian
Reading mask: /opt/freesurfer/average/711-2B_as_mni_average_305_mask.4dfp.img (2306576 pixels)
talsrcimg_g11.4dfp.img
       256       256       256         1
  1.000000  1.000000  1.000000
orientation T byte_order littleendian
Reading image: talsrcimg_g11.4dfp.img
dimensions:      256       256       256
mmppix:       1.0000   -1.0000   -1.0000
center:     128.0000 -129.0000 -129.0000
rotation matrix determinant  1.000000
image alignment mode   4355 decimal     1103 hex
   -7.5000  -37.5000  -45.0000 2029.8888   19.3548
    0.0000  -37.5000  -45.0000 2031.9611   19.4643
    7.5000  -37.5000  -45.0000 2010.1963   19.5816
   -7.5000  -30.0000  -45.0000 2141.9563   17.3958
    0.0000  -30.0000  -45.0000 2140.9697   17.4433
    7.5000  -30.0000  -45.0000 2119.5349   17.6102
   -7.5000  -22.5000  -45.0000 2248.6697   15.8410
    0.0000  -22.5000  -45.0000 2246.0686   15.8815
    7.5000  -22.5000  -45.0000 2219.3118   16.0230
   -7.5000  -15.0000  -45.0000 2332.0283   14.6120
    0.0000  -15.0000  -45.0000 2331.8193   14.6119
    7.5000  -15.0000  -45.0000 2304.4214   14.7853
   -7.5000   -7.5000  -45.0000 2399.7742   13.6489
    0.0000   -7.5000  -45.0000 2399.4128   13.6501
    7.5000   -7.5000  -45.0000 2376.3716   13.8308
   -7.5000    0.0000  -45.0000 2436.5186   13.0388
    0.0000    0.0000  -45.0000 2436.8215   12.9900
    7.5000    0.0000  -45.0000 2419.1655   13.1837
   -7.5000    7.5000  -45.0000 2454.9741   12.7611
    0.0000    7.5000  -45.0000 2453.1394   12.7074
    7.5000    7.5000  -45.0000 2433.5115   12.8961
   -7.5000   15.0000  -45.0000 2457.4866   12.7563
    0.0000   15.0000  -45.0000 2453.2834   12.7084
    7.5000   15.0000  -45.0000 2433.7571   12.9072
   -7.5000   22.5000  -45.0000 2446.8115   13.0285
    0.0000   22.5000  -45.0000 2442.8125   12.9489
    7.5000   22.5000  -45.0000 2422.4265   13.1691
   -7.5000   30.0000  -45.0000 2420.3062   13.3981
    0.0000   30.0000  -45.0000 2419.4470   13.3689
    7.5000   30.0000  -45.0000 2396.6440   13.5896
   -7.5000   37.5000  -45.0000 2378.5488   13.9913
    0.0000   37.5000  -45.0000 2382.9578   13.9837
    7.5000   37.5000  -45.0000 2358.9697   14.1798
   -7.5000   45.0000  -45.0000 2322.7925   14.8466
    0.0000   45.0000  -45.0000 2325.8879   14.8306
    7.5000   45.0000  -45.0000 2302.1814   14.9839
   -7.5000   52.5000  -45.0000 2229.8127   15.9106
    0.0000   52.5000  -45.0000 2233.7720   15.8768
    7.5000   52.5000  -45.0000 2206.1987   15.9944
   -7.5000  -37.5000  -37.5000 2081.3591   18.4205
    0.0000  -37.5000  -37.5000 2078.2319   18.4206
    7.5000  -37.5000  -37.5000 2057.0085   18.6313
   -7.5000  -30.0000  -37.5000 2202.1516   16.5541
    0.0000  -30.0000  -37.5000 2200.9546   16.5591
    7.5000  -30.0000  -37.5000 2172.4136   16.7536
   -7.5000  -22.5000  -37.5000 2317.9009   15.0569
    0.0000  -22.5000  -37.5000 2315.6113   15.0408
    7.5000  -22.5000  -37.5000 2284.8635   15.2535
   -7.5000  -15.0000  -37.5000 2407.0784   13.8361
    0.0000  -15.0000  -37.5000 2406.4001   13.7767
    7.5000  -15.0000  -37.5000 2378.8904   14.0081
   -7.5000   -7.5000  -37.5000 2481.4092   12.8588
    0.0000   -7.5000  -37.5000 2478.6709   12.8107
    7.5000   -7.5000  -37.5000 2458.8293   13.0132
   -7.5000    0.0000  -37.5000 2524.4380   12.2088
    0.0000    0.0000  -37.5000 2523.6880   12.1497
    7.5000    0.0000  -37.5000 2504.2705   12.3293
   -7.5000    7.5000  -37.5000 2550.3237   11.8757
    0.0000    7.5000  -37.5000 2543.6431   11.8261
    7.5000    7.5000  -37.5000 2525.0789   11.9932
   -7.5000   15.0000  -37.5000 2552.6116   11.8193
    0.0000   15.0000  -37.5000 2546.5964   11.7671
    7.5000   15.0000  -37.5000 2528.7859   11.9439
   -7.5000   22.5000  -37.5000 2549.1833   12.0550
    0.0000   22.5000  -37.5000 2543.9102   11.9817
    7.5000   22.5000  -37.5000 2526.7864   12.1896
   -7.5000   30.0000  -37.5000 2517.9438   12.3948
    0.0000   30.0000  -37.5000 2518.7300   12.3617
    7.5000   30.0000  -37.5000 2496.9062   12.5694
   -7.5000   37.5000  -37.5000 2483.7881   12.9541
    0.0000   37.5000  -37.5000 2485.9236   12.9020
    7.5000   37.5000  -37.5000 2458.3582   13.1212
   -7.5000   45.0000  -37.5000 2428.9861   13.7204
    0.0000   45.0000  -37.5000 2430.9763   13.6665
    7.5000   45.0000  -37.5000 2398.3953   13.8565
   -7.5000   52.5000  -37.5000 2326.1492   14.6953
    0.0000   52.5000  -37.5000 2330.9775   14.6279
    7.5000   52.5000  -37.5000 2300.6965   14.7878
   -7.5000  -37.5000  -30.0000 2153.6460   18.1394
    0.0000  -37.5000  -30.0000 2155.6377   18.1179
    7.5000  -37.5000  -30.0000 2136.7830   18.4559
   -7.5000  -30.0000  -30.0000 2284.1748   16.3091
    0.0000  -30.0000  -30.0000 2285.7217   16.2774
    7.5000  -30.0000  -30.0000 2256.9658   16.5523
   -7.5000  -22.5000  -30.0000 2405.0308   14.7945
    0.0000  -22.5000  -30.0000 2403.7881   14.7586
    7.5000  -22.5000  -30.0000 2373.8525   15.0103
   -7.5000  -15.0000  -30.0000 2504.8188   13.5705
    0.0000  -15.0000  -30.0000 2503.4158   13.5121
    7.5000  -15.0000  -30.0000 2477.0691   13.7593
   -7.5000   -7.5000  -30.0000 2586.4084   12.5793
    0.0000   -7.5000  -30.0000 2581.8381   12.5056
    7.5000   -7.5000  -30.0000 2564.9104   12.7280
   -7.5000    0.0000  -30.0000 2640.1868   11.8438
    0.0000    0.0000  -30.0000 2639.2405   11.7917
    7.5000    0.0000  -30.0000 2623.5547   11.9954
   -7.5000    7.5000  -30.0000 2672.0049   11.4346
    0.0000    7.5000  -30.0000 2667.8281   11.3791
    7.5000    7.5000  -30.0000 2652.6812   11.5835
   -7.5000   15.0000  -30.0000 2683.2468   11.3221
    0.0000   15.0000  -30.0000 2679.5295   11.2720
    7.5000   15.0000  -30.0000 2668.3423   11.4662
   -7.5000   22.5000  -30.0000 2688.8398   11.5437
    0.0000   22.5000  -30.0000 2686.8967   11.4569
    7.5000   22.5000  -30.0000 2675.9966   11.6703
   -7.5000   30.0000  -30.0000 2663.3613   11.9030
    0.0000   30.0000  -30.0000 2662.8589   11.8482
    7.5000   30.0000  -30.0000 2649.1399   12.0705
   -7.5000   37.5000  -30.0000 2629.7117   12.4555
    0.0000   37.5000  -30.0000 2630.5601   12.3702
    7.5000   37.5000  -30.0000 2607.0234   12.5935
   -7.5000   45.0000  -30.0000 2570.1177   13.1974
    0.0000   45.0000  -30.0000 2569.5300   13.1036
    7.5000   45.0000  -30.0000 2543.4431   13.3049
   -7.5000   52.5000  -30.0000 2461.7776   14.1200
    0.0000   52.5000  -30.0000 2465.0063   14.0155
    7.5000   52.5000  -30.0000 2437.7966   14.1923
   -7.5000  -37.5000  -22.5000 2198.2234   17.8561
    0.0000  -37.5000  -22.5000 2199.7896   17.8384
    7.5000  -37.5000  -22.5000 2183.9846   18.1966
   -7.5000  -30.0000  -22.5000 2331.8003   15.9875
    0.0000  -30.0000  -22.5000 2333.6951   15.9663
    7.5000  -30.0000  -22.5000 2310.4658   16.2429
   -7.5000  -22.5000  -22.5000 2456.1372   14.4614
    0.0000  -22.5000  -22.5000 2455.8049   14.4432
    7.5000  -22.5000  -22.5000 2432.2493   14.6863
   -7.5000  -15.0000  -22.5000 2561.9741   13.2241
    0.0000  -15.0000  -22.5000 2559.5137   13.1837
    7.5000  -15.0000  -22.5000 2536.8406   13.4292
   -7.5000   -7.5000  -22.5000 2651.7334   12.2247
    0.0000   -7.5000  -22.5000 2648.2314   12.1734
    7.5000   -7.5000  -22.5000 2629.2209   12.3922
   -7.5000    0.0000  -22.5000 2719.4902   11.4708
    0.0000    0.0000  -22.5000 2720.4609   11.4273
    7.5000    0.0000  -22.5000 2703.7893   11.6372
   -7.5000    7.5000  -22.5000 2766.1892   10.9900
    0.0000    7.5000  -22.5000 2763.5605   10.9346
    7.5000    7.5000  -22.5000 2754.0137   11.1729
   -7.5000   15.0000  -22.5000 2790.9709   10.8356
    0.0000   15.0000  -22.5000 2787.3379   10.7587
    7.5000   15.0000  -22.5000 2775.6843   10.9887
   -7.5000   22.5000  -22.5000 2798.8799   11.0250
    0.0000   22.5000  -22.5000 2798.5134   10.9517
    7.5000   22.5000  -22.5000 2787.0330   11.1632
   -7.5000   30.0000  -22.5000 2776.1948   11.4017
    0.0000   30.0000  -22.5000 2781.7134   11.3398
    7.5000   30.0000  -22.5000 2764.8989   11.5605
   -7.5000   37.5000  -22.5000 2739.2874   11.9256
    0.0000   37.5000  -22.5000 2743.5371   11.8525
    7.5000   37.5000  -22.5000 2724.1345   12.0673
   -7.5000   45.0000  -22.5000 2672.8379   12.6476
    0.0000   45.0000  -22.5000 2673.7708   12.5539
    7.5000   45.0000  -22.5000 2653.1213   12.7557
   -7.5000   52.5000  -22.5000 2559.3523   13.5466
    0.0000   52.5000  -22.5000 2561.2202   13.4539
    7.5000   52.5000  -22.5000 2539.9302   13.6277
   -7.5000  -37.5000  -15.0000 2207.0994   17.7022
    0.0000  -37.5000  -15.0000 2208.0049   17.6861
    7.5000  -37.5000  -15.0000 2193.9998   18.0757
   -7.5000  -30.0000  -15.0000 2339.5361   15.7745
    0.0000  -30.0000  -15.0000 2340.3970   15.7516
    7.5000  -30.0000  -15.0000 2323.3232   16.0876
   -7.5000  -22.5000  -15.0000 2467.9250   14.2264
    0.0000  -22.5000  -15.0000 2463.4719   14.1843
    7.5000  -22.5000  -15.0000 2446.0669   14.4916
   -7.5000  -15.0000  -15.0000 2576.1172   12.9791
    0.0000  -15.0000  -15.0000 2573.7688   12.9522
    7.5000  -15.0000  -15.0000 2557.8000   13.2328
   -7.5000   -7.5000  -15.0000 2673.6333   11.9685
    0.0000   -7.5000  -15.0000 2672.7686   11.9387
    7.5000   -7.5000  -15.0000 2658.3218   12.2031
   -7.5000    0.0000  -15.0000 2756.2212   11.1984
    0.0000    0.0000  -15.0000 2755.6924   11.1553
    7.5000    0.0000  -15.0000 2745.7102   11.4127
   -7.5000    7.5000  -15.0000 2817.3118   10.7323
    0.0000    7.5000  -15.0000 2820.6216   10.6664
    7.5000    7.5000  -15.0000 2814.3406   10.9190
   -7.5000   15.0000  -15.0000 2853.9248   10.5233
    0.0000   15.0000  -15.0000 2856.2131   10.4304
    7.5000   15.0000  -15.0000 2844.0281   10.6936
   -7.5000   22.5000  -15.0000 2870.8384   10.6497
    0.0000   22.5000  -15.0000 2873.3362   10.5859
    7.5000   22.5000  -15.0000 2857.1543   10.8437
   -7.5000   30.0000  -15.0000 2848.1599   10.9963
    0.0000   30.0000  -15.0000 2858.9026   10.9327
    7.5000   30.0000  -15.0000 2838.4739   11.1589
   -7.5000   37.5000  -15.0000 2807.1748   11.4893
    0.0000   37.5000  -15.0000 2817.5991   11.4359
    7.5000   37.5000  -15.0000 2798.3879   11.6446
   -7.5000   45.0000  -15.0000 2740.2773   12.1915
    0.0000   45.0000  -15.0000 2746.7332   12.1149
    7.5000   45.0000  -15.0000 2727.8784   12.3270
   -7.5000   52.5000  -15.0000 2624.5198   13.0917
    0.0000   52.5000  -15.0000 2631.0693   13.0212
    7.5000   52.5000  -15.0000 2608.4229   13.2072
   -7.5000  -37.5000   -7.5000 2208.0933   17.8869
    0.0000  -37.5000   -7.5000 2201.2380   17.7775
    7.5000  -37.5000   -7.5000 2188.6836   18.2023
   -7.5000  -30.0000   -7.5000 2334.8523   15.8674
    0.0000  -30.0000   -7.5000 2328.5740   15.7568
    7.5000  -30.0000   -7.5000 2312.7371   16.1023
   -7.5000  -22.5000   -7.5000 2457.2236   14.2146
    0.0000  -22.5000   -7.5000 2448.8374   14.1418
    7.5000  -22.5000   -7.5000 2433.3047   14.4629
   -7.5000  -15.0000   -7.5000 2567.8179   12.9324
    0.0000  -15.0000   -7.5000 2561.0444   12.8866
    7.5000  -15.0000   -7.5000 2546.5349   13.1381
   -7.5000   -7.5000   -7.5000 2673.7336   11.9138
    0.0000   -7.5000   -7.5000 2666.8977   11.8983
    7.5000   -7.5000   -7.5000 2657.0830   12.1224
   -7.5000    0.0000   -7.5000 2766.1311   11.1651
    0.0000    0.0000   -7.5000 2761.7913   11.1593
    7.5000    0.0000   -7.5000 2758.1965   11.3482
   -7.5000    7.5000   -7.5000 2845.6685   10.6866
    0.0000    7.5000   -7.5000 2848.9561   10.6736
    7.5000    7.5000   -7.5000 2840.6692   10.8316
   -7.5000   15.0000   -7.5000 2901.4893   10.4443
    0.0000   15.0000   -7.5000 2906.1982   10.3885
    7.5000   15.0000   -7.5000 2884.8462   10.5702
   -7.5000   22.5000   -7.5000 2927.2605   10.4586
    0.0000   22.5000   -7.5000 2937.8948   10.4275
    7.5000   22.5000   -7.5000 2905.2141   10.6328
   -7.5000   30.0000   -7.5000 2909.1621   10.7411
    0.0000   30.0000   -7.5000 2927.5740   10.7086
    7.5000   30.0000   -7.5000 2885.4246   10.8887
   -7.5000   37.5000   -7.5000 2862.8132   11.2215
    0.0000   37.5000   -7.5000 2876.2791   11.1683
    7.5000   37.5000   -7.5000 2843.4944   11.3244
   -7.5000   45.0000   -7.5000 2794.5713   11.9250
    0.0000   45.0000   -7.5000 2799.0581   11.8384
    7.5000   45.0000   -7.5000 2777.7493   11.9885
   -7.5000   52.5000   -7.5000 2669.7051   12.8419
    0.0000   52.5000   -7.5000 2676.4878   12.7200
    7.5000   52.5000   -7.5000 2656.8513   12.8868
   -7.5000  -37.5000    0.0000 2179.8611   18.2063
    0.0000  -37.5000    0.0000 2176.9141   18.1941
    7.5000  -37.5000    0.0000 2161.3596   18.5268
   -7.5000  -30.0000    0.0000 2301.6873   16.0746
    0.0000  -30.0000    0.0000 2298.1262   16.0590
    7.5000  -30.0000    0.0000 2284.6799   16.3967
   -7.5000  -22.5000    0.0000 2417.9563   14.3887
    0.0000  -22.5000    0.0000 2412.9211   14.3832
    7.5000  -22.5000    0.0000 2402.4775   14.6843
   -7.5000  -15.0000    0.0000 2531.0408   13.0920
    0.0000  -15.0000    0.0000 2527.1831   13.1062
    7.5000  -15.0000    0.0000 2519.0823   13.3154
   -7.5000   -7.5000    0.0000 2648.8767   12.0995
    0.0000   -7.5000    0.0000 2650.8293   12.1562
    7.5000   -7.5000    0.0000 2642.2102   12.2612
   -7.5000    0.0000    0.0000 2761.1724   11.4220
    0.0000    0.0000    0.0000 2765.4182   11.5237
    7.5000    0.0000    0.0000 2756.1089   11.5367
   -7.5000    7.5000    0.0000 2865.7241   10.9972
    0.0000    7.5000    0.0000 2872.7944   11.0875
    7.5000    7.5000    0.0000 2845.4341   11.0024
   -7.5000   15.0000    0.0000 2943.2688   10.6667
    0.0000   15.0000    0.0000 2953.0957   10.7219
    7.5000   15.0000    0.0000 2902.1907   10.6489
   -7.5000   22.5000    0.0000 2972.5068   10.4477
    0.0000   22.5000    0.0000 2986.7024   10.4702
    7.5000   22.5000    0.0000 2930.0603   10.5167
   -7.5000   30.0000    0.0000 2942.9849   10.6349
    0.0000   30.0000    0.0000 2966.6733   10.6049
    7.5000   30.0000    0.0000 2913.6960   10.7095
   -7.5000   37.5000    0.0000 2888.4521   11.1059
    0.0000   37.5000    0.0000 2906.5437   11.0488
    7.5000   37.5000    0.0000 2865.9292   11.1799
   -7.5000   45.0000    0.0000 2808.4602   11.8285
    0.0000   45.0000    0.0000 2815.9751   11.7414
    7.5000   45.0000    0.0000 2789.5938   11.8555
   -7.5000   52.5000    0.0000 2686.3574   12.7307
    0.0000   52.5000    0.0000 2693.1731   12.6161
    7.5000   52.5000    0.0000 2670.7749   12.7380
   -7.5000  -37.5000    7.5000 2150.5469   18.7593
    0.0000  -37.5000    7.5000 2154.8127   18.9464
    7.5000  -37.5000    7.5000 2138.0608   19.3070
   -7.5000  -30.0000    7.5000 2266.5476   16.5039
    0.0000  -30.0000    7.5000 2270.4180   16.7007
    7.5000  -30.0000    7.5000 2258.2180   16.9711
   -7.5000  -22.5000    7.5000 2382.0361   14.8115
    0.0000  -22.5000    7.5000 2387.5679   14.9806
    7.5000  -22.5000    7.5000 2376.7483   15.1386
   -7.5000  -15.0000    7.5000 2505.4287   13.5149
    0.0000  -15.0000    7.5000 2514.4465   13.6795
    7.5000  -15.0000    7.5000 2493.4324   13.7267
   -7.5000   -7.5000    7.5000 2635.0122   12.5397
    0.0000   -7.5000    7.5000 2645.5046   12.7151
    7.5000   -7.5000    7.5000 2618.3169   12.6706
   -7.5000    0.0000    7.5000 2757.2283   11.8277
    0.0000    0.0000    7.5000 2762.5652   12.0247
    7.5000    0.0000    7.5000 2727.4622   11.8811
   -7.5000    7.5000    7.5000 2862.3418   11.4006
    0.0000    7.5000    7.5000 2872.7419   11.5874
    7.5000    7.5000    7.5000 2821.3000   11.3352
   -7.5000   15.0000    7.5000 2948.1365   11.0353
    0.0000   15.0000    7.5000 2963.1650   11.1802
    7.5000   15.0000    7.5000 2886.8184   10.9362
   -7.5000   22.5000    7.5000 2979.6846   10.6671
    0.0000   22.5000    7.5000 2994.6848   10.7305
    7.5000   22.5000    7.5000 2922.4180   10.7002
   -7.5000   30.0000    7.5000 2948.3184   10.7115
    0.0000   30.0000    7.5000 2967.8413   10.6886
    7.5000   30.0000    7.5000 2913.7239   10.7970
   -7.5000   37.5000    7.5000 2884.3662   11.1586
    0.0000   37.5000    7.5000 2900.6819   11.0964
    7.5000   37.5000    7.5000 2865.8777   11.2297
   -7.5000   45.0000    7.5000 2795.6863   11.8598
    0.0000   45.0000    7.5000 2802.6011   11.7746
    7.5000   45.0000    7.5000 2788.4299   11.9088
   -7.5000   52.5000    7.5000 2676.6357   12.7316
    0.0000   52.5000    7.5000 2680.6807   12.6296
    7.5000   52.5000    7.5000 2666.6152   12.7694
   -7.5000  -37.5000   15.0000 2111.4851   19.8238
    0.0000  -37.5000   15.0000 2126.4097   20.2017
    7.5000  -37.5000   15.0000 2094.3977   20.4718
   -7.5000  -30.0000   15.0000 2236.6694   17.4721
    0.0000  -30.0000   15.0000 2245.5801   17.7660
    7.5000  -30.0000   15.0000 2220.2664   17.9705
   -7.5000  -22.5000   15.0000 2356.2891   15.6425
    0.0000  -22.5000   15.0000 2368.2915   15.8864
    7.5000  -22.5000   15.0000 2344.1875   16.0097
   -7.5000  -15.0000   15.0000 2475.4153   14.2147
    0.0000  -15.0000   15.0000 2488.3513   14.4214
    7.5000  -15.0000   15.0000 2463.3850   14.5018
   -7.5000   -7.5000   15.0000 2595.2971   13.1083
    0.0000   -7.5000   15.0000 2602.9287   13.2809
    7.5000   -7.5000   15.0000 2581.1128   13.3381
   -7.5000    0.0000   15.0000 2715.9238   12.2897
    0.0000    0.0000   15.0000 2721.0500   12.4482
    7.5000    0.0000   15.0000 2694.5232   12.4689
   -7.5000    7.5000   15.0000 2819.0449   11.7311
    0.0000    7.5000   15.0000 2829.2754   11.8885
    7.5000    7.5000   15.0000 2793.8066   11.8342
   -7.5000   15.0000   15.0000 2894.3406   11.3049
    0.0000   15.0000   15.0000 2906.7942   11.4038
    7.5000   15.0000   15.0000 2856.6316   11.3910
   -7.5000   22.5000   15.0000 2928.0659   11.0422
    0.0000   22.5000   15.0000 2936.1462   11.0461
    7.5000   22.5000   15.0000 2882.9810   11.1332
   -7.5000   30.0000   15.0000 2912.3303   11.1319
    0.0000   30.0000   15.0000 2919.5422   11.0943
    7.5000   30.0000   15.0000 2875.5569   11.2221
   -7.5000   37.5000   15.0000 2854.6079   11.4949
    0.0000   37.5000   15.0000 2866.9570   11.4660
    7.5000   37.5000   15.0000 2830.8108   11.6020
   -7.5000   45.0000   15.0000 2760.2908   12.1361
    0.0000   45.0000   15.0000 2770.9280   12.0571
    7.5000   45.0000   15.0000 2752.8643   12.2046
   -7.5000   52.5000   15.0000 2641.2271   12.9655
    0.0000   52.5000   15.0000 2644.6697   12.8463
    7.5000   52.5000   15.0000 2633.0796   12.9710
   -7.5000  -37.5000   22.5000 2066.9050   21.1682
    0.0000  -37.5000   22.5000 2073.5203   21.5428
    7.5000  -37.5000   22.5000 2049.3550   21.8354
   -7.5000  -30.0000   22.5000 2193.7380   18.5380
    0.0000  -30.0000   22.5000 2198.1917   18.7533
    7.5000  -30.0000   22.5000 2185.6245   19.0748
   -7.5000  -22.5000   22.5000 2320.2129   16.5483
    0.0000  -22.5000   22.5000 2321.3818   16.6710
    7.5000  -22.5000   22.5000 2309.4561   16.9225
   -7.5000  -15.0000   22.5000 2437.2041   14.9729
    0.0000  -15.0000   22.5000 2438.5815   15.0518
    7.5000  -15.0000   22.5000 2425.1187   15.3129
   -7.5000   -7.5000   22.5000 2548.2642   13.7604
    0.0000   -7.5000   22.5000 2550.0510   13.8371
    7.5000   -7.5000   22.5000 2538.4194   14.0597
   -7.5000    0.0000   22.5000 2661.2581   12.8448
    0.0000    0.0000   22.5000 2664.5251   12.9415
    7.5000    0.0000   22.5000 2647.5957   13.0891
   -7.5000    7.5000   22.5000 2757.6174   12.2075
    0.0000    7.5000   22.5000 2766.4907   12.2950
    7.5000    7.5000   22.5000 2739.4395   12.3929
   -7.5000   15.0000   22.5000 2818.5227   11.7294
    0.0000   15.0000   22.5000 2831.7581   11.7441
    7.5000   15.0000   22.5000 2790.9465   11.8849
   -7.5000   22.5000   22.5000 2849.1396   11.4992
    0.0000   22.5000   22.5000 2854.1895   11.4833
    7.5000   22.5000   22.5000 2816.9792   11.6512
   -7.5000   30.0000   22.5000 2839.7776   11.5977
    0.0000   30.0000   22.5000 2839.0686   11.5813
    7.5000   30.0000   22.5000 2809.2407   11.7312
   -7.5000   37.5000   22.5000 2792.4583   11.9851
    0.0000   37.5000   22.5000 2801.5027   11.9321
    7.5000   37.5000   22.5000 2772.9707   12.1058
   -7.5000   45.0000   22.5000 2712.6907   12.6416
    0.0000   45.0000   22.5000 2720.6411   12.5593
    7.5000   45.0000   22.5000 2698.6689   12.7264
   -7.5000   52.5000   22.5000 2595.2351   13.4364
    0.0000   52.5000   22.5000 2600.6389   13.3358
    7.5000   52.5000   22.5000 2587.7085   13.4844
   -7.5000  -37.5000   30.0000 2002.6837   22.4458
    0.0000  -37.5000   30.0000 2005.2623   22.6780
    7.5000  -37.5000   30.0000 1989.3779   23.1751
   -7.5000  -30.0000   30.0000 2141.2734   19.6116
    0.0000  -30.0000   30.0000 2137.2627   19.7344
    7.5000  -30.0000   30.0000 2129.1084   20.1798
   -7.5000  -22.5000   30.0000 2263.2051   17.4674
    0.0000  -22.5000   30.0000 2260.9482   17.5141
    7.5000  -22.5000   30.0000 2256.0710   17.9066
   -7.5000  -15.0000   30.0000 2379.1033   15.8125
    0.0000  -15.0000   30.0000 2376.3730   15.8235
    7.5000  -15.0000   30.0000 2370.9097   16.1827
   -7.5000   -7.5000   30.0000 2492.5212   14.5214
    0.0000   -7.5000   30.0000 2487.8105   14.5331
    7.5000   -7.5000   30.0000 2481.6221   14.8664
   -7.5000    0.0000   30.0000 2596.3191   13.5543
    0.0000    0.0000   30.0000 2596.6841   13.5750
    7.5000    0.0000   30.0000 2583.9441   13.8158
   -7.5000    7.5000   30.0000 2683.2822   12.8546
    0.0000    7.5000   30.0000 2688.9543   12.8884
    7.5000    7.5000   30.0000 2664.4131   13.0777
   -7.5000   15.0000   30.0000 2730.3879   12.3603
    0.0000   15.0000   30.0000 2743.4436   12.3283
    7.5000   15.0000   30.0000 2707.9370   12.5473
   -7.5000   22.5000   30.0000 2760.6992   12.1424
    0.0000   22.5000   30.0000 2766.6836   12.1227
    7.5000   22.5000   30.0000 2736.9331   12.3132
   -7.5000   30.0000   30.0000 2745.9368   12.2188
    0.0000   30.0000   30.0000 2747.6711   12.2097
    7.5000   30.0000   30.0000 2722.8772   12.3753
   -7.5000   37.5000   30.0000 2707.6423   12.5952
    0.0000   37.5000   30.0000 2711.7766   12.5497
    7.5000   37.5000   30.0000 2690.8350   12.7299
   -7.5000   45.0000   30.0000 2643.7366   13.2372
    0.0000   45.0000   30.0000 2646.7427   13.1304
    7.5000   45.0000   30.0000 2627.9248   13.3285
   -7.5000   52.5000   30.0000 2536.3167   14.0747
    0.0000   52.5000   30.0000 2539.5950   13.9727
    7.5000   52.5000   30.0000 2523.3467   14.1508
   -7.5000  -37.5000   37.5000 1934.6038   24.0647
    0.0000  -37.5000   37.5000 1933.9546   24.1746
    7.5000  -37.5000   37.5000 1920.9930   24.7673
   -7.5000  -30.0000   37.5000 2082.3965   21.0076
    0.0000  -30.0000   37.5000 2074.7786   20.9843
    7.5000  -30.0000   37.5000 2064.5032   21.5553
   -7.5000  -22.5000   37.5000 2202.7051   18.6709
    0.0000  -22.5000   37.5000 2194.4348   18.6135
    7.5000  -22.5000   37.5000 2189.1433   19.1711
   -7.5000  -15.0000   37.5000 2318.1921   16.8582
    0.0000  -15.0000   37.5000 2309.3708   16.7869
    7.5000  -15.0000   37.5000 2307.4780   17.2937
   -7.5000   -7.5000   37.5000 2428.8550   15.4772
    0.0000   -7.5000   37.5000 2418.9058   15.4263
    7.5000   -7.5000   37.5000 2419.1777   15.8557
   -7.5000    0.0000   37.5000 2524.4109   14.4567
    0.0000    0.0000   37.5000 2519.0022   14.4222
    7.5000    0.0000   37.5000 2511.0471   14.7596
   -7.5000    7.5000   37.5000 2599.1953   13.7049
    0.0000    7.5000   37.5000 2601.8137   13.6769
    7.5000    7.5000   37.5000 2586.4487   13.9812
   -7.5000   15.0000   37.5000 2642.6614   13.1982
    0.0000   15.0000   37.5000 2645.3494   13.1470
    7.5000   15.0000   37.5000 2623.9353   13.4218
   -7.5000   22.5000   37.5000 2667.4036   12.9946
    0.0000   22.5000   37.5000 2666.6965   12.9421
    7.5000   22.5000   37.5000 2648.1926   13.1823
   -7.5000   30.0000   37.5000 2651.6641   13.0452
    0.0000   30.0000   37.5000 2656.0281   13.0011
    7.5000   30.0000   37.5000 2636.5920   13.1918
   -7.5000   37.5000   37.5000 2621.1951   13.4166
    0.0000   37.5000   37.5000 2622.9641   13.3423
    7.5000   37.5000   37.5000 2606.3372   13.5520
   -7.5000   45.0000   37.5000 2562.1418   14.0021
    0.0000   45.0000   37.5000 2568.5872   13.9069
    7.5000   45.0000   37.5000 2550.8391   14.1269
   -7.5000   52.5000   37.5000 2463.6528   14.8028
    0.0000   52.5000   37.5000 2462.3330   14.6790
    7.5000   52.5000   37.5000 2451.1309   14.8899
   -7.5000  -37.5000   45.0000 1857.0433   26.1076
    0.0000  -37.5000   45.0000 1854.0178   26.1016
    7.5000  -37.5000   45.0000 1841.1545   26.8454
   -7.5000  -30.0000   45.0000 2006.8677   22.7250
    0.0000  -30.0000   45.0000 1998.1893   22.6016
    7.5000  -30.0000   45.0000 1990.1348   23.3000
   -7.5000  -22.5000   45.0000 2132.0103   20.1873
    0.0000  -22.5000   45.0000 2121.4006   20.0147
    7.5000  -22.5000   45.0000 2116.0684   20.6403
   -7.5000  -15.0000   45.0000 2247.5059   18.1657
    0.0000  -15.0000   45.0000 2235.4622   18.0372
    7.5000  -15.0000   45.0000 2232.7896   18.5972
   -7.5000   -7.5000   45.0000 2352.2097   16.6562
    0.0000   -7.5000   45.0000 2344.8733   16.5712
    7.5000   -7.5000   45.0000 2340.2830   17.0707
   -7.5000    0.0000   45.0000 2442.1731   15.5703
    0.0000    0.0000   45.0000 2437.9333   15.5050
    7.5000    0.0000   45.0000 2429.3894   15.9211
   -7.5000    7.5000   45.0000 2506.3518   14.7568
    0.0000    7.5000   45.0000 2508.0105   14.7003
    7.5000    7.5000   45.0000 2496.9324   15.1081
   -7.5000   15.0000   45.0000 2541.1860   14.2009
    0.0000   15.0000   45.0000 2540.9895   14.1659
    7.5000   15.0000   45.0000 2526.9683   14.4848
   -7.5000   22.5000   45.0000 2561.1340   14.0327
    0.0000   22.5000   45.0000 2561.6660   13.9771
    7.5000   22.5000   45.0000 2548.2986   14.2392
   -7.5000   30.0000   45.0000 2556.8188   14.0509
    0.0000   30.0000   45.0000 2559.4536   14.0172
    7.5000   30.0000   45.0000 2541.2542   14.2166
   -7.5000   37.5000   45.0000 2527.4834   14.4383
    0.0000   37.5000   45.0000 2526.7063   14.3631
    7.5000   37.5000   45.0000 2512.9375   14.5715
   -7.5000   45.0000   45.0000 2476.0635   15.0186
    0.0000   45.0000   45.0000 2482.7607   14.8791
    7.5000   45.0000   45.0000 2464.3486   15.1056
   -7.5000   52.5000   45.0000 2383.9087   15.7832
    0.0000   52.5000   45.0000 2390.3105   15.6180
    7.5000   52.5000   45.0000 2373.7356   15.8202

---------------------------------------------------------------------
imgreg_4dfp /opt/freesurfer/average/711-2C_as_mni_average_305 /opt/freesurfer/average/711-2B_as_mni_average_305_mask talsrcimg_g11 none talsrcimg_to_711-2C_as_mni_average_305_t4 1283
---------------------------------------------------------------------

freesurfer imgreg_4dfp.c
/opt/freesurfer/average/711-2C_as_mni_average_305.4dfp.img
       256       256       256         1
  1.000000  1.000000  1.000000
orientation T byte_order littleendian
Reading image: /opt/freesurfer/average/711-2C_as_mni_average_305.4dfp.img
dimensions:      256       256       256
mmppix:       1.0000   -1.0000   -1.0000
center:     128.0000 -129.0000 -129.0000
/opt/freesurfer/average/711-2B_as_mni_average_305_mask.4dfp.img
       256       256       256         1
  1.000000  1.000000  1.000000
orientation T byte_order littleendian
Reading mask: /opt/freesurfer/average/711-2B_as_mni_average_305_mask.4dfp.img (2306576 pixels)
talsrcimg_g11.4dfp.img
       256       256       256         1
  1.000000  1.000000  1.000000
orientation T byte_order littleendian
Reading image: talsrcimg_g11.4dfp.img
dimensions:      256       256       256
mmppix:       1.0000   -1.0000   -1.0000
center:     128.0000 -129.0000 -129.0000
rotation matrix determinant  1.000000
fimgreg.f
image alignment mode   1283 decimal      503 hex
parameters
    0.0000   22.5000    7.5000    0.0000    0.0000    0.0000
eta,q 0.93918 10.73626
niter,ni,del,rscale     5    3   12.0000    1.2000
parameter  4  0.909943 ->  0.500000 qaram    1.1500
parameter  6 -0.516297 -> -0.500000 qaram    1.1500
parameters
   -2.9323   20.5227    4.6113   -3.4500   -1.5232    3.4500
eta,q 0.95311 10.70865
  0.0627  0.0597  0.0557  0.0494  0.0531  0.0581
  0.0578  0.0557  0.0528  0.0490  0.0505  0.0546
  0.0570  0.0547  0.0520  0.0499  0.0491  0.0514
  0.0605  0.0566  0.0547  0.0520  0.0491  0.0489
  0.0675  0.0600  0.0594  0.0554  0.0514  0.0473
  0.0751  0.0624  0.0650  0.0588  0.0558  0.0470
  0.0805  0.0653  0.0715  0.0623  0.0612  0.0492
niter,ni,del,rscale     6    3   12.0000    1.2000
parameters
   -2.2046   21.7831    3.6287   -5.0181   -2.9748    2.6721
eta,q 0.95594 10.59622
  0.0731  0.0683  0.0547  0.0525  0.0502  0.0512
  0.0607  0.0593  0.0499  0.0468  0.0465  0.0474
  0.0517  0.0512  0.0471  0.0446  0.0442  0.0450
  0.0469  0.0465  0.0464  0.0462  0.0448  0.0440
  0.0479  0.0472  0.0501  0.0496  0.0483  0.0461
  0.0546  0.0511  0.0554  0.0548  0.0529  0.0501
  0.0628  0.0556  0.0611  0.0596  0.0587  0.0552
niter,ni,del,rscale     5    3   12.0000    1.2000
parameters
   -1.6516   22.5210    3.0612   -6.1064   -3.5492    2.5832
eta,q 0.95660 10.53897
  0.0700  0.0634  0.0544  0.0517  0.0520  0.0518
  0.0575  0.0532  0.0483  0.0479  0.0474  0.0470
  0.0488  0.0460  0.0453  0.0437  0.0443  0.0444
  0.0441  0.0437  0.0443  0.0443  0.0434  0.0434
  0.0452  0.0467  0.0473  0.0476  0.0457  0.0446
  0.0526  0.0505  0.0524  0.0520  0.0501  0.0476
  0.0620  0.0540  0.0577  0.0576  0.0557  0.0520
niter,ni,del,rscale     4    3   12.0000    1.2000
parameters
   -1.4141   23.1292    2.8109   -6.9247   -3.8174    2.4621
eta,q 0.95618 10.52503
  0.0675  0.0600  0.0550  0.0515  0.0535  0.0513
  0.0552  0.0505  0.0486  0.0487  0.0484  0.0468
  0.0470  0.0444  0.0457  0.0447  0.0450  0.0445
  0.0434  0.0433  0.0441  0.0441  0.0438  0.0438
  0.0457  0.0465  0.0463  0.0472  0.0456  0.0448
  0.0538  0.0494  0.0510  0.0507  0.0498  0.0475
  0.0635  0.0522  0.0562  0.0561  0.0553  0.0516
niter,ni,del,rscale     3    3   12.0000    1.2000
parameters
   -1.3208   23.6618    2.6003   -7.6027   -3.9858    2.2544
eta,q 0.95576 10.51729
  0.0664  0.0576  0.0549  0.0514  0.0543  0.0510
  0.0544  0.0491  0.0486  0.0488  0.0490  0.0468
  0.0468  0.0443  0.0461  0.0452  0.0455  0.0447
  0.0438  0.0438  0.0443  0.0444  0.0443  0.0443
  0.0463  0.0462  0.0461  0.0470  0.0459  0.0453
  0.0545  0.0486  0.0507  0.0502  0.0500  0.0476
  0.0644  0.0515  0.0559  0.0550  0.0554  0.0516
niter,ni,del,rscale     2    3   12.0000    1.2000
parameters
   -1.2733   24.1563    2.4152   -8.1399   -4.1131    2.0634
eta,q 0.95557 10.50721
  0.0660  0.0558  0.0549  0.0517  0.0546  0.0512
  0.0544  0.0485  0.0485  0.0487  0.0492  0.0470
  0.0471  0.0448  0.0461  0.0453  0.0457  0.0448
  0.0442  0.0442  0.0445  0.0446  0.0445  0.0445
  0.0466  0.0459  0.0461  0.0468  0.0461  0.0455
  0.0548  0.0482  0.0505  0.0500  0.0501  0.0477
  0.0648  0.0510  0.0555  0.0542  0.0553  0.0518
niter,ni,del,rscale     1    3   12.0000    1.2000
parameters
   -1.2307   24.5492    2.2677   -8.4686   -4.2150    1.9615
eta,q 0.95555 10.49350
  0.0658  0.0544  0.0549  0.0522  0.0547  0.0516
  0.0545  0.0484  0.0484  0.0489  0.0492  0.0473
  0.0473  0.0455  0.0459  0.0454  0.0458  0.0449
  0.0444  0.0444  0.0445  0.0446  0.0445  0.0445
  0.0467  0.0457  0.0459  0.0466  0.0461  0.0454
  0.0547  0.0482  0.0502  0.0496  0.0500  0.0477
  0.0649  0.0511  0.0553  0.0537  0.0551  0.0518
registration optimization eta report
parameter search radius
    6.0000    6.0000    6.0000    6.9000    6.0000    6.9000
100000*second partial in parameter space
       58.       23.       29.       17.       28.       15.
  0.0658  0.0544  0.0549  0.0522  0.0547  0.0516
  0.0545  0.0484  0.0484  0.0489  0.0492  0.0473
  0.0473  0.0455  0.0459  0.0454  0.0458  0.0449
  0.0444  0.0444  0.0445  0.0446  0.0445  0.0445
  0.0467  0.0457  0.0459  0.0466  0.0461  0.0454
  0.0547  0.0482  0.0502  0.0496  0.0500  0.0477
  0.0649  0.0511  0.0553  0.0537  0.0551  0.0518
   -1.2307   24.5492    2.2677   -8.4686   -4.2150    1.9615
eta,q 0.95555 10.49350

---------------------------------------------------------------------
imgreg_4dfp /opt/freesurfer/average/711-2C_as_mni_average_305 /opt/freesurfer/average/711-2B_as_mni_average_305_mask talsrcimg_g11 none talsrcimg_to_711-2C_as_mni_average_305_t4 3335
---------------------------------------------------------------------

freesurfer imgreg_4dfp.c
/opt/freesurfer/average/711-2C_as_mni_average_305.4dfp.img
       256       256       256         1
  1.000000  1.000000  1.000000
orientation T byte_order littleendian
Reading image: /opt/freesurfer/average/711-2C_as_mni_average_305.4dfp.img
dimensions:      256       256       256
mmppix:       1.0000   -1.0000   -1.0000
center:     128.0000 -129.0000 -129.0000
/opt/freesurfer/average/711-2B_as_mni_average_305_mask.4dfp.img
       256       256       256         1
  1.000000  1.000000  1.000000
orientation T byte_order littleendian
Reading mask: /opt/freesurfer/average/711-2B_as_mni_average_305_mask.4dfp.img (2306576 pixels)
talsrcimg_g11.4dfp.img
       256       256       256         1
  1.000000  1.000000  1.000000
orientation T byte_order littleendian
Reading image: talsrcimg_g11.4dfp.img
dimensions:      256       256       256
mmppix:       1.0000   -1.0000   -1.0000
center:     128.0000 -129.0000 -129.0000
fimgreg.f
image alignment mode   3335 decimal      D07 hex
parameters
   -1.2307   24.5492    2.2677   -0.3289   -1.1853   -1.3579
   -4.4673    6.7615    3.4136   14.9670   -7.3499  -14.6869
eta,q 0.95331 10.52177
niter,ni,del,rscale     5    3    5.0000    1.2000
parameter  2 -0.767300 -> -0.500000 qaram    1.1500
parameter  4  0.553194 ->  0.500000 qaram    1.1500
parameter  5 -3.128889 ->  0.500000 qaram    1.1500
parameter  6  1.550252 ->  0.500000 qaram    1.1500
parameter 12 -0.683994 -> -0.500000 qaram    1.1500
parameters
   -1.4014   25.9292    2.3860   -4.4689   -5.3253   -5.4979
   -2.3274    6.2283    3.7930   16.0545   -7.7167  -10.5469
eta,q 0.96916 10.43433
  0.0497  0.0483  0.0479  0.0458  0.0324  0.0306  0.0366  0.0360  0.0350  0.0376  0.0336  0.0380
  0.0480  0.0476  0.0470  0.0454  0.0369  0.0319  0.0348  0.0338  0.0335  0.0352  0.0326  0.0356
  0.0470  0.0470  0.0465  0.0455  0.0416  0.0342  0.0333  0.0324  0.0325  0.0331  0.0320  0.0335
  0.0467  0.0467  0.0463  0.0463  0.0454  0.0382  0.0324  0.0320  0.0320  0.0320  0.0319  0.0319
  0.0472  0.0464  0.0464  0.0483  0.0481  0.0424  0.0320  0.0328  0.0323  0.0321  0.0322  0.0310
  0.0486  0.0463  0.0468  0.0516  0.0512  0.0478  0.0325  0.0346  0.0331  0.0333  0.0329  0.0308
  0.0507  0.0463  0.0476  0.0556  0.0545  0.0530  0.0336  0.0375  0.0344  0.0351  0.0339  0.0311
niter,ni,del,rscale     7    3    5.0000    1.2000
parameter  2  0.543693 ->  0.500000 qaram    1.3225
parameter  3  0.616041 ->  0.500000 qaram    1.1500
parameter  5  1.208983 ->  0.500000 qaram    1.3225
parameter  6  0.502476 ->  0.500000 qaram    1.3225
parameters
   -1.4053   24.3422    1.0060   -3.7745  -10.0863  -10.2589
   -3.1508    6.0146    4.5074   13.5031   -9.5783   -9.4216
eta,q 0.97759 10.23980
  0.0339  0.0306  0.0295  0.0332  0.0233  0.0233  0.0252  0.0262  0.0256  0.0238  0.0230  0.0252
  0.0322  0.0299  0.0290  0.0315  0.0235  0.0229  0.0238  0.0243  0.0242  0.0228  0.0226  0.0238
  0.0312  0.0299  0.0291  0.0301  0.0250  0.0232  0.0231  0.0232  0.0233  0.0225  0.0224  0.0229
  0.0308  0.0308  0.0298  0.0289  0.0287  0.0237  0.0230  0.0229  0.0229  0.0229  0.0225  0.0225
  0.0312  0.0326  0.0311  0.0284  0.0339  0.0263  0.0235  0.0234  0.0230  0.0240  0.0228  0.0225
  0.0322  0.0351  0.0326  0.0295  0.0391  0.0319  0.0247  0.0246  0.0236  0.0260  0.0233  0.0230
  0.0339  0.0380  0.0344  0.0329  0.0432  0.0389  0.0264  0.0265  0.0247  0.0287  0.0240  0.0240
niter,ni,del,rscale     7    3    5.0000    1.2000
parameters
   -1.4163   24.8090    1.7362   -1.7798  -13.5651  -11.3166
   -3.4394    6.0491    4.7258   13.4728   -9.5394   -9.4012
eta,q 0.97925 10.15772
  0.0253  0.0293  0.0257  0.0264  0.0237  0.0247  0.0235  0.0249  0.0232  0.0241  0.0220  0.0229
  0.0237  0.0261  0.0242  0.0246  0.0216  0.0227  0.0220  0.0226  0.0219  0.0223  0.0213  0.0217
  0.0227  0.0237  0.0230  0.0231  0.0207  0.0212  0.0210  0.0212  0.0211  0.0211  0.0209  0.0210
  0.0224  0.0224  0.0222  0.0220  0.0213  0.0207  0.0208  0.0208  0.0208  0.0208  0.0208  0.0208
  0.0227  0.0223  0.0220  0.0212  0.0243  0.0214  0.0212  0.0213  0.0210  0.0212  0.0209  0.0210
  0.0237  0.0236  0.0224  0.0216  0.0295  0.0233  0.0223  0.0226  0.0217  0.0224  0.0213  0.0218
  0.0254  0.0264  0.0234  0.0240  0.0350  0.0282  0.0240  0.0248  0.0228  0.0240  0.0220  0.0229
niter,ni,del,rscale     6    3    5.0000    1.2000
parameters
   -1.3680   25.1691    1.8875   -1.4980  -14.2023  -11.3185
   -3.5547    6.0576    4.6612   13.6721   -9.6055   -9.6913
eta,q 0.97933 10.14767
  0.0243  0.0270  0.0234  0.0246  0.0263  0.0254  0.0236  0.0249  0.0229  0.0242  0.0219  0.0226
  0.0224  0.0240  0.0220  0.0230  0.0236  0.0232  0.0220  0.0226  0.0217  0.0223  0.0212  0.0215
  0.0212  0.0218  0.0211  0.0217  0.0215  0.0216  0.0210  0.0211  0.0209  0.0211  0.0208  0.0208
  0.0208  0.0207  0.0207  0.0207  0.0206  0.0207  0.0207  0.0207  0.0207  0.0207  0.0207  0.0207
  0.0211  0.0210  0.0209  0.0205  0.0211  0.0210  0.0211  0.0212  0.0210  0.0211  0.0208  0.0210
  0.0222  0.0223  0.0216  0.0220  0.0241  0.0223  0.0222  0.0226  0.0218  0.0221  0.0213  0.0218
  0.0241  0.0248  0.0229  0.0248  0.0291  0.0262  0.0238  0.0249  0.0229  0.0237  0.0220  0.0229
niter,ni,del,rscale     5    3    5.0000    1.2000
parameters
   -1.3494   25.2450    1.9057   -1.4286  -14.3157  -11.2948
   -3.5721    6.0747    4.6558   13.7759   -9.6009   -9.7664
eta,q 0.97933 10.14823
  0.0242  0.0260  0.0231  0.0245  0.0268  0.0254  0.0237  0.0249  0.0229  0.0240  0.0220  0.0227
  0.0223  0.0232  0.0218  0.0230  0.0241  0.0232  0.0220  0.0226  0.0217  0.0222  0.0212  0.0216
  0.0211  0.0213  0.0210  0.0217  0.0218  0.0216  0.0210  0.0211  0.0209  0.0210  0.0208  0.0209
  0.0207  0.0207  0.0207  0.0207  0.0206  0.0207  0.0207  0.0207  0.0207  0.0207  0.0207  0.0207
  0.0211  0.0212  0.0209  0.0206  0.0209  0.0209  0.0211  0.0212  0.0210  0.0211  0.0208  0.0210
  0.0222  0.0228  0.0217  0.0222  0.0233  0.0222  0.0221  0.0226  0.0217  0.0222  0.0212  0.0217
  0.0241  0.0255  0.0231  0.0251  0.0281  0.0262  0.0237  0.0249  0.0229  0.0238  0.0219  0.0228
niter,ni,del,rscale     4    3    5.0000    1.2000
parameters
   -1.3462   25.2632    1.9052   -1.4130  -14.3358  -11.2743
   -3.5723    6.0783    4.6590   13.8095   -9.6007   -9.7894
eta,q 0.97933 10.14924
  0.0242  0.0258  0.0231  0.0245  0.0269  0.0254  0.0237  0.0249  0.0229  0.0240  0.0220  0.0228
  0.0223  0.0230  0.0218  0.0230  0.0242  0.0232  0.0220  0.0226  0.0217  0.0221  0.0212  0.0216
  0.0211  0.0213  0.0210  0.0217  0.0219  0.0216  0.0210  0.0211  0.0209  0.0210  0.0208  0.0209
  0.0207  0.0207  0.0207  0.0207  0.0207  0.0207  0.0207  0.0207  0.0207  0.0207  0.0207  0.0207
  0.0211  0.0213  0.0209  0.0207  0.0208  0.0209  0.0211  0.0212  0.0210  0.0211  0.0208  0.0210
  0.0223  0.0230  0.0218  0.0223  0.0232  0.0222  0.0221  0.0226  0.0217  0.0222  0.0212  0.0216
  0.0242  0.0257  0.0232  0.0252  0.0280  0.0262  0.0237  0.0249  0.0229  0.0238  0.0219  0.0227
registration optimization eta report
parameter search radius
    2.4000    3.1740    2.7600    8.2800    9.5220    9.5220
    7.2000    7.2000    7.2000    7.2000    7.2000    8.2800
100000*second partial in parameter space
       61.       50.       32.        6.        7.        6.
        6.        8.        4.        6.        2.        3.
  0.0242  0.0258  0.0231  0.0245  0.0269  0.0254  0.0237  0.0249  0.0229  0.0240  0.0220  0.0228
  0.0223  0.0230  0.0218  0.0230  0.0242  0.0232  0.0220  0.0226  0.0217  0.0221  0.0212  0.0216
  0.0211  0.0213  0.0210  0.0217  0.0219  0.0216  0.0210  0.0211  0.0209  0.0210  0.0208  0.0209
  0.0207  0.0207  0.0207  0.0207  0.0207  0.0207  0.0207  0.0207  0.0207  0.0207  0.0207  0.0207
  0.0211  0.0213  0.0209  0.0207  0.0208  0.0209  0.0211  0.0212  0.0210  0.0211  0.0208  0.0210
  0.0223  0.0230  0.0218  0.0223  0.0232  0.0222  0.0221  0.0226  0.0217  0.0222  0.0212  0.0216
  0.0242  0.0257  0.0232  0.0252  0.0280  0.0262  0.0237  0.0249  0.0229  0.0238  0.0219  0.0227
   -1.3462   25.2632    1.9052   -1.4130  -14.3358  -11.2743
   -3.5723    6.0783    4.6590   13.8095   -9.6007   -9.7894
eta,q 0.97933 10.14924

---------------------------------------------------------------------
imgreg_4dfp /opt/freesurfer/average/711-2C_as_mni_average_305 /opt/freesurfer/average/711-2B_as_mni_average_305_mask talsrcimg_g11 none talsrcimg_to_711-2C_as_mni_average_305_t4 2311
---------------------------------------------------------------------

freesurfer imgreg_4dfp.c
/opt/freesurfer/average/711-2C_as_mni_average_305.4dfp.img
       256       256       256         1
  1.000000  1.000000  1.000000
orientation T byte_order littleendian
Reading image: /opt/freesurfer/average/711-2C_as_mni_average_305.4dfp.img
dimensions:      256       256       256
mmppix:       1.0000   -1.0000   -1.0000
center:     128.0000 -129.0000 -129.0000
/opt/freesurfer/average/711-2B_as_mni_average_305_mask.4dfp.img
       256       256       256         1
  1.000000  1.000000  1.000000
orientation T byte_order littleendian
Reading mask: /opt/freesurfer/average/711-2B_as_mni_average_305_mask.4dfp.img (2306576 pixels)
talsrcimg_g11.4dfp.img
       256       256       256         1
  1.000000  1.000000  1.000000
orientation T byte_order littleendian
Reading image: talsrcimg_g11.4dfp.img
dimensions:      256       256       256
mmppix:       1.0000   -1.0000   -1.0000
center:     128.0000 -129.0000 -129.0000
fimgreg.f
image alignment mode   2311 decimal      907 hex
parameters
   -1.3462   25.2632    1.9052   -1.4130  -14.3358  -11.2743
   -3.5723    6.0783    4.6590   13.8095   -9.6007   -9.7894
eta,q 0.97933 10.14925
niter,ni,del,rscale     5    3    5.0000    0.8000
parameters
   -1.3443   25.2494    1.9330   -0.4716  -13.4287  -10.5591
   -3.6672    6.1650    4.4967   13.8502   -9.2688   -9.6900
eta,q 0.97961 10.23171
  0.0223  0.0220  0.0215  0.0226  0.0227  0.0221  0.0218  0.0226  0.0213  0.0220  0.0211  0.0212
  0.0214  0.0212  0.0211  0.0219  0.0217  0.0213  0.0210  0.0214  0.0208  0.0211  0.0207  0.0207
  0.0209  0.0208  0.0208  0.0212  0.0209  0.0207  0.0205  0.0206  0.0205  0.0206  0.0205  0.0205
  0.0207  0.0207  0.0207  0.0207  0.0205  0.0204  0.0204  0.0204  0.0204  0.0204  0.0204  0.0204
  0.0209  0.0208  0.0208  0.0205  0.0204  0.0204  0.0206  0.0206  0.0205  0.0206  0.0204  0.0205
  0.0214  0.0213  0.0210  0.0208  0.0207  0.0208  0.0211  0.0213  0.0209  0.0211  0.0206  0.0207
  0.0223  0.0220  0.0215  0.0217  0.0216  0.0213  0.0218  0.0224  0.0215  0.0219  0.0209  0.0211
niter,ni,del,rscale     4    3    5.0000    0.7000
parameters
   -1.3679   25.1437    1.9813   -0.4543  -13.4083  -10.3956
   -3.5887    6.1224    4.4445   13.7625   -9.2065   -9.6120
eta,q 0.97963 10.23844
  0.0217  0.0213  0.0211  0.0218  0.0217  0.0215  0.0215  0.0220  0.0211  0.0215  0.0209  0.0210
  0.0209  0.0207  0.0207  0.0212  0.0210  0.0209  0.0209  0.0211  0.0207  0.0209  0.0206  0.0207
  0.0205  0.0204  0.0205  0.0207  0.0206  0.0205  0.0205  0.0205  0.0204  0.0205  0.0204  0.0204
  0.0204  0.0204  0.0204  0.0204  0.0204  0.0204  0.0204  0.0204  0.0204  0.0204  0.0204  0.0204
  0.0206  0.0206  0.0204  0.0205  0.0205  0.0205  0.0205  0.0206  0.0205  0.0205  0.0204  0.0204
  0.0210  0.0210  0.0207  0.0210  0.0209  0.0208  0.0208  0.0211  0.0207  0.0210  0.0206  0.0206
  0.0217  0.0216  0.0210  0.0219  0.0218  0.0213  0.0214  0.0220  0.0212  0.0216  0.0208  0.0209
niter,ni,del,rscale     3    3    5.0000    0.6000
parameters
   -1.3772   25.1248    2.0119   -0.3489  -13.3405  -10.4168
   -3.5961    6.1161    4.4126   13.7230   -9.1778   -9.5530
eta,q 0.97964 10.24171
  0.0213  0.0211  0.0209  0.0215  0.0214  0.0211  0.0212  0.0216  0.0209  0.0213  0.0207  0.0208
  0.0208  0.0207  0.0206  0.0210  0.0208  0.0207  0.0207  0.0209  0.0206  0.0208  0.0205  0.0206
  0.0205  0.0204  0.0204  0.0206  0.0205  0.0204  0.0204  0.0205  0.0204  0.0205  0.0204  0.0204
  0.0204  0.0204  0.0204  0.0204  0.0204  0.0204  0.0204  0.0204  0.0204  0.0204  0.0204  0.0204
  0.0205  0.0205  0.0204  0.0204  0.0204  0.0205  0.0205  0.0205  0.0204  0.0205  0.0204  0.0204
  0.0208  0.0207  0.0206  0.0208  0.0207  0.0207  0.0207  0.0209  0.0206  0.0208  0.0205  0.0206
  0.0214  0.0212  0.0209  0.0215  0.0214  0.0211  0.0212  0.0216  0.0209  0.0213  0.0207  0.0208
niter,ni,del,rscale     2    3    5.0000    0.5000
parameters
   -1.3819   25.1151    2.0120   -0.2496  -13.2754  -10.4628
   -3.6176    6.1108    4.3988   13.6965   -9.1379   -9.5283
eta,q 0.97965 10.24382
  0.0210  0.0209  0.0207  0.0212  0.0210  0.0209  0.0209  0.0212  0.0208  0.0210  0.0206  0.0207
  0.0207  0.0206  0.0205  0.0208  0.0207  0.0206  0.0206  0.0207  0.0205  0.0206  0.0205  0.0205
  0.0204  0.0204  0.0204  0.0205  0.0204  0.0204  0.0204  0.0204  0.0204  0.0204  0.0204  0.0204
  0.0204  0.0204  0.0204  0.0204  0.0204  0.0204  0.0204  0.0204  0.0204  0.0204  0.0204  0.0204
  0.0204  0.0204  0.0204  0.0204  0.0204  0.0204  0.0204  0.0205  0.0204  0.0204  0.0204  0.0204
  0.0207  0.0206  0.0205  0.0207  0.0206  0.0206  0.0206  0.0207  0.0205  0.0207  0.0205  0.0205
  0.0211  0.0209  0.0207  0.0212  0.0210  0.0209  0.0209  0.0212  0.0208  0.0210  0.0206  0.0207
niter,ni,del,rscale     1    3    5.0000    0.4000
parameters
   -1.3869   25.1044    2.0076   -0.1667  -13.2240  -10.4870
   -3.6325    6.1113    4.3775   13.6831   -9.1181   -9.5038
eta,q 0.97965 10.24617
  0.0208  0.0207  0.0206  0.0209  0.0208  0.0207  0.0207  0.0209  0.0206  0.0208  0.0205  0.0206
  0.0205  0.0205  0.0205  0.0206  0.0205  0.0205  0.0205  0.0206  0.0205  0.0205  0.0204  0.0204
  0.0204  0.0204  0.0204  0.0204  0.0204  0.0204  0.0204  0.0204  0.0204  0.0204  0.0204  0.0204
  0.0204  0.0204  0.0204  0.0204  0.0204  0.0204  0.0204  0.0204  0.0204  0.0204  0.0203  0.0204
  0.0204  0.0204  0.0204  0.0204  0.0204  0.0204  0.0204  0.0204  0.0204  0.0204  0.0204  0.0204
  0.0206  0.0205  0.0205  0.0206  0.0205  0.0205  0.0205  0.0206  0.0205  0.0205  0.0204  0.0204
  0.0208  0.0207  0.0206  0.0209  0.0208  0.0207  0.0207  0.0209  0.0206  0.0208  0.0205  0.0205
registration optimization eta report
parameter search radius
    0.8000    0.8000    0.8000    2.4000    2.4000    2.4000
    2.4000    2.4000    2.4000    2.4000    2.4000    2.4000
100000*second partial in parameter space
       69.       55.       36.        9.        7.        6.
        6.        9.        4.        7.        3.        3.
  0.0208  0.0207  0.0206  0.0209  0.0208  0.0207  0.0207  0.0209  0.0206  0.0208  0.0205  0.0206
  0.0205  0.0205  0.0205  0.0206  0.0205  0.0205  0.0205  0.0206  0.0205  0.0205  0.0204  0.0204
  0.0204  0.0204  0.0204  0.0204  0.0204  0.0204  0.0204  0.0204  0.0204  0.0204  0.0204  0.0204
  0.0204  0.0204  0.0204  0.0204  0.0204  0.0204  0.0204  0.0204  0.0204  0.0204  0.0203  0.0204
  0.0204  0.0204  0.0204  0.0204  0.0204  0.0204  0.0204  0.0204  0.0204  0.0204  0.0204  0.0204
  0.0206  0.0205  0.0205  0.0206  0.0205  0.0205  0.0205  0.0206  0.0205  0.0205  0.0204  0.0204
  0.0208  0.0207  0.0206  0.0209  0.0208  0.0207  0.0207  0.0209  0.0206  0.0208  0.0205  0.0205
   -1.3869   25.1044    2.0076   -0.1667  -13.2240  -10.4870
   -3.6325    6.1113    4.3775   13.6831   -9.1181   -9.5038
eta,q 0.97965 10.24617

---------------------------------------------------------------------
imgreg_4dfp /opt/freesurfer/average/711-2C_as_mni_average_305 /opt/freesurfer/average/711-2B_as_mni_average_305_mask talsrcimg_g11 none talsrcimg_to_711-2C_as_mni_average_305_t4 2311
---------------------------------------------------------------------

freesurfer imgreg_4dfp.c
/opt/freesurfer/average/711-2C_as_mni_average_305.4dfp.img
       256       256       256         1
  1.000000  1.000000  1.000000
orientation T byte_order littleendian
Reading image: /opt/freesurfer/average/711-2C_as_mni_average_305.4dfp.img
dimensions:      256       256       256
mmppix:       1.0000   -1.0000   -1.0000
center:     128.0000 -129.0000 -129.0000
/opt/freesurfer/average/711-2B_as_mni_average_305_mask.4dfp.img
       256       256       256         1
  1.000000  1.000000  1.000000
orientation T byte_order littleendian
Reading mask: /opt/freesurfer/average/711-2B_as_mni_average_305_mask.4dfp.img (2306576 pixels)
talsrcimg_g11.4dfp.img
       256       256       256         1
  1.000000  1.000000  1.000000
orientation T byte_order littleendian
Reading image: talsrcimg_g11.4dfp.img
dimensions:      256       256       256
mmppix:       1.0000   -1.0000   -1.0000
center:     128.0000 -129.0000 -129.0000
fimgreg.f
image alignment mode   2311 decimal      907 hex
parameters
   -1.3869   25.1044    2.0076   -0.1667  -13.2240  -10.4870
   -3.6325    6.1113    4.3775   13.6831   -9.1181   -9.5038
eta,q 0.97965 10.24617
niter,ni,del,rscale     5    3    5.0000    0.8000
parameters
   -1.3723   25.1035    1.9948   -0.5694  -13.4714  -10.3803
   -3.5339    6.1023    4.4394   13.7142   -9.2112   -9.5708
eta,q 0.97961 10.23382
  0.0221  0.0218  0.0212  0.0219  0.0220  0.0217  0.0219  0.0225  0.0215  0.0220  0.0210  0.0211
  0.0211  0.0210  0.0208  0.0212  0.0211  0.0210  0.0210  0.0213  0.0209  0.0211  0.0206  0.0207
  0.0205  0.0205  0.0205  0.0206  0.0206  0.0206  0.0205  0.0206  0.0205  0.0206  0.0204  0.0205
  0.0204  0.0203  0.0204  0.0204  0.0204  0.0204  0.0204  0.0204  0.0204  0.0204  0.0204  0.0204
  0.0206  0.0205  0.0205  0.0206  0.0205  0.0205  0.0205  0.0206  0.0205  0.0206  0.0205  0.0205
  0.0211  0.0210  0.0208  0.0214  0.0212  0.0210  0.0210  0.0213  0.0208  0.0211  0.0207  0.0208
  0.0221  0.0218  0.0213  0.0228  0.0226  0.0216  0.0217  0.0225  0.0214  0.0219  0.0210  0.0212
niter,ni,del,rscale     4    3    5.0000    0.7000
parameters
   -1.3732   25.1243    2.0225   -0.4711  -13.4109  -10.3894
   -3.5758    6.1095    4.4327   13.7242   -9.2070   -9.5706
eta,q 0.97963 10.23772
  0.0217  0.0215  0.0211  0.0218  0.0217  0.0214  0.0215  0.0220  0.0212  0.0216  0.0209  0.0210
  0.0210  0.0209  0.0207  0.0212  0.0210  0.0208  0.0208  0.0211  0.0207  0.0209  0.0206  0.0206
  0.0205  0.0205  0.0205  0.0207  0.0206  0.0205  0.0205  0.0206  0.0205  0.0205  0.0204  0.0204
  0.0204  0.0204  0.0204  0.0204  0.0204  0.0204  0.0204  0.0204  0.0204  0.0204  0.0204  0.0204
  0.0205  0.0205  0.0205  0.0204  0.0204  0.0205  0.0205  0.0206  0.0205  0.0205  0.0204  0.0205
  0.0210  0.0208  0.0207  0.0209  0.0209  0.0209  0.0209  0.0211  0.0207  0.0209  0.0206  0.0206
  0.0217  0.0214  0.0211  0.0219  0.0218  0.0214  0.0215  0.0220  0.0212  0.0216  0.0209  0.0210
niter,ni,del,rscale     3    3    5.0000    0.6000
parameters
   -1.3737   25.1209    2.0190   -0.3494  -13.3399  -10.4236
   -3.5990    6.1154    4.4147   13.7085   -9.1735   -9.5448
eta,q 0.97964 10.24125
  0.0214  0.0212  0.0209  0.0215  0.0214  0.0211  0.0212  0.0216  0.0209  0.0213  0.0207  0.0208
  0.0208  0.0207  0.0206  0.0210  0.0208  0.0207  0.0207  0.0209  0.0206  0.0208  0.0205  0.0206
  0.0205  0.0205  0.0204  0.0206  0.0205  0.0204  0.0204  0.0205  0.0204  0.0205  0.0204  0.0204
  0.0204  0.0204  0.0204  0.0204  0.0204  0.0204  0.0204  0.0204  0.0204  0.0204  0.0204  0.0204
  0.0205  0.0205  0.0204  0.0204  0.0204  0.0205  0.0205  0.0205  0.0204  0.0205  0.0204  0.0204
  0.0208  0.0207  0.0206  0.0208  0.0207  0.0207  0.0207  0.0209  0.0206  0.0208  0.0205  0.0206
  0.0214  0.0212  0.0209  0.0215  0.0213  0.0211  0.0212  0.0216  0.0209  0.0213  0.0207  0.0208
niter,ni,del,rscale     2    3    5.0000    0.5000
parameters
   -1.3794   25.1128    2.0114   -0.2474  -13.2779  -10.4595
   -3.6188    6.1114    4.3912   13.6915   -9.1355   -9.5269
eta,q 0.97965 10.24384
  0.0210  0.0209  0.0207  0.0212  0.0210  0.0209  0.0209  0.0212  0.0208  0.0210  0.0206  0.0207
  0.0207  0.0206  0.0205  0.0208  0.0207  0.0206  0.0206  0.0207  0.0205  0.0206  0.0205  0.0205
  0.0204  0.0204  0.0204  0.0205  0.0204  0.0204  0.0204  0.0204  0.0204  0.0204  0.0204  0.0204
  0.0204  0.0204  0.0204  0.0204  0.0204  0.0204  0.0204  0.0204  0.0204  0.0204  0.0204  0.0204
  0.0204  0.0204  0.0204  0.0204  0.0204  0.0204  0.0204  0.0205  0.0204  0.0204  0.0204  0.0204
  0.0207  0.0206  0.0205  0.0207  0.0206  0.0206  0.0206  0.0207  0.0205  0.0206  0.0205  0.0205
  0.0211  0.0209  0.0207  0.0211  0.0210  0.0209  0.0209  0.0212  0.0208  0.0210  0.0206  0.0207
niter,ni,del,rscale     1    3    5.0000    0.4000
parameters
   -1.3860   25.1061    2.0105   -0.1673  -13.2297  -10.4837
   -3.6348    6.1095    4.3771   13.6805   -9.1053   -9.5100
eta,q 0.97965 10.24607
  0.0208  0.0207  0.0206  0.0209  0.0208  0.0207  0.0207  0.0209  0.0206  0.0208  0.0205  0.0206
  0.0205  0.0205  0.0205  0.0206  0.0205  0.0205  0.0205  0.0206  0.0205  0.0205  0.0204  0.0204
  0.0204  0.0204  0.0204  0.0204  0.0204  0.0204  0.0204  0.0204  0.0204  0.0204  0.0204  0.0204
  0.0204  0.0204  0.0204  0.0204  0.0203  0.0203  0.0204  0.0204  0.0204  0.0204  0.0204  0.0204
  0.0204  0.0204  0.0204  0.0204  0.0204  0.0204  0.0204  0.0204  0.0204  0.0204  0.0204  0.0204
  0.0206  0.0205  0.0205  0.0206  0.0205  0.0205  0.0205  0.0206  0.0205  0.0205  0.0204  0.0204
  0.0208  0.0207  0.0206  0.0209  0.0208  0.0207  0.0207  0.0209  0.0206  0.0208  0.0205  0.0205
registration optimization eta report
parameter search radius
    0.8000    0.8000    0.8000    2.4000    2.4000    2.4000
    2.4000    2.4000    2.4000    2.4000    2.4000    2.4000
100000*second partial in parameter space
       70.       55.       36.        9.        7.        6.
        6.        9.        4.        7.        3.        3.
  0.0208  0.0207  0.0206  0.0209  0.0208  0.0207  0.0207  0.0209  0.0206  0.0208  0.0205  0.0206
  0.0205  0.0205  0.0205  0.0206  0.0205  0.0205  0.0205  0.0206  0.0205  0.0205  0.0204  0.0204
  0.0204  0.0204  0.0204  0.0204  0.0204  0.0204  0.0204  0.0204  0.0204  0.0204  0.0204  0.0204
  0.0204  0.0204  0.0204  0.0204  0.0203  0.0203  0.0204  0.0204  0.0204  0.0204  0.0204  0.0204
  0.0204  0.0204  0.0204  0.0204  0.0204  0.0204  0.0204  0.0204  0.0204  0.0204  0.0204  0.0204
  0.0206  0.0205  0.0205  0.0206  0.0205  0.0205  0.0205  0.0206  0.0205  0.0205  0.0204  0.0204
  0.0208  0.0207  0.0206  0.0209  0.0208  0.0207  0.0207  0.0209  0.0206  0.0208  0.0205  0.0205
   -1.3860   25.1061    2.0105   -0.1673  -13.2297  -10.4837
   -3.6348    6.1095    4.3771   13.6805   -9.1053   -9.5100
eta,q 0.97965 10.24607

---------------------------------------------------------------------
compute_vox2vox talsrcimg talsrcimg_to_711-2C_as_mni_average_305_t4 /opt/freesurfer/average/711-2C_as_mni_average_305
---------------------------------------------------------------------

freesurfer compute_vox2vox.c
Reading: talsrcimg.4dfp.ifh
Reading: talsrcimg_to_711-2C_as_mni_average_305_t4
Reading: /opt/freesurfer/average/711-2C_as_mni_average_305.4dfp.ifh
Writing: talsrcimg_to_711-2C_as_mni_average_305_t4_vox2vox.txt

start time Tue Mar 10 05:52:13 CET 2026
end		time Tue Mar 10 05:52:27 CET 2026

mpr2mni305 success

avi2talxfm orig_nu.mgz /opt/freesurfer/average/mni305.cor.mgz talsrcimg_to_711-2C_as_mni_average_305_t4_vox2vox.txt transforms/talairach.auto.xfm
avi2talxfm done
mv -f /out/sourcedata/freesurfer/sub-v1s6x0051368_ses-1/mri/talsrcimg_to_711-2C_as_mni_average_305_t4_vox2vox.txt /out/sourcedata/freesurfer/sub-v1s6x0051368_ses-1/mri/transforms/talsrcimg_to_711-2C_as_mni_average_305_t4_vox2vox.txt
lta_convert --src orig_nu.mgz --trg /opt/freesurfer/average/mni305.cor.mgz --inxfm transforms/talairach.auto.xfm --outlta transforms/talairach.auto.xfm.lta --subject fsaverage
7.3.2

--src: orig_nu.mgz src image (geometry).
--trg: /opt/freesurfer/average/mni305.cor.mgz trg image (geometry).
--inmni: transforms/talairach.auto.xfm input MNI/XFM transform.
--outlta: transforms/talairach.auto.xfm.lta output LTA.
--s: fsaverage subject name
 LTA read, type : 1
 0.99355  -0.07295   0.03362  -3.72894;
 0.09416   1.09180   0.12360  -7.04267;
-0.06497  -0.16846   1.13128  -25.03893;
 0.00000   0.00000   0.00000   1.00000;
setting subject to fsaverage
Writing  LTA to file transforms/talairach.auto.xfm.lta...
lta_convert successful.
 
 
Started at Tue Mar 10 05:52:13 CET 2026
Ended   at Tue Mar 10 05:52:28 CET 2026
talairach_avi done
