status file for recon-all
Tue Mar 10 08:06:35 CET 2026
#@# Tessellate rh Tue Mar 10 08:06:35 CET 2026
#@# Smooth1 rh Tue Mar 10 08:06:39 CET 2026
#@# Inflation1 rh Tue Mar 10 08:06:42 CET 2026
#@# QSphere rh Tue Mar 10 08:06:56 CET 2026
#@# Fix Topology rh Tue Mar 10 08:08:18 CET 2026
#@# Smooth2 rh Tue Mar 10 08:14:37 CET 2026
#@# Inflation2 rh Tue Mar 10 08:14:40 CET 2026
#@# Curv .H and .K rh Tue Mar 10 08:14:57 CET 2026
#@# Sphere rh Tue Mar 10 08:15:51 CET 2026
#@# Surf Reg rh Tue Mar 10 08:19:29 CET 2026
#@# Jacobian white rh Tue Mar 10 08:25:24 CET 2026
#@# AvgCurv rh Tue Mar 10 08:25:25 CET 2026
#@# Cortical Parc rh Tue Mar 10 08:25:26 CET 2026
#@# white curv rh Tue Mar 10 08:32:31 CET 2026
#@# white area rh Tue Mar 10 08:32:33 CET 2026
#@# pial curv rh Tue Mar 10 08:32:34 CET 2026
#@# pial area rh Tue Mar 10 08:32:37 CET 2026
#@# thickness rh Tue Mar 10 08:32:37 CET 2026
#@# area and vertex vol rh Tue Mar 10 08:33:12 CET 2026
#@# Curvature Stats rh Tue Mar 10 08:33:14 CET 2026
#@# Cortical Parc 2 rh Tue Mar 10 08:33:17 CET 2026
#@# Cortical Parc 3 rh Tue Mar 10 08:33:32 CET 2026
#@# WM/GM Contrast rh Tue Mar 10 08:33:43 CET 2026
recon-all -s sub-v1s6x0051369_ses-1 finished without error at Tue Mar 10 08:33:47 CET 2026



#New# invocation of recon-all 



status file for recon-all
Tue Mar 10 08:47:13 CET 2026
#@# white curv rh Tue Mar 10 08:47:13 CET 2026
#@# white area rh Tue Mar 10 08:47:13 CET 2026
#@# pial curv rh Tue Mar 10 08:47:13 CET 2026
#@# pial area rh Tue Mar 10 08:47:13 CET 2026
#@# thickness rh Tue Mar 10 08:47:13 CET 2026
#@# area and vertex vol rh Tue Mar 10 08:47:13 CET 2026
#@# Parcellation Stats rh Tue Mar 10 08:47:13 CET 2026
#@# Parcellation Stats 2 rh Tue Mar 10 08:47:37 CET 2026
#@# Parcellation Stats 3 rh Tue Mar 10 08:47:49 CET 2026
#@# BA_exvivo Labels rh Tue Mar 10 08:48:00 CET 2026
recon-all -s sub-v1s6x0051369_ses-1 finished without error at Tue Mar 10 08:50:50 CET 2026
