/out/sourcedata/freesurfer/sub-v1s6x0051363_ses-1/mri
/opt/freesurfer/bin/talairach_avi
--i orig_nu.mgz --xfm transforms/talairach.auto.xfm
talairach_avi 7.3.2
Linux dna006 5.14.0-427.37.1.el9_4.x86_64 #1 SMP PREEMPT_DYNAMIC Fri Sep 13 12:41:50 EDT 2024 x86_64 x86_64 x86_64 GNU/Linux
Tue Mar 10 05:40:15 CET 2026
mri_convert orig_nu.mgz talsrcimg.img 
reading from orig_nu.mgz...
TR=0.00, TE=0.00, TI=0.00, flip angle=0.00
i_ras = (-1, 0, 0)
j_ras = (0, 0, -1)
k_ras = (0, 1, 0)
writing to talsrcimg.img...
Analyze Output Matrix
-1.00000   0.00000   0.00000   129.50000;
 0.00000   0.00000   1.00000  -134.10168;
 0.00000  -1.00000   0.00000   122.54237;
 0.00000   0.00000   0.00000   1.00000;
--------------------
INFO: set hdr.hist.orient to -1
mpr2mni305 talsrcimg
Tue Mar 10 05:40:15 CET 2026
/opt/freesurfer/bin/mpr2mni305 talsrcimg
mpr2mni305 7.3.2
target=711-2C_as_mni_average_305

---------------------------------------------------------------------
analyzeto4dfp talsrcimg -O0 -y
---------------------------------------------------------------------

freesurfer ifh2hdr.c
Tue Mar 10 05:40:16 2026
Writing: talsrcimg.4dfp.hdr
freesurfer analyzeto4dfp.c
Reading: talsrcimg.hdr
header size 348 bytes
hdr.dime.datatype	offset=70	value=2
hdr.dime.bitpix		offset=72	value=8
hdr.hist.orient		offset=252	value=-1
dimensionality     4
dimensions       256       256       256         1
Reading: talsrcimg.img
Writing: talsrcimg.4dfp.img
Writing: talsrcimg.4dfp.ifh
ifh2hdr talsrcimg -r0to216
ori=2

---------------------------------------------------------------------
gauss_4dfp talsrcimg 1.1
---------------------------------------------------------------------

freesurfer gauss_4dfp.c
Reading: talsrcimg.4dfp.img
Writing: talsrcimg_g11.4dfp.img
image dimensions 256 256 256 padded to 288 288 288
processing volume 1freesurfer ifh2hdr.c
Tue Mar 10 05:40:17 2026
Writing: talsrcimg_g11.4dfp.hdr

Writing: talsrcimg_g11.4dfp.ifh
including: talsrcimg.4dfp.img.rec in talsrcimg_g11.4dfp.img.rec

---------------------------------------------------------------------
imgreg_4dfp /opt/freesurfer/average/711-2C_as_mni_average_305 none talsrcimg_g11 none talsrcimg_to_711-2C_as_mni_average_305_t4 4355
---------------------------------------------------------------------

freesurfer imgreg_4dfp.c
/opt/freesurfer/average/711-2C_as_mni_average_305.4dfp.img
       256       256       256         1
  1.000000  1.000000  1.000000
orientation T byte_order littleendian
Reading image: /opt/freesurfer/average/711-2C_as_mni_average_305.4dfp.img
dimensions:      256       256       256
mmppix:       1.0000   -1.0000   -1.0000
center:     128.0000 -129.0000 -129.0000
talsrcimg_g11.4dfp.img
       256       256       256         1
  1.000000  1.000000  1.000000
orientation T byte_order littleendian
Reading image: talsrcimg_g11.4dfp.img
dimensions:      256       256       256
mmppix:       1.0000   -1.0000   -1.0000
center:     128.0000 -129.0000 -129.0000
t4_read: open error in t4_sub.f l:  41 t4_file(1:l)talsrcimg_to_711-2C_as_mni_average_305_t4 
t4_read: transform initialized to I4
rotation matrix determinant  1.000000
image alignment mode   4355 decimal     1103 hex
   -7.5000  -45.0000  -45.0000 5797.0117   20.3006
    0.0000  -45.0000  -45.0000 6006.1245   20.4417
    7.5000  -45.0000  -45.0000 5771.7432   20.5481
   -7.5000  -37.5000  -45.0000 6390.1235   19.8210
    0.0000  -37.5000  -45.0000 6646.7271   19.9558
    7.5000  -37.5000  -45.0000 6371.5581   20.0486
   -7.5000  -30.0000  -45.0000 7275.9258   19.4466
    0.0000  -30.0000  -45.0000 7583.9600   19.5824
    7.5000  -30.0000  -45.0000 7242.8423   19.6771
   -7.5000  -22.5000  -45.0000 8258.7549   19.1516
    0.0000  -22.5000  -45.0000 8594.9756   19.2941
    7.5000  -22.5000  -45.0000 8176.4468   19.4040
   -7.5000  -15.0000  -45.0000 9266.4150   18.9904
    0.0000  -15.0000  -45.0000 9623.2197   19.1340
    7.5000  -15.0000  -45.0000 9137.6963   19.2522
   -7.5000   -7.5000  -45.000010238.1523   18.9827
    0.0000   -7.5000  -45.000010629.0391   19.1204
    7.5000   -7.5000  -45.000010099.5381   19.2307
   -7.5000    0.0000  -45.000011230.0146   19.0472
    0.0000    0.0000  -45.000011640.8740   19.1769
    7.5000    0.0000  -45.000011052.8750   19.2717
   -7.5000    7.5000  -45.000011237.0664   19.1120
    0.0000    7.5000  -45.000011651.3438   19.2390
    7.5000    7.5000  -45.000011056.2803   19.3245
   -7.5000   15.0000  -45.000010998.8770   19.1183
    0.0000   15.0000  -45.000011439.1904   19.2512
    7.5000   15.0000  -45.000010838.1582   19.3428
   -7.5000   22.5000  -45.000010737.4277   19.0477
    0.0000   22.5000  -45.000011172.5078   19.1892
    7.5000   22.5000  -45.000010558.6045   19.2976
   -7.5000   30.0000  -45.000010454.3350   18.7267
    0.0000   30.0000  -45.000010883.2930   18.8683
    7.5000   30.0000  -45.000010316.7998   18.9846
   -7.5000   37.5000  -45.000010549.5977   18.7298
    0.0000   37.5000  -45.000010962.8711   18.8655
    7.5000   37.5000  -45.000010427.4199   18.9745
   -7.5000   45.0000  -45.000010145.5107   18.3161
    0.0000   45.0000  -45.000010511.1680   18.4409
    7.5000   45.0000  -45.0000 9987.6152   18.5320
   -7.5000  -45.0000  -37.5000 6149.4844   20.2783
    0.0000  -45.0000  -37.5000 6379.1313   20.4060
    7.5000  -45.0000  -37.5000 6123.8032   20.5086
   -7.5000  -37.5000  -37.5000 6774.4268   19.8009
    0.0000  -37.5000  -37.5000 7062.1812   19.9222
    7.5000  -37.5000  -37.5000 6749.9229   20.0093
   -7.5000  -30.0000  -37.5000 7715.8291   19.4273
    0.0000  -30.0000  -37.5000 8039.1997   19.5492
    7.5000  -30.0000  -37.5000 7660.3433   19.6398
   -7.5000  -22.5000  -37.5000 8771.7734   19.1297
    0.0000  -22.5000  -37.5000 9130.5215   19.2601
    7.5000  -22.5000  -37.5000 8665.2051   19.3707
   -7.5000  -15.0000  -37.5000 9835.3018   18.9664
    0.0000  -15.0000  -37.500010238.1777   19.1000
    7.5000  -15.0000  -37.5000 9693.4287   19.2217
   -7.5000   -7.5000  -37.500010866.4658   18.9592
    0.0000   -7.5000  -37.500011291.4297   19.0864
    7.5000   -7.5000  -37.500010693.0938   19.1982
   -7.5000    0.0000  -37.500011861.4277   19.0255
    0.0000    0.0000  -37.500012322.3477   19.1435
    7.5000    0.0000  -37.500011649.1553   19.2356
   -7.5000    7.5000  -37.500011857.1914   19.0929
    0.0000    7.5000  -37.500012317.1299   19.2072
    7.5000    7.5000  -37.500011637.3438   19.2872
   -7.5000   15.0000  -37.500011607.7764   19.0996
    0.0000   15.0000  -37.500012098.1611   19.2192
    7.5000   15.0000  -37.500011407.8730   19.3066
   -7.5000   22.5000  -37.500011338.6562   19.0260
    0.0000   22.5000  -37.500011826.1318   19.1555
    7.5000   22.5000  -37.500011127.6465   19.2646
   -7.5000   30.0000  -37.500011043.5674   18.7031
    0.0000   30.0000  -37.500011515.9053   18.8348
    7.5000   30.0000  -37.500010848.9463   18.9546
   -7.5000   37.5000  -37.500011139.1133   18.7066
    0.0000   37.5000  -37.500011581.8623   18.8320
    7.5000   37.5000  -37.500010922.8945   18.9424
   -7.5000   45.0000  -37.500010697.9873   18.2953
    0.0000   45.0000  -37.500011080.9209   18.4088
    7.5000   45.0000  -37.500010448.9766   18.4973
   -7.5000  -45.0000  -30.0000 6580.0996   21.1251
    0.0000  -45.0000  -30.0000 6854.5269   21.2592
    7.5000  -45.0000  -30.0000 6548.1396   21.3761
   -7.5000  -37.5000  -30.0000 7261.0552   20.6194
    0.0000  -37.5000  -30.0000 7567.8398   20.7459
    7.5000  -37.5000  -30.0000 7207.6611   20.8472
   -7.5000  -30.0000  -30.0000 8277.2109   20.2199
    0.0000  -30.0000  -30.0000 8605.4238   20.3449
    7.5000  -30.0000  -30.0000 8196.5645   20.4484
   -7.5000  -22.5000  -30.0000 9381.4229   19.9084
    0.0000  -22.5000  -30.0000 9768.5391   20.0412
    7.5000  -22.5000  -30.0000 9286.4131   20.1630
   -7.5000  -15.0000  -30.000010504.8408   19.7459
    0.0000  -15.0000  -30.000010939.6318   19.8828
    7.5000  -15.0000  -30.000010382.4424   20.0149
   -7.5000   -7.5000  -30.000011576.3027   19.7497
    0.0000   -7.5000  -30.000012050.4814   19.8816
    7.5000   -7.5000  -30.000011423.6074   20.0046
   -7.5000    0.0000  -30.000012590.6787   19.8221
    0.0000    0.0000  -30.000013119.3584   19.9457
    7.5000    0.0000  -30.000012397.9736   20.0503
   -7.5000    7.5000  -30.000012563.2568   19.8827
    0.0000    7.5000  -30.000013105.7119   20.0018
    7.5000    7.5000  -30.000012381.0322   20.0948
   -7.5000   15.0000  -30.000012319.5371   19.8789
    0.0000   15.0000  -30.000012874.4404   20.0015
    7.5000   15.0000  -30.000012138.3398   20.1015
   -7.5000   22.5000  -30.000012066.3955   19.7984
    0.0000   22.5000  -30.000012608.3926   19.9304
    7.5000   22.5000  -30.000011833.2607   20.0506
   -7.5000   30.0000  -30.000011771.2871   19.4736
    0.0000   30.0000  -30.000012298.5566   19.6086
    7.5000   30.0000  -30.000011515.9814   19.7386
   -7.5000   37.5000  -30.000011858.3545   19.4884
    0.0000   37.5000  -30.000012363.1221   19.6186
    7.5000   37.5000  -30.000011584.3691   19.7399
   -7.5000   45.0000  -30.000011344.0195   19.0753
    0.0000   45.0000  -30.000011807.2881   19.1943
    7.5000   45.0000  -30.000011054.7695   19.2949
   -7.5000  -45.0000  -22.5000 6997.0908   21.8664
    0.0000  -45.0000  -22.5000 7302.1006   22.0227
    7.5000  -45.0000  -22.5000 6950.4092   22.1595
   -7.5000  -37.5000  -22.5000 7729.5732   21.3327
    0.0000  -37.5000  -22.5000 8059.9956   21.4800
    7.5000  -37.5000  -22.5000 7681.1289   21.6032
   -7.5000  -30.0000  -22.5000 8824.2139   20.9098
    0.0000  -30.0000  -22.5000 9182.5117   21.0532
    7.5000  -30.0000  -22.5000 8737.3701   21.1758
   -7.5000  -22.5000  -22.500010032.2930   20.5910
    0.0000  -22.5000  -22.500010439.2109   20.7397
    7.5000  -22.5000  -22.5000 9899.6572   20.8726
   -7.5000  -15.0000  -22.500011210.4746   20.4332
    0.0000  -15.0000  -22.500011663.5059   20.5852
    7.5000  -15.0000  -22.500011046.2100   20.7241
   -7.5000   -7.5000  -22.500012287.7217   20.4466
    0.0000   -7.5000  -22.500012782.7031   20.5958
    7.5000   -7.5000  -22.500012127.6523   20.7290
   -7.5000    0.0000  -22.500013321.6191   20.5212
    0.0000    0.0000  -22.500013878.9590   20.6644
    7.5000    0.0000  -22.500013145.4863   20.7854
   -7.5000    7.5000  -22.500013248.3789   20.5710
    0.0000    7.5000  -22.500013843.4912   20.7095
    7.5000    7.5000  -22.500013124.4482   20.8229
   -7.5000   15.0000  -22.500013010.3340   20.5569
    0.0000   15.0000  -22.500013596.5430   20.6974
    7.5000   15.0000  -22.500012861.5107   20.8158
   -7.5000   22.5000  -22.500012727.9863   20.4757
    0.0000   22.5000  -22.500013311.5088   20.6235
    7.5000   22.5000  -22.500012509.7705   20.7548
   -7.5000   30.0000  -22.500012433.6348   20.1546
    0.0000   30.0000  -22.500013028.9932   20.3044
    7.5000   30.0000  -22.500012163.4238   20.4411
   -7.5000   37.5000  -22.500012554.0107   20.1792
    0.0000   37.5000  -22.500013137.1494   20.3264
    7.5000   37.5000  -22.500012264.2510   20.4578
   -7.5000   45.0000  -22.500012000.6396   19.7629
    0.0000   45.0000  -22.500012524.0986   19.9008
    7.5000   45.0000  -22.500011721.3125   20.0174
   -7.5000  -45.0000  -15.0000 7411.1582   22.4179
    0.0000  -45.0000  -15.0000 7731.4087   22.5923
    7.5000  -45.0000  -15.0000 7347.3120   22.7360
   -7.5000  -37.5000  -15.0000 8219.4395   21.8669
    0.0000  -37.5000  -15.0000 8562.3311   22.0325
    7.5000  -37.5000  -15.0000 8159.7847   22.1653
   -7.5000  -30.0000  -15.0000 9420.0117   21.4315
    0.0000  -30.0000  -15.0000 9804.4541   21.5939
    7.5000  -30.0000  -15.0000 9318.8154   21.7253
   -7.5000  -22.5000  -15.000010692.3213   21.1085
    0.0000  -22.5000  -15.000011131.3271   21.2747
    7.5000  -22.5000  -15.000010559.3301   21.4117
   -7.5000  -15.0000  -15.000011882.4863   20.9509
    0.0000  -15.0000  -15.000012357.8047   21.1180
    7.5000  -15.0000  -15.000011739.0752   21.2574
   -7.5000   -7.5000  -15.000012994.7012   20.9655
    0.0000   -7.5000  -15.000013532.4658   21.1297
    7.5000   -7.5000  -15.000012870.2314   21.2645
   -7.5000    0.0000  -15.000014054.7695   21.0399
    0.0000    0.0000  -15.000014644.3281   21.1991
    7.5000    0.0000  -15.000013922.1826   21.3254
   -7.5000    7.5000  -15.000013963.5850   21.0860
    0.0000    7.5000  -15.000014591.8877   21.2417
    7.5000    7.5000  -15.000013875.0557   21.3642
   -7.5000   15.0000  -15.000013717.1230   21.0693
    0.0000   15.0000  -15.000014335.1797   21.2284
    7.5000   15.0000  -15.000013603.7324   21.3555
   -7.5000   22.5000  -15.000013421.1191   20.9893
    0.0000   22.5000  -15.000014031.9863   21.1543
    7.5000   22.5000  -15.000013224.1406   21.2897
   -7.5000   30.0000  -15.000013100.8779   20.6681
    0.0000   30.0000  -15.000013715.4707   20.8329
    7.5000   30.0000  -15.000012855.7705   20.9701
   -7.5000   37.5000  -15.000013210.1992   20.6941
    0.0000   37.5000  -15.000013834.9609   20.8563
    7.5000   37.5000  -15.000012970.9326   20.9893
   -7.5000   45.0000  -15.000012617.6211   20.2747
    0.0000   45.0000  -15.000013199.7363   20.4281
    7.5000   45.0000  -15.000012394.2373   20.5498
   -7.5000  -45.0000   -7.5000 7826.5796   22.6906
    0.0000  -45.0000   -7.5000 8173.0796   22.8636
    7.5000  -45.0000   -7.5000 7770.1484   22.9969
   -7.5000  -37.5000   -7.5000 8735.3477   22.1415
    0.0000  -37.5000   -7.5000 9103.0498   22.3071
    7.5000  -37.5000   -7.5000 8675.1309   22.4288
   -7.5000  -30.0000   -7.500010014.9473   21.7103
    0.0000  -30.0000   -7.500010438.4268   21.8751
    7.5000  -30.0000   -7.5000 9919.5361   21.9969
   -7.5000  -22.5000   -7.500011299.9590   21.3829
    0.0000  -22.5000   -7.500011776.9482   21.5527
    7.5000  -22.5000   -7.500011201.2285   21.6833
   -7.5000  -15.0000   -7.500012530.5010   21.2149
    0.0000  -15.0000   -7.500013020.8271   21.3846
    7.5000  -15.0000   -7.500012426.2959   21.5192
   -7.5000   -7.5000   -7.500013696.4492   21.2194
    0.0000   -7.5000   -7.500014223.0742   21.3841
    7.5000   -7.5000   -7.500013610.7109   21.5127
   -7.5000    0.0000   -7.500014831.6699   21.2930
    0.0000    0.0000   -7.500015403.3418   21.4512
    7.5000    0.0000   -7.500014759.5088   21.5688
   -7.5000    7.5000   -7.500014765.8438   21.3500
    0.0000    7.5000   -7.500015374.0957   21.5059
    7.5000    7.5000   -7.500014708.2920   21.6180
   -7.5000   15.0000   -7.500014522.8350   21.3433
    0.0000   15.0000   -7.500015176.7715   21.5048
    7.5000   15.0000   -7.500014456.2188   21.6226
   -7.5000   22.5000   -7.500014227.3154   21.2598
    0.0000   22.5000   -7.500014894.7959   21.4284
    7.5000   22.5000   -7.500014128.1738   21.5574
   -7.5000   30.0000   -7.500013864.6572   20.9279
    0.0000   30.0000   -7.500014530.3262   21.0952
    7.5000   30.0000   -7.500013754.3975   21.2278
   -7.5000   37.5000   -7.500013980.1973   20.9443
    0.0000   37.5000   -7.500014619.2949   21.1068
    7.5000   37.5000   -7.500013880.4990   21.2337
   -7.5000   45.0000   -7.500013297.8516   20.5224
    0.0000   45.0000   -7.500013914.2646   20.6749
    7.5000   45.0000   -7.500013233.7988   20.7882
   -7.5000  -45.0000    0.0000 8149.4565   22.7168
    0.0000  -45.0000    0.0000 8502.4043   22.8748
    7.5000  -45.0000    0.0000 8083.1396   22.9938
   -7.5000  -37.5000    0.0000 9161.3164   22.1802
    0.0000  -37.5000    0.0000 9556.9092   22.3310
    7.5000  -37.5000    0.0000 9085.7686   22.4349
   -7.5000  -30.0000    0.000010495.6621   21.7613
    0.0000  -30.0000    0.000010928.8945   21.9132
    7.5000  -30.0000    0.000010419.4043   22.0191
   -7.5000  -22.5000    0.000011815.8799   21.4312
    0.0000  -22.5000    0.000012284.6025   21.5905
    7.5000  -22.5000    0.000011756.8066   21.7135
   -7.5000  -15.0000    0.000013051.9668   21.2507
    0.0000  -15.0000    0.000013538.0488   21.4115
    7.5000  -15.0000    0.000013002.9727   21.5437
   -7.5000   -7.5000    0.000014217.3242   21.2422
    0.0000   -7.5000    0.000014745.5850   21.3961
    7.5000   -7.5000    0.000014169.0645   21.5197
   -7.5000    0.0000    0.000015374.6641   21.3143
    0.0000    0.0000    0.000015956.6611   21.4594
    7.5000    0.0000    0.000015368.1602   21.5655
   -7.5000    7.5000    0.000015449.0908   21.3868
    0.0000    7.5000    0.000016084.1270   21.5289
    7.5000    7.5000    0.000015406.7969   21.6246
   -7.5000   15.0000    0.000015239.4785   21.3939
    0.0000   15.0000    0.000015864.9834   21.5426
    7.5000   15.0000    0.000015208.6543   21.6451
   -7.5000   22.5000    0.000014795.3711   21.3080
    0.0000   22.5000    0.000015369.6387   21.4662
    7.5000   22.5000    0.000014830.0361   21.5875
   -7.5000   30.0000    0.000014376.7061   20.9639
    0.0000   30.0000    0.000014972.4805   21.1223
    7.5000   30.0000    0.000014443.7773   21.2525
   -7.5000   37.5000    0.000014490.2480   20.9673
    0.0000   37.5000    0.000015125.0850   21.1192
    7.5000   37.5000    0.000014577.0488   21.2412
   -7.5000   45.0000    0.000013819.9268   20.5445
    0.0000   45.0000    0.000014436.5508   20.6844
    7.5000   45.0000    0.000013848.1670   20.7867
   -7.5000  -45.0000    7.5000 7856.4600   22.6919
    0.0000  -45.0000    7.5000 8163.5068   22.8349
    7.5000  -45.0000    7.5000 7775.1328   22.9497
   -7.5000  -37.5000    7.5000 8835.5840   22.1577
    0.0000  -37.5000    7.5000 9192.7393   22.2935
    7.5000  -37.5000    7.5000 8727.6475   22.3909
   -7.5000  -30.0000    7.500010124.2910   21.7397
    0.0000  -30.0000    7.500010524.6572   21.8761
    7.5000  -30.0000    7.500010017.2539   21.9775
   -7.5000  -22.5000    7.500011420.5703   21.4066
    0.0000  -22.5000    7.500011848.3564   21.5525
    7.5000  -22.5000    7.500011329.6914   21.6763
   -7.5000  -15.0000    7.500012636.1084   21.2239
    0.0000  -15.0000    7.500013085.1064   21.3735
    7.5000  -15.0000    7.500012557.6885   21.5096
   -7.5000   -7.5000    7.500013707.8213   21.2159
    0.0000   -7.5000    7.500014168.3262   21.3582
    7.5000   -7.5000    7.500013670.6338   21.4833
   -7.5000    0.0000    7.500014779.6963   21.2900
    0.0000    0.0000    7.500015287.4150   21.4221
    7.5000    0.0000    7.500014785.7354   21.5251
   -7.5000    7.5000    7.500014886.8486   21.3654
    0.0000    7.5000    7.500015452.2168   21.4934
    7.5000    7.5000    7.500014864.2314   21.5829
   -7.5000   15.0000    7.500014761.2842   21.3730
    0.0000   15.0000    7.500015238.0400   21.5068
    7.5000   15.0000    7.500014773.8281   21.6046
   -7.5000   22.5000    7.500014307.6709   21.2837
    0.0000   22.5000    7.500014742.3906   21.4286
    7.5000   22.5000    7.500014436.2275   21.5507
   -7.5000   30.0000    7.500013965.3760   20.9374
    0.0000   30.0000    7.500014413.3760   21.0849
    7.5000   30.0000    7.500014020.1602   21.2189
   -7.5000   37.5000    7.500014115.9707   20.9413
    0.0000   37.5000    7.500014623.2510   21.0818
    7.5000   37.5000    7.500014082.1172   21.2053
   -7.5000   45.0000    7.500013456.3691   20.5211
    0.0000   45.0000    7.500013952.8057   20.6484
    7.5000   45.0000    7.500013358.1191   20.7477
   -7.5000  -45.0000   15.0000 7428.4614   22.6849
    0.0000  -45.0000   15.0000 7713.1670   22.8289
    7.5000  -45.0000   15.0000 7334.7212   22.9545
   -7.5000  -37.5000   15.0000 8378.2109   22.1419
    0.0000  -37.5000   15.0000 8701.2822   22.2777
    7.5000  -37.5000   15.0000 8281.1543   22.3865
   -7.5000  -30.0000   15.0000 9637.5195   21.7128
    0.0000  -30.0000   15.0000 9998.3340   21.8470
    7.5000  -30.0000   15.0000 9535.5918   21.9583
   -7.5000  -22.5000   15.000010877.2246   21.3784
    0.0000  -22.5000   15.000011275.8574   21.5209
    7.5000  -22.5000   15.000010791.8379   21.6517
   -7.5000  -15.0000   15.000012016.8779   21.2039
    0.0000  -15.0000   15.000012465.1953   21.3509
    7.5000  -15.0000   15.000011942.3809   21.4927
   -7.5000   -7.5000   15.000013056.3818   21.2080
    0.0000   -7.5000   15.000013536.3779   21.3496
    7.5000   -7.5000   15.000013021.0352   21.4817
   -7.5000    0.0000   15.000014118.8916   21.2857
    0.0000    0.0000   15.000014623.1729   21.4184
    7.5000    0.0000   15.000014097.3359   21.5307
   -7.5000    7.5000   15.000014182.0469   21.3508
    0.0000    7.5000   15.000014707.3242   21.4786
    7.5000    7.5000   15.000014073.6191   21.5786
   -7.5000   15.0000   15.000014142.7363   21.3467
    0.0000   15.0000   15.000014587.8555   21.4783
    7.5000   15.0000   15.000013903.2725   21.5857
   -7.5000   22.5000   15.000013909.7949   21.2556
    0.0000   22.5000   15.000014327.5469   21.3972
    7.5000   22.5000   15.000013612.4678   21.5263
   -7.5000   30.0000   15.000013579.7656   20.9177
    0.0000   30.0000   15.000013997.3340   21.0626
    7.5000   30.0000   15.000013213.3857   21.2022
   -7.5000   37.5000   15.000013583.7061   20.9335
    0.0000   37.5000   15.000014004.7197   21.0733
    7.5000   37.5000   15.000013236.4951   21.2036
   -7.5000   45.0000   15.000012875.4863   20.5169
    0.0000   45.0000   15.000013278.0205   20.6449
    7.5000   45.0000   15.000012595.6074   20.7531
   -7.5000  -45.0000   22.5000 6972.1270   22.7224
    0.0000  -45.0000   22.5000 7255.9326   22.8850
    7.5000  -45.0000   22.5000 6895.7144   23.0283
   -7.5000  -37.5000   22.5000 7853.5044   22.1673
    0.0000  -37.5000   22.5000 8150.0356   22.3204
    7.5000  -37.5000   22.5000 7760.1431   22.4494
   -7.5000  -30.0000   22.5000 9043.6777   21.7274
    0.0000  -30.0000   22.5000 9373.0312   21.8764
    7.5000  -30.0000   22.5000 8946.5645   22.0047
   -7.5000  -22.5000   22.500010240.0049   21.3957
    0.0000  -22.5000   22.500010604.9385   21.5503
    7.5000  -22.5000   22.500010139.1387   21.6894
   -7.5000  -15.0000   22.500011390.9756   21.2316
    0.0000  -15.0000   22.500011810.3096   21.3897
    7.5000  -15.0000   22.500011239.0186   21.5348
   -7.5000   -7.5000   22.500012472.7090   21.2456
    0.0000   -7.5000   22.500012975.1387   21.4008
    7.5000   -7.5000   22.500012310.3965   21.5400
   -7.5000    0.0000   22.500013521.2021   21.3232
    0.0000    0.0000   22.500014091.7734   21.4721
    7.5000    0.0000   22.500013339.0293   21.5988
   -7.5000    7.5000   22.500013563.5566   21.3751
    0.0000    7.5000   22.500014093.8359   21.5191
    7.5000    7.5000   22.500013310.0605   21.6378
   -7.5000   15.0000   22.500013322.3760   21.3604
    0.0000   15.0000   22.500013781.4395   21.5064
    7.5000   15.0000   22.500013039.1338   21.6303
   -7.5000   22.5000   22.500012964.9316   21.2726
    0.0000   22.5000   22.500013410.6572   21.4262
    7.5000   22.5000   22.500012688.8252   21.5635
   -7.5000   30.0000   22.500012584.4854   20.9450
    0.0000   30.0000   22.500013017.8262   21.1008
    7.5000   30.0000   22.500012339.1982   21.2438
   -7.5000   37.5000   22.500012644.9561   20.9706
    0.0000   37.5000   22.500013082.8154   21.1238
    7.5000   37.5000   22.500012414.4902   21.2613
   -7.5000   45.0000   22.500012070.3887   20.5531
    0.0000   45.0000   22.500012489.1934   20.6966
    7.5000   45.0000   22.500011892.3936   20.8188
   -7.5000  -45.0000   30.0000 6380.4473   22.8716
    0.0000  -45.0000   30.0000 6654.6001   23.0509
    7.5000  -45.0000   30.0000 6325.4136   23.2004
   -7.5000  -37.5000   30.0000 7198.7998   22.3077
    0.0000  -37.5000   30.0000 7497.1226   22.4777
    7.5000  -37.5000   30.0000 7118.4258   22.6159
   -7.5000  -30.0000   30.0000 8333.3574   21.8607
    0.0000  -30.0000   30.0000 8665.0830   22.0273
    7.5000  -30.0000   30.0000 8219.2246   22.1639
   -7.5000  -22.5000   30.0000 9474.4160   21.5283
    0.0000  -22.5000   30.0000 9859.1963   21.6987
    7.5000  -22.5000   30.0000 9336.9424   21.8411
   -7.5000  -15.0000   30.000010573.1191   21.3659
    0.0000  -15.0000   30.000011026.7881   21.5374
    7.5000  -15.0000   30.000010388.3438   21.6822
   -7.5000   -7.5000   30.000011604.2832   21.3813
    0.0000   -7.5000   30.000012110.1133   21.5499
    7.5000   -7.5000   30.000011405.4443   21.6900
   -7.5000    0.0000   30.000012571.9277   21.4586
    0.0000    0.0000   30.000013092.8623   21.6221
    7.5000    0.0000   30.000012346.1865   21.7534
   -7.5000    7.5000   30.000012526.2656   21.5065
    0.0000    7.5000   30.000013027.0488   21.6663
    7.5000    7.5000   30.000012317.7969   21.7936
   -7.5000   15.0000   30.000012247.0283   21.4890
    0.0000   15.0000   30.000012733.6680   21.6522
    7.5000   15.0000   30.000012071.3818   21.7843
   -7.5000   22.5000   30.000011926.4521   21.4036
    0.0000   22.5000   30.000012384.2412   21.5730
    7.5000   22.5000   30.000011755.5850   21.7135
   -7.5000   30.0000   30.000011550.0664   21.0774
    0.0000   30.0000   30.000011972.5586   21.2465
    7.5000   30.0000   30.000011408.6982   21.3891
   -7.5000   37.5000   30.000011612.6299   21.1046
    0.0000   37.5000   30.000012025.5479   21.2710
    7.5000   37.5000   30.000011495.2969   21.4093
   -7.5000   45.0000   30.000011177.2314   20.6836
    0.0000   45.0000   30.000011573.7080   20.8412
    7.5000   45.0000   30.000011064.9834   20.9678
   -7.5000  -45.0000   37.5000 6027.2407   23.2676
    0.0000  -45.0000   37.5000 6301.4844   23.4491
    7.5000  -45.0000   37.5000 5983.0728   23.5920
   -7.5000  -37.5000   37.5000 6811.6582   22.7004
    0.0000  -37.5000   37.5000 7107.1655   22.8739
    7.5000  -37.5000   37.5000 6746.3213   23.0045
   -7.5000  -30.0000   37.5000 7906.1680   22.2523
    0.0000  -30.0000   37.5000 8232.9912   22.4251
    7.5000  -30.0000   37.5000 7811.2769   22.5557
   -7.5000  -22.5000   37.5000 8995.3203   21.9088
    0.0000  -22.5000   37.5000 9380.6689   22.0867
    7.5000  -22.5000   37.5000 8887.1064   22.2263
   -7.5000  -15.0000   37.500010062.0801   21.7318
    0.0000  -15.0000   37.500010496.5596   21.9096
    7.5000  -15.0000   37.5000 9922.7842   22.0533
   -7.5000   -7.5000   37.500011041.6777   21.7376
    0.0000   -7.5000   37.500011519.8848   21.9101
    7.5000   -7.5000   37.500010903.5508   22.0475
   -7.5000    0.0000   37.500011956.4307   21.8163
    0.0000    0.0000   37.500012475.0566   21.9820
    7.5000    0.0000   37.500011809.5967   22.1080
   -7.5000    7.5000   37.500011928.6846   21.8768
    0.0000    7.5000   37.500012438.4727   22.0399
    7.5000    7.5000   37.500011790.1914   22.1604
   -7.5000   15.0000   37.500011714.5498   21.8690
    0.0000   15.0000   37.500012203.4531   22.0381
    7.5000   15.0000   37.500011609.6904   22.1644
   -7.5000   22.5000   37.500011425.1143   21.7801
    0.0000   22.5000   37.500011881.9248   21.9567
    7.5000   22.5000   37.500011313.0488   22.0945
   -7.5000   30.0000   37.500011053.6270   21.4382
    0.0000   30.0000   37.500011477.1572   21.6135
    7.5000   30.0000   37.500010945.8105   21.7550
   -7.5000   37.5000   37.500011117.4346   21.4562
    0.0000   37.5000   37.500011516.8096   21.6266
    7.5000   37.5000   37.500011003.7119   21.7622
   -7.5000   45.0000   37.500010755.5674   21.0284
    0.0000   45.0000   37.500011160.5762   21.1881
    7.5000   45.0000   37.500010661.7676   21.3096
   -7.5000  -45.0000   45.0000 5456.7549   23.7298
    0.0000  -45.0000   45.0000 5665.9561   23.8999
    7.5000  -45.0000   45.0000 5417.7891   24.0338
   -7.5000  -37.5000   45.0000 6160.3774   23.1575
    0.0000  -37.5000   45.0000 6394.5059   23.3201
    7.5000  -37.5000   45.0000 6116.2129   23.4373
   -7.5000  -30.0000   45.0000 7153.8418   22.7110
    0.0000  -30.0000   45.0000 7430.7686   22.8749
    7.5000  -30.0000   45.0000 7089.9424   22.9943
   -7.5000  -22.5000   45.0000 8174.1006   22.3541
    0.0000  -22.5000   45.0000 8501.0859   22.5258
    7.5000  -22.5000   45.0000 8108.0049   22.6634
   -7.5000  -15.0000   45.0000 9137.1611   22.1566
    0.0000  -15.0000   45.0000 9510.9385   22.3294
    7.5000  -15.0000   45.0000 9051.0928   22.4768
   -7.5000   -7.5000   45.000010040.0010   22.1468
    0.0000   -7.5000   45.000010464.1777   22.3121
    7.5000   -7.5000   45.0000 9957.1846   22.4502
   -7.5000    0.0000   45.000010877.9375   22.2251
    0.0000    0.0000   45.000011325.8623   22.3810
    7.5000    0.0000   45.000010772.0664   22.5002
   -7.5000    7.5000   45.000010893.6992   22.3043
    0.0000    7.5000   45.000011330.1914   22.4572
    7.5000    7.5000   45.000010786.2480   22.5652
   -7.5000   15.0000   45.000010719.6533   22.3125
    0.0000   15.0000   45.000011139.7783   22.4728
    7.5000   15.0000   45.000010624.3379   22.5883
   -7.5000   22.5000   45.000010455.7812   22.2196
    0.0000   22.5000   45.000010860.3926   22.3900
    7.5000   22.5000   45.000010368.2305   22.5257
   -7.5000   30.0000   45.000010110.4795   21.8550
    0.0000   30.0000   45.000010492.0928   22.0253
    7.5000   30.0000   45.000010018.1592   22.1704
   -7.5000   37.5000   45.000010157.1230   21.8583
    0.0000   37.5000   45.000010517.2773   22.0214
    7.5000   37.5000   45.000010055.3320   22.1577
   -7.5000   45.0000   45.0000 9848.7119   21.4322
    0.0000   45.0000   45.000010235.6504   21.5824
    7.5000   45.0000   45.0000 9774.5137   21.6974

---------------------------------------------------------------------
imgreg_4dfp /opt/freesurfer/average/711-2C_as_mni_average_305 /opt/freesurfer/average/711-2B_as_mni_average_305_mask talsrcimg_g11 none talsrcimg_to_711-2C_as_mni_average_305_t4 4355
---------------------------------------------------------------------

freesurfer imgreg_4dfp.c
/opt/freesurfer/average/711-2C_as_mni_average_305.4dfp.img
       256       256       256         1
  1.000000  1.000000  1.000000
orientation T byte_order littleendian
Reading image: /opt/freesurfer/average/711-2C_as_mni_average_305.4dfp.img
dimensions:      256       256       256
mmppix:       1.0000   -1.0000   -1.0000
center:     128.0000 -129.0000 -129.0000
/opt/freesurfer/average/711-2B_as_mni_average_305_mask.4dfp.img
       256       256       256         1
  1.000000  1.000000  1.000000
orientation T byte_order littleendian
Reading mask: /opt/freesurfer/average/711-2B_as_mni_average_305_mask.4dfp.img (2306576 pixels)
talsrcimg_g11.4dfp.img
       256       256       256         1
  1.000000  1.000000  1.000000
orientation T byte_order littleendian
Reading image: talsrcimg_g11.4dfp.img
dimensions:      256       256       256
mmppix:       1.0000   -1.0000   -1.0000
center:     128.0000 -129.0000 -129.0000
rotation matrix determinant  1.000000
image alignment mode   4355 decimal     1103 hex
   -7.5000  -37.5000  -45.0000 1722.9073   28.6466
    0.0000  -37.5000  -45.0000 1721.0319   28.6885
    7.5000  -37.5000  -45.0000 1704.2852   29.0081
   -7.5000  -30.0000  -45.0000 1838.2205   25.0818
    0.0000  -30.0000  -45.0000 1841.9894   25.1239
    7.5000  -30.0000  -45.0000 1820.7113   25.4274
   -7.5000  -22.5000  -45.0000 1963.2755   22.2579
    0.0000  -22.5000  -45.0000 1968.4413   22.2366
    7.5000  -22.5000  -45.0000 1938.2666   22.4626
   -7.5000  -15.0000  -45.0000 2083.6548   20.0580
    0.0000  -15.0000  -45.0000 2085.2278   19.9994
    7.5000  -15.0000  -45.0000 2057.1738   20.2124
   -7.5000   -7.5000  -45.0000 2177.8596   18.4437
    0.0000   -7.5000  -45.0000 2179.7336   18.3648
    7.5000   -7.5000  -45.0000 2159.6890   18.5590
   -7.5000    0.0000  -45.0000 2259.2058   17.2885
    0.0000    0.0000  -45.0000 2261.9233   17.2346
    7.5000    0.0000  -45.0000 2237.7629   17.3837
   -7.5000    7.5000  -45.0000 2293.0217   16.5661
    0.0000    7.5000  -45.0000 2297.9038   16.5268
    7.5000    7.5000  -45.0000 2277.8718   16.6853
   -7.5000   15.0000  -45.0000 2302.6543   16.1361
    0.0000   15.0000  -45.0000 2309.5212   16.1026
    7.5000   15.0000  -45.0000 2291.0090   16.3547
   -7.5000   22.5000  -45.0000 2304.7026   16.0990
    0.0000   22.5000  -45.0000 2312.3196   16.0908
    7.5000   22.5000  -45.0000 2287.4880   16.3685
   -7.5000   30.0000  -45.0000 2284.3755   16.3041
    0.0000   30.0000  -45.0000 2291.6594   16.3004
    7.5000   30.0000  -45.0000 2272.2783   16.5921
   -7.5000   37.5000  -45.0000 2258.5923   16.9399
    0.0000   37.5000  -45.0000 2266.2556   16.8969
    7.5000   37.5000  -45.0000 2245.9702   17.2492
   -7.5000   45.0000  -45.0000 2213.4424   17.9578
    0.0000   45.0000  -45.0000 2221.5149   17.8865
    7.5000   45.0000  -45.0000 2199.4758   18.2796
   -7.5000   52.5000  -45.0000 2126.2383   19.2900
    0.0000   52.5000  -45.0000 2134.8315   19.1573
    7.5000   52.5000  -45.0000 2110.0828   19.5772
   -7.5000  -37.5000  -37.5000 1767.6082   26.6816
    0.0000  -37.5000  -37.5000 1770.6646   26.7032
    7.5000  -37.5000  -37.5000 1761.4961   27.0669
   -7.5000  -30.0000  -37.5000 1891.1335   23.3902
    0.0000  -30.0000  -37.5000 1894.2346   23.4410
    7.5000  -30.0000  -37.5000 1879.1805   23.6915
   -7.5000  -22.5000  -37.5000 2027.5118   20.7429
    0.0000  -22.5000  -37.5000 2028.5410   20.7796
    7.5000  -22.5000  -37.5000 2005.0980   20.9407
   -7.5000  -15.0000  -37.5000 2155.9016   18.6576
    0.0000  -15.0000  -37.5000 2158.9126   18.6823
    7.5000  -15.0000  -37.5000 2133.6367   18.8259
   -7.5000   -7.5000  -37.5000 2257.7312   17.1039
    0.0000   -7.5000  -37.5000 2260.4597   17.1218
    7.5000   -7.5000  -37.5000 2237.5396   17.2614
   -7.5000    0.0000  -37.5000 2338.4468   15.9791
    0.0000    0.0000  -37.5000 2344.3638   15.9791
    7.5000    0.0000  -37.5000 2313.9121   16.1385
   -7.5000    7.5000  -37.5000 2386.0017   15.2837
    0.0000    7.5000  -37.5000 2388.9558   15.2711
    7.5000    7.5000  -37.5000 2359.7505   15.4196
   -7.5000   15.0000  -37.5000 2404.1619   14.8948
    0.0000   15.0000  -37.5000 2409.6526   14.8887
    7.5000   15.0000  -37.5000 2383.8743   15.0859
   -7.5000   22.5000  -37.5000 2409.5063   14.8505
    0.0000   22.5000  -37.5000 2420.6838   14.8400
    7.5000   22.5000  -37.5000 2388.2478   15.0476
   -7.5000   30.0000  -37.5000 2391.8179   15.0618
    0.0000   30.0000  -37.5000 2399.5725   15.0737
    7.5000   30.0000  -37.5000 2374.4209   15.2910
   -7.5000   37.5000  -37.5000 2360.3625   15.6799
    0.0000   37.5000  -37.5000 2366.7214   15.6254
    7.5000   37.5000  -37.5000 2340.0989   15.9247
   -7.5000   45.0000  -37.5000 2309.9121   16.6458
    0.0000   45.0000  -37.5000 2314.1165   16.5673
    7.5000   45.0000  -37.5000 2290.3589   16.8550
   -7.5000   52.5000  -37.5000 2214.8494   17.8462
    0.0000   52.5000  -37.5000 2220.7527   17.6896
    7.5000   52.5000  -37.5000 2197.1104   18.0388
   -7.5000  -37.5000  -30.0000 1844.2380   26.0089
    0.0000  -37.5000  -30.0000 1847.4131   26.0496
    7.5000  -37.5000  -30.0000 1834.6515   26.3204
   -7.5000  -30.0000  -30.0000 1978.5571   22.6793
    0.0000  -30.0000  -30.0000 1977.2203   22.7193
    7.5000  -30.0000  -30.0000 1961.7701   22.9307
   -7.5000  -22.5000  -30.0000 2120.9639   20.0846
    0.0000  -22.5000  -30.0000 2119.1111   20.1110
    7.5000  -22.5000  -30.0000 2099.6274   20.3230
   -7.5000  -15.0000  -30.0000 2255.6055   18.0698
    0.0000  -15.0000  -30.0000 2256.8860   18.0937
    7.5000  -15.0000  -30.0000 2231.1802   18.3009
   -7.5000   -7.5000  -30.0000 2364.6672   16.5205
    0.0000   -7.5000  -30.0000 2368.2749   16.5735
    7.5000   -7.5000  -30.0000 2341.6333   16.7756
   -7.5000    0.0000  -30.0000 2451.7876   15.3808
    0.0000    0.0000  -30.0000 2458.4890   15.4500
    7.5000    0.0000  -30.0000 2426.7361   15.6224
   -7.5000    7.5000  -30.0000 2510.9502   14.6485
    0.0000    7.5000  -30.0000 2518.0984   14.7014
    7.5000    7.5000  -30.0000 2485.7178   14.8756
   -7.5000   15.0000  -30.0000 2540.8660   14.2808
    0.0000   15.0000  -30.0000 2546.5496   14.3246
    7.5000   15.0000  -30.0000 2517.5142   14.5007
   -7.5000   22.5000  -30.0000 2557.1531   14.2251
    0.0000   22.5000  -30.0000 2568.1030   14.2172
    7.5000   22.5000  -30.0000 2532.9116   14.4295
   -7.5000   30.0000  -30.0000 2546.1965   14.4611
    0.0000   30.0000  -30.0000 2555.6926   14.4664
    7.5000   30.0000  -30.0000 2520.3691   14.6409
   -7.5000   37.5000  -30.0000 2509.8313   15.1032
    0.0000   37.5000  -30.0000 2516.0442   15.0959
    7.5000   37.5000  -30.0000 2479.4495   15.3267
   -7.5000   45.0000  -30.0000 2448.6138   16.0517
    0.0000   45.0000  -30.0000 2457.9863   16.0118
    7.5000   45.0000  -30.0000 2419.2656   16.2258
   -7.5000   52.5000  -30.0000 2344.6782   17.1333
    0.0000   52.5000  -30.0000 2356.2046   17.0543
    7.5000   52.5000  -30.0000 2316.9905   17.3155
   -7.5000  -37.5000  -22.5000 1902.5756   25.2140
    0.0000  -37.5000  -22.5000 1906.5358   25.2797
    7.5000  -37.5000  -22.5000 1887.8041   25.6735
   -7.5000  -30.0000  -22.5000 2044.1578   21.9289
    0.0000  -30.0000  -22.5000 2043.4012   21.9465
    7.5000  -30.0000  -22.5000 2021.1063   22.3518
   -7.5000  -22.5000  -22.5000 2198.3501   19.3985
    0.0000  -22.5000  -22.5000 2197.9565   19.4206
    7.5000  -22.5000  -22.5000 2167.4641   19.7841
   -7.5000  -15.0000  -22.5000 2333.7673   17.4102
    0.0000  -15.0000  -22.5000 2332.4465   17.4167
    7.5000  -15.0000  -22.5000 2297.8049   17.7493
   -7.5000   -7.5000  -22.5000 2441.6921   15.9261
    0.0000   -7.5000  -22.5000 2442.8772   15.9594
    7.5000   -7.5000  -22.5000 2410.6216   16.2280
   -7.5000    0.0000  -22.5000 2538.0767   14.8326
    0.0000    0.0000  -22.5000 2542.3914   14.8871
    7.5000    0.0000  -22.5000 2511.4424   15.1120
   -7.5000    7.5000  -22.5000 2610.2104   14.0405
    0.0000    7.5000  -22.5000 2619.0454   14.1131
    7.5000    7.5000  -22.5000 2589.9160   14.3372
   -7.5000   15.0000  -22.5000 2653.0508   13.6471
    0.0000   15.0000  -22.5000 2658.5703   13.7069
    7.5000   15.0000  -22.5000 2627.9338   13.9038
   -7.5000   22.5000  -22.5000 2673.8613   13.5511
    0.0000   22.5000  -22.5000 2684.7380   13.5915
    7.5000   22.5000  -22.5000 2645.4346   13.7810
   -7.5000   30.0000  -22.5000 2670.5452   13.7735
    0.0000   30.0000  -22.5000 2685.8384   13.8117
    7.5000   30.0000  -22.5000 2637.9871   13.9708
   -7.5000   37.5000  -22.5000 2631.7046   14.4341
    0.0000   37.5000  -22.5000 2646.7815   14.4839
    7.5000   37.5000  -22.5000 2599.1675   14.6584
   -7.5000   45.0000  -22.5000 2562.1096   15.3516
    0.0000   45.0000  -22.5000 2577.9502   15.3666
    7.5000   45.0000  -22.5000 2535.3916   15.5767
   -7.5000   52.5000  -22.5000 2447.1731   16.3871
    0.0000   52.5000  -22.5000 2460.2974   16.3576
    7.5000   52.5000  -22.5000 2420.8667   16.6044
   -7.5000  -37.5000  -15.0000 1936.9904   24.5921
    0.0000  -37.5000  -15.0000 1937.3646   24.6253
    7.5000  -37.5000  -15.0000 1919.1968   25.0863
   -7.5000  -30.0000  -15.0000 2086.3567   21.3304
    0.0000  -30.0000  -15.0000 2084.0417   21.3402
    7.5000  -30.0000  -15.0000 2061.0200   21.8225
   -7.5000  -22.5000  -15.0000 2242.8523   18.7944
    0.0000  -22.5000  -15.0000 2242.7261   18.7873
    7.5000  -22.5000  -15.0000 2209.7756   19.2523
   -7.5000  -15.0000  -15.0000 2370.3584   16.8175
    0.0000  -15.0000  -15.0000 2371.2698   16.8106
    7.5000  -15.0000  -15.0000 2340.7905   17.2532
   -7.5000   -7.5000  -15.0000 2480.8013   15.3652
    0.0000   -7.5000  -15.0000 2485.7134   15.3644
    7.5000   -7.5000  -15.0000 2456.7483   15.7623
   -7.5000    0.0000  -15.0000 2588.7095   14.2762
    0.0000    0.0000  -15.0000 2598.3364   14.3147
    7.5000    0.0000  -15.0000 2564.6311   14.6438
   -7.5000    7.5000  -15.0000 2679.6360   13.5256
    0.0000    7.5000  -15.0000 2693.5410   13.5727
    7.5000    7.5000  -15.0000 2659.5837   13.8626
   -7.5000   15.0000  -15.0000 2737.2026   13.0839
    0.0000   15.0000  -15.0000 2750.1797   13.1463
    7.5000   15.0000  -15.0000 2707.7246   13.3636
   -7.5000   22.5000  -15.0000 2763.7483   12.9567
    0.0000   22.5000  -15.0000 2779.4707   12.9957
    7.5000   22.5000  -15.0000 2732.2532   13.2058
   -7.5000   30.0000  -15.0000 2759.9707   13.1413
    0.0000   30.0000  -15.0000 2782.6912   13.1967
    7.5000   30.0000  -15.0000 2729.6541   13.3844
   -7.5000   37.5000  -15.0000 2719.9470   13.8003
    0.0000   37.5000  -15.0000 2738.0593   13.8603
    7.5000   37.5000  -15.0000 2691.1919   14.0601
   -7.5000   45.0000  -15.0000 2642.7078   14.6780
    0.0000   45.0000  -15.0000 2658.1958   14.7039
    7.5000   45.0000  -15.0000 2621.4539   14.9138
   -7.5000   52.5000  -15.0000 2520.0564   15.6553
    0.0000   52.5000  -15.0000 2532.4282   15.6482
    7.5000   52.5000  -15.0000 2500.5198   15.9137
   -7.5000  -37.5000   -7.5000 1951.7480   24.1008
    0.0000  -37.5000   -7.5000 1953.2797   24.1243
    7.5000  -37.5000   -7.5000 1935.9736   24.7952
   -7.5000  -30.0000   -7.5000 2102.2112   20.8855
    0.0000  -30.0000   -7.5000 2104.8877   20.8489
    7.5000  -30.0000   -7.5000 2080.7449   21.4102
   -7.5000  -22.5000   -7.5000 2251.1162   18.2792
    0.0000  -22.5000   -7.5000 2256.1711   18.2281
    7.5000  -22.5000   -7.5000 2227.1536   18.7907
   -7.5000  -15.0000   -7.5000 2383.2825   16.2858
    0.0000  -15.0000   -7.5000 2386.0579   16.2582
    7.5000  -15.0000   -7.5000 2358.7983   16.7789
   -7.5000   -7.5000   -7.5000 2508.2419   14.8522
    0.0000   -7.5000   -7.5000 2509.9412   14.8220
    7.5000   -7.5000   -7.5000 2483.9170   15.2903
   -7.5000    0.0000   -7.5000 2627.5964   13.8014
    0.0000    0.0000   -7.5000 2636.7227   13.8053
    7.5000    0.0000   -7.5000 2606.2339   14.2206
   -7.5000    7.5000   -7.5000 2725.5920   13.0859
    0.0000    7.5000   -7.5000 2745.8352   13.0868
    7.5000    7.5000   -7.5000 2706.7412   13.4553
   -7.5000   15.0000   -7.5000 2798.3347   12.6179
    0.0000   15.0000   -7.5000 2820.6826   12.6407
    7.5000   15.0000   -7.5000 2770.0027   12.9453
   -7.5000   22.5000   -7.5000 2841.2310   12.4199
    0.0000   22.5000   -7.5000 2862.5229   12.4588
    7.5000   22.5000   -7.5000 2810.4565   12.7465
   -7.5000   30.0000   -7.5000 2839.8894   12.6137
    0.0000   30.0000   -7.5000 2865.5237   12.6458
    7.5000   30.0000   -7.5000 2814.0532   12.8839
   -7.5000   37.5000   -7.5000 2787.0659   13.2514
    0.0000   37.5000   -7.5000 2807.0146   13.2969
    7.5000   37.5000   -7.5000 2765.7202   13.5406
   -7.5000   45.0000   -7.5000 2697.1323   14.0752
    0.0000   45.0000   -7.5000 2715.9646   14.0571
    7.5000   45.0000   -7.5000 2684.9307   14.3544
   -7.5000   52.5000   -7.5000 2562.9492   15.0580
    0.0000   52.5000   -7.5000 2582.9026   15.0403
    7.5000   52.5000   -7.5000 2550.2761   15.3593
   -7.5000  -37.5000    0.0000 1948.0953   24.0257
    0.0000  -37.5000    0.0000 1951.8212   24.0033
    7.5000  -37.5000    0.0000 1932.1130   24.7005
   -7.5000  -30.0000    0.0000 2097.8528   20.7636
    0.0000  -30.0000    0.0000 2102.8271   20.6991
    7.5000  -30.0000    0.0000 2079.5435   21.3786
   -7.5000  -22.5000    0.0000 2240.1274   18.0528
    0.0000  -22.5000    0.0000 2248.6028   17.9731
    7.5000  -22.5000    0.0000 2227.2251   18.6772
   -7.5000  -15.0000    0.0000 2374.4685   16.0284
    0.0000  -15.0000    0.0000 2379.7573   15.9411
    7.5000  -15.0000    0.0000 2360.3459   16.6036
   -7.5000   -7.5000    0.0000 2506.6567   14.5706
    0.0000   -7.5000    0.0000 2512.5288   14.4990
    7.5000   -7.5000    0.0000 2483.5664   15.0568
   -7.5000    0.0000    0.0000 2633.4695   13.5348
    0.0000    0.0000    0.0000 2641.7986   13.4851
    7.5000    0.0000    0.0000 2610.9106   13.9818
   -7.5000    7.5000    0.0000 2744.6677   12.8372
    0.0000    7.5000    0.0000 2756.9885   12.8052
    7.5000    7.5000    0.0000 2723.8857   13.2571
   -7.5000   15.0000    0.0000 2830.2104   12.3898
    0.0000   15.0000    0.0000 2849.9822   12.3586
    7.5000   15.0000    0.0000 2800.6787   12.7639
   -7.5000   22.5000    0.0000 2891.6155   12.0539
    0.0000   22.5000    0.0000 2913.1892   12.0343
    7.5000   22.5000    0.0000 2852.3459   12.5025
   -7.5000   30.0000    0.0000 2890.1738   12.2285
    0.0000   30.0000    0.0000 2923.4006   12.1910
    7.5000   30.0000    0.0000 2866.4399   12.6312
   -7.5000   37.5000    0.0000 2821.9189   12.8918
    0.0000   37.5000    0.0000 2855.7773   12.8403
    7.5000   37.5000    0.0000 2811.2800   13.2642
   -7.5000   45.0000    0.0000 2724.1870   13.7220
    0.0000   45.0000    0.0000 2748.8872   13.7124
    7.5000   45.0000    0.0000 2713.0061   14.0605
   -7.5000   52.5000    0.0000 2589.5630   14.6776
    0.0000   52.5000    0.0000 2611.0823   14.6858
    7.5000   52.5000    0.0000 2582.1565   14.9955
   -7.5000  -37.5000    7.5000 1937.7068   24.2950
    0.0000  -37.5000    7.5000 1939.6624   24.0954
    7.5000  -37.5000    7.5000 1922.4158   24.9296
   -7.5000  -30.0000    7.5000 2085.5757   20.9144
    0.0000  -30.0000    7.5000 2091.1082   20.7135
    7.5000  -30.0000    7.5000 2070.5713   21.4288
   -7.5000  -22.5000    7.5000 2228.4290   18.1785
    0.0000  -22.5000    7.5000 2235.3530   17.9592
    7.5000  -22.5000    7.5000 2216.8044   18.6951
   -7.5000  -15.0000    7.5000 2364.4495   16.1283
    0.0000  -15.0000    7.5000 2370.9810   15.9351
    7.5000  -15.0000    7.5000 2348.7500   16.6225
   -7.5000   -7.5000    7.5000 2491.6643   14.6203
    0.0000   -7.5000    7.5000 2497.0764   14.4488
    7.5000   -7.5000    7.5000 2469.9270   15.1053
   -7.5000    0.0000    7.5000 2616.8250   13.5654
    0.0000    0.0000    7.5000 2626.5903   13.4010
    7.5000    0.0000    7.5000 2598.2402   14.0247
   -7.5000    7.5000    7.5000 2730.5691   12.8743
    0.0000    7.5000    7.5000 2738.9282   12.7068
    7.5000    7.5000    7.5000 2715.7595   13.2957
   -7.5000   15.0000    7.5000 2822.5122   12.4865
    0.0000   15.0000    7.5000 2836.6365   12.3463
    7.5000   15.0000    7.5000 2805.1418   12.8466
   -7.5000   22.5000    7.5000 2900.5212   12.1436
    0.0000   22.5000    7.5000 2914.5298   12.0135
    7.5000   22.5000    7.5000 2871.3584   12.5920
   -7.5000   30.0000    7.5000 2916.9824   12.2594
    0.0000   30.0000    7.5000 2936.5532   12.1496
    7.5000   30.0000    7.5000 2881.8335   12.6850
   -7.5000   37.5000    7.5000 2844.0210   12.8559
    0.0000   37.5000    7.5000 2869.5173   12.7842
    7.5000   37.5000    7.5000 2819.9021   13.1608
   -7.5000   45.0000    7.5000 2736.6799   13.6671
    0.0000   45.0000    7.5000 2754.5034   13.5982
    7.5000   45.0000    7.5000 2718.0337   13.9396
   -7.5000   52.5000    7.5000 2592.0105   14.6481
    0.0000   52.5000    7.5000 2611.1919   14.5649
    7.5000   52.5000    7.5000 2581.5615   14.8880
   -7.5000  -37.5000   15.0000 1900.1079   24.9477
    0.0000  -37.5000   15.0000 1904.8455   24.6689
    7.5000  -37.5000   15.0000 1891.4340   25.4033
   -7.5000  -30.0000   15.0000 2055.6589   21.3890
    0.0000  -30.0000   15.0000 2062.6909   21.1335
    7.5000  -30.0000   15.0000 2042.2421   21.8409
   -7.5000  -22.5000   15.0000 2205.1279   18.4965
    0.0000  -22.5000   15.0000 2211.8381   18.2611
    7.5000  -22.5000   15.0000 2190.1038   18.9970
   -7.5000  -15.0000   15.0000 2339.6855   16.3624
    0.0000  -15.0000   15.0000 2351.5125   16.1643
    7.5000  -15.0000   15.0000 2325.1404   16.8504
   -7.5000   -7.5000   15.0000 2461.0139   14.8637
    0.0000   -7.5000   15.0000 2473.7788   14.6919
    7.5000   -7.5000   15.0000 2449.7483   15.3335
   -7.5000    0.0000   15.0000 2584.6765   13.8783
    0.0000    0.0000   15.0000 2598.1311   13.7057
    7.5000    0.0000   15.0000 2574.6675   14.2964
   -7.5000    7.5000   15.0000 2701.7346   13.2468
    0.0000    7.5000   15.0000 2712.7324   13.0868
    7.5000    7.5000   15.0000 2687.1660   13.5872
   -7.5000   15.0000   15.0000 2800.3960   12.8594
    0.0000   15.0000   15.0000 2812.7527   12.7081
    7.5000   15.0000   15.0000 2773.7026   13.1016
   -7.5000   22.5000   15.0000 2865.0249   12.6222
    0.0000   22.5000   15.0000 2874.8027   12.4594
    7.5000   22.5000   15.0000 2830.0598   12.8365
   -7.5000   30.0000   15.0000 2880.0574   12.7056
    0.0000   30.0000   15.0000 2892.8467   12.6323
    7.5000   30.0000   15.0000 2838.6184   12.9007
   -7.5000   37.5000   15.0000 2821.1250   13.0859
    0.0000   37.5000   15.0000 2840.4463   13.0346
    7.5000   37.5000   15.0000 2788.4702   13.3052
   -7.5000   45.0000   15.0000 2722.0449   13.8184
    0.0000   45.0000   15.0000 2737.1575   13.7535
    7.5000   45.0000   15.0000 2696.1636   14.0328
   -7.5000   52.5000   15.0000 2574.0774   14.7486
    0.0000   52.5000   15.0000 2589.4460   14.6772
    7.5000   52.5000   15.0000 2560.5312   14.9592
   -7.5000  -37.5000   22.5000 1859.4426   25.8956
    0.0000  -37.5000   22.5000 1865.7998   25.5845
    7.5000  -37.5000   22.5000 1854.9111   26.4018
   -7.5000  -30.0000   22.5000 2021.0618   22.1141
    0.0000  -30.0000   22.5000 2025.2965   21.7919
    7.5000  -30.0000   22.5000 2014.4020   22.5707
   -7.5000  -22.5000   22.5000 2174.7974   19.1434
    0.0000  -22.5000   22.5000 2181.7661   18.9098
    7.5000  -22.5000   22.5000 2169.2466   19.6302
   -7.5000  -15.0000   22.5000 2313.6252   17.0180
    0.0000  -15.0000   22.5000 2328.7976   16.8528
    7.5000  -15.0000   22.5000 2301.3921   17.4587
   -7.5000   -7.5000   22.5000 2438.3569   15.5752
    0.0000   -7.5000   22.5000 2458.6465   15.4745
    7.5000   -7.5000   22.5000 2423.6260   15.9763
   -7.5000    0.0000   22.5000 2555.5659   14.5770
    0.0000    0.0000   22.5000 2576.5793   14.5150
    7.5000    0.0000   22.5000 2537.1992   14.9278
   -7.5000    7.5000   22.5000 2667.9871   13.8609
    0.0000    7.5000   22.5000 2685.7976   13.8066
    7.5000    7.5000   22.5000 2647.5537   14.1212
   -7.5000   15.0000   22.5000 2750.7395   13.2849
    0.0000   15.0000   22.5000 2770.2791   13.1662
    7.5000   15.0000   22.5000 2722.6931   13.5376
   -7.5000   22.5000   22.5000 2800.9348   12.9664
    0.0000   22.5000   22.5000 2820.3328   12.9408
    7.5000   22.5000   22.5000 2770.3901   13.2355
   -7.5000   30.0000   22.5000 2805.4343   13.0588
    0.0000   30.0000   22.5000 2825.4377   13.0216
    7.5000   30.0000   22.5000 2779.6907   13.2823
   -7.5000   37.5000   22.5000 2758.9165   13.4830
    0.0000   37.5000   22.5000 2781.0085   13.4373
    7.5000   37.5000   22.5000 2735.3481   13.7118
   -7.5000   45.0000   22.5000 2670.2136   14.2443
    0.0000   45.0000   22.5000 2691.0940   14.2128
    7.5000   45.0000   22.5000 2652.9900   14.4878
   -7.5000   52.5000   22.5000 2538.8032   15.1441
    0.0000   52.5000   22.5000 2555.4536   15.0952
    7.5000   52.5000   22.5000 2521.8557   15.3810
   -7.5000  -37.5000   30.0000 1814.1837   27.1868
    0.0000  -37.5000   30.0000 1820.5162   27.0264
    7.5000  -37.5000   30.0000 1809.9272   27.7947
   -7.5000  -30.0000   30.0000 1980.5292   23.2612
    0.0000  -30.0000   30.0000 1989.6490   23.1076
    7.5000  -30.0000   30.0000 1974.2515   23.7744
   -7.5000  -22.5000   30.0000 2133.4668   20.2221
    0.0000  -22.5000   30.0000 2148.0562   20.1395
    7.5000  -22.5000   30.0000 2127.1924   20.7171
   -7.5000  -15.0000   30.0000 2274.4983   18.0357
    0.0000  -15.0000   30.0000 2296.5156   17.9967
    7.5000  -15.0000   30.0000 2259.9197   18.4892
   -7.5000   -7.5000   30.0000 2398.5356   16.5226
    0.0000   -7.5000   30.0000 2423.0244   16.5427
    7.5000   -7.5000   30.0000 2382.3059   16.9366
   -7.5000    0.0000   30.0000 2508.5449   15.4065
    0.0000    0.0000   30.0000 2531.0154   15.4255
    7.5000    0.0000   30.0000 2490.0024   15.7562
   -7.5000    7.5000   30.0000 2610.0410   14.5654
    0.0000    7.5000   30.0000 2634.5405   14.5269
    7.5000    7.5000   30.0000 2592.9771   14.8733
   -7.5000   15.0000   30.0000 2676.9663   13.8860
    0.0000   15.0000   30.0000 2702.6931   13.8297
    7.5000   15.0000   30.0000 2654.3503   14.1972
   -7.5000   22.5000   30.0000 2718.7844   13.5900
    0.0000   22.5000   30.0000 2739.4365   13.5852
    7.5000   22.5000   30.0000 2695.4927   13.8869
   -7.5000   30.0000   30.0000 2715.1409   13.6436
    0.0000   30.0000   30.0000 2737.2690   13.6150
    7.5000   30.0000   30.0000 2696.1384   13.9130
   -7.5000   37.5000   30.0000 2679.1243   14.0468
    0.0000   37.5000   30.0000 2698.5020   13.9922
    7.5000   37.5000   30.0000 2665.8721   14.3020
   -7.5000   45.0000   30.0000 2603.4202   14.8142
    0.0000   45.0000   30.0000 2622.5620   14.7748
    7.5000   45.0000   30.0000 2590.9050   15.0654
   -7.5000   52.5000   30.0000 2479.5793   15.7211
    0.0000   52.5000   30.0000 2498.9128   15.6970
    7.5000   52.5000   30.0000 2468.4434   15.9933
   -7.5000  -37.5000   37.5000 1760.8986   29.0422
    0.0000  -37.5000   37.5000 1768.7267   28.9518
    7.5000  -37.5000   37.5000 1754.2798   29.6076
   -7.5000  -30.0000   37.5000 1927.1384   24.8539
    0.0000  -30.0000   37.5000 1936.4452   24.7652
    7.5000  -30.0000   37.5000 1920.5454   25.2683
   -7.5000  -22.5000   37.5000 2080.3938   21.6137
    0.0000  -22.5000   37.5000 2096.3296   21.5763
    7.5000  -22.5000   37.5000 2074.8308   22.0413
   -7.5000  -15.0000   37.5000 2222.5405   19.2890
    0.0000  -15.0000   37.5000 2248.4072   19.2777
    7.5000  -15.0000   37.5000 2214.3093   19.7164
   -7.5000   -7.5000   37.5000 2341.0203   17.6316
    0.0000   -7.5000   37.5000 2369.7849   17.6431
    7.5000   -7.5000   37.5000 2331.9060   18.0325
   -7.5000    0.0000   37.5000 2441.3997   16.4322
    0.0000    0.0000   37.5000 2467.4768   16.4364
    7.5000    0.0000   37.5000 2430.8687   16.7970
   -7.5000    7.5000   37.5000 2532.8533   15.4978
    0.0000    7.5000   37.5000 2561.3213   15.4682
    7.5000    7.5000   37.5000 2521.5188   15.8559
   -7.5000   15.0000   37.5000 2594.4678   14.7992
    0.0000   15.0000   37.5000 2618.0527   14.7708
    7.5000   15.0000   37.5000 2581.3557   15.1208
   -7.5000   22.5000   37.5000 2623.3174   14.4945
    0.0000   22.5000   37.5000 2645.5327   14.4755
    7.5000   22.5000   37.5000 2609.8452   14.8117
   -7.5000   30.0000   37.5000 2615.7336   14.5173
    0.0000   30.0000   37.5000 2635.6394   14.4875
    7.5000   30.0000   37.5000 2600.3662   14.8009
   -7.5000   37.5000   37.5000 2589.3328   14.8660
    0.0000   37.5000   37.5000 2606.3660   14.8215
    7.5000   37.5000   37.5000 2579.1077   15.1387
   -7.5000   45.0000   37.5000 2527.7886   15.6098
    0.0000   45.0000   37.5000 2553.6204   15.5570
    7.5000   45.0000   37.5000 2524.3633   15.8448
   -7.5000   52.5000   37.5000 2416.7634   16.4843
    0.0000   52.5000   37.5000 2441.1482   16.4416
    7.5000   52.5000   37.5000 2411.6604   16.7088
   -7.5000  -37.5000   45.0000 1699.9452   31.3880
    0.0000  -37.5000   45.0000 1705.9568   31.1136
    7.5000  -37.5000   45.0000 1695.1100   31.8478
   -7.5000  -30.0000   45.0000 1865.2802   26.7782
    0.0000  -30.0000   45.0000 1871.7845   26.5755
    7.5000  -30.0000   45.0000 1858.4366   27.1562
   -7.5000  -22.5000   45.0000 2019.3506   23.4247
    0.0000  -22.5000   45.0000 2032.8361   23.2205
    7.5000  -22.5000   45.0000 2015.5532   23.6974
   -7.5000  -15.0000   45.0000 2155.3599   20.8743
    0.0000  -15.0000   45.0000 2176.9055   20.7283
    7.5000  -15.0000   45.0000 2150.6953   21.1374
   -7.5000   -7.5000   45.0000 2268.5518   19.0659
    0.0000   -7.5000   45.0000 2294.3271   18.9743
    7.5000   -7.5000   45.0000 2265.8840   19.3291
   -7.5000    0.0000   45.0000 2358.3279   17.7158
    0.0000    0.0000   45.0000 2385.9148   17.6222
    7.5000    0.0000   45.0000 2358.0835   17.9947
   -7.5000    7.5000   45.0000 2442.2153   16.7303
    0.0000    7.5000   45.0000 2470.6931   16.6218
    7.5000    7.5000   45.0000 2441.1897   16.9937
   -7.5000   15.0000   45.0000 2491.5881   16.0098
    0.0000   15.0000   45.0000 2511.8494   15.9572
    7.5000   15.0000   45.0000 2486.0637   16.2734
   -7.5000   22.5000   45.0000 2508.8916   15.6843
    0.0000   22.5000   45.0000 2533.3179   15.6184
    7.5000   22.5000   45.0000 2506.6890   15.9588
   -7.5000   30.0000   45.0000 2506.4307   15.6259
    0.0000   30.0000   45.0000 2524.5740   15.5840
    7.5000   30.0000   45.0000 2497.8298   15.8731
   -7.5000   37.5000   45.0000 2488.3069   15.9157
    0.0000   37.5000   45.0000 2500.4219   15.8624
    7.5000   37.5000   45.0000 2479.2397   16.1516
   -7.5000   45.0000   45.0000 2437.1567   16.6588
    0.0000   45.0000   45.0000 2459.1362   16.5953
    7.5000   45.0000   45.0000 2437.2903   16.8546
   -7.5000   52.5000   45.0000 2344.9700   17.5451
    0.0000   52.5000   45.0000 2366.9714   17.4346
    7.5000   52.5000   45.0000 2346.5227   17.6728

---------------------------------------------------------------------
imgreg_4dfp /opt/freesurfer/average/711-2C_as_mni_average_305 /opt/freesurfer/average/711-2B_as_mni_average_305_mask talsrcimg_g11 none talsrcimg_to_711-2C_as_mni_average_305_t4 1283
---------------------------------------------------------------------

freesurfer imgreg_4dfp.c
/opt/freesurfer/average/711-2C_as_mni_average_305.4dfp.img
       256       256       256         1
  1.000000  1.000000  1.000000
orientation T byte_order littleendian
Reading image: /opt/freesurfer/average/711-2C_as_mni_average_305.4dfp.img
dimensions:      256       256       256
mmppix:       1.0000   -1.0000   -1.0000
center:     128.0000 -129.0000 -129.0000
/opt/freesurfer/average/711-2B_as_mni_average_305_mask.4dfp.img
       256       256       256         1
  1.000000  1.000000  1.000000
orientation T byte_order littleendian
Reading mask: /opt/freesurfer/average/711-2B_as_mni_average_305_mask.4dfp.img (2306576 pixels)
talsrcimg_g11.4dfp.img
       256       256       256         1
  1.000000  1.000000  1.000000
orientation T byte_order littleendian
Reading image: talsrcimg_g11.4dfp.img
dimensions:      256       256       256
mmppix:       1.0000   -1.0000   -1.0000
center:     128.0000 -129.0000 -129.0000
rotation matrix determinant  1.000000
fimgreg.f
image alignment mode   1283 decimal      503 hex
parameters
    0.0000   30.0000    7.5000    0.0000    0.0000    0.0000
eta,q 0.92020 12.15197
niter,ni,del,rscale     5    3   12.0000    1.2000
parameter  2  0.657696 ->  0.500000 qaram    1.1500
parameter  3  0.792457 ->  0.500000 qaram    1.1500
parameters
   -0.4271   26.5500    4.0500   -0.1638   -2.6416   -0.8175
eta,q 0.91952 11.87559
  0.0892  0.0821  0.0801  0.0844  0.0811  0.0834
  0.0852  0.0811  0.0801  0.0838  0.0803  0.0814
  0.0835  0.0823  0.0802  0.0816  0.0805  0.0805
  0.0853  0.0842  0.0808  0.0807  0.0806  0.0805
  0.0842  0.0862  0.0832  0.0816  0.0819  0.0815
  0.0849  0.0905  0.0859  0.0834  0.0842  0.0831
  0.0922  0.0965  0.0871  0.0853  0.0870  0.0851
niter,ni,del,rscale     6    3   12.0000    1.2000
parameters
    0.8956   27.7811    4.4104   -1.8118   -2.5934   -0.3405
eta,q 0.91984 11.87166
  0.0852  0.0957  0.0876  0.0820  0.0841  0.0836
  0.0838  0.0878  0.0824  0.0812  0.0816  0.0813
  0.0816  0.0823  0.0804  0.0803  0.0803  0.0806
  0.0805  0.0803  0.0806  0.0804  0.0802  0.0802
  0.0803  0.0813  0.0793  0.0816  0.0806  0.0802
  0.0801  0.0826  0.0828  0.0836  0.0820  0.0809
  0.0831  0.0872  0.0855  0.0863  0.0835  0.0825
niter,ni,del,rscale     5    3   12.0000    1.2000
parameters
    0.3717   28.5314    3.9862   -3.0840   -3.1310   -1.1612
eta,q 0.92001 11.96241
  0.0838  0.0908  0.0855  0.0818  0.0836  0.0825
  0.0816  0.0845  0.0804  0.0814  0.0811  0.0810
  0.0803  0.0815  0.0802  0.0803  0.0802  0.0801
  0.0802  0.0801  0.0799  0.0802  0.0801  0.0802
  0.0801  0.0796  0.0793  0.0811  0.0806  0.0808
  0.0812  0.0810  0.0834  0.0826  0.0826  0.0823
  0.0873  0.0874  0.0863  0.0847  0.0849  0.0841
niter,ni,del,rscale     4    3   12.0000    1.2000
parameters
    0.0066   28.8170    3.7397   -4.2390   -3.1191   -1.3799
eta,q 0.92027 12.01570
  0.0838  0.0882  0.0844  0.0815  0.0849  0.0831
  0.0815  0.0834  0.0806  0.0812  0.0821  0.0812
  0.0802  0.0813  0.0798  0.0801  0.0805  0.0799
  0.0800  0.0799  0.0798  0.0799  0.0798  0.0798
  0.0811  0.0788  0.0787  0.0807  0.0799  0.0808
  0.0810  0.0810  0.0813  0.0821  0.0821  0.0817
  0.0856  0.0884  0.0856  0.0837  0.0851  0.0833
niter,ni,del,rscale     3    3   12.0000    1.2000
parameters
   -0.1777   29.0436    3.4293   -5.0204   -3.0925   -1.5303
eta,q 0.92031 12.06091
  0.0844  0.0872  0.0839  0.0813  0.0852  0.0832
  0.0817  0.0834  0.0806  0.0814  0.0825  0.0814
  0.0800  0.0815  0.0799  0.0805  0.0807  0.0800
  0.0797  0.0797  0.0795  0.0796  0.0798  0.0798
  0.0812  0.0784  0.0791  0.0802  0.0799  0.0810
  0.0814  0.0810  0.0809  0.0816  0.0822  0.0818
  0.0851  0.0882  0.0855  0.0830  0.0855  0.0831
niter,ni,del,rscale     2    3   12.0000    1.2000
parameters
   -0.3508   29.0585    3.2977   -5.5794   -3.1640   -1.5149
eta,q 0.92004 12.08710
  0.0849  0.0860  0.0841  0.0811  0.0854  0.0835
  0.0819  0.0832  0.0807  0.0812  0.0828  0.0817
  0.0799  0.0815  0.0801  0.0808  0.0809  0.0802
  0.0797  0.0796  0.0796  0.0796  0.0799  0.0799
  0.0814  0.0784  0.0796  0.0800  0.0801  0.0812
  0.0820  0.0811  0.0807  0.0811  0.0827  0.0820
  0.0853  0.0883  0.0849  0.0825  0.0861  0.0830
niter,ni,del,rscale     1    3   12.0000    1.2000
parameters
   -0.4658   29.0223    3.1778   -6.0155   -3.2577   -1.5063
eta,q 0.91975 12.10274
  0.0856  0.0852  0.0841  0.0811  0.0857  0.0837
  0.0824  0.0830  0.0807  0.0809  0.0830  0.0819
  0.0801  0.0817  0.0803  0.0809  0.0812  0.0803
  0.0800  0.0799  0.0799  0.0799  0.0802  0.0802
  0.0817  0.0786  0.0799  0.0798  0.0804  0.0814
  0.0827  0.0809  0.0807  0.0809  0.0829  0.0822
  0.0855  0.0878  0.0846  0.0822  0.0865  0.0831
registration optimization eta report
parameter search radius
    6.0000    6.9000    6.9000    6.0000    6.0000    6.0000
100000*second partial in parameter space
       15.       15.       10.        4.       16.        8.
  0.0856  0.0852  0.0841  0.0811  0.0857  0.0837
  0.0824  0.0830  0.0807  0.0809  0.0830  0.0819
  0.0801  0.0817  0.0803  0.0809  0.0812  0.0803
  0.0800  0.0799  0.0799  0.0799  0.0802  0.0802
  0.0817  0.0786  0.0799  0.0798  0.0804  0.0814
  0.0827  0.0809  0.0807  0.0809  0.0829  0.0822
  0.0855  0.0878  0.0846  0.0822  0.0865  0.0831
   -0.4658   29.0223    3.1778   -6.0155   -3.2577   -1.5063
eta,q 0.91975 12.10274

---------------------------------------------------------------------
imgreg_4dfp /opt/freesurfer/average/711-2C_as_mni_average_305 /opt/freesurfer/average/711-2B_as_mni_average_305_mask talsrcimg_g11 none talsrcimg_to_711-2C_as_mni_average_305_t4 3335
---------------------------------------------------------------------

freesurfer imgreg_4dfp.c
/opt/freesurfer/average/711-2C_as_mni_average_305.4dfp.img
       256       256       256         1
  1.000000  1.000000  1.000000
orientation T byte_order littleendian
Reading image: /opt/freesurfer/average/711-2C_as_mni_average_305.4dfp.img
dimensions:      256       256       256
mmppix:       1.0000   -1.0000   -1.0000
center:     128.0000 -129.0000 -129.0000
/opt/freesurfer/average/711-2B_as_mni_average_305_mask.4dfp.img
       256       256       256         1
  1.000000  1.000000  1.000000
orientation T byte_order littleendian
Reading mask: /opt/freesurfer/average/711-2B_as_mni_average_305_mask.4dfp.img (2306576 pixels)
talsrcimg_g11.4dfp.img
       256       256       256         1
  1.000000  1.000000  1.000000
orientation T byte_order littleendian
Reading image: talsrcimg_g11.4dfp.img
dimensions:      256       256       256
mmppix:       1.0000   -1.0000   -1.0000
center:     128.0000 -129.0000 -129.0000
fimgreg.f
image alignment mode   3335 decimal      D07 hex
parameters
   -0.4658   29.0223    3.1778   -0.1961   -0.5694   -0.7114
    2.0189    5.9249   -2.6244   10.3276   -5.6826  -10.4629
eta,q 0.92414 11.91964
niter,ni,del,rscale     5    3    5.0000    1.2000
parameter  4 -7.594596 ->  0.500000 qaram    1.1500
parameter  5 11.479691 ->  0.500000 qaram    1.1500
parameter  6109.035172 ->  0.500000 qaram    1.1500
parameter 10  0.531569 ->  0.500000 qaram    1.1500
parameters
   -0.5106   29.5971    2.8187   -4.3361   -4.7094   -4.8514
   -0.9089    6.5400   -1.4401    6.1876   -2.1552   -8.5557
eta,q 0.95272 11.48384
  0.0778  0.0777  0.0762  0.0626  0.0547  0.0430  0.0500  0.0531  0.0521  0.0488  0.0503  0.0507
  0.0768  0.0768  0.0759  0.0675  0.0592  0.0478  0.0492  0.0507  0.0506  0.0478  0.0492  0.0492
  0.0760  0.0762  0.0758  0.0723  0.0638  0.0541  0.0490  0.0493  0.0496  0.0478  0.0483  0.0480
  0.0759  0.0759  0.0758  0.0758  0.0689  0.0604  0.0494  0.0490  0.0490  0.0489  0.0477  0.0474
  0.0763  0.0758  0.0759  0.0801  0.0739  0.0662  0.0505  0.0493  0.0490  0.0509  0.0475  0.0473
  0.0770  0.0760  0.0762  0.0844  0.0789  0.0725  0.0521  0.0501  0.0495  0.0536  0.0474  0.0477
  0.0778  0.0765  0.0766  0.0879  0.0842  0.0776  0.0539  0.0517  0.0506  0.0568  0.0478  0.0484
niter,ni,del,rscale     7    3    5.0000    1.2000
parameter  3 -0.673701 -> -0.500000 qaram    1.1500
parameter  4  1.607219 ->  0.500000 qaram    1.3225
parameter  5  1.594184 ->  0.500000 qaram    1.3225
parameter  6  0.705768 ->  0.500000 qaram    1.3225
parameter 12 -0.898148 -> -0.500000 qaram    1.1500
parameters
   -1.5602   29.3524    4.1987   -9.0971   -9.4704   -9.6124
    0.3499    5.4488   -1.3238    8.2271   -5.4798   -4.4157
eta,q 0.97330 11.25402
  0.0477  0.0487  0.0528  0.0359  0.0295  0.0279  0.0332  0.0327  0.0315  0.0356  0.0284  0.0322
  0.0467  0.0475  0.0502  0.0369  0.0307  0.0286  0.0312  0.0303  0.0299  0.0324  0.0280  0.0305
  0.0466  0.0467  0.0481  0.0401  0.0337  0.0291  0.0297  0.0289  0.0290  0.0300  0.0279  0.0291
  0.0473  0.0466  0.0466  0.0454  0.0376  0.0313  0.0288  0.0286  0.0286  0.0286  0.0283  0.0279
  0.0485  0.0470  0.0457  0.0519  0.0421  0.0366  0.0287  0.0298  0.0289  0.0283  0.0290  0.0270
  0.0501  0.0482  0.0454  0.0578  0.0475  0.0446  0.0295  0.0326  0.0298  0.0291  0.0300  0.0266
  0.0522  0.0499  0.0457  0.0643  0.0532  0.0526  0.0310  0.0364  0.0313  0.0311  0.0313  0.0267
niter,ni,del,rscale     7    3    5.0000    1.2000
parameter  5  0.549083 ->  0.500000 qaram    1.5209
parameters
   -1.0152   29.1122    3.6548  -13.0038  -14.9455  -13.5879
    0.5616    5.6748   -0.8807    6.8462   -6.1761   -3.9982
eta,q 0.97629 10.50753
  0.0335  0.0294  0.0284  0.0277  0.0258  0.0248  0.0264  0.0281  0.0260  0.0269  0.0247  0.0261
  0.0303  0.0277  0.0270  0.0268  0.0250  0.0239  0.0251  0.0259  0.0250  0.0247  0.0241  0.0248
  0.0279  0.0267  0.0264  0.0261  0.0249  0.0241  0.0243  0.0244  0.0242  0.0237  0.0238  0.0239
  0.0267  0.0265  0.0265  0.0264  0.0262  0.0249  0.0239  0.0239  0.0239  0.0239  0.0237  0.0237
  0.0266  0.0271  0.0272  0.0290  0.0294  0.0258  0.0241  0.0243  0.0241  0.0250  0.0239  0.0240
  0.0274  0.0287  0.0287  0.0354  0.0334  0.0305  0.0249  0.0255  0.0246  0.0269  0.0244  0.0246
  0.0293  0.0310  0.0309  0.0410  0.0386  0.0379  0.0262  0.0276  0.0256  0.0293  0.0252  0.0255
niter,ni,del,rscale     7    3    5.0000    1.2000
parameters
   -0.7300   28.9044    3.4106  -14.0093  -15.2530  -14.8205
    0.3147    5.6404   -1.0584    6.3564   -6.2853   -3.9916
eta,q 0.97660 10.33218
  0.0277  0.0260  0.0257  0.0264  0.0291  0.0268  0.0258  0.0276  0.0253  0.0275  0.0247  0.0256
  0.0258  0.0246  0.0245  0.0248  0.0263  0.0247  0.0245  0.0254  0.0243  0.0250  0.0240  0.0244
  0.0244  0.0238  0.0237  0.0239  0.0243  0.0236  0.0237  0.0239  0.0237  0.0236  0.0236  0.0236
  0.0237  0.0236  0.0236  0.0236  0.0236  0.0237  0.0235  0.0235  0.0235  0.0235  0.0234  0.0234
  0.0238  0.0241  0.0241  0.0238  0.0240  0.0248  0.0238  0.0240  0.0237  0.0243  0.0236  0.0238
  0.0246  0.0252  0.0251  0.0248  0.0264  0.0257  0.0247  0.0255  0.0244  0.0260  0.0241  0.0245
  0.0263  0.0270  0.0265  0.0293  0.0303  0.0292  0.0261  0.0276  0.0255  0.0283  0.0248  0.0255
niter,ni,del,rscale     6    3    5.0000    1.2000
parameters
   -0.7514   28.8814    3.2466  -14.1177  -15.1638  -15.0104
    0.3017    5.6007   -1.0408    6.3264   -6.3339   -4.0516
eta,q 0.97664 10.31857
  0.0267  0.0261  0.0257  0.0267  0.0292  0.0276  0.0258  0.0276  0.0253  0.0280  0.0247  0.0256
  0.0249  0.0246  0.0244  0.0249  0.0263  0.0252  0.0245  0.0253  0.0243  0.0253  0.0240  0.0243
  0.0238  0.0237  0.0236  0.0238  0.0242  0.0237  0.0237  0.0239  0.0236  0.0238  0.0235  0.0235
  0.0234  0.0234  0.0234  0.0234  0.0234  0.0234  0.0234  0.0234  0.0234  0.0234  0.0234  0.0234
  0.0238  0.0237  0.0238  0.0236  0.0237  0.0244  0.0237  0.0240  0.0236  0.0240  0.0235  0.0238
  0.0249  0.0247  0.0249  0.0242  0.0258  0.0256  0.0245  0.0255  0.0242  0.0256  0.0240  0.0245
  0.0269  0.0263  0.0263  0.0275  0.0295  0.0277  0.0258  0.0276  0.0253  0.0279  0.0248  0.0255
niter,ni,del,rscale     5    3    5.0000    1.2000
parameters
   -0.7635   28.8850    3.2014  -14.1081  -15.1336  -15.0599
    0.3020    5.5851   -1.0242    6.3344   -6.3549   -4.0833
eta,q 0.97664 10.31838
  0.0267  0.0261  0.0259  0.0268  0.0291  0.0277  0.0258  0.0276  0.0253  0.0280  0.0247  0.0256
  0.0249  0.0246  0.0245  0.0249  0.0263  0.0253  0.0245  0.0254  0.0242  0.0254  0.0240  0.0243
  0.0238  0.0237  0.0236  0.0238  0.0242  0.0238  0.0236  0.0239  0.0236  0.0238  0.0235  0.0235
  0.0234  0.0234  0.0234  0.0234  0.0234  0.0234  0.0234  0.0234  0.0234  0.0234  0.0234  0.0234
  0.0237  0.0237  0.0237  0.0235  0.0237  0.0243  0.0236  0.0239  0.0236  0.0240  0.0235  0.0237
  0.0249  0.0246  0.0247  0.0241  0.0258  0.0256  0.0245  0.0254  0.0242  0.0256  0.0240  0.0245
  0.0268  0.0261  0.0261  0.0274  0.0295  0.0275  0.0258  0.0276  0.0253  0.0278  0.0248  0.0254
niter,ni,del,rscale     4    3    5.0000    1.2000
parameters
   -0.7663   28.8880    3.1855  -14.1111  -15.1250  -15.0759
    0.3040    5.5806   -1.0222    6.3441   -6.3621   -4.1011
eta,q 0.97665 10.31796
  0.0267  0.0261  0.0260  0.0267  0.0291  0.0278  0.0258  0.0276  0.0252  0.0280  0.0247  0.0256
  0.0249  0.0246  0.0246  0.0249  0.0262  0.0254  0.0245  0.0254  0.0242  0.0254  0.0240  0.0243
  0.0238  0.0237  0.0237  0.0238  0.0241  0.0238  0.0236  0.0239  0.0236  0.0238  0.0235  0.0235
  0.0234  0.0234  0.0234  0.0234  0.0234  0.0234  0.0234  0.0234  0.0234  0.0234  0.0234  0.0234
  0.0237  0.0237  0.0237  0.0235  0.0237  0.0243  0.0236  0.0239  0.0236  0.0240  0.0235  0.0237
  0.0249  0.0246  0.0246  0.0241  0.0258  0.0256  0.0245  0.0254  0.0242  0.0255  0.0240  0.0245
  0.0267  0.0261  0.0260  0.0274  0.0295  0.0275  0.0258  0.0276  0.0253  0.0278  0.0248  0.0254
registration optimization eta report
parameter search radius
    2.4000    2.4000    2.7600    9.5220   10.9503    9.5220
    7.2000    7.2000    7.2000    8.2800    7.2000    8.2800
100000*second partial in parameter space
       58.       48.       35.        4.        5.        5.
        5.        8.        4.        7.        3.        3.
  0.0267  0.0261  0.0260  0.0267  0.0291  0.0278  0.0258  0.0276  0.0252  0.0280  0.0247  0.0256
  0.0249  0.0246  0.0246  0.0249  0.0262  0.0254  0.0245  0.0254  0.0242  0.0254  0.0240  0.0243
  0.0238  0.0237  0.0237  0.0238  0.0241  0.0238  0.0236  0.0239  0.0236  0.0238  0.0235  0.0235
  0.0234  0.0234  0.0234  0.0234  0.0234  0.0234  0.0234  0.0234  0.0234  0.0234  0.0234  0.0234
  0.0237  0.0237  0.0237  0.0235  0.0237  0.0243  0.0236  0.0239  0.0236  0.0240  0.0235  0.0237
  0.0249  0.0246  0.0246  0.0241  0.0258  0.0256  0.0245  0.0254  0.0242  0.0255  0.0240  0.0245
  0.0267  0.0261  0.0260  0.0274  0.0295  0.0275  0.0258  0.0276  0.0253  0.0278  0.0248  0.0254
   -0.7663   28.8880    3.1855  -14.1111  -15.1250  -15.0759
    0.3040    5.5806   -1.0222    6.3441   -6.3621   -4.1011
eta,q 0.97665 10.31796

---------------------------------------------------------------------
imgreg_4dfp /opt/freesurfer/average/711-2C_as_mni_average_305 /opt/freesurfer/average/711-2B_as_mni_average_305_mask talsrcimg_g11 none talsrcimg_to_711-2C_as_mni_average_305_t4 2311
---------------------------------------------------------------------

freesurfer imgreg_4dfp.c
/opt/freesurfer/average/711-2C_as_mni_average_305.4dfp.img
       256       256       256         1
  1.000000  1.000000  1.000000
orientation T byte_order littleendian
Reading image: /opt/freesurfer/average/711-2C_as_mni_average_305.4dfp.img
dimensions:      256       256       256
mmppix:       1.0000   -1.0000   -1.0000
center:     128.0000 -129.0000 -129.0000
/opt/freesurfer/average/711-2B_as_mni_average_305_mask.4dfp.img
       256       256       256         1
  1.000000  1.000000  1.000000
orientation T byte_order littleendian
Reading mask: /opt/freesurfer/average/711-2B_as_mni_average_305_mask.4dfp.img (2306576 pixels)
talsrcimg_g11.4dfp.img
       256       256       256         1
  1.000000  1.000000  1.000000
orientation T byte_order littleendian
Reading image: talsrcimg_g11.4dfp.img
dimensions:      256       256       256
mmppix:       1.0000   -1.0000   -1.0000
center:     128.0000 -129.0000 -129.0000
fimgreg.f
image alignment mode   2311 decimal      907 hex
parameters
   -0.7663   28.8880    3.1855  -14.1111  -15.1250  -15.0759
    0.3040    5.5806   -1.0222    6.3441   -6.3621   -4.1011
eta,q 0.97665 10.31796
niter,ni,del,rscale     5    3    5.0000    0.8000
parameters
   -0.7482   28.8938    3.1734  -13.3117  -14.3624  -15.5757
    0.5337    5.5371   -0.8079    6.0258   -6.4569   -4.3195
eta,q 0.97674 10.38474
  0.0249  0.0246  0.0243  0.0242  0.0247  0.0244  0.0245  0.0252  0.0242  0.0247  0.0239  0.0240
  0.0241  0.0239  0.0238  0.0238  0.0240  0.0237  0.0239  0.0242  0.0237  0.0238  0.0236  0.0236
  0.0236  0.0235  0.0235  0.0235  0.0235  0.0234  0.0235  0.0235  0.0234  0.0234  0.0233  0.0233
  0.0234  0.0234  0.0234  0.0234  0.0233  0.0233  0.0233  0.0233  0.0233  0.0233  0.0233  0.0233
  0.0235  0.0235  0.0235  0.0234  0.0233  0.0236  0.0234  0.0235  0.0233  0.0235  0.0233  0.0234
  0.0240  0.0239  0.0238  0.0235  0.0235  0.0242  0.0237  0.0242  0.0236  0.0241  0.0236  0.0237
  0.0249  0.0246  0.0243  0.0238  0.0240  0.0249  0.0243  0.0253  0.0241  0.0250  0.0240  0.0241
niter,ni,del,rscale     4    3    5.0000    0.7000
parameters
   -0.7163   28.9266    3.0480  -13.0743  -14.2730  -15.7842
    0.6041    5.5133   -0.7073    6.0362   -6.5435   -4.5022
eta,q 0.97677 10.39373
  0.0245  0.0243  0.0239  0.0238  0.0241  0.0243  0.0241  0.0248  0.0239  0.0245  0.0237  0.0238
  0.0238  0.0237  0.0235  0.0235  0.0236  0.0237  0.0237  0.0239  0.0236  0.0238  0.0235  0.0235
  0.0234  0.0234  0.0233  0.0233  0.0233  0.0233  0.0234  0.0234  0.0233  0.0234  0.0233  0.0233
  0.0233  0.0233  0.0233  0.0233  0.0232  0.0232  0.0232  0.0232  0.0232  0.0232  0.0232  0.0232
  0.0234  0.0233  0.0234  0.0233  0.0233  0.0234  0.0233  0.0234  0.0233  0.0234  0.0233  0.0233
  0.0238  0.0237  0.0237  0.0235  0.0235  0.0239  0.0236  0.0240  0.0235  0.0238  0.0235  0.0236
  0.0244  0.0242  0.0241  0.0237  0.0240  0.0245  0.0241  0.0248  0.0239  0.0244  0.0238  0.0239
niter,ni,del,rscale     3    3    5.0000    0.6000
parameters
   -0.7143   28.9461    2.9935  -13.0681  -14.2028  -15.8434
    0.6392    5.4905   -0.6867    6.0539   -6.5604   -4.6055
eta,q 0.97677 10.39535
  0.0241  0.0240  0.0237  0.0237  0.0238  0.0241  0.0239  0.0244  0.0237  0.0241  0.0236  0.0237
  0.0236  0.0236  0.0234  0.0234  0.0235  0.0236  0.0235  0.0237  0.0235  0.0236  0.0234  0.0234
  0.0233  0.0233  0.0233  0.0233  0.0233  0.0233  0.0233  0.0233  0.0233  0.0233  0.0233  0.0233
  0.0232  0.0232  0.0232  0.0232  0.0232  0.0232  0.0232  0.0232  0.0232  0.0232  0.0232  0.0232
  0.0233  0.0233  0.0233  0.0233  0.0233  0.0233  0.0233  0.0234  0.0233  0.0233  0.0233  0.0233
  0.0236  0.0235  0.0235  0.0235  0.0234  0.0236  0.0235  0.0238  0.0234  0.0236  0.0234  0.0235
  0.0241  0.0239  0.0238  0.0236  0.0238  0.0241  0.0239  0.0244  0.0237  0.0241  0.0236  0.0237
niter,ni,del,rscale     2    3    5.0000    0.5000
parameters
   -0.7122   28.9524    2.9682  -13.0752  -14.1577  -15.8571
    0.6618    5.4718   -0.6660    6.0530   -6.5520   -4.6591
eta,q 0.97678 10.39669
  0.0239  0.0237  0.0236  0.0235  0.0236  0.0238  0.0237  0.0240  0.0236  0.0239  0.0235  0.0236
  0.0235  0.0235  0.0234  0.0234  0.0234  0.0235  0.0234  0.0236  0.0234  0.0235  0.0233  0.0234
  0.0233  0.0233  0.0233  0.0233  0.0233  0.0233  0.0233  0.0233  0.0233  0.0233  0.0233  0.0232
  0.0232  0.0232  0.0232  0.0232  0.0232  0.0232  0.0232  0.0232  0.0232  0.0232  0.0232  0.0232
  0.0233  0.0233  0.0233  0.0233  0.0233  0.0233  0.0233  0.0233  0.0233  0.0233  0.0233  0.0233
  0.0235  0.0234  0.0234  0.0234  0.0234  0.0235  0.0234  0.0236  0.0234  0.0235  0.0233  0.0234
  0.0239  0.0237  0.0236  0.0235  0.0236  0.0239  0.0237  0.0241  0.0236  0.0238  0.0235  0.0236
niter,ni,del,rscale     1    3    5.0000    0.4000
parameters
   -0.7106   28.9585    2.9583  -13.0513  -14.1152  -15.8628
    0.7039    5.4676   -0.6630    6.0429   -6.5673   -4.6963
eta,q 0.97678 10.40037
  0.0236  0.0236  0.0235  0.0234  0.0235  0.0236  0.0235  0.0238  0.0234  0.0236  0.0234  0.0234
  0.0234  0.0234  0.0233  0.0233  0.0233  0.0234  0.0234  0.0235  0.0233  0.0234  0.0233  0.0233
  0.0233  0.0233  0.0232  0.0233  0.0233  0.0233  0.0233  0.0233  0.0233  0.0233  0.0232  0.0232
  0.0232  0.0232  0.0232  0.0232  0.0232  0.0232  0.0232  0.0232  0.0232  0.0232  0.0232  0.0232
  0.0233  0.0233  0.0233  0.0233  0.0232  0.0233  0.0232  0.0233  0.0232  0.0233  0.0232  0.0233
  0.0234  0.0234  0.0233  0.0233  0.0233  0.0234  0.0233  0.0235  0.0233  0.0234  0.0233  0.0233
  0.0236  0.0235  0.0235  0.0234  0.0235  0.0236  0.0235  0.0238  0.0234  0.0236  0.0234  0.0234
registration optimization eta report
parameter search radius
    0.8000    0.8000    0.8000    2.4000    2.4000    2.4000
    2.4000    2.4000    2.4000    2.4000    2.4000    2.4000
100000*second partial in parameter space
       64.       51.       39.        4.        4.        7.
        5.        9.        4.        7.        3.        4.
  0.0236  0.0236  0.0235  0.0234  0.0235  0.0236  0.0235  0.0238  0.0234  0.0236  0.0234  0.0234
  0.0234  0.0234  0.0233  0.0233  0.0233  0.0234  0.0234  0.0235  0.0233  0.0234  0.0233  0.0233
  0.0233  0.0233  0.0232  0.0233  0.0233  0.0233  0.0233  0.0233  0.0233  0.0233  0.0232  0.0232
  0.0232  0.0232  0.0232  0.0232  0.0232  0.0232  0.0232  0.0232  0.0232  0.0232  0.0232  0.0232
  0.0233  0.0233  0.0233  0.0233  0.0232  0.0233  0.0232  0.0233  0.0232  0.0233  0.0232  0.0233
  0.0234  0.0234  0.0233  0.0233  0.0233  0.0234  0.0233  0.0235  0.0233  0.0234  0.0233  0.0233
  0.0236  0.0235  0.0235  0.0234  0.0235  0.0236  0.0235  0.0238  0.0234  0.0236  0.0234  0.0234
   -0.7106   28.9585    2.9583  -13.0513  -14.1152  -15.8628
    0.7039    5.4676   -0.6630    6.0429   -6.5673   -4.6963
eta,q 0.97678 10.40037

---------------------------------------------------------------------
imgreg_4dfp /opt/freesurfer/average/711-2C_as_mni_average_305 /opt/freesurfer/average/711-2B_as_mni_average_305_mask talsrcimg_g11 none talsrcimg_to_711-2C_as_mni_average_305_t4 2311
---------------------------------------------------------------------

freesurfer imgreg_4dfp.c
/opt/freesurfer/average/711-2C_as_mni_average_305.4dfp.img
       256       256       256         1
  1.000000  1.000000  1.000000
orientation T byte_order littleendian
Reading image: /opt/freesurfer/average/711-2C_as_mni_average_305.4dfp.img
dimensions:      256       256       256
mmppix:       1.0000   -1.0000   -1.0000
center:     128.0000 -129.0000 -129.0000
/opt/freesurfer/average/711-2B_as_mni_average_305_mask.4dfp.img
       256       256       256         1
  1.000000  1.000000  1.000000
orientation T byte_order littleendian
Reading mask: /opt/freesurfer/average/711-2B_as_mni_average_305_mask.4dfp.img (2306576 pixels)
talsrcimg_g11.4dfp.img
       256       256       256         1
  1.000000  1.000000  1.000000
orientation T byte_order littleendian
Reading image: talsrcimg_g11.4dfp.img
dimensions:      256       256       256
mmppix:       1.0000   -1.0000   -1.0000
center:     128.0000 -129.0000 -129.0000
fimgreg.f
image alignment mode   2311 decimal      907 hex
parameters
   -0.7106   28.9585    2.9583  -13.0513  -14.1152  -15.8628
    0.7039    5.4676   -0.6630    6.0429   -6.5673   -4.6963
eta,q 0.97678 10.40037
niter,ni,del,rscale     5    3    5.0000    0.8000
parameters
   -0.7303   28.9534    2.9502  -12.9351  -14.2891  -15.8283
    0.6096    5.5159   -0.6770    6.1297   -6.6045   -4.5991
eta,q 0.97677 10.40092
  0.0248  0.0245  0.0242  0.0240  0.0243  0.0247  0.0243  0.0253  0.0241  0.0249  0.0239  0.0241
  0.0239  0.0238  0.0237  0.0236  0.0237  0.0239  0.0237  0.0242  0.0236  0.0240  0.0235  0.0236
  0.0234  0.0234  0.0233  0.0233  0.0233  0.0234  0.0234  0.0235  0.0233  0.0234  0.0233  0.0233
  0.0232  0.0232  0.0232  0.0232  0.0232  0.0232  0.0232  0.0232  0.0232  0.0232  0.0232  0.0232
  0.0234  0.0234  0.0233  0.0233  0.0233  0.0234  0.0234  0.0235  0.0233  0.0234  0.0233  0.0233
  0.0239  0.0238  0.0237  0.0236  0.0237  0.0239  0.0238  0.0241  0.0236  0.0239  0.0235  0.0236
  0.0249  0.0245  0.0242  0.0239  0.0245  0.0247  0.0244  0.0252  0.0241  0.0247  0.0239  0.0240
niter,ni,del,rscale     4    3    5.0000    0.7000
parameters
   -0.7215   28.9515    2.9695  -13.0056  -14.2316  -15.8258
    0.6272    5.5085   -0.6742    6.0953   -6.5870   -4.6063
eta,q 0.97677 10.39942
  0.0245  0.0242  0.0240  0.0238  0.0241  0.0244  0.0241  0.0248  0.0239  0.0244  0.0237  0.0239
  0.0238  0.0237  0.0236  0.0235  0.0236  0.0238  0.0236  0.0239  0.0235  0.0237  0.0235  0.0235
  0.0234  0.0233  0.0233  0.0233  0.0233  0.0234  0.0233  0.0234  0.0233  0.0233  0.0233  0.0233
  0.0232  0.0232  0.0232  0.0232  0.0232  0.0232  0.0232  0.0232  0.0232  0.0232  0.0232  0.0232
  0.0234  0.0233  0.0233  0.0233  0.0233  0.0234  0.0233  0.0234  0.0233  0.0234  0.0233  0.0233
  0.0238  0.0237  0.0236  0.0235  0.0235  0.0238  0.0236  0.0240  0.0235  0.0238  0.0235  0.0235
  0.0244  0.0242  0.0240  0.0238  0.0241  0.0244  0.0241  0.0248  0.0239  0.0244  0.0237  0.0238
niter,ni,del,rscale     3    3    5.0000    0.6000
parameters
   -0.7167   28.9533    2.9681  -13.0371  -14.1971  -15.8484
    0.6408    5.4894   -0.6747    6.0765   -6.5773   -4.6388
eta,q 0.97678 10.39784
  0.0241  0.0240  0.0238  0.0236  0.0238  0.0241  0.0239  0.0244  0.0237  0.0241  0.0236  0.0237
  0.0236  0.0236  0.0235  0.0234  0.0235  0.0236  0.0235  0.0237  0.0235  0.0236  0.0234  0.0234
  0.0233  0.0233  0.0233  0.0233  0.0233  0.0233  0.0233  0.0234  0.0233  0.0233  0.0233  0.0233
  0.0232  0.0232  0.0232  0.0232  0.0232  0.0232  0.0232  0.0232  0.0232  0.0232  0.0232  0.0232
  0.0233  0.0233  0.0233  0.0233  0.0233  0.0233  0.0233  0.0234  0.0233  0.0233  0.0233  0.0233
  0.0236  0.0235  0.0235  0.0235  0.0234  0.0236  0.0235  0.0238  0.0234  0.0236  0.0234  0.0235
  0.0241  0.0240  0.0238  0.0237  0.0238  0.0241  0.0239  0.0244  0.0237  0.0241  0.0236  0.0237
registration optimization eta report
parameter search radius
    1.2000    1.2000    1.2000    3.6000    3.6000    3.6000
    3.6000    3.6000    3.6000    3.6000    3.6000    3.6000
100000*second partial in parameter space
       62.       51.       39.        3.        5.        7.
        5.        9.        4.        7.        3.        4.
  0.0241  0.0240  0.0238  0.0236  0.0238  0.0241  0.0239  0.0244  0.0237  0.0241  0.0236  0.0237
  0.0236  0.0236  0.0235  0.0234  0.0235  0.0236  0.0235  0.0237  0.0235  0.0236  0.0234  0.0234
  0.0233  0.0233  0.0233  0.0233  0.0233  0.0233  0.0233  0.0234  0.0233  0.0233  0.0233  0.0233
  0.0232  0.0232  0.0232  0.0232  0.0232  0.0232  0.0232  0.0232  0.0232  0.0232  0.0232  0.0232
  0.0233  0.0233  0.0233  0.0233  0.0233  0.0233  0.0233  0.0234  0.0233  0.0233  0.0233  0.0233
  0.0236  0.0235  0.0235  0.0235  0.0234  0.0236  0.0235  0.0238  0.0234  0.0236  0.0234  0.0235
  0.0241  0.0240  0.0238  0.0237  0.0238  0.0241  0.0239  0.0244  0.0237  0.0241  0.0236  0.0237
   -0.7167   28.9533    2.9681  -13.0371  -14.1971  -15.8484
    0.6408    5.4894   -0.6747    6.0765   -6.5773   -4.6388
eta,q 0.97678 10.39784

---------------------------------------------------------------------
compute_vox2vox talsrcimg talsrcimg_to_711-2C_as_mni_average_305_t4 /opt/freesurfer/average/711-2C_as_mni_average_305
---------------------------------------------------------------------

freesurfer compute_vox2vox.c
Reading: talsrcimg.4dfp.ifh
Reading: talsrcimg_to_711-2C_as_mni_average_305_t4
Reading: /opt/freesurfer/average/711-2C_as_mni_average_305.4dfp.ifh
Writing: talsrcimg_to_711-2C_as_mni_average_305_t4_vox2vox.txt

start time Tue Mar 10 05:40:15 CET 2026
end		time Tue Mar 10 05:41:46 CET 2026

mpr2mni305 success

avi2talxfm orig_nu.mgz /opt/freesurfer/average/mni305.cor.mgz talsrcimg_to_711-2C_as_mni_average_305_t4_vox2vox.txt transforms/talairach.auto.xfm
avi2talxfm done
mv -f /out/sourcedata/freesurfer/sub-v1s6x0051363_ses-1/mri/talsrcimg_to_711-2C_as_mni_average_305_t4_vox2vox.txt /out/sourcedata/freesurfer/sub-v1s6x0051363_ses-1/mri/transforms/talsrcimg_to_711-2C_as_mni_average_305_t4_vox2vox.txt
lta_convert --src orig_nu.mgz --trg /opt/freesurfer/average/mni305.cor.mgz --inxfm transforms/talairach.auto.xfm --outlta transforms/talairach.auto.xfm.lta --subject fsaverage
7.3.2

--src: orig_nu.mgz src image (geometry).
--trg: /opt/freesurfer/average/mni305.cor.mgz trg image (geometry).
--inmni: transforms/talairach.auto.xfm input MNI/XFM transform.
--outlta: transforms/talairach.auto.xfm.lta output LTA.
--s: fsaverage subject name
 LTA read, type : 1
 1.14424  -0.07374  -0.01253   0.29881;
 0.08958   1.17794   0.06301   1.29297;
 0.00265  -0.08400   1.16090  -26.37784;
 0.00000   0.00000   0.00000   1.00000;
setting subject to fsaverage
Writing  LTA to file transforms/talairach.auto.xfm.lta...
lta_convert successful.
 
 
Started at Tue Mar 10 05:40:15 CET 2026
Ended   at Tue Mar 10 05:41:46 CET 2026
talairach_avi done
