/out/sourcedata/freesurfer/sub-v1s6x0051367_ses-1/mri
/opt/freesurfer/bin/talairach_avi
--i orig_nu.mgz --xfm transforms/talairach.auto.xfm
talairach_avi 7.3.2
Linux dna066 5.14.0-427.37.1.el9_4.x86_64 #1 SMP PREEMPT_DYNAMIC Fri Sep 13 12:41:50 EDT 2024 x86_64 x86_64 x86_64 GNU/Linux
Tue Mar 10 05:51:57 CET 2026
mri_convert orig_nu.mgz talsrcimg.img 
reading from orig_nu.mgz...
TR=0.00, TE=0.00, TI=0.00, flip angle=0.00
i_ras = (-1, 0, 0)
j_ras = (0, 0, -1)
k_ras = (0, 1, 0)
writing to talsrcimg.img...
Analyze Output Matrix
-1.00000   0.00000   0.00000   129.50000;
 0.00000   0.00000   1.00000  -125.96610;
 0.00000  -1.00000   0.00000   122.54237;
 0.00000   0.00000   0.00000   1.00000;
--------------------
INFO: set hdr.hist.orient to -1
mpr2mni305 talsrcimg
Tue Mar 10 05:51:57 CET 2026
/opt/freesurfer/bin/mpr2mni305 talsrcimg
mpr2mni305 7.3.2
target=711-2C_as_mni_average_305

---------------------------------------------------------------------
analyzeto4dfp talsrcimg -O0 -y
---------------------------------------------------------------------

freesurfer ifh2hdr.c
Tue Mar 10 05:51:57 2026
Writing: talsrcimg.4dfp.hdr
freesurfer analyzeto4dfp.c
Reading: talsrcimg.hdr
header size 348 bytes
hdr.dime.datatype	offset=70	value=2
hdr.dime.bitpix		offset=72	value=8
hdr.hist.orient		offset=252	value=-1
dimensionality     4
dimensions       256       256       256         1
Reading: talsrcimg.img
Writing: talsrcimg.4dfp.img
Writing: talsrcimg.4dfp.ifh
ifh2hdr talsrcimg -r0to228
ori=2

---------------------------------------------------------------------
gauss_4dfp talsrcimg 1.1
---------------------------------------------------------------------

freesurfer gauss_4dfp.c
Reading: talsrcimg.4dfp.img
Writing: talsrcimg_g11.4dfp.img
image dimensions 256 256 256 padded to 288 288 288
processing volume 1freesurfer ifh2hdr.c
Tue Mar 10 05:51:59 2026
Writing: talsrcimg_g11.4dfp.hdr

Writing: talsrcimg_g11.4dfp.ifh
including: talsrcimg.4dfp.img.rec in talsrcimg_g11.4dfp.img.rec

---------------------------------------------------------------------
imgreg_4dfp /opt/freesurfer/average/711-2C_as_mni_average_305 none talsrcimg_g11 none talsrcimg_to_711-2C_as_mni_average_305_t4 4355
---------------------------------------------------------------------

freesurfer imgreg_4dfp.c
/opt/freesurfer/average/711-2C_as_mni_average_305.4dfp.img
       256       256       256         1
  1.000000  1.000000  1.000000
orientation T byte_order littleendian
Reading image: /opt/freesurfer/average/711-2C_as_mni_average_305.4dfp.img
dimensions:      256       256       256
mmppix:       1.0000   -1.0000   -1.0000
center:     128.0000 -129.0000 -129.0000
talsrcimg_g11.4dfp.img
       256       256       256         1
  1.000000  1.000000  1.000000
orientation T byte_order littleendian
Reading image: talsrcimg_g11.4dfp.img
dimensions:      256       256       256
mmppix:       1.0000   -1.0000   -1.0000
center:     128.0000 -129.0000 -129.0000
t4_read: open error in t4_sub.f l:  41 t4_file(1:l)talsrcimg_to_711-2C_as_mni_average_305_t4 
t4_read: transform initialized to I4
rotation matrix determinant  1.000000
image alignment mode   4355 decimal     1103 hex
   -7.5000  -45.0000  -45.0000 7292.9414   15.4895
    0.0000  -45.0000  -45.0000 7601.5483   15.5388
    7.5000  -45.0000  -45.0000 7245.9561   15.5579
   -7.5000  -37.5000  -45.0000 7954.3896   15.1825
    0.0000  -37.5000  -45.0000 8279.6230   15.2263
    7.5000  -37.5000  -45.0000 7877.9810   15.2424
   -7.5000  -30.0000  -45.0000 8992.9434   14.9777
    0.0000  -30.0000  -45.0000 9340.6572   15.0194
    7.5000  -30.0000  -45.0000 8854.0459   15.0298
   -7.5000  -22.5000  -45.000010035.3896   14.8861
    0.0000  -22.5000  -45.000010421.9287   14.9292
    7.5000  -22.5000  -45.0000 9872.0508   14.9345
   -7.5000  -15.0000  -45.000011073.6523   14.8550
    0.0000  -15.0000  -45.000011506.8975   14.9014
    7.5000  -15.0000  -45.000010886.6787   14.9073
   -7.5000   -7.5000  -45.000012063.5713   14.8440
    0.0000   -7.5000  -45.000012576.9346   14.8931
    7.5000   -7.5000  -45.000011877.7891   14.9056
   -7.5000    0.0000  -45.000012858.6494   14.8356
    0.0000    0.0000  -45.000013433.3037   14.8836
    7.5000    0.0000  -45.000012665.6357   14.9003
   -7.5000    7.5000  -45.000012725.0156   14.8382
    0.0000    7.5000  -45.000013279.4922   14.8822
    7.5000    7.5000  -45.000012483.1562   14.8972
   -7.5000   15.0000  -45.000012504.1631   14.8482
    0.0000   15.0000  -45.000013042.4023   14.8900
    7.5000   15.0000  -45.000012253.8887   14.8998
   -7.5000   22.5000  -45.000012167.8877   14.8545
    0.0000   22.5000  -45.000012690.9248   14.8976
    7.5000   22.5000  -45.000011945.0537   14.9025
   -7.5000   30.0000  -45.000011663.6162   14.6570
    0.0000   30.0000  -45.000012163.7822   14.7028
    7.5000   30.0000  -45.000011462.1250   14.7086
   -7.5000   37.5000  -45.000011550.6963   14.6462
    0.0000   37.5000  -45.000012023.5469   14.6946
    7.5000   37.5000  -45.000011321.6738   14.7069
   -7.5000   45.0000  -45.000010913.3701   14.2662
    0.0000   45.0000  -45.000011364.0791   14.3124
    7.5000   45.0000  -45.000010692.5059   14.3284
   -7.5000  -45.0000  -37.5000 7663.6748   15.5213
    0.0000  -45.0000  -37.5000 7975.3940   15.5757
    7.5000  -45.0000  -37.5000 7594.1514   15.5919
   -7.5000  -37.5000  -37.5000 8386.8965   15.2118
    0.0000  -37.5000  -37.5000 8726.3633   15.2619
    7.5000  -37.5000  -37.5000 8281.3369   15.2766
   -7.5000  -30.0000  -37.5000 9473.4912   15.0035
    0.0000  -30.0000  -37.5000 9852.9756   15.0522
    7.5000  -30.0000  -37.5000 9330.1045   15.0615
   -7.5000  -22.5000  -37.500010560.1318   14.9088
    0.0000  -22.5000  -37.500010975.7246   14.9581
    7.5000  -22.5000  -37.500010382.4102   14.9610
   -7.5000  -15.0000  -37.500011624.2734   14.8773
    0.0000  -15.0000  -37.500012077.3047   14.9285
    7.5000  -15.0000  -37.500011430.8096   14.9310
   -7.5000   -7.5000  -37.500012665.6699   14.8707
    0.0000   -7.5000  -37.500013190.8535   14.9238
    7.5000   -7.5000  -37.500012460.8398   14.9325
   -7.5000    0.0000  -37.500013492.6787   14.8651
    0.0000    0.0000  -37.500014077.6709   14.9177
    7.5000    0.0000  -37.500013280.8105   14.9317
   -7.5000    7.5000  -37.500013360.4844   14.8663
    0.0000    7.5000  -37.500013938.2119   14.9163
    7.5000    7.5000  -37.500013079.6436   14.9301
   -7.5000   15.0000  -37.500013132.4248   14.8737
    0.0000   15.0000  -37.500013692.0439   14.9224
    7.5000   15.0000  -37.500012826.6709   14.9310
   -7.5000   22.5000  -37.500012778.9746   14.8771
    0.0000   22.5000  -37.500013319.0449   14.9264
    7.5000   22.5000  -37.500012479.3691   14.9290
   -7.5000   30.0000  -37.500012223.0576   14.6790
    0.0000   30.0000  -37.500012760.2822   14.7295
    7.5000   30.0000  -37.500011969.5010   14.7320
   -7.5000   37.5000  -37.500012024.2285   14.6725
    0.0000   37.5000  -37.500012534.9854   14.7249
    7.5000   37.5000  -37.500011764.8740   14.7335
   -7.5000   45.0000  -37.500011361.6689   14.2946
    0.0000   45.0000  -37.500011843.7715   14.3452
    7.5000   45.0000  -37.500011133.8564   14.3586
   -7.5000  -45.0000  -30.0000 8167.2534   16.1988
    0.0000  -45.0000  -30.0000 8496.6426   16.2579
    7.5000  -45.0000  -30.0000 8085.1426   16.2742
   -7.5000  -37.5000  -30.0000 8928.8604   15.8770
    0.0000  -37.5000  -30.0000 9294.6172   15.9314
    7.5000  -37.5000  -30.0000 8832.0117   15.9464
   -7.5000  -30.0000  -30.000010069.1504   15.6563
    0.0000  -30.0000  -30.000010490.6006   15.7093
    7.5000  -30.0000  -30.0000 9947.6377   15.7201
   -7.5000  -22.5000  -30.000011200.2910   15.5509
    0.0000  -22.5000  -30.000011669.1309   15.6050
    7.5000  -22.5000  -30.000011054.7266   15.6107
   -7.5000  -15.0000  -30.000012314.1992   15.5152
    0.0000  -15.0000  -30.000012835.4326   15.5715
    7.5000  -15.0000  -30.000012145.7881   15.5767
   -7.5000   -7.5000  -30.000013393.1777   15.5135
    0.0000   -7.5000  -30.000013982.9248   15.5714
    7.5000   -7.5000  -30.000013215.4541   15.5812
   -7.5000    0.0000  -30.000014288.7559   15.5133
    0.0000    0.0000  -30.000014908.5391   15.5702
    7.5000    0.0000  -30.000014083.8125   15.5842
   -7.5000    7.5000  -30.000014134.1279   15.5158
    0.0000    7.5000  -30.000014744.0215   15.5701
    7.5000    7.5000  -30.000013858.1865   15.5841
   -7.5000   15.0000  -30.000013875.3545   15.5207
    0.0000   15.0000  -30.000014463.2314   15.5737
    7.5000   15.0000  -30.000013553.5889   15.5838
   -7.5000   22.5000  -30.000013536.4707   15.5162
    0.0000   22.5000  -30.000014125.1621   15.5702
    7.5000   22.5000  -30.000013219.1484   15.5756
   -7.5000   30.0000  -30.000012983.3789   15.3099
    0.0000   30.0000  -30.000013563.9033   15.3654
    7.5000   30.0000  -30.000012701.7646   15.3705
   -7.5000   37.5000  -30.000012677.2617   15.3082
    0.0000   37.5000  -30.000013239.6475   15.3653
    7.5000   37.5000  -30.000012415.3770   15.3751
   -7.5000   45.0000  -30.000011959.1104   14.9289
    0.0000   45.0000  -30.000012471.0293   14.9837
    7.5000   45.0000  -30.000011729.5312   14.9971
   -7.5000  -45.0000  -22.5000 8642.0635   16.7463
    0.0000  -45.0000  -22.5000 8992.5938   16.8032
    7.5000  -45.0000  -22.5000 8562.4375   16.8228
   -7.5000  -37.5000  -22.5000 9449.1025   16.4164
    0.0000  -37.5000  -22.5000 9838.9170   16.4669
    7.5000  -37.5000  -22.5000 9356.0420   16.4835
   -7.5000  -30.0000  -22.500010640.2881   16.1879
    0.0000  -30.0000  -22.500011081.2061   16.2361
    7.5000  -30.0000  -22.500010521.9199   16.2500
   -7.5000  -22.5000  -22.500011828.9219   16.0756
    0.0000  -22.5000  -22.500012315.4805   16.1262
    7.5000  -22.5000  -22.500011691.3047   16.1377
   -7.5000  -15.0000  -22.500012978.8828   16.0367
    0.0000  -15.0000  -22.500013513.0303   16.0914
    7.5000  -15.0000  -22.500012826.1123   16.1035
   -7.5000   -7.5000  -22.500014078.6699   16.0355
    0.0000   -7.5000  -22.500014707.0020   16.0926
    7.5000   -7.5000  -22.500013922.1328   16.1082
   -7.5000    0.0000  -22.500015077.7734   16.0379
    0.0000    0.0000  -22.500015726.7871   16.0930
    7.5000    0.0000  -22.500014870.4639   16.1100
   -7.5000    7.5000  -22.500014872.6855   16.0431
    0.0000    7.5000  -22.500015504.8184   16.0935
    7.5000    7.5000  -22.500014607.4482   16.1091
   -7.5000   15.0000  -22.500014555.3232   16.0475
    0.0000   15.0000  -22.500015183.2148   16.0959
    7.5000   15.0000  -22.500014258.7969   16.1090
   -7.5000   22.5000  -22.500014223.1943   16.0385
    0.0000   22.5000  -22.500014877.6172   16.0891
    7.5000   22.5000  -22.500013932.0869   16.1003
   -7.5000   30.0000  -22.500013674.9863   15.8268
    0.0000   30.0000  -22.500014337.3193   15.8809
    7.5000   30.0000  -22.500013409.8311   15.8928
   -7.5000   37.5000  -22.500013318.6943   15.8258
    0.0000   37.5000  -22.500013915.7061   15.8821
    7.5000   37.5000  -22.500013045.7266   15.8975
   -7.5000   45.0000  -22.500012510.4121   15.4453
    0.0000   45.0000  -22.500013060.7754   15.4983
    7.5000   45.0000  -22.500012256.2217   15.5148
   -7.5000  -45.0000  -15.0000 9087.8877   17.1161
    0.0000  -45.0000  -15.0000 9471.6299   17.1690
    7.5000  -45.0000  -15.0000 9020.1348   17.1930
   -7.5000  -37.5000  -15.0000 9941.4688   16.7801
    0.0000  -37.5000  -15.000010367.8613   16.8252
    7.5000  -37.5000  -15.0000 9856.5605   16.8441
   -7.5000  -30.0000  -15.000011186.0781   16.5497
    0.0000  -30.0000  -15.000011643.6211   16.5916
    7.5000  -30.0000  -15.000011087.8945   16.6071
   -7.5000  -22.5000  -15.000012429.8340   16.4387
    0.0000  -22.5000  -15.000012936.6553   16.4836
    7.5000  -22.5000  -15.000012326.6875   16.4977
   -7.5000  -15.0000  -15.000013605.3018   16.4001
    0.0000  -15.0000  -15.000014167.4326   16.4506
    7.5000  -15.0000  -15.000013489.2666   16.4665
   -7.5000   -7.5000  -15.000014748.0967   16.3944
    0.0000   -7.5000  -15.000015408.2852   16.4481
    7.5000   -7.5000  -15.000014625.0752   16.4686
   -7.5000    0.0000  -15.000015844.4551   16.3930
    0.0000    0.0000  -15.000016537.6895   16.4445
    7.5000    0.0000  -15.000015642.6123   16.4657
   -7.5000    7.5000  -15.000015628.8525   16.3991
    0.0000    7.5000  -15.000016322.1865   16.4443
    7.5000    7.5000  -15.000015389.2432   16.4622
   -7.5000   15.0000  -15.000015265.7891   16.4062
    0.0000   15.0000  -15.000015942.9375   16.4483
    7.5000   15.0000  -15.000015026.3770   16.4632
   -7.5000   22.5000  -15.000014897.6455   16.4001
    0.0000   22.5000  -15.000015609.1992   16.4449
    7.5000   22.5000  -15.000014676.9697   16.4587
   -7.5000   30.0000  -15.000014310.0986   16.1878
    0.0000   30.0000  -15.000015016.3066   16.2376
    7.5000   30.0000  -15.000014095.0586   16.2533
   -7.5000   37.5000  -15.000013900.7842   16.1822
    0.0000   37.5000  -15.000014548.7021   16.2352
    7.5000   37.5000  -15.000013654.1240   16.2555
   -7.5000   45.0000  -15.000013039.4775   15.7968
    0.0000   45.0000  -15.000013601.1514   15.8464
    7.5000   45.0000  -15.000012749.5039   15.8669
   -7.5000  -45.0000   -7.5000 9543.7510   17.2913
    0.0000  -45.0000   -7.5000 9947.4941   17.3434
    7.5000  -45.0000   -7.5000 9462.3896   17.3681
   -7.5000  -37.5000   -7.500010437.7529   16.9510
    0.0000  -37.5000   -7.500010895.7812   16.9955
    7.5000  -37.5000   -7.500010357.4932   17.0151
   -7.5000  -30.0000   -7.500011716.9365   16.7220
    0.0000  -30.0000   -7.500012202.3945   16.7634
    7.5000  -30.0000   -7.500011650.8076   16.7777
   -7.5000  -22.5000   -7.500013005.5781   16.6165
    0.0000  -22.5000   -7.500013535.4746   16.6607
    7.5000  -22.5000   -7.500012934.8027   16.6717
   -7.5000  -15.0000   -7.500014203.9541   16.5801
    0.0000  -15.0000   -7.500014787.7627   16.6294
    7.5000  -15.0000   -7.500014117.4863   16.6423
   -7.5000   -7.5000   -7.500015365.1514   16.5687
    0.0000   -7.5000   -7.500016046.1865   16.6215
    7.5000   -7.5000   -7.500015283.0156   16.6410
   -7.5000    0.0000   -7.500016551.0684   16.5616
    0.0000    0.0000   -7.500017321.6191   16.6125
    7.5000    0.0000   -7.500016367.0586   16.6343
   -7.5000    7.5000   -7.500016494.1406   16.5666
    0.0000    7.5000   -7.500017293.0957   16.6115
    7.5000    7.5000   -7.500016255.4492   16.6298
   -7.5000   15.0000   -7.500016174.2568   16.5772
    0.0000   15.0000   -7.500016896.8750   16.6188
    7.5000   15.0000   -7.500015941.0713   16.6324
   -7.5000   22.5000   -7.500015774.4941   16.5758
    0.0000   22.5000   -7.500016493.8027   16.6199
    7.5000   22.5000   -7.500015550.2070   16.6306
   -7.5000   30.0000   -7.500015102.1338   16.3650
    0.0000   30.0000   -7.500015814.2598   16.4137
    7.5000   30.0000   -7.500014884.0859   16.4265
   -7.5000   37.5000   -7.500014609.7529   16.3538
    0.0000   37.5000   -7.500015269.3838   16.4060
    7.5000   37.5000   -7.500014357.9316   16.4252
   -7.5000   45.0000   -7.500013636.5566   15.9622
    0.0000   45.0000   -7.500014203.1855   16.0113
    7.5000   45.0000   -7.500013304.2754   16.0323
   -7.5000  -45.0000    0.0000 9837.2412   17.3330
    0.0000  -45.0000    0.000010287.6475   17.3882
    7.5000  -45.0000    0.0000 9766.9912   17.4095
   -7.5000  -37.5000    0.000010785.3760   16.9895
    0.0000  -37.5000    0.000011274.8740   17.0384
    7.5000  -37.5000    0.000010737.4922   17.0565
   -7.5000  -30.0000    0.000012138.4199   16.7603
    0.0000  -30.0000    0.000012638.0918   16.8069
    7.5000  -30.0000    0.000012099.3555   16.8186
   -7.5000  -22.5000    0.000013473.3916   16.6578
    0.0000  -22.5000    0.000014002.4990   16.7061
    7.5000  -22.5000    0.000013429.6211   16.7119
   -7.5000  -15.0000    0.000014709.1211   16.6230
    0.0000  -15.0000    0.000015286.4971   16.6750
    7.5000  -15.0000    0.000014657.9160   16.6816
   -7.5000   -7.5000    0.000015921.3359   16.6107
    0.0000   -7.5000    0.000016593.6699   16.6656
    7.5000   -7.5000    0.000015871.5400   16.6796
   -7.5000    0.0000    0.000017208.5059   16.6013
    0.0000    0.0000    0.000017987.4902   16.6550
    7.5000    0.0000    0.000017018.3770   16.6737
   -7.5000    7.5000    0.000017296.2324   16.6042
    0.0000    7.5000    0.000018079.4297   16.6534
    7.5000    7.5000    0.000016959.5645   16.6702
   -7.5000   15.0000    0.000017097.8008   16.6153
    0.0000   15.0000    0.000017774.2676   16.6621
    7.5000   15.0000    0.000016680.1426   16.6731
   -7.5000   22.5000    0.000016675.9902   16.6171
    0.0000   22.5000    0.000017370.2559   16.6653
    7.5000   22.5000    0.000016254.1855   16.6708
   -7.5000   30.0000    0.000015888.8125   16.4078
    0.0000   30.0000    0.000016570.0469   16.4591
    7.5000   30.0000    0.000015533.2529   16.4656
   -7.5000   37.5000    0.000015257.1348   16.3957
    0.0000   37.5000    0.000015876.5615   16.4499
    7.5000   37.5000    0.000014971.9531   16.4637
   -7.5000   45.0000    0.000014105.3750   16.0017
    0.0000   45.0000    0.000014631.5264   16.0535
    7.5000   45.0000    0.000013804.8896   16.0715
   -7.5000  -45.0000    7.5000 9391.6709   17.3688
    0.0000  -45.0000    7.5000 9799.9814   17.4297
    7.5000  -45.0000    7.5000 9331.9941   17.4478
   -7.5000  -37.5000    7.500010325.7598   17.0224
    0.0000  -37.5000    7.500010765.1318   17.0784
    7.5000  -37.5000    7.500010267.5596   17.0950
   -7.5000  -30.0000    7.500011621.7656   16.7894
    0.0000  -30.0000    7.500012084.5566   16.8438
    7.5000  -30.0000    7.500011552.5137   16.8542
   -7.5000  -22.5000    7.500012892.7461   16.6833
    0.0000  -22.5000    7.500013409.6113   16.7385
    7.5000  -22.5000    7.500012812.7480   16.7418
   -7.5000  -15.0000    7.500014093.2695   16.6481
    0.0000  -15.0000    7.500014668.1338   16.7054
    7.5000  -15.0000    7.500013997.6943   16.7082
   -7.5000   -7.5000    7.500015304.8848   16.6407
    0.0000   -7.5000    7.500015946.6768   16.7001
    7.5000   -7.5000    7.500015177.4883   16.7099
   -7.5000    0.0000    7.500016485.7344   16.6345
    0.0000    0.0000    7.500017197.8359   16.6933
    7.5000    0.0000    7.500016261.8008   16.7090
   -7.5000    7.5000    7.500016434.1660   16.6358
    0.0000    7.5000    7.500017079.3398   16.6918
    7.5000    7.5000    7.500016126.7109   16.7072
   -7.5000   15.0000    7.500016177.0889   16.6441
    0.0000   15.0000    7.500016761.0215   16.6985
    7.5000   15.0000    7.500015838.1406   16.7082
   -7.5000   22.5000    7.500015799.6201   16.6425
    0.0000   22.5000    7.500016434.5391   16.6976
    7.5000   22.5000    7.500015477.1572   16.7005
   -7.5000   30.0000    7.500015148.0889   16.4326
    0.0000   30.0000    7.500015796.8447   16.4891
    7.5000   30.0000    7.500014879.4131   16.4919
   -7.5000   37.5000    7.500014562.1484   16.4253
    0.0000   37.5000    7.500015160.6211   16.4840
    7.5000   37.5000    7.500014362.3418   16.4936
   -7.5000   45.0000    7.500013405.9150   16.0337
    0.0000   45.0000    7.500013927.9277   16.0905
    7.5000   45.0000    7.500013206.9434   16.1055
   -7.5000  -45.0000   15.0000 8795.9062   17.4080
    0.0000  -45.0000   15.0000 9195.6826   17.4715
    7.5000  -45.0000   15.0000 8730.1299   17.4888
   -7.5000  -37.5000   15.0000 9703.0068   17.0618
    0.0000  -37.5000   15.000010127.5420   17.1202
    7.5000  -37.5000   15.0000 9597.4141   17.1362
   -7.5000  -30.0000   15.000010950.3408   16.8245
    0.0000  -30.0000   15.000011432.0264   16.8813
    7.5000  -30.0000   15.000010830.5947   16.8928
   -7.5000  -22.5000   15.000012186.4844   16.7111
    0.0000  -22.5000   15.000012695.8730   16.7692
    7.5000  -22.5000   15.000012038.2598   16.7752
   -7.5000  -15.0000   15.000013294.7080   16.6728
    0.0000  -15.0000   15.000013844.8672   16.7332
    7.5000  -15.0000   15.000013165.9365   16.7386
   -7.5000   -7.5000   15.000014423.9619   16.6710
    0.0000   -7.5000   15.000014996.7314   16.7331
    7.5000   -7.5000   15.000014304.4219   16.7436
   -7.5000    0.0000   15.000015486.3145   16.6708
    0.0000    0.0000   15.000016100.8604   16.7319
    7.5000    0.0000   15.000015353.6982   16.7468
   -7.5000    7.5000   15.000015328.9639   16.6734
    0.0000    7.5000   15.000015904.9277   16.7316
    7.5000    7.5000   15.000015175.2471   16.7466
   -7.5000   15.0000   15.000015024.7842   16.6786
    0.0000   15.0000   15.000015545.4385   16.7354
    7.5000   15.0000   15.000014862.0771   16.7462
   -7.5000   22.5000   15.000014658.6094   16.6701
    0.0000   22.5000   15.000015196.8057   16.7281
    7.5000   22.5000   15.000014497.4111   16.7338
   -7.5000   30.0000   15.000014158.2969   16.4570
    0.0000   30.0000   15.000014692.2725   16.5166
    7.5000   30.0000   15.000014007.9990   16.5220
   -7.5000   37.5000   15.000013720.0205   16.4553
    0.0000   37.5000   15.000014243.6299   16.5166
    7.5000   37.5000   15.000013588.6299   16.5269
   -7.5000   45.0000   15.000012638.3369   16.0688
    0.0000   45.0000   15.000013105.0703   16.1276
    7.5000   45.0000   15.000012494.9580   16.1420
   -7.5000  -45.0000   22.5000 8137.6997   17.4894
    0.0000  -45.0000   22.5000 8487.3682   17.5485
    7.5000  -45.0000   22.5000 8070.1035   17.5686
   -7.5000  -37.5000   22.5000 8983.0928   17.1419
    0.0000  -37.5000   22.5000 9389.0107   17.1943
    7.5000  -37.5000   22.5000 8900.5400   17.2112
   -7.5000  -30.0000   22.500010132.7588   16.9012
    0.0000  -30.0000   22.500010575.7139   16.9512
    7.5000  -30.0000   22.500010041.8887   16.9654
   -7.5000  -22.5000   22.500011267.3184   16.7835
    0.0000  -22.5000   22.500011742.7881   16.8361
    7.5000  -22.5000   22.500011156.7432   16.8478
   -7.5000  -15.0000   22.500012306.4619   16.7435
    0.0000  -15.0000   22.500012834.9102   16.8003
    7.5000  -15.0000   22.500012204.8086   16.8127
   -7.5000   -7.5000   22.500013369.6699   16.7429
    0.0000   -7.5000   22.500013940.4512   16.8022
    7.5000   -7.5000   22.500013272.4355   16.8182
   -7.5000    0.0000   22.500014339.1592   16.7453
    0.0000    0.0000   22.500014928.6543   16.8025
    7.5000    0.0000   22.500014225.8086   16.8200
   -7.5000    7.5000   22.500014188.4844   16.7499
    0.0000    7.5000   22.500014738.0371   16.8022
    7.5000    7.5000   22.500014064.3379   16.8180
   -7.5000   15.0000   22.500013886.2520   16.7538
    0.0000   15.0000   22.500014403.6377   16.8039
    7.5000   15.0000   22.500013763.1895   16.8174
   -7.5000   22.5000   22.500013552.5254   16.7421
    0.0000   22.5000   22.500014042.7490   16.7946
    7.5000   22.5000   22.500013421.7031   16.8060
   -7.5000   30.0000   22.500013136.3096   16.5267
    0.0000   30.0000   22.500013619.2637   16.5829
    7.5000   30.0000   22.500013001.9287   16.5950
   -7.5000   37.5000   22.500012802.3672   16.5262
    0.0000   37.5000   22.500013289.2090   16.5848
    7.5000   37.5000   22.500012685.4541   16.6006
   -7.5000   45.0000   22.500011789.2002   16.1406
    0.0000   45.0000   22.500012226.8135   16.1957
    7.5000   45.0000   22.500011660.3311   16.2125
   -7.5000  -45.0000   30.0000 7460.4688   17.7236
    0.0000  -45.0000   30.0000 7764.1187   17.7773
    7.5000  -45.0000   30.0000 7405.5996   17.8009
   -7.5000  -37.5000   30.0000 8226.6914   17.3665
    0.0000  -37.5000   30.0000 8585.9922   17.4121
    7.5000  -37.5000   30.0000 8162.8184   17.4305
   -7.5000  -30.0000   30.0000 9284.6885   17.1222
    0.0000  -30.0000   30.0000 9707.2793   17.1645
    7.5000  -30.0000   30.0000 9211.8750   17.1796
   -7.5000  -22.5000   30.000010315.5918   17.0059
    0.0000  -22.5000   30.000010789.1582   17.0514
    7.5000  -22.5000   30.000010227.5752   17.0651
   -7.5000  -15.0000   30.000011274.7871   16.9668
    0.0000  -15.0000   30.000011788.0547   17.0182
    7.5000  -15.0000   30.000011194.7598   17.0336
   -7.5000   -7.5000   30.000012259.9414   16.9616
    0.0000   -7.5000   30.000012797.8916   17.0164
    7.5000   -7.5000   30.000012181.5010   17.0364
   -7.5000    0.0000   30.000013163.0771   16.9594
    0.0000    0.0000   30.000013721.2549   17.0118
    7.5000    0.0000   30.000013053.8086   17.0325
   -7.5000    7.5000   30.000013019.7178   16.9640
    0.0000    7.5000   30.000013551.9346   17.0099
    7.5000    7.5000   30.000012912.2871   17.0272
   -7.5000   15.0000   30.000012737.0225   16.9707
    0.0000   15.0000   30.000013236.1182   17.0133
    7.5000   15.0000   30.000012632.8545   17.0277
   -7.5000   22.5000   30.000012415.8262   16.9635
    0.0000   22.5000   30.000012903.6670   17.0089
    7.5000   22.5000   30.000012320.5508   17.0223
   -7.5000   30.0000   30.000012049.8447   16.7472
    0.0000   30.0000   30.000012539.5928   16.7979
    7.5000   30.0000   30.000011970.6914   16.8131
   -7.5000   37.5000   30.000011805.9160   16.7421
    0.0000   37.5000   30.000012280.1260   16.7962
    7.5000   37.5000   30.000011724.5156   16.8159
   -7.5000   45.0000   30.000010862.9404   16.3469
    0.0000   45.0000   30.000011288.2666   16.3975
    7.5000   45.0000   30.000010779.3672   16.4174
   -7.5000  -45.0000   37.5000 7107.0767   18.1942
    0.0000  -45.0000   37.5000 7393.7529   18.2485
    7.5000  -45.0000   37.5000 7058.7744   18.2743
   -7.5000  -37.5000   37.5000 7826.1978   17.8186
    0.0000  -37.5000   37.5000 8159.9492   17.8645
    7.5000  -37.5000   37.5000 7770.3418   17.8838
   -7.5000  -30.0000   37.5000 8844.7549   17.5693
    0.0000  -30.0000   37.5000 9235.7988   17.6114
    7.5000  -30.0000   37.5000 8766.6279   17.6245
   -7.5000  -22.5000   37.5000 9821.7559   17.4576
    0.0000  -22.5000   37.500010269.6602   17.5026
    7.5000  -22.5000   37.5000 9740.3730   17.5128
   -7.5000  -15.0000   37.500010761.7354   17.4202
    0.0000  -15.0000   37.500011262.6992   17.4709
    7.5000  -15.0000   37.500010674.8555   17.4840
   -7.5000   -7.5000   37.500011682.3418   17.4057
    0.0000   -7.5000   37.500012212.8467   17.4605
    7.5000   -7.5000   37.500011598.8809   17.4809
   -7.5000    0.0000   37.500012526.3193   17.3933
    0.0000    0.0000   37.500013068.4814   17.4463
    7.5000    0.0000   37.500012426.7881   17.4688
   -7.5000    7.5000   37.500012391.2217   17.3966
    0.0000    7.5000   37.500012906.7002   17.4429
    7.5000    7.5000   37.500012306.9512   17.4608
   -7.5000   15.0000   37.500012102.9414   17.4100
    0.0000   15.0000   37.500012603.9951   17.4524
    7.5000   15.0000   37.500012022.0869   17.4648
   -7.5000   22.5000   37.500011815.1396   17.4132
    0.0000   22.5000   37.500012283.9570   17.4581
    7.5000   22.5000   37.500011727.4541   17.4679
   -7.5000   30.0000   37.500011498.9277   17.1947
    0.0000   30.0000   37.500011961.5850   17.2448
    7.5000   30.0000   37.500011417.7803   17.2577
   -7.5000   37.5000   37.500011293.8633   17.1804
    0.0000   37.5000   37.500011781.5918   17.2346
    7.5000   37.5000   37.500011219.7314   17.2547
   -7.5000   45.0000   37.500010394.0186   16.7651
    0.0000   45.0000   37.500010838.4766   16.8163
    7.5000   45.0000   37.500010314.3604   16.8379
   -7.5000  -45.0000   45.0000 6473.1616   18.7297
    0.0000  -45.0000   45.0000 6726.4590   18.7867
    7.5000  -45.0000   45.0000 6428.4517   18.8051
   -7.5000  -37.5000   45.0000 7117.5767   18.3352
    0.0000  -37.5000   45.0000 7412.6826   18.3846
    7.5000  -37.5000   45.0000 7067.9814   18.3993
   -7.5000  -30.0000   45.0000 8029.2764   18.0806
    0.0000  -30.0000   45.0000 8377.5742   18.1268
    7.5000  -30.0000   45.0000 7949.1089   18.1338
   -7.5000  -22.5000   45.0000 8923.3594   17.9710
    0.0000  -22.5000   45.0000 9336.6709   18.0188
    7.5000  -22.5000   45.0000 8843.6230   18.0189
   -7.5000  -15.0000   45.0000 9800.0215   17.9321
    0.0000  -15.0000   45.000010262.0664   17.9843
    7.5000  -15.0000   45.0000 9716.3125   17.9854
   -7.5000   -7.5000   45.000010666.7227   17.9090
    0.0000   -7.5000   45.000011151.7900   17.9653
    7.5000   -7.5000   45.000010575.2529   17.9752
   -7.5000    0.0000   45.000011428.9131   17.8886
    0.0000    0.0000   45.000011932.8770   17.9440
    7.5000    0.0000   45.000011332.0664   17.9595
   -7.5000    7.5000   45.000011287.7334   17.8920
    0.0000    7.5000   45.000011784.1104   17.9419
    7.5000    7.5000   45.000011197.6406   17.9552
   -7.5000   15.0000   45.000011007.7725   17.9127
    0.0000   15.0000   45.000011476.9316   17.9590
    7.5000   15.0000   45.000010924.0938   17.9653
   -7.5000   22.5000   45.000010744.3291   17.9240
    0.0000   22.5000   45.000011189.0762   17.9717
    7.5000   22.5000   45.000010661.1582   17.9714
   -7.5000   30.0000   45.000010491.4775   17.6984
    0.0000   30.0000   45.000010920.2344   17.7499
    7.5000   30.0000   45.000010401.4326   17.7510
   -7.5000   37.5000   45.000010322.1631   17.6757
    0.0000   37.5000   45.000010764.4160   17.7312
    7.5000   37.5000   45.000010240.1367   17.7410
   -7.5000   45.0000   45.0000 9516.3682   17.2504
    0.0000   45.0000   45.0000 9918.4121   17.3038
    7.5000   45.0000   45.0000 9436.2832   17.3188

---------------------------------------------------------------------
imgreg_4dfp /opt/freesurfer/average/711-2C_as_mni_average_305 /opt/freesurfer/average/711-2B_as_mni_average_305_mask talsrcimg_g11 none talsrcimg_to_711-2C_as_mni_average_305_t4 4355
---------------------------------------------------------------------

freesurfer imgreg_4dfp.c
/opt/freesurfer/average/711-2C_as_mni_average_305.4dfp.img
       256       256       256         1
  1.000000  1.000000  1.000000
orientation T byte_order littleendian
Reading image: /opt/freesurfer/average/711-2C_as_mni_average_305.4dfp.img
dimensions:      256       256       256
mmppix:       1.0000   -1.0000   -1.0000
center:     128.0000 -129.0000 -129.0000
/opt/freesurfer/average/711-2B_as_mni_average_305_mask.4dfp.img
       256       256       256         1
  1.000000  1.000000  1.000000
orientation T byte_order littleendian
Reading mask: /opt/freesurfer/average/711-2B_as_mni_average_305_mask.4dfp.img (2306576 pixels)
talsrcimg_g11.4dfp.img
       256       256       256         1
  1.000000  1.000000  1.000000
orientation T byte_order littleendian
Reading image: talsrcimg_g11.4dfp.img
dimensions:      256       256       256
mmppix:       1.0000   -1.0000   -1.0000
center:     128.0000 -129.0000 -129.0000
rotation matrix determinant  1.000000
image alignment mode   4355 decimal     1103 hex
   -7.5000  -37.5000  -45.0000 2082.2656   18.3739
    0.0000  -37.5000  -45.0000 2086.0261   18.4168
    7.5000  -37.5000  -45.0000 2075.8635   18.6225
   -7.5000  -30.0000  -45.0000 2208.3364   16.5433
    0.0000  -30.0000  -45.0000 2212.0940   16.5603
    7.5000  -30.0000  -45.0000 2191.5439   16.7125
   -7.5000  -22.5000  -45.0000 2316.0042   15.1301
    0.0000  -22.5000  -45.0000 2320.3613   15.1219
    7.5000  -22.5000  -45.0000 2299.8372   15.2807
   -7.5000  -15.0000  -45.0000 2405.8867   14.0473
    0.0000  -15.0000  -45.0000 2409.6289   14.0365
    7.5000  -15.0000  -45.0000 2388.1543   14.1713
   -7.5000   -7.5000  -45.0000 2469.2708   13.2698
    0.0000   -7.5000  -45.0000 2477.6033   13.2509
    7.5000   -7.5000  -45.0000 2449.0354   13.3711
   -7.5000    0.0000  -45.0000 2494.8726   12.7974
    0.0000    0.0000  -45.0000 2502.0173   12.7832
    7.5000    0.0000  -45.0000 2474.1206   12.9138
   -7.5000    7.5000  -45.0000 2506.5425   12.5895
    0.0000    7.5000  -45.0000 2513.0703   12.5729
    7.5000    7.5000  -45.0000 2482.6260   12.7360
   -7.5000   15.0000  -45.0000 2502.7952   12.6326
    0.0000   15.0000  -45.0000 2506.5103   12.6103
    7.5000   15.0000  -45.0000 2483.8623   12.7663
   -7.5000   22.5000  -45.0000 2481.6787   12.9178
    0.0000   22.5000  -45.0000 2489.0994   12.9009
    7.5000   22.5000  -45.0000 2463.3950   13.0778
   -7.5000   30.0000  -45.0000 2446.1621   13.4016
    0.0000   30.0000  -45.0000 2454.3914   13.3866
    7.5000   30.0000  -45.0000 2424.2002   13.5913
   -7.5000   37.5000  -45.0000 2401.3760   14.1121
    0.0000   37.5000  -45.0000 2410.7153   14.1102
    7.5000   37.5000  -45.0000 2379.0986   14.3458
   -7.5000   45.0000  -45.0000 2332.1118   15.1053
    0.0000   45.0000  -45.0000 2340.5210   15.1161
    7.5000   45.0000  -45.0000 2308.7122   15.3578
   -7.5000   52.5000  -45.0000 2217.8447   16.3151
    0.0000   52.5000  -45.0000 2227.0918   16.3150
    7.5000   52.5000  -45.0000 2199.0061   16.5749
   -7.5000  -37.5000  -37.5000 2140.0872   17.4169
    0.0000  -37.5000  -37.5000 2143.1782   17.4529
    7.5000  -37.5000  -37.5000 2125.4668   17.6758
   -7.5000  -30.0000  -37.5000 2268.1233   15.6734
    0.0000  -30.0000  -37.5000 2274.4204   15.6762
    7.5000  -30.0000  -37.5000 2252.0063   15.8486
   -7.5000  -22.5000  -37.5000 2380.4019   14.2779
    0.0000  -22.5000  -37.5000 2387.8887   14.2741
    7.5000  -22.5000  -37.5000 2362.5710   14.4318
   -7.5000  -15.0000  -37.5000 2473.8972   13.1992
    0.0000  -15.0000  -37.5000 2479.0508   13.1910
    7.5000  -15.0000  -37.5000 2454.6472   13.3133
   -7.5000   -7.5000  -37.5000 2544.0850   12.4345
    0.0000   -7.5000  -37.5000 2550.7344   12.4065
    7.5000   -7.5000  -37.5000 2526.2856   12.5364
   -7.5000    0.0000  -37.5000 2572.1755   11.9558
    0.0000    0.0000  -37.5000 2583.1377   11.9259
    7.5000    0.0000  -37.5000 2557.2827   12.0661
   -7.5000    7.5000  -37.5000 2598.2312   11.7411
    0.0000    7.5000  -37.5000 2605.9343   11.7166
    7.5000    7.5000  -37.5000 2571.5164   11.8492
   -7.5000   15.0000  -37.5000 2605.9514   11.7580
    0.0000   15.0000  -37.5000 2612.7695   11.7542
    7.5000   15.0000  -37.5000 2580.7793   11.8560
   -7.5000   22.5000  -37.5000 2587.7314   12.0500
    0.0000   22.5000  -37.5000 2595.7280   12.0323
    7.5000   22.5000  -37.5000 2562.3782   12.1549
   -7.5000   30.0000  -37.5000 2548.3923   12.5152
    0.0000   30.0000  -37.5000 2559.2222   12.5180
    7.5000   30.0000  -37.5000 2524.7043   12.6593
   -7.5000   37.5000  -37.5000 2496.6873   13.1925
    0.0000   37.5000  -37.5000 2511.1265   13.2035
    7.5000   37.5000  -37.5000 2476.5112   13.3758
   -7.5000   45.0000  -37.5000 2419.0872   14.1114
    0.0000   45.0000  -37.5000 2433.2266   14.1058
    7.5000   45.0000  -37.5000 2399.6943   14.3129
   -7.5000   52.5000  -37.5000 2299.0947   15.2329
    0.0000   52.5000  -37.5000 2307.7649   15.2370
    7.5000   52.5000  -37.5000 2277.4475   15.4711
   -7.5000  -37.5000  -30.0000 2223.2024   17.2092
    0.0000  -37.5000  -30.0000 2227.7131   17.1970
    7.5000  -37.5000  -30.0000 2209.3633   17.4810
   -7.5000  -30.0000  -30.0000 2357.1816   15.4183
    0.0000  -30.0000  -30.0000 2367.2048   15.3807
    7.5000  -30.0000  -30.0000 2341.6255   15.6316
   -7.5000  -22.5000  -30.0000 2471.4104   13.9766
    0.0000  -22.5000  -30.0000 2484.4836   13.9650
    7.5000  -22.5000  -30.0000 2456.5347   14.1714
   -7.5000  -15.0000  -30.0000 2572.5615   12.8689
    0.0000  -15.0000  -30.0000 2582.4172   12.8514
    7.5000  -15.0000  -30.0000 2556.8591   13.0281
   -7.5000   -7.5000  -30.0000 2653.2480   12.0581
    0.0000   -7.5000  -30.0000 2665.6848   12.0516
    7.5000   -7.5000  -30.0000 2637.3696   12.2010
   -7.5000    0.0000  -30.0000 2692.6682   11.5728
    0.0000    0.0000  -30.0000 2704.7207   11.5729
    7.5000    0.0000  -30.0000 2680.3828   11.7187
   -7.5000    7.5000  -30.0000 2726.5632   11.3167
    0.0000    7.5000  -30.0000 2738.6328   11.3232
    7.5000    7.5000  -30.0000 2706.0222   11.4673
   -7.5000   15.0000  -30.0000 2745.0234   11.3093
    0.0000   15.0000  -30.0000 2754.9226   11.3136
    7.5000   15.0000  -30.0000 2718.3997   11.4429
   -7.5000   22.5000  -30.0000 2734.0063   11.6342
    0.0000   22.5000  -30.0000 2746.8818   11.6368
    7.5000   22.5000  -30.0000 2708.9846   11.7576
   -7.5000   30.0000  -30.0000 2699.6360   12.1265
    0.0000   30.0000  -30.0000 2711.0037   12.1191
    7.5000   30.0000  -30.0000 2673.5742   12.2691
   -7.5000   37.5000  -30.0000 2640.0393   12.7924
    0.0000   37.5000  -30.0000 2654.0530   12.7932
    7.5000   37.5000  -30.0000 2618.8354   12.9536
   -7.5000   45.0000  -30.0000 2550.3062   13.6852
    0.0000   45.0000  -30.0000 2564.6941   13.6867
    7.5000   45.0000  -30.0000 2533.5291   13.8753
   -7.5000   52.5000  -30.0000 2417.7556   14.8164
    0.0000   52.5000  -30.0000 2429.5601   14.7902
    7.5000   52.5000  -30.0000 2400.4319   14.9894
   -7.5000  -37.5000  -22.5000 2275.8088   16.8363
    0.0000  -37.5000  -22.5000 2281.2314   16.8154
    7.5000  -37.5000  -22.5000 2264.1987   17.1723
   -7.5000  -30.0000  -22.5000 2411.4526   15.0500
    0.0000  -30.0000  -22.5000 2419.6211   15.0258
    7.5000  -30.0000  -22.5000 2394.5046   15.3004
   -7.5000  -22.5000  -22.5000 2528.5801   13.6195
    0.0000  -22.5000  -22.5000 2537.7273   13.6102
    7.5000  -22.5000  -22.5000 2512.3223   13.8233
   -7.5000  -15.0000  -22.5000 2636.1794   12.4918
    0.0000  -15.0000  -22.5000 2642.6599   12.4830
    7.5000  -15.0000  -22.5000 2620.8555   12.6633
   -7.5000   -7.5000  -22.5000 2725.7573   11.6547
    0.0000   -7.5000  -22.5000 2739.0259   11.6451
    7.5000   -7.5000  -22.5000 2709.6152   11.8276
   -7.5000    0.0000  -22.5000 2785.3779   11.1495
    0.0000    0.0000  -22.5000 2802.0857   11.1364
    7.5000    0.0000  -22.5000 2769.7612   11.3026
   -7.5000    7.5000  -22.5000 2826.9692   10.8666
    0.0000    7.5000  -22.5000 2843.4236   10.8485
    7.5000    7.5000  -22.5000 2807.1038   11.0161
   -7.5000   15.0000  -22.5000 2857.8635   10.8078
    0.0000   15.0000  -22.5000 2871.2092   10.8027
    7.5000   15.0000  -22.5000 2831.5344   10.9571
   -7.5000   22.5000  -22.5000 2851.9854   11.1499
    0.0000   22.5000  -22.5000 2867.2100   11.1478
    7.5000   22.5000  -22.5000 2823.5156   11.2897
   -7.5000   30.0000  -22.5000 2814.0261   11.6508
    0.0000   30.0000  -22.5000 2830.5383   11.6417
    7.5000   30.0000  -22.5000 2790.8208   11.7738
   -7.5000   37.5000  -22.5000 2745.1868   12.3069
    0.0000   37.5000  -22.5000 2760.3770   12.2902
    7.5000   37.5000  -22.5000 2726.6611   12.4541
   -7.5000   45.0000  -22.5000 2646.3850   13.1892
    0.0000   45.0000  -22.5000 2660.5647   13.1807
    7.5000   45.0000  -22.5000 2630.9365   13.3695
   -7.5000   52.5000  -22.5000 2507.5701   14.2986
    0.0000   52.5000  -22.5000 2521.1885   14.2691
    7.5000   52.5000  -22.5000 2489.4514   14.4756
   -7.5000  -37.5000  -15.0000 2299.4573   16.5307
    0.0000  -37.5000  -15.0000 2303.0725   16.5117
    7.5000  -37.5000  -15.0000 2284.1282   16.8937
   -7.5000  -30.0000  -15.0000 2428.3359   14.7103
    0.0000  -30.0000  -15.0000 2435.6487   14.6944
    7.5000  -30.0000  -15.0000 2414.0759   15.0317
   -7.5000  -22.5000  -15.0000 2548.9229   13.2956
    0.0000  -22.5000  -15.0000 2556.8892   13.2553
    7.5000  -22.5000  -15.0000 2535.5728   13.5791
   -7.5000  -15.0000  -15.0000 2654.3933   12.1784
    0.0000  -15.0000  -15.0000 2664.0715   12.1299
    7.5000  -15.0000  -15.0000 2641.7581   12.4071
   -7.5000   -7.5000  -15.0000 2753.7473   11.3436
    0.0000   -7.5000  -15.0000 2771.6111   11.2977
    7.5000   -7.5000  -15.0000 2745.1057   11.5386
   -7.5000    0.0000  -15.0000 2838.4563   10.8022
    0.0000    0.0000  -15.0000 2859.5659   10.7605
    7.5000    0.0000  -15.0000 2823.7881   10.9521
   -7.5000    7.5000  -15.0000 2896.9629   10.4999
    0.0000    7.5000  -15.0000 2915.8398   10.4488
    7.5000    7.5000  -15.0000 2878.6528   10.6364
   -7.5000   15.0000  -15.0000 2940.2856   10.4275
    0.0000   15.0000  -15.0000 2962.9673   10.3882
    7.5000   15.0000  -15.0000 2909.8604   10.5954
   -7.5000   22.5000  -15.0000 2933.1025   10.7537
    0.0000   22.5000  -15.0000 2956.8694   10.7242
    7.5000   22.5000  -15.0000 2903.1365   10.9256
   -7.5000   30.0000  -15.0000 2883.7717   11.2309
    0.0000   30.0000  -15.0000 2908.4062   11.2085
    7.5000   30.0000  -15.0000 2862.4795   11.4027
   -7.5000   37.5000  -15.0000 2809.1365   11.8561
    0.0000   37.5000  -15.0000 2827.2649   11.8322
    7.5000   37.5000  -15.0000 2791.4092   12.0569
   -7.5000   45.0000  -15.0000 2706.8684   12.7288
    0.0000   45.0000  -15.0000 2721.4524   12.7055
    7.5000   45.0000  -15.0000 2686.4268   12.9348
   -7.5000   52.5000  -15.0000 2559.2593   13.8310
    0.0000   52.5000  -15.0000 2571.9824   13.7893
    7.5000   52.5000  -15.0000 2537.9807   14.0257
   -7.5000  -37.5000   -7.5000 2294.7800   16.5130
    0.0000  -37.5000   -7.5000 2307.3914   16.3908
    7.5000  -37.5000   -7.5000 2284.2600   16.8275
   -7.5000  -30.0000   -7.5000 2419.2803   14.6015
    0.0000  -30.0000   -7.5000 2429.2654   14.5051
    7.5000  -30.0000   -7.5000 2416.0085   14.9107
   -7.5000  -22.5000   -7.5000 2541.3633   13.1231
    0.0000  -22.5000   -7.5000 2549.3767   13.0320
    7.5000  -22.5000   -7.5000 2535.8848   13.4058
   -7.5000  -15.0000   -7.5000 2650.3462   11.9902
    0.0000  -15.0000   -7.5000 2661.0835   11.9012
    7.5000  -15.0000   -7.5000 2643.3896   12.2326
   -7.5000   -7.5000   -7.5000 2755.4651   11.1324
    0.0000   -7.5000   -7.5000 2775.6169   11.0606
    7.5000   -7.5000   -7.5000 2753.0632   11.3280
   -7.5000    0.0000   -7.5000 2852.1838   10.5658
    0.0000    0.0000   -7.5000 2876.9792   10.4891
    7.5000    0.0000   -7.5000 2843.9736   10.7128
   -7.5000    7.5000   -7.5000 2939.3452   10.2752
    0.0000    7.5000   -7.5000 2963.5173   10.2056
    7.5000    7.5000   -7.5000 2921.2207   10.4076
   -7.5000   15.0000   -7.5000 3004.6599   10.2350
    0.0000   15.0000   -7.5000 3029.9592   10.1807
    7.5000   15.0000   -7.5000 2962.9001   10.4031
   -7.5000   22.5000   -7.5000 2996.8323   10.4994
    0.0000   22.5000   -7.5000 3025.8110   10.4376
    7.5000   22.5000   -7.5000 2952.6399   10.6948
   -7.5000   30.0000   -7.5000 2923.1836   10.9816
    0.0000   30.0000   -7.5000 2950.5522   10.9281
    7.5000   30.0000   -7.5000 2902.2090   11.1501
   -7.5000   37.5000   -7.5000 2840.0032   11.5581
    0.0000   37.5000   -7.5000 2860.8342   11.5235
    7.5000   37.5000   -7.5000 2825.7412   11.7358
   -7.5000   45.0000   -7.5000 2735.3560   12.4193
    0.0000   45.0000   -7.5000 2751.8657   12.3783
    7.5000   45.0000   -7.5000 2717.3198   12.5737
   -7.5000   52.5000   -7.5000 2584.2441   13.5060
    0.0000   52.5000   -7.5000 2596.7578   13.4686
    7.5000   52.5000   -7.5000 2569.3767   13.6464
   -7.5000  -37.5000    0.0000 2278.3342   16.6498
    0.0000  -37.5000    0.0000 2294.3833   16.5088
    7.5000  -37.5000    0.0000 2272.1130   16.9749
   -7.5000  -30.0000    0.0000 2403.0354   14.6814
    0.0000  -30.0000    0.0000 2415.0920   14.5508
    7.5000  -30.0000    0.0000 2400.9436   15.0159
   -7.5000  -22.5000    0.0000 2520.9478   13.2030
    0.0000  -22.5000    0.0000 2529.2473   13.0522
    7.5000  -22.5000    0.0000 2517.1077   13.4923
   -7.5000  -15.0000    0.0000 2630.1121   12.0574
    0.0000  -15.0000    0.0000 2637.7812   11.9107
    7.5000  -15.0000    0.0000 2624.8135   12.3038
   -7.5000   -7.5000    0.0000 2741.5083   11.1759
    0.0000   -7.5000    0.0000 2753.3779   11.0652
    7.5000   -7.5000    0.0000 2740.0693   11.3893
   -7.5000    0.0000    0.0000 2843.6409   10.5894
    0.0000    0.0000    0.0000 2860.6233   10.4909
    7.5000    0.0000    0.0000 2840.0071   10.7420
   -7.5000    7.5000    0.0000 2943.7202   10.3263
    0.0000    7.5000    0.0000 2968.5215   10.2522
    7.5000    7.5000    0.0000 2925.2456   10.4196
   -7.5000   15.0000    0.0000 3022.3010   10.3181
    0.0000   15.0000    0.0000 3048.3467   10.2368
    7.5000   15.0000    0.0000 2976.1743   10.4132
   -7.5000   22.5000    0.0000 3016.7485   10.5423
    0.0000   22.5000    0.0000 3049.9209   10.4310
    7.5000   22.5000    0.0000 2970.3994   10.6437
   -7.5000   30.0000    0.0000 2938.7373   10.9216
    0.0000   30.0000    0.0000 2965.8098   10.8295
    7.5000   30.0000    0.0000 2913.6914   11.0518
   -7.5000   37.5000    0.0000 2844.9856   11.4971
    0.0000   37.5000    0.0000 2861.4763   11.4387
    7.5000   37.5000    0.0000 2833.3718   11.6496
   -7.5000   45.0000    0.0000 2738.1958   12.3365
    0.0000   45.0000    0.0000 2748.5034   12.2768
    7.5000   45.0000    0.0000 2723.7185   12.4760
   -7.5000   52.5000    0.0000 2587.0601   13.3980
    0.0000   52.5000    0.0000 2597.7234   13.3333
    7.5000   52.5000    0.0000 2571.3662   13.5152
   -7.5000  -37.5000    7.5000 2260.5168   16.9898
    0.0000  -37.5000    7.5000 2274.5413   16.7990
    7.5000  -37.5000    7.5000 2251.9631   17.3345
   -7.5000  -30.0000    7.5000 2382.5894   14.9781
    0.0000  -30.0000    7.5000 2394.3025   14.7818
    7.5000  -30.0000    7.5000 2382.6084   15.2887
   -7.5000  -22.5000    7.5000 2496.4270   13.4833
    0.0000  -22.5000    7.5000 2506.1045   13.3309
    7.5000  -22.5000    7.5000 2491.8889   13.7373
   -7.5000  -15.0000    7.5000 2601.6033   12.3551
    0.0000  -15.0000    7.5000 2609.1763   12.2250
    7.5000  -15.0000    7.5000 2597.7510   12.5719
   -7.5000   -7.5000    7.5000 2718.1904   11.4850
    0.0000   -7.5000    7.5000 2723.8679   11.3758
    7.5000   -7.5000    7.5000 2712.0613   11.6644
   -7.5000    0.0000    7.5000 2821.1338   10.8575
    0.0000    0.0000    7.5000 2830.0803   10.7573
    7.5000    0.0000    7.5000 2811.1838   11.0166
   -7.5000    7.5000    7.5000 2917.6931   10.5420
    0.0000    7.5000    7.5000 2934.9255   10.4540
    7.5000    7.5000    7.5000 2896.3855   10.6456
   -7.5000   15.0000    7.5000 2982.0723   10.4794
    0.0000   15.0000    7.5000 3000.0925   10.3585
    7.5000   15.0000    7.5000 2943.8108   10.5987
   -7.5000   22.5000    7.5000 2977.1011   10.6687
    0.0000   22.5000    7.5000 3001.3542   10.5695
    7.5000   22.5000    7.5000 2944.2988   10.7722
   -7.5000   30.0000    7.5000 2915.5354   11.0974
    0.0000   30.0000    7.5000 2937.9167   11.0266
    7.5000   30.0000    7.5000 2890.8857   11.2116
   -7.5000   37.5000    7.5000 2823.3806   11.7069
    0.0000   37.5000    7.5000 2836.8611   11.6504
    7.5000   37.5000    7.5000 2804.8157   11.8391
   -7.5000   45.0000    7.5000 2715.2979   12.4924
    0.0000   45.0000    7.5000 2725.5945   12.4229
    7.5000   45.0000    7.5000 2701.7388   12.6337
   -7.5000   52.5000    7.5000 2570.9031   13.4800
    0.0000   52.5000    7.5000 2578.1255   13.4234
    7.5000   52.5000    7.5000 2557.1509   13.6381
   -7.5000  -37.5000   15.0000 2219.6646   17.5612
    0.0000  -37.5000   15.0000 2231.5742   17.3804
    7.5000  -37.5000   15.0000 2210.5364   17.8475
   -7.5000  -30.0000   15.0000 2347.4658   15.5368
    0.0000  -30.0000   15.0000 2359.2043   15.3769
    7.5000  -30.0000   15.0000 2341.6194   15.7745
   -7.5000  -22.5000   15.0000 2464.0737   13.9992
    0.0000  -22.5000   15.0000 2474.5542   13.8851
    7.5000  -22.5000   15.0000 2453.7913   14.2295
   -7.5000  -15.0000   15.0000 2562.7485   12.8190
    0.0000  -15.0000   15.0000 2576.3066   12.7131
    7.5000  -15.0000   15.0000 2555.8169   13.0316
   -7.5000   -7.5000   15.0000 2679.6982   11.8988
    0.0000   -7.5000   15.0000 2688.2004   11.7940
    7.5000   -7.5000   15.0000 2674.2776   12.0939
   -7.5000    0.0000   15.0000 2778.2163   11.2475
    0.0000    0.0000   15.0000 2788.6411   11.1415
    7.5000    0.0000   15.0000 2774.9446   11.4170
   -7.5000    7.5000   15.0000 2860.1392   10.8926
    0.0000    7.5000   15.0000 2876.1133   10.7738
    7.5000    7.5000   15.0000 2845.6572   11.0510
   -7.5000   15.0000   15.0000 2909.7241   10.7842
    0.0000   15.0000   15.0000 2917.6196   10.6556
    7.5000   15.0000   15.0000 2882.2539   10.9308
   -7.5000   22.5000   15.0000 2902.1436   10.9167
    0.0000   22.5000   15.0000 2921.0510   10.8233
    7.5000   22.5000   15.0000 2881.9937   11.0610
   -7.5000   30.0000   15.0000 2858.0242   11.3698
    0.0000   30.0000   15.0000 2879.1838   11.2857
    7.5000   30.0000   15.0000 2839.5972   11.4989
   -7.5000   37.5000   15.0000 2772.5530   12.0301
    0.0000   37.5000   15.0000 2786.2197   11.9540
    7.5000   37.5000   15.0000 2756.6060   12.1732
   -7.5000   45.0000   15.0000 2671.3796   12.8479
    0.0000   45.0000   15.0000 2680.8347   12.7917
    7.5000   45.0000   15.0000 2657.4138   12.9957
   -7.5000   52.5000   15.0000 2531.6643   13.8026
    0.0000   52.5000   15.0000 2544.1045   13.7612
    7.5000   52.5000   15.0000 2519.1230   13.9663
   -7.5000  -37.5000   22.5000 2166.4258   18.4037
    0.0000  -37.5000   22.5000 2180.3052   18.2163
    7.5000  -37.5000   22.5000 2164.2898   18.6672
   -7.5000  -30.0000   22.5000 2298.7236   16.2787
    0.0000  -30.0000   22.5000 2312.7837   16.1529
    7.5000  -30.0000   22.5000 2294.5806   16.5283
   -7.5000  -22.5000   22.5000 2416.5837   14.6702
    0.0000  -22.5000   22.5000 2431.5259   14.5420
    7.5000  -22.5000   22.5000 2408.1948   14.8881
   -7.5000  -15.0000   22.5000 2519.8704   13.4267
    0.0000  -15.0000   22.5000 2535.3948   13.3126
    7.5000  -15.0000   22.5000 2512.8113   13.6313
   -7.5000   -7.5000   22.5000 2636.3796   12.4705
    0.0000   -7.5000   22.5000 2649.7314   12.3679
    7.5000   -7.5000   22.5000 2627.7183   12.6552
   -7.5000    0.0000   22.5000 2728.7739   11.7895
    0.0000    0.0000   22.5000 2743.4153   11.6883
    7.5000    0.0000   22.5000 2722.6072   11.9649
   -7.5000    7.5000   22.5000 2796.3987   11.4104
    0.0000    7.5000   22.5000 2812.1113   11.2903
    7.5000    7.5000   22.5000 2783.0261   11.5901
   -7.5000   15.0000   22.5000 2826.6707   11.2802
    0.0000   15.0000   22.5000 2833.3586   11.1817
    7.5000   15.0000   22.5000 2807.2854   11.4489
   -7.5000   22.5000   22.5000 2818.4719   11.4047
    0.0000   22.5000   22.5000 2832.6719   11.3016
    7.5000   22.5000   22.5000 2803.6445   11.5558
   -7.5000   30.0000   22.5000 2776.6213   11.8215
    0.0000   30.0000   22.5000 2795.4504   11.7232
    7.5000   30.0000   22.5000 2760.4119   11.9746
   -7.5000   37.5000   22.5000 2701.6243   12.4872
    0.0000   37.5000   22.5000 2717.6389   12.4019
    7.5000   37.5000   22.5000 2688.7329   12.6476
   -7.5000   45.0000   22.5000 2612.3804   13.3194
    0.0000   45.0000   22.5000 2622.5818   13.2531
    7.5000   45.0000   22.5000 2599.0076   13.4897
   -7.5000   52.5000   22.5000 2479.0342   14.2928
    0.0000   52.5000   22.5000 2492.6697   14.2375
    7.5000   52.5000   22.5000 2472.1431   14.4462
   -7.5000  -37.5000   30.0000 2112.7188   19.3875
    0.0000  -37.5000   30.0000 2124.4863   19.2207
    7.5000  -37.5000   30.0000 2111.6653   19.6230
   -7.5000  -30.0000   30.0000 2247.5481   17.1919
    0.0000  -30.0000   30.0000 2263.6604   17.0660
    7.5000  -30.0000   30.0000 2243.0496   17.4288
   -7.5000  -22.5000   30.0000 2363.0562   15.4867
    0.0000  -22.5000   30.0000 2383.9492   15.3803
    7.5000  -22.5000   30.0000 2357.8235   15.7363
   -7.5000  -15.0000   30.0000 2466.1973   14.1920
    0.0000  -15.0000   30.0000 2483.7341   14.0945
    7.5000  -15.0000   30.0000 2460.5837   14.4177
   -7.5000   -7.5000   30.0000 2575.3164   13.2148
    0.0000   -7.5000   30.0000 2590.8284   13.1248
    7.5000   -7.5000   30.0000 2569.1836   13.4251
   -7.5000    0.0000   30.0000 2658.9355   12.5201
    0.0000    0.0000   30.0000 2677.9421   12.4039
    7.5000    0.0000   30.0000 2649.6194   12.6872
   -7.5000    7.5000   30.0000 2716.1631   12.1143
    0.0000    7.5000   30.0000 2732.3540   12.0174
    7.5000    7.5000   30.0000 2701.6460   12.2970
   -7.5000   15.0000   30.0000 2735.7095   11.9775
    0.0000   15.0000   30.0000 2744.9382   11.8823
    7.5000   15.0000   30.0000 2718.6265   12.1351
   -7.5000   22.5000   30.0000 2729.8284   12.0773
    0.0000   22.5000   30.0000 2746.9175   11.9750
    7.5000   22.5000   30.0000 2717.4438   12.2055
   -7.5000   30.0000   30.0000 2681.8345   12.4768
    0.0000   30.0000   30.0000 2705.7261   12.3857
    7.5000   30.0000   30.0000 2674.9519   12.6263
   -7.5000   37.5000   30.0000 2619.7290   13.1036
    0.0000   37.5000   30.0000 2638.7976   13.0315
    7.5000   37.5000   30.0000 2612.2532   13.2866
   -7.5000   45.0000   30.0000 2536.3264   13.9289
    0.0000   45.0000   30.0000 2547.5591   13.8848
    7.5000   45.0000   30.0000 2528.2781   14.1321
   -7.5000   52.5000   30.0000 2414.6228   14.8884
    0.0000   52.5000   30.0000 2425.9822   14.8605
    7.5000   52.5000   30.0000 2404.6543   15.0761
   -7.5000  -37.5000   37.5000 2055.9622   20.6104
    0.0000  -37.5000   37.5000 2067.3503   20.5081
    7.5000  -37.5000   37.5000 2053.1289   20.8726
   -7.5000  -30.0000   37.5000 2192.9807   18.3248
    0.0000  -30.0000   37.5000 2207.8054   18.2337
    7.5000  -30.0000   37.5000 2183.4187   18.5500
   -7.5000  -22.5000   37.5000 2303.7786   16.5174
    0.0000  -22.5000   37.5000 2324.2654   16.4487
    7.5000  -22.5000   37.5000 2299.1262   16.7421
   -7.5000  -15.0000   37.5000 2408.1345   15.1692
    0.0000  -15.0000   37.5000 2428.3525   15.1071
    7.5000  -15.0000   37.5000 2400.4570   15.3761
   -7.5000   -7.5000   37.5000 2503.8865   14.1564
    0.0000   -7.5000   37.5000 2523.8809   14.0875
    7.5000   -7.5000   37.5000 2496.7141   14.3664
   -7.5000    0.0000   37.5000 2578.5886   13.4294
    0.0000    0.0000   37.5000 2597.2720   13.3363
    7.5000    0.0000   37.5000 2567.3154   13.6285
   -7.5000    7.5000   37.5000 2626.2026   12.9918
    0.0000    7.5000   37.5000 2639.7703   12.9338
    7.5000    7.5000   37.5000 2616.6099   13.1825
   -7.5000   15.0000   37.5000 2638.6255   12.8381
    0.0000   15.0000   37.5000 2648.0962   12.7595
    7.5000   15.0000   37.5000 2626.1052   13.0013
   -7.5000   22.5000   37.5000 2635.3452   12.9284
    0.0000   22.5000   37.5000 2648.2881   12.8638
    7.5000   22.5000   37.5000 2624.3325   13.0818
   -7.5000   30.0000   37.5000 2596.1377   13.3418
    0.0000   30.0000   37.5000 2615.1895   13.2633
    7.5000   30.0000   37.5000 2588.6831   13.5066
   -7.5000   37.5000   37.5000 2541.4949   13.9259
    0.0000   37.5000   37.5000 2565.3855   13.8634
    7.5000   37.5000   37.5000 2534.5684   14.1070
   -7.5000   45.0000   37.5000 2460.3347   14.7674
    0.0000   45.0000   37.5000 2476.3589   14.7113
    7.5000   45.0000   37.5000 2452.6113   14.9637
   -7.5000   52.5000   37.5000 2339.5408   15.7407
    0.0000   52.5000   37.5000 2348.7542   15.7159
    7.5000   52.5000   37.5000 2330.9133   15.9319
   -7.5000  -37.5000   45.0000 1988.5354   22.2304
    0.0000  -37.5000   45.0000 1999.3702   22.0715
    7.5000  -37.5000   45.0000 1987.7500   22.4999
   -7.5000  -30.0000   45.0000 2117.7832   19.7555
    0.0000  -30.0000   45.0000 2134.6780   19.6503
    7.5000  -30.0000   45.0000 2111.3962   19.9699
   -7.5000  -22.5000   45.0000 2227.5554   17.8390
    0.0000  -22.5000   45.0000 2252.6528   17.7896
    7.5000  -22.5000   45.0000 2224.9395   18.0381
   -7.5000  -15.0000   45.0000 2330.4609   16.4118
    0.0000  -15.0000   45.0000 2356.8545   16.3664
    7.5000  -15.0000   45.0000 2327.7681   16.5917
   -7.5000   -7.5000   45.0000 2425.8962   15.3418
    0.0000   -7.5000   45.0000 2449.1323   15.2827
    7.5000   -7.5000   45.0000 2422.9534   15.5302
   -7.5000    0.0000   45.0000 2490.3118   14.5555
    0.0000    0.0000   45.0000 2511.7529   14.5048
    7.5000    0.0000   45.0000 2487.0327   14.7688
   -7.5000    7.5000   45.0000 2524.1533   14.0867
    0.0000    7.5000   45.0000 2541.2695   14.0577
    7.5000    7.5000   45.0000 2523.2542   14.3024
   -7.5000   15.0000   45.0000 2532.2332   13.8677
    0.0000   15.0000   45.0000 2548.2295   13.8197
    7.5000   15.0000   45.0000 2527.9861   14.0607
   -7.5000   22.5000   45.0000 2530.5593   13.9478
    0.0000   22.5000   45.0000 2542.8418   13.9170
    7.5000   22.5000   45.0000 2525.0591   14.1284
   -7.5000   30.0000   45.0000 2498.8313   14.3896
    0.0000   30.0000   45.0000 2512.3362   14.3080
    7.5000   30.0000   45.0000 2492.2358   14.5694
   -7.5000   37.5000   45.0000 2452.6958   14.9923
    0.0000   37.5000   45.0000 2474.2654   14.9550
    7.5000   37.5000   45.0000 2447.7866   15.1721
   -7.5000   45.0000   45.0000 2379.2878   15.8654
    0.0000   45.0000   45.0000 2395.5303   15.8272
    7.5000   45.0000   45.0000 2373.9617   16.0247
   -7.5000   52.5000   45.0000 2256.0547   16.8854
    0.0000   52.5000   45.0000 2270.0151   16.8600
    7.5000   52.5000   45.0000 2251.9236   17.0683

---------------------------------------------------------------------
imgreg_4dfp /opt/freesurfer/average/711-2C_as_mni_average_305 /opt/freesurfer/average/711-2B_as_mni_average_305_mask talsrcimg_g11 none talsrcimg_to_711-2C_as_mni_average_305_t4 1283
---------------------------------------------------------------------

freesurfer imgreg_4dfp.c
/opt/freesurfer/average/711-2C_as_mni_average_305.4dfp.img
       256       256       256         1
  1.000000  1.000000  1.000000
orientation T byte_order littleendian
Reading image: /opt/freesurfer/average/711-2C_as_mni_average_305.4dfp.img
dimensions:      256       256       256
mmppix:       1.0000   -1.0000   -1.0000
center:     128.0000 -129.0000 -129.0000
/opt/freesurfer/average/711-2B_as_mni_average_305_mask.4dfp.img
       256       256       256         1
  1.000000  1.000000  1.000000
orientation T byte_order littleendian
Reading mask: /opt/freesurfer/average/711-2B_as_mni_average_305_mask.4dfp.img (2306576 pixels)
talsrcimg_g11.4dfp.img
       256       256       256         1
  1.000000  1.000000  1.000000
orientation T byte_order littleendian
Reading image: talsrcimg_g11.4dfp.img
dimensions:      256       256       256
mmppix:       1.0000   -1.0000   -1.0000
center:     128.0000 -129.0000 -129.0000
rotation matrix determinant  1.000000
fimgreg.f
image alignment mode   1283 decimal      503 hex
parameters
    0.0000   22.5000    0.0000    0.0000    0.0000    0.0000
eta,q 0.95652 10.45174
niter,ni,del,rscale     5    3   12.0000    1.2000
parameter  2  0.957740 ->  0.500000 qaram    1.1500
parameter  4  1.332106 ->  0.500000 qaram    1.1500
parameters
   -2.5948   19.0500   -1.2342   -3.4500   -1.4863    0.1765
eta,q 0.96658 10.18093
  0.0480  0.0375  0.0457  0.0341  0.0400  0.0402
  0.0451  0.0385  0.0407  0.0344  0.0354  0.0372
  0.0440  0.0407  0.0386  0.0359  0.0334  0.0347
  0.0457  0.0438  0.0393  0.0385  0.0346  0.0334
  0.0509  0.0480  0.0424  0.0413  0.0382  0.0341
  0.0580  0.0537  0.0473  0.0444  0.0426  0.0364
  0.0649  0.0625  0.0528  0.0481  0.0479  0.0398
niter,ni,del,rscale     6    3   12.0000    1.2000
parameters
   -1.6452   19.9087   -1.5246   -4.6231   -1.8763    0.1304
eta,q 0.96799 10.22021
  0.0565  0.0546  0.0447  0.0396  0.0413  0.0392
  0.0475  0.0440  0.0392  0.0333  0.0366  0.0358
  0.0389  0.0355  0.0337  0.0320  0.0329  0.0331
  0.0334  0.0326  0.0326  0.0325  0.0321  0.0320
  0.0330  0.0337  0.0350  0.0353  0.0342  0.0327
  0.0383  0.0378  0.0402  0.0395  0.0383  0.0356
  0.0469  0.0457  0.0476  0.0443  0.0438  0.0398
niter,ni,del,rscale     5    3   12.0000    1.2000
parameters
   -1.4760   20.3708   -1.6604   -4.9052   -1.9465    0.1220
eta,q 0.96808 10.22929
  0.0522  0.0530  0.0440  0.0419  0.0416  0.0392
  0.0427  0.0430  0.0390  0.0353  0.0372  0.0358
  0.0348  0.0342  0.0337  0.0318  0.0334  0.0330
  0.0320  0.0320  0.0320  0.0320  0.0319  0.0319
  0.0344  0.0336  0.0340  0.0338  0.0333  0.0327
  0.0415  0.0391  0.0388  0.0376  0.0371  0.0355
  0.0499  0.0480  0.0458  0.0424  0.0424  0.0395
niter,ni,del,rscale     4    3   12.0000    1.2000
parameters
   -1.4769   20.5119   -1.7071   -5.0158   -1.9367    0.1328
eta,q 0.96807 10.23110
  0.0511  0.0516  0.0441  0.0425  0.0417  0.0392
  0.0414  0.0416  0.0392  0.0358  0.0373  0.0358
  0.0341  0.0335  0.0339  0.0319  0.0335  0.0330
  0.0319  0.0319  0.0319  0.0319  0.0319  0.0319
  0.0349  0.0342  0.0337  0.0336  0.0332  0.0328
  0.0422  0.0406  0.0385  0.0373  0.0368  0.0355
  0.0503  0.0496  0.0453  0.0420  0.0421  0.0395
niter,ni,del,rscale     3    3   12.0000    1.2000
parameters
   -1.4927   20.5659   -1.7253   -5.0609   -1.9227    0.1408
eta,q 0.96807 10.23167
  0.0510  0.0513  0.0442  0.0427  0.0417  0.0393
  0.0413  0.0412  0.0392  0.0361  0.0373  0.0358
  0.0340  0.0333  0.0340  0.0319  0.0335  0.0330
  0.0319  0.0319  0.0319  0.0319  0.0319  0.0319
  0.0350  0.0344  0.0336  0.0335  0.0332  0.0328
  0.0422  0.0410  0.0383  0.0372  0.0368  0.0355
  0.0503  0.0501  0.0451  0.0418  0.0420  0.0394
registration optimization eta report
parameter search radius
    6.0000    6.9000    6.0000    6.9000    6.0000    6.0000
100000*second partial in parameter space
       51.       40.       34.       22.       27.       20.
  0.0510  0.0513  0.0442  0.0427  0.0417  0.0393
  0.0413  0.0412  0.0392  0.0361  0.0373  0.0358
  0.0340  0.0333  0.0340  0.0319  0.0335  0.0330
  0.0319  0.0319  0.0319  0.0319  0.0319  0.0319
  0.0350  0.0344  0.0336  0.0335  0.0332  0.0328
  0.0422  0.0410  0.0383  0.0372  0.0368  0.0355
  0.0503  0.0501  0.0451  0.0418  0.0420  0.0394
   -1.4927   20.5659   -1.7253   -5.0609   -1.9227    0.1408
eta,q 0.96807 10.23167

---------------------------------------------------------------------
imgreg_4dfp /opt/freesurfer/average/711-2C_as_mni_average_305 /opt/freesurfer/average/711-2B_as_mni_average_305_mask talsrcimg_g11 none talsrcimg_to_711-2C_as_mni_average_305_t4 3335
---------------------------------------------------------------------

freesurfer imgreg_4dfp.c
/opt/freesurfer/average/711-2C_as_mni_average_305.4dfp.img
       256       256       256         1
  1.000000  1.000000  1.000000
orientation T byte_order littleendian
Reading image: /opt/freesurfer/average/711-2C_as_mni_average_305.4dfp.img
dimensions:      256       256       256
mmppix:       1.0000   -1.0000   -1.0000
center:     128.0000 -129.0000 -129.0000
/opt/freesurfer/average/711-2B_as_mni_average_305_mask.4dfp.img
       256       256       256         1
  1.000000  1.000000  1.000000
orientation T byte_order littleendian
Reading mask: /opt/freesurfer/average/711-2B_as_mni_average_305_mask.4dfp.img (2306576 pixels)
talsrcimg_g11.4dfp.img
       256       256       256         1
  1.000000  1.000000  1.000000
orientation T byte_order littleendian
Reading image: talsrcimg_g11.4dfp.img
dimensions:      256       256       256
mmppix:       1.0000   -1.0000   -1.0000
center:     128.0000 -129.0000 -129.0000
fimgreg.f
image alignment mode   3335 decimal      D07 hex
parameters
   -1.4927   20.5659   -1.7253   -0.0566   -0.3909   -0.4459
   -0.5407    3.3204    0.2456    8.8297   -3.3552   -8.8165
eta,q 0.96828 10.31255
niter,ni,del,rscale     5    3    5.0000    1.2000
parameter  4  1.470076 ->  0.500000 qaram    1.1500
parameter  5  1.851362 ->  0.500000 qaram    1.1500
parameter  6  0.608175 ->  0.500000 qaram    1.1500
parameters
   -1.6482   20.9285   -1.8515   -4.1966   -4.5309   -4.5859
   -0.4540    4.2852    1.3834    7.2943   -3.7967   -8.2210
eta,q 0.97843 10.03063
  0.0347  0.0345  0.0338  0.0263  0.0218  0.0222  0.0250  0.0278  0.0247  0.0240  0.0227  0.0234
  0.0330  0.0332  0.0326  0.0270  0.0229  0.0220  0.0234  0.0250  0.0233  0.0225  0.0221  0.0225
  0.0320  0.0322  0.0319  0.0287  0.0246  0.0221  0.0223  0.0230  0.0223  0.0217  0.0217  0.0219
  0.0317  0.0317  0.0316  0.0316  0.0274  0.0233  0.0219  0.0219  0.0218  0.0217  0.0216  0.0216
  0.0322  0.0317  0.0320  0.0354  0.0306  0.0263  0.0223  0.0219  0.0218  0.0227  0.0218  0.0216
  0.0336  0.0322  0.0329  0.0392  0.0336  0.0301  0.0233  0.0231  0.0223  0.0248  0.0222  0.0221
  0.0357  0.0333  0.0344  0.0429  0.0372  0.0353  0.0249  0.0255  0.0234  0.0272  0.0230  0.0229
niter,ni,del,rscale     7    3    5.0000    1.2000
parameter  5  0.501323 ->  0.500000 qaram    1.3225
parameters
   -1.6228   20.5136   -2.7915   -7.3715   -9.2919   -7.1776
   -0.6784    4.2317    1.5594    7.4662   -4.2182   -8.6117
eta,q 0.98041  9.67137
  0.0256  0.0236  0.0219  0.0223  0.0207  0.0208  0.0224  0.0237  0.0219  0.0230  0.0207  0.0211
  0.0234  0.0222  0.0213  0.0211  0.0198  0.0199  0.0209  0.0215  0.0207  0.0213  0.0201  0.0202
  0.0221  0.0215  0.0212  0.0207  0.0198  0.0196  0.0199  0.0201  0.0199  0.0201  0.0197  0.0197
  0.0216  0.0216  0.0215  0.0212  0.0207  0.0196  0.0196  0.0196  0.0196  0.0196  0.0196  0.0196
  0.0220  0.0223  0.0222  0.0229  0.0225  0.0204  0.0200  0.0201  0.0198  0.0199  0.0198  0.0199
  0.0233  0.0237  0.0233  0.0260  0.0257  0.0229  0.0211  0.0216  0.0206  0.0210  0.0203  0.0205
  0.0255  0.0256  0.0248  0.0298  0.0291  0.0265  0.0227  0.0239  0.0217  0.0227  0.0210  0.0214
niter,ni,del,rscale     7    3    5.0000    1.2000
parameters
   -1.6032   20.4170   -2.6644   -7.5397   -9.1339   -7.2044
   -0.7841    4.2584    1.6272    7.3029   -4.3362   -8.4930
eta,q 0.98043  9.66612
  0.0235  0.0223  0.0215  0.0230  0.0247  0.0223  0.0225  0.0238  0.0218  0.0227  0.0208  0.0213
  0.0214  0.0208  0.0205  0.0214  0.0223  0.0208  0.0209  0.0216  0.0207  0.0210  0.0202  0.0204
  0.0201  0.0198  0.0198  0.0202  0.0205  0.0199  0.0199  0.0201  0.0199  0.0200  0.0197  0.0198
  0.0196  0.0196  0.0196  0.0196  0.0196  0.0196  0.0196  0.0196  0.0196  0.0196  0.0196  0.0196
  0.0200  0.0201  0.0197  0.0199  0.0200  0.0196  0.0200  0.0201  0.0198  0.0200  0.0197  0.0198
  0.0213  0.0212  0.0202  0.0212  0.0215  0.0203  0.0210  0.0215  0.0206  0.0212  0.0202  0.0203
  0.0234  0.0227  0.0211  0.0237  0.0248  0.0229  0.0226  0.0238  0.0218  0.0230  0.0209  0.0212
niter,ni,del,rscale     6    3    5.0000    1.2000
parameters
   -1.5875   20.3960   -2.6431   -7.5898   -9.1122   -7.2092
   -0.8139    4.2672    1.6492    7.2474   -4.3580   -8.4629
eta,q 0.98043  9.66381
  0.0235  0.0225  0.0213  0.0231  0.0245  0.0223  0.0225  0.0238  0.0218  0.0228  0.0208  0.0213
  0.0214  0.0209  0.0204  0.0215  0.0222  0.0208  0.0210  0.0216  0.0206  0.0211  0.0202  0.0204
  0.0200  0.0199  0.0198  0.0202  0.0204  0.0199  0.0200  0.0201  0.0198  0.0200  0.0198  0.0198
  0.0196  0.0196  0.0196  0.0196  0.0196  0.0196  0.0196  0.0196  0.0196  0.0196  0.0196  0.0196
  0.0200  0.0200  0.0198  0.0199  0.0200  0.0196  0.0199  0.0201  0.0198  0.0200  0.0197  0.0198
  0.0213  0.0210  0.0203  0.0211  0.0216  0.0203  0.0210  0.0215  0.0206  0.0211  0.0202  0.0203
  0.0234  0.0226  0.0213  0.0236  0.0249  0.0228  0.0226  0.0238  0.0218  0.0230  0.0209  0.0212
registration optimization eta report
parameter search radius
    2.4000    2.4000    2.4000    8.2800    9.5220    8.2800
    7.2000    7.2000    7.2000    7.2000    7.2000    7.2000
100000*second partial in parameter space
       67.       52.       30.        5.        6.        5.
        6.        8.        4.        6.        2.        3.
  0.0235  0.0225  0.0213  0.0231  0.0245  0.0223  0.0225  0.0238  0.0218  0.0228  0.0208  0.0213
  0.0214  0.0209  0.0204  0.0215  0.0222  0.0208  0.0210  0.0216  0.0206  0.0211  0.0202  0.0204
  0.0200  0.0199  0.0198  0.0202  0.0204  0.0199  0.0200  0.0201  0.0198  0.0200  0.0198  0.0198
  0.0196  0.0196  0.0196  0.0196  0.0196  0.0196  0.0196  0.0196  0.0196  0.0196  0.0196  0.0196
  0.0200  0.0200  0.0198  0.0199  0.0200  0.0196  0.0199  0.0201  0.0198  0.0200  0.0197  0.0198
  0.0213  0.0210  0.0203  0.0211  0.0216  0.0203  0.0210  0.0215  0.0206  0.0211  0.0202  0.0203
  0.0234  0.0226  0.0213  0.0236  0.0249  0.0228  0.0226  0.0238  0.0218  0.0230  0.0209  0.0212
   -1.5875   20.3960   -2.6431   -7.5898   -9.1122   -7.2092
   -0.8139    4.2672    1.6492    7.2474   -4.3580   -8.4629
eta,q 0.98043  9.66381

---------------------------------------------------------------------
imgreg_4dfp /opt/freesurfer/average/711-2C_as_mni_average_305 /opt/freesurfer/average/711-2B_as_mni_average_305_mask talsrcimg_g11 none talsrcimg_to_711-2C_as_mni_average_305_t4 2311
---------------------------------------------------------------------

freesurfer imgreg_4dfp.c
/opt/freesurfer/average/711-2C_as_mni_average_305.4dfp.img
       256       256       256         1
  1.000000  1.000000  1.000000
orientation T byte_order littleendian
Reading image: /opt/freesurfer/average/711-2C_as_mni_average_305.4dfp.img
dimensions:      256       256       256
mmppix:       1.0000   -1.0000   -1.0000
center:     128.0000 -129.0000 -129.0000
/opt/freesurfer/average/711-2B_as_mni_average_305_mask.4dfp.img
       256       256       256         1
  1.000000  1.000000  1.000000
orientation T byte_order littleendian
Reading mask: /opt/freesurfer/average/711-2B_as_mni_average_305_mask.4dfp.img (2306576 pixels)
talsrcimg_g11.4dfp.img
       256       256       256         1
  1.000000  1.000000  1.000000
orientation T byte_order littleendian
Reading image: talsrcimg_g11.4dfp.img
dimensions:      256       256       256
mmppix:       1.0000   -1.0000   -1.0000
center:     128.0000 -129.0000 -129.0000
fimgreg.f
image alignment mode   2311 decimal      907 hex
parameters
   -1.5875   20.3960   -2.6431   -7.5898   -9.1122   -7.2092
   -0.8139    4.2672    1.6492    7.2474   -4.3580   -8.4629
eta,q 0.98043  9.66381
niter,ni,del,rscale     5    3    5.0000    0.8000
parameters
   -1.5899   20.3706   -2.6343   -7.1461   -8.7071   -6.2083
   -0.7561    4.3733    1.7310    7.5634   -4.0324   -8.2500
eta,q 0.98052  9.74585
  0.0214  0.0209  0.0204  0.0211  0.0212  0.0205  0.0209  0.0215  0.0206  0.0213  0.0201  0.0203
  0.0204  0.0202  0.0199  0.0204  0.0204  0.0200  0.0202  0.0204  0.0200  0.0204  0.0198  0.0199
  0.0198  0.0197  0.0197  0.0198  0.0198  0.0197  0.0197  0.0198  0.0196  0.0198  0.0196  0.0196
  0.0196  0.0196  0.0196  0.0196  0.0196  0.0196  0.0195  0.0195  0.0195  0.0195  0.0195  0.0195
  0.0198  0.0198  0.0197  0.0197  0.0197  0.0195  0.0196  0.0197  0.0196  0.0196  0.0195  0.0196
  0.0204  0.0202  0.0199  0.0200  0.0201  0.0196  0.0201  0.0203  0.0200  0.0201  0.0197  0.0198
  0.0214  0.0210  0.0203  0.0207  0.0207  0.0199  0.0209  0.0214  0.0205  0.0209  0.0200  0.0202
niter,ni,del,rscale     4    3    5.0000    0.7000
parameters
   -1.6081   20.3634   -2.5751   -6.9827   -8.7339   -6.0343
   -0.7037    4.4241    1.7258    7.6152   -3.9178   -8.2158
eta,q 0.98054  9.75896
  0.0208  0.0206  0.0202  0.0206  0.0206  0.0201  0.0206  0.0210  0.0203  0.0208  0.0199  0.0201
  0.0201  0.0200  0.0198  0.0200  0.0200  0.0198  0.0200  0.0202  0.0198  0.0201  0.0197  0.0197
  0.0196  0.0196  0.0196  0.0196  0.0196  0.0196  0.0196  0.0197  0.0196  0.0196  0.0195  0.0195
  0.0195  0.0195  0.0195  0.0195  0.0195  0.0195  0.0195  0.0195  0.0195  0.0195  0.0195  0.0195
  0.0197  0.0196  0.0195  0.0196  0.0196  0.0195  0.0196  0.0196  0.0196  0.0196  0.0195  0.0195
  0.0201  0.0200  0.0197  0.0199  0.0200  0.0196  0.0199  0.0201  0.0198  0.0201  0.0196  0.0197
  0.0209  0.0206  0.0201  0.0205  0.0206  0.0200  0.0205  0.0209  0.0203  0.0207  0.0199  0.0200
niter,ni,del,rscale     3    3    5.0000    0.6000
parameters
   -1.6145   20.3625   -2.5569   -6.9180   -8.7597   -5.8601
   -0.6690    4.4633    1.7210    7.6681   -3.8433   -8.2214
eta,q 0.98055  9.76880
  0.0205  0.0203  0.0199  0.0203  0.0203  0.0199  0.0203  0.0206  0.0201  0.0205  0.0198  0.0199
  0.0199  0.0198  0.0197  0.0199  0.0198  0.0197  0.0198  0.0200  0.0197  0.0199  0.0196  0.0196
  0.0196  0.0195  0.0195  0.0196  0.0195  0.0196  0.0196  0.0196  0.0195  0.0196  0.0195  0.0195
  0.0195  0.0195  0.0195  0.0195  0.0195  0.0195  0.0195  0.0195  0.0195  0.0195  0.0195  0.0194
  0.0196  0.0196  0.0195  0.0196  0.0196  0.0194  0.0195  0.0196  0.0195  0.0196  0.0195  0.0195
  0.0199  0.0198  0.0197  0.0198  0.0199  0.0196  0.0198  0.0199  0.0197  0.0199  0.0196  0.0197
  0.0205  0.0203  0.0199  0.0202  0.0203  0.0199  0.0203  0.0206  0.0201  0.0204  0.0198  0.0199
niter,ni,del,rscale     2    3    5.0000    0.5000
parameters
   -1.6174   20.3602   -2.5368   -6.9031   -8.8045   -5.6565
   -0.6512    4.4965    1.7370    7.7124   -3.8271   -8.2971
eta,q 0.98056  9.77761
  0.0202  0.0200  0.0198  0.0200  0.0201  0.0198  0.0200  0.0202  0.0199  0.0202  0.0197  0.0197
  0.0198  0.0197  0.0196  0.0197  0.0197  0.0196  0.0197  0.0198  0.0196  0.0198  0.0195  0.0196
  0.0195  0.0195  0.0195  0.0195  0.0195  0.0195  0.0195  0.0195  0.0195  0.0195  0.0195  0.0195
  0.0194  0.0195  0.0195  0.0194  0.0195  0.0195  0.0194  0.0194  0.0194  0.0194  0.0194  0.0194
  0.0195  0.0195  0.0195  0.0195  0.0195  0.0194  0.0195  0.0195  0.0195  0.0195  0.0195  0.0195
  0.0198  0.0197  0.0196  0.0197  0.0198  0.0195  0.0197  0.0198  0.0196  0.0198  0.0195  0.0196
  0.0202  0.0200  0.0198  0.0200  0.0201  0.0197  0.0200  0.0202  0.0199  0.0201  0.0197  0.0197
niter,ni,del,rscale     1    3    5.0000    0.4000
parameters
   -1.6195   20.3587   -2.5066   -6.8835   -8.8647   -5.4486
   -0.6550    4.5306    1.7460    7.7706   -3.8133   -8.3460
eta,q 0.98058  9.78622
  0.0199  0.0198  0.0197  0.0198  0.0198  0.0197  0.0198  0.0199  0.0197  0.0199  0.0196  0.0196
  0.0196  0.0196  0.0195  0.0196  0.0196  0.0196  0.0196  0.0197  0.0196  0.0197  0.0195  0.0195
  0.0195  0.0195  0.0195  0.0195  0.0195  0.0195  0.0195  0.0195  0.0195  0.0195  0.0194  0.0194
  0.0194  0.0194  0.0194  0.0194  0.0194  0.0194  0.0194  0.0194  0.0194  0.0194  0.0194  0.0194
  0.0195  0.0195  0.0195  0.0195  0.0195  0.0194  0.0195  0.0195  0.0195  0.0195  0.0194  0.0195
  0.0196  0.0196  0.0195  0.0196  0.0196  0.0195  0.0196  0.0196  0.0196  0.0196  0.0195  0.0195
  0.0199  0.0198  0.0196  0.0198  0.0199  0.0196  0.0198  0.0199  0.0197  0.0199  0.0196  0.0196
registration optimization eta report
parameter search radius
    0.8000    0.8000    0.8000    2.4000    2.4000    2.4000
    2.4000    2.4000    2.4000    2.4000    2.4000    2.4000
100000*second partial in parameter space
       72.       57.       34.        6.        7.        4.
        7.        9.        5.        8.        3.        3.
  0.0199  0.0198  0.0197  0.0198  0.0198  0.0197  0.0198  0.0199  0.0197  0.0199  0.0196  0.0196
  0.0196  0.0196  0.0195  0.0196  0.0196  0.0196  0.0196  0.0197  0.0196  0.0197  0.0195  0.0195
  0.0195  0.0195  0.0195  0.0195  0.0195  0.0195  0.0195  0.0195  0.0195  0.0195  0.0194  0.0194
  0.0194  0.0194  0.0194  0.0194  0.0194  0.0194  0.0194  0.0194  0.0194  0.0194  0.0194  0.0194
  0.0195  0.0195  0.0195  0.0195  0.0195  0.0194  0.0195  0.0195  0.0195  0.0195  0.0194  0.0195
  0.0196  0.0196  0.0195  0.0196  0.0196  0.0195  0.0196  0.0196  0.0196  0.0196  0.0195  0.0195
  0.0199  0.0198  0.0196  0.0198  0.0199  0.0196  0.0198  0.0199  0.0197  0.0199  0.0196  0.0196
   -1.6195   20.3587   -2.5066   -6.8835   -8.8647   -5.4486
   -0.6550    4.5306    1.7460    7.7706   -3.8133   -8.3460
eta,q 0.98058  9.78622

---------------------------------------------------------------------
imgreg_4dfp /opt/freesurfer/average/711-2C_as_mni_average_305 /opt/freesurfer/average/711-2B_as_mni_average_305_mask talsrcimg_g11 none talsrcimg_to_711-2C_as_mni_average_305_t4 2311
---------------------------------------------------------------------

freesurfer imgreg_4dfp.c
/opt/freesurfer/average/711-2C_as_mni_average_305.4dfp.img
       256       256       256         1
  1.000000  1.000000  1.000000
orientation T byte_order littleendian
Reading image: /opt/freesurfer/average/711-2C_as_mni_average_305.4dfp.img
dimensions:      256       256       256
mmppix:       1.0000   -1.0000   -1.0000
center:     128.0000 -129.0000 -129.0000
/opt/freesurfer/average/711-2B_as_mni_average_305_mask.4dfp.img
       256       256       256         1
  1.000000  1.000000  1.000000
orientation T byte_order littleendian
Reading mask: /opt/freesurfer/average/711-2B_as_mni_average_305_mask.4dfp.img (2306576 pixels)
talsrcimg_g11.4dfp.img
       256       256       256         1
  1.000000  1.000000  1.000000
orientation T byte_order littleendian
Reading image: talsrcimg_g11.4dfp.img
dimensions:      256       256       256
mmppix:       1.0000   -1.0000   -1.0000
center:     128.0000 -129.0000 -129.0000
fimgreg.f
image alignment mode   2311 decimal      907 hex
parameters
   -1.6195   20.3587   -2.5066   -6.8835   -8.8647   -5.4486
   -0.6550    4.5306    1.7460    7.7706   -3.8133   -8.3460
eta,q 0.98058  9.78623
niter,ni,del,rscale     5    3    5.0000    0.8000
parameters
   -1.6060   20.3616   -2.4706   -6.9142   -8.8199   -6.0191
   -0.6647    4.4234    1.6857    7.6041   -3.9216   -8.1347
eta,q 0.98054  9.75830
  0.0213  0.0209  0.0203  0.0208  0.0209  0.0201  0.0209  0.0213  0.0205  0.0210  0.0200  0.0203
  0.0203  0.0201  0.0198  0.0201  0.0201  0.0198  0.0201  0.0203  0.0199  0.0202  0.0197  0.0199
  0.0196  0.0196  0.0195  0.0196  0.0196  0.0196  0.0196  0.0197  0.0196  0.0196  0.0195  0.0196
  0.0194  0.0194  0.0194  0.0194  0.0194  0.0194  0.0195  0.0195  0.0195  0.0195  0.0195  0.0195
  0.0196  0.0196  0.0195  0.0196  0.0196  0.0195  0.0196  0.0197  0.0196  0.0197  0.0195  0.0195
  0.0202  0.0201  0.0198  0.0201  0.0201  0.0199  0.0201  0.0204  0.0200  0.0203  0.0198  0.0198
  0.0212  0.0208  0.0203  0.0209  0.0209  0.0208  0.0209  0.0216  0.0206  0.0212  0.0201  0.0202
niter,ni,del,rscale     4    3    5.0000    0.7000
parameters
   -1.6098   20.3579   -2.5453   -6.9275   -8.7419   -5.9934
   -0.6692    4.4354    1.7133    7.6151   -3.8773   -8.1718
eta,q 0.98054  9.76221
  0.0209  0.0206  0.0200  0.0205  0.0207  0.0200  0.0206  0.0210  0.0203  0.0208  0.0199  0.0201
  0.0201  0.0200  0.0197  0.0200  0.0200  0.0197  0.0200  0.0202  0.0198  0.0201  0.0197  0.0197
  0.0196  0.0196  0.0195  0.0196  0.0196  0.0196  0.0196  0.0197  0.0196  0.0196  0.0195  0.0195
  0.0195  0.0195  0.0195  0.0195  0.0195  0.0195  0.0195  0.0195  0.0195  0.0195  0.0195  0.0195
  0.0196  0.0196  0.0196  0.0196  0.0196  0.0195  0.0196  0.0196  0.0196  0.0196  0.0195  0.0195
  0.0201  0.0200  0.0198  0.0200  0.0200  0.0197  0.0200  0.0201  0.0198  0.0201  0.0197  0.0197
  0.0209  0.0206  0.0202  0.0206  0.0205  0.0201  0.0206  0.0210  0.0203  0.0208  0.0199  0.0201
niter,ni,del,rscale     3    3    5.0000    0.6000
parameters
   -1.6163   20.3605   -2.5532   -6.9085   -8.7591   -5.8593
   -0.6663    4.4623    1.7163    7.6649   -3.8434   -8.2269
eta,q 0.98055  9.76911
  0.0205  0.0203  0.0199  0.0203  0.0203  0.0199  0.0203  0.0206  0.0201  0.0205  0.0198  0.0199
  0.0199  0.0198  0.0197  0.0198  0.0198  0.0197  0.0198  0.0200  0.0197  0.0199  0.0196  0.0196
  0.0196  0.0196  0.0195  0.0195  0.0195  0.0196  0.0195  0.0196  0.0195  0.0196  0.0195  0.0195
  0.0195  0.0195  0.0195  0.0195  0.0195  0.0195  0.0195  0.0195  0.0195  0.0195  0.0194  0.0195
  0.0196  0.0196  0.0195  0.0196  0.0196  0.0194  0.0196  0.0196  0.0195  0.0196  0.0195  0.0195
  0.0199  0.0198  0.0197  0.0198  0.0199  0.0196  0.0198  0.0199  0.0197  0.0199  0.0196  0.0197
  0.0205  0.0203  0.0199  0.0203  0.0203  0.0199  0.0203  0.0206  0.0201  0.0204  0.0198  0.0199
niter,ni,del,rscale     2    3    5.0000    0.5000
parameters
   -1.6187   20.3602   -2.5395   -6.8960   -8.8072   -5.6632
   -0.6559    4.4956    1.7255    7.7136   -3.8212   -8.3035
eta,q 0.98056  9.77744
  0.0202  0.0200  0.0198  0.0200  0.0200  0.0198  0.0200  0.0202  0.0199  0.0202  0.0197  0.0197
  0.0198  0.0197  0.0196  0.0197  0.0197  0.0196  0.0197  0.0198  0.0196  0.0198  0.0195  0.0196
  0.0195  0.0195  0.0195  0.0195  0.0195  0.0195  0.0195  0.0195  0.0195  0.0195  0.0195  0.0195
  0.0195  0.0194  0.0195  0.0195  0.0195  0.0195  0.0194  0.0194  0.0194  0.0194  0.0194  0.0194
  0.0195  0.0195  0.0195  0.0195  0.0195  0.0194  0.0195  0.0195  0.0195  0.0195  0.0195  0.0195
  0.0198  0.0197  0.0196  0.0197  0.0198  0.0195  0.0197  0.0198  0.0196  0.0198  0.0195  0.0196
  0.0202  0.0200  0.0198  0.0200  0.0201  0.0197  0.0200  0.0202  0.0199  0.0201  0.0197  0.0197
niter,ni,del,rscale     1    3    5.0000    0.4000
parameters
   -1.6201   20.3574   -2.5122   -6.8823   -8.8655   -5.4401
   -0.6526    4.5270    1.7381    7.7707   -3.8199   -8.3596
eta,q 0.98058  9.78664
  0.0199  0.0198  0.0197  0.0198  0.0198  0.0197  0.0198  0.0199  0.0197  0.0199  0.0196  0.0196
  0.0196  0.0196  0.0195  0.0196  0.0196  0.0196  0.0196  0.0197  0.0196  0.0197  0.0195  0.0195
  0.0195  0.0195  0.0195  0.0195  0.0195  0.0195  0.0195  0.0195  0.0195  0.0195  0.0194  0.0194
  0.0194  0.0194  0.0194  0.0194  0.0194  0.0194  0.0194  0.0194  0.0194  0.0194  0.0194  0.0194
  0.0195  0.0195  0.0195  0.0195  0.0195  0.0194  0.0195  0.0195  0.0195  0.0195  0.0194  0.0195
  0.0196  0.0196  0.0195  0.0196  0.0196  0.0195  0.0196  0.0196  0.0195  0.0196  0.0195  0.0195
  0.0199  0.0198  0.0196  0.0198  0.0199  0.0196  0.0198  0.0199  0.0197  0.0199  0.0196  0.0196
registration optimization eta report
parameter search radius
    0.8000    0.8000    0.8000    2.4000    2.4000    2.4000
    2.4000    2.4000    2.4000    2.4000    2.4000    2.4000
100000*second partial in parameter space
       71.       57.       33.        7.        7.        4.
        7.        9.        5.        8.        3.        3.
  0.0199  0.0198  0.0197  0.0198  0.0198  0.0197  0.0198  0.0199  0.0197  0.0199  0.0196  0.0196
  0.0196  0.0196  0.0195  0.0196  0.0196  0.0196  0.0196  0.0197  0.0196  0.0197  0.0195  0.0195
  0.0195  0.0195  0.0195  0.0195  0.0195  0.0195  0.0195  0.0195  0.0195  0.0195  0.0194  0.0194
  0.0194  0.0194  0.0194  0.0194  0.0194  0.0194  0.0194  0.0194  0.0194  0.0194  0.0194  0.0194
  0.0195  0.0195  0.0195  0.0195  0.0195  0.0194  0.0195  0.0195  0.0195  0.0195  0.0194  0.0195
  0.0196  0.0196  0.0195  0.0196  0.0196  0.0195  0.0196  0.0196  0.0195  0.0196  0.0195  0.0195
  0.0199  0.0198  0.0196  0.0198  0.0199  0.0196  0.0198  0.0199  0.0197  0.0199  0.0196  0.0196
   -1.6201   20.3574   -2.5122   -6.8823   -8.8655   -5.4401
   -0.6526    4.5270    1.7381    7.7707   -3.8199   -8.3596
eta,q 0.98058  9.78664

---------------------------------------------------------------------
compute_vox2vox talsrcimg talsrcimg_to_711-2C_as_mni_average_305_t4 /opt/freesurfer/average/711-2C_as_mni_average_305
---------------------------------------------------------------------

freesurfer compute_vox2vox.c
Reading: talsrcimg.4dfp.ifh
Reading: talsrcimg_to_711-2C_as_mni_average_305_t4
Reading: /opt/freesurfer/average/711-2C_as_mni_average_305.4dfp.ifh
Writing: talsrcimg_to_711-2C_as_mni_average_305_t4_vox2vox.txt

start time Tue Mar 10 05:51:57 CET 2026
end		time Tue Mar 10 05:52:11 CET 2026

mpr2mni305 success

avi2talxfm orig_nu.mgz /opt/freesurfer/average/mni305.cor.mgz talsrcimg_to_711-2C_as_mni_average_305_t4_vox2vox.txt transforms/talairach.auto.xfm
avi2talxfm done
mv -f /out/sourcedata/freesurfer/sub-v1s6x0051367_ses-1/mri/talsrcimg_to_711-2C_as_mni_average_305_t4_vox2vox.txt /out/sourcedata/freesurfer/sub-v1s6x0051367_ses-1/mri/transforms/talsrcimg_to_711-2C_as_mni_average_305_t4_vox2vox.txt
lta_convert --src orig_nu.mgz --trg /opt/freesurfer/average/mni305.cor.mgz --inxfm transforms/talairach.auto.xfm --outlta transforms/talairach.auto.xfm.lta --subject fsaverage
7.3.2

--src: orig_nu.mgz src image (geometry).
--trg: /opt/freesurfer/average/mni305.cor.mgz trg image (geometry).
--inmni: transforms/talairach.auto.xfm input MNI/XFM transform.
--outlta: transforms/talairach.auto.xfm.lta output LTA.
--s: fsaverage subject name
 LTA read, type : 1
 1.07174  -0.05155   0.00295   1.13489;
 0.04118   1.04764   0.09639  -1.79266;
-0.02395  -0.08834   1.08900  -15.20596;
 0.00000   0.00000   0.00000   1.00000;
setting subject to fsaverage
Writing  LTA to file transforms/talairach.auto.xfm.lta...
lta_convert successful.
 
 
Started at Tue Mar 10 05:51:57 CET 2026
Ended   at Tue Mar 10 05:52:11 CET 2026
talairach_avi done
