status file for recon-all
Tue Mar 10 08:11:40 CET 2026
#@# Tessellate rh Tue Mar 10 08:11:40 CET 2026
#@# Smooth1 rh Tue Mar 10 08:11:44 CET 2026
#@# Inflation1 rh Tue Mar 10 08:11:47 CET 2026
#@# QSphere rh Tue Mar 10 08:11:59 CET 2026
#@# Fix Topology rh Tue Mar 10 08:13:15 CET 2026
#@# Smooth2 rh Tue Mar 10 08:18:28 CET 2026
#@# Inflation2 rh Tue Mar 10 08:18:30 CET 2026
#@# Curv .H and .K rh Tue Mar 10 08:18:44 CET 2026
#@# Sphere rh Tue Mar 10 08:19:30 CET 2026
#@# Surf Reg rh Tue Mar 10 08:23:02 CET 2026
#@# Jacobian white rh Tue Mar 10 08:27:12 CET 2026
#@# AvgCurv rh Tue Mar 10 08:27:13 CET 2026
#@# Cortical Parc rh Tue Mar 10 08:27:14 CET 2026
#@# white curv rh Tue Mar 10 08:33:43 CET 2026
#@# white area rh Tue Mar 10 08:33:45 CET 2026
#@# pial curv rh Tue Mar 10 08:33:46 CET 2026
#@# pial area rh Tue Mar 10 08:33:48 CET 2026
#@# thickness rh Tue Mar 10 08:33:49 CET 2026
#@# area and vertex vol rh Tue Mar 10 08:34:16 CET 2026
#@# Curvature Stats rh Tue Mar 10 08:34:18 CET 2026
#@# Cortical Parc 2 rh Tue Mar 10 08:34:20 CET 2026
#@# Cortical Parc 3 rh Tue Mar 10 08:34:34 CET 2026
#@# WM/GM Contrast rh Tue Mar 10 08:34:45 CET 2026
recon-all -s sub-v1s6x0051371_ses-1 finished without error at Tue Mar 10 08:34:48 CET 2026



#New# invocation of recon-all 



status file for recon-all
Tue Mar 10 08:42:36 CET 2026
#@# white curv rh Tue Mar 10 08:42:36 CET 2026
#@# white area rh Tue Mar 10 08:42:36 CET 2026
#@# pial curv rh Tue Mar 10 08:42:36 CET 2026
#@# pial area rh Tue Mar 10 08:42:36 CET 2026
#@# thickness rh Tue Mar 10 08:42:36 CET 2026
#@# area and vertex vol rh Tue Mar 10 08:42:36 CET 2026
#@# Parcellation Stats rh Tue Mar 10 08:42:36 CET 2026
#@# Parcellation Stats 2 rh Tue Mar 10 08:42:54 CET 2026
#@# Parcellation Stats 3 rh Tue Mar 10 08:43:04 CET 2026
#@# BA_exvivo Labels rh Tue Mar 10 08:43:12 CET 2026
recon-all -s sub-v1s6x0051371_ses-1 finished without error at Tue Mar 10 08:45:54 CET 2026
