status file for recon-all
Tue Mar 10 07:51:10 CET 2026
#@# Tessellate lh Tue Mar 10 07:51:10 CET 2026
#@# Smooth1 lh Tue Mar 10 07:51:13 CET 2026
#@# Inflation1 lh Tue Mar 10 07:51:16 CET 2026
#@# QSphere lh Tue Mar 10 07:51:27 CET 2026
#@# Fix Topology lh Tue Mar 10 07:52:39 CET 2026
#@# Smooth2 lh Tue Mar 10 07:57:37 CET 2026
#@# Inflation2 lh Tue Mar 10 07:57:40 CET 2026
#@# Curv .H and .K lh Tue Mar 10 07:57:54 CET 2026
#@# Sphere lh Tue Mar 10 07:58:38 CET 2026
#@# Surf Reg lh Tue Mar 10 08:00:10 CET 2026
#@# Jacobian white lh Tue Mar 10 08:04:08 CET 2026
#@# AvgCurv lh Tue Mar 10 08:04:09 CET 2026
#@# Cortical Parc lh Tue Mar 10 08:04:09 CET 2026
#@# white curv lh Tue Mar 10 08:10:35 CET 2026
#@# white area lh Tue Mar 10 08:10:37 CET 2026
#@# pial curv lh Tue Mar 10 08:10:38 CET 2026
#@# pial area lh Tue Mar 10 08:10:40 CET 2026
#@# thickness lh Tue Mar 10 08:10:40 CET 2026
#@# area and vertex vol lh Tue Mar 10 08:11:08 CET 2026
#@# Curvature Stats lh Tue Mar 10 08:11:09 CET 2026
#@# Cortical Parc 2 lh Tue Mar 10 08:11:12 CET 2026
#@# Cortical Parc 3 lh Tue Mar 10 08:11:25 CET 2026
#@# WM/GM Contrast lh Tue Mar 10 08:11:35 CET 2026
recon-all -s sub-v1s6x0051371_ses-1 finished without error at Tue Mar 10 08:11:38 CET 2026



#New# invocation of recon-all 



status file for recon-all
Tue Mar 10 08:39:12 CET 2026
#@# white curv lh Tue Mar 10 08:39:12 CET 2026
#@# white area lh Tue Mar 10 08:39:12 CET 2026
#@# pial curv lh Tue Mar 10 08:39:12 CET 2026
#@# pial area lh Tue Mar 10 08:39:12 CET 2026
#@# thickness lh Tue Mar 10 08:39:12 CET 2026
#@# area and vertex vol lh Tue Mar 10 08:39:12 CET 2026
#@# Parcellation Stats lh Tue Mar 10 08:39:12 CET 2026
#@# Parcellation Stats 2 lh Tue Mar 10 08:39:32 CET 2026
#@# Parcellation Stats 3 lh Tue Mar 10 08:39:41 CET 2026
#@# BA_exvivo Labels lh Tue Mar 10 08:39:50 CET 2026
recon-all -s sub-v1s6x0051371_ses-1 finished without error at Tue Mar 10 08:42:33 CET 2026
