status file for recon-all
Tue Mar 10 06:01:14 CET 2026
#@# MotionCor Tue Mar 10 06:01:16 CET 2026
#@# Talairach Tue Mar 10 06:01:24 CET 2026
#@# Talairach Failure Detection Tue Mar 10 06:05:50 CET 2026
#@# Nu Intensity Correction Tue Mar 10 06:05:50 CET 2026
#@# Intensity Normalization Tue Mar 10 06:09:06 CET 2026
recon-all -s sub-v1s6x0051371_ses-1 finished without error at Tue Mar 10 06:10:39 CET 2026



#New# invocation of recon-all 



status file for recon-all
Tue Mar 10 06:17:23 CET 2026
#@# EM Registration Tue Mar 10 06:17:23 CET 2026
recon-all -s sub-v1s6x0051371_ses-1 finished without error at Tue Mar 10 06:19:56 CET 2026



#New# invocation of recon-all 



status file for recon-all
Tue Mar 10 06:19:59 CET 2026
#@# CA Normalize Tue Mar 10 06:19:59 CET 2026
#@# CA Reg Tue Mar 10 06:21:22 CET 2026
#@# SubCort Seg Tue Mar 10 07:16:42 CET 2026
#@# CC Seg Tue Mar 10 07:45:16 CET 2026
#@# Merge ASeg Tue Mar 10 07:45:50 CET 2026
#@# Intensity Normalization2 Tue Mar 10 07:45:51 CET 2026
#@# Mask BFS Tue Mar 10 07:48:06 CET 2026
#@# WM Segmentation Tue Mar 10 07:48:07 CET 2026
#@# Fill Tue Mar 10 07:50:05 CET 2026
recon-all -s sub-v1s6x0051371_ses-1 finished without error at Tue Mar 10 07:51:07 CET 2026



#New# invocation of recon-all 



status file for recon-all
Tue Mar 10 08:34:54 CET 2026
#@# white curv lh Tue Mar 10 08:34:54 CET 2026
#@# white area lh Tue Mar 10 08:34:54 CET 2026
#@# pial curv lh Tue Mar 10 08:34:54 CET 2026
#@# pial area lh Tue Mar 10 08:34:54 CET 2026
#@# thickness lh Tue Mar 10 08:34:54 CET 2026
#@# area and vertex vol lh Tue Mar 10 08:34:54 CET 2026
#@# white curv rh Tue Mar 10 08:34:54 CET 2026
#@# white area rh Tue Mar 10 08:34:54 CET 2026
#@# pial curv rh Tue Mar 10 08:34:54 CET 2026
#@# pial area rh Tue Mar 10 08:34:54 CET 2026
#@# thickness rh Tue Mar 10 08:34:54 CET 2026
#@# area and vertex vol rh Tue Mar 10 08:34:54 CET 2026
#@# Cortical ribbon mask Tue Mar 10 08:34:54 CET 2026
recon-all -s sub-v1s6x0051371_ses-1 finished without error at Tue Mar 10 08:39:08 CET 2026



#New# invocation of recon-all 



status file for recon-all
Tue Mar 10 08:45:58 CET 2026
#@# white curv lh Tue Mar 10 08:45:58 CET 2026
#@# white area lh Tue Mar 10 08:45:58 CET 2026
#@# pial curv lh Tue Mar 10 08:45:58 CET 2026
#@# pial area lh Tue Mar 10 08:45:58 CET 2026
#@# thickness lh Tue Mar 10 08:45:58 CET 2026
#@# area and vertex vol lh Tue Mar 10 08:45:58 CET 2026
#@# white curv rh Tue Mar 10 08:45:58 CET 2026
#@# white area rh Tue Mar 10 08:45:58 CET 2026
#@# pial curv rh Tue Mar 10 08:45:58 CET 2026
#@# pial area rh Tue Mar 10 08:45:58 CET 2026
#@# thickness rh Tue Mar 10 08:45:58 CET 2026
#@# area and vertex vol rh Tue Mar 10 08:45:58 CET 2026
#@# Curvature Stats lh Tue Mar 10 08:45:58 CET 2026
#@# Curvature Stats rh Tue Mar 10 08:46:01 CET 2026
#@# Relabel Hypointensities Tue Mar 10 08:46:03 CET 2026
#@# APas-to-ASeg Tue Mar 10 08:46:17 CET 2026
#@# AParc-to-ASeg aparc Tue Mar 10 08:46:25 CET 2026
#@# AParc-to-ASeg aparc.a2009s Tue Mar 10 08:46:51 CET 2026
#@# AParc-to-ASeg aparc.DKTatlas Tue Mar 10 08:47:17 CET 2026
#@# WMParc Tue Mar 10 08:47:42 CET 2026
#@# ASeg Stats Tue Mar 10 08:52:11 CET 2026
recon-all -s sub-v1s6x0051371_ses-1 finished without error at Tue Mar 10 08:52:52 CET 2026
