status file for recon-all
Tue Mar 10 07:11:52 CET 2026
#@# Tessellate lh Tue Mar 10 07:11:52 CET 2026
#@# Smooth1 lh Tue Mar 10 07:11:56 CET 2026
#@# Inflation1 lh Tue Mar 10 07:11:59 CET 2026
#@# QSphere lh Tue Mar 10 07:12:13 CET 2026
#@# Fix Topology lh Tue Mar 10 07:13:42 CET 2026
#@# Smooth2 lh Tue Mar 10 07:19:47 CET 2026
#@# Inflation2 lh Tue Mar 10 07:19:50 CET 2026
#@# Curv .H and .K lh Tue Mar 10 07:20:05 CET 2026
#@# Sphere lh Tue Mar 10 07:20:57 CET 2026
#@# Surf Reg lh Tue Mar 10 07:23:21 CET 2026
#@# Jacobian white lh Tue Mar 10 07:27:20 CET 2026
#@# AvgCurv lh Tue Mar 10 07:27:21 CET 2026
#@# Cortical Parc lh Tue Mar 10 07:27:22 CET 2026
#@# white curv lh Tue Mar 10 07:34:25 CET 2026
#@# white area lh Tue Mar 10 07:34:27 CET 2026
#@# pial curv lh Tue Mar 10 07:34:28 CET 2026
#@# pial area lh Tue Mar 10 07:34:30 CET 2026
#@# thickness lh Tue Mar 10 07:34:31 CET 2026
#@# area and vertex vol lh Tue Mar 10 07:35:06 CET 2026
#@# Curvature Stats lh Tue Mar 10 07:35:08 CET 2026
#@# Cortical Parc 2 lh Tue Mar 10 07:35:10 CET 2026
#@# Cortical Parc 3 lh Tue Mar 10 07:35:25 CET 2026
#@# WM/GM Contrast lh Tue Mar 10 07:35:36 CET 2026
recon-all -s sub-v1s6x0051318_ses-1 finished without error at Tue Mar 10 07:35:39 CET 2026



#New# invocation of recon-all 



status file for recon-all
Tue Mar 10 08:04:19 CET 2026
#@# white curv lh Tue Mar 10 08:04:19 CET 2026
#@# white area lh Tue Mar 10 08:04:19 CET 2026
#@# pial curv lh Tue Mar 10 08:04:19 CET 2026
#@# pial area lh Tue Mar 10 08:04:19 CET 2026
#@# thickness lh Tue Mar 10 08:04:19 CET 2026
#@# area and vertex vol lh Tue Mar 10 08:04:19 CET 2026
#@# Parcellation Stats lh Tue Mar 10 08:04:19 CET 2026
#@# Parcellation Stats 2 lh Tue Mar 10 08:04:40 CET 2026
#@# Parcellation Stats 3 lh Tue Mar 10 08:04:50 CET 2026
#@# BA_exvivo Labels lh Tue Mar 10 08:05:01 CET 2026
recon-all -s sub-v1s6x0051318_ses-1 finished without error at Tue Mar 10 08:07:56 CET 2026
