status file for recon-all
Tue Mar 10 07:35:41 CET 2026
#@# Tessellate rh Tue Mar 10 07:35:41 CET 2026
#@# Smooth1 rh Tue Mar 10 07:35:44 CET 2026
#@# Inflation1 rh Tue Mar 10 07:35:47 CET 2026
#@# QSphere rh Tue Mar 10 07:36:02 CET 2026
#@# Fix Topology rh Tue Mar 10 07:37:26 CET 2026
#@# Smooth2 rh Tue Mar 10 07:43:23 CET 2026
#@# Inflation2 rh Tue Mar 10 07:43:26 CET 2026
#@# Curv .H and .K rh Tue Mar 10 07:43:41 CET 2026
#@# Sphere rh Tue Mar 10 07:44:33 CET 2026
#@# Surf Reg rh Tue Mar 10 07:47:14 CET 2026
#@# Jacobian white rh Tue Mar 10 07:51:55 CET 2026
#@# AvgCurv rh Tue Mar 10 07:51:56 CET 2026
#@# Cortical Parc rh Tue Mar 10 07:51:57 CET 2026
#@# white curv rh Tue Mar 10 07:58:57 CET 2026
#@# white area rh Tue Mar 10 07:58:59 CET 2026
#@# pial curv rh Tue Mar 10 07:59:00 CET 2026
#@# pial area rh Tue Mar 10 07:59:02 CET 2026
#@# thickness rh Tue Mar 10 07:59:03 CET 2026
#@# area and vertex vol rh Tue Mar 10 07:59:38 CET 2026
#@# Curvature Stats rh Tue Mar 10 07:59:39 CET 2026
#@# Cortical Parc 2 rh Tue Mar 10 07:59:42 CET 2026
#@# Cortical Parc 3 rh Tue Mar 10 07:59:57 CET 2026
#@# WM/GM Contrast rh Tue Mar 10 08:00:08 CET 2026
recon-all -s sub-v1s6x0051318_ses-1 finished without error at Tue Mar 10 08:00:11 CET 2026



#New# invocation of recon-all 



status file for recon-all
Tue Mar 10 08:07:59 CET 2026
#@# white curv rh Tue Mar 10 08:07:59 CET 2026
#@# white area rh Tue Mar 10 08:07:59 CET 2026
#@# pial curv rh Tue Mar 10 08:07:59 CET 2026
#@# pial area rh Tue Mar 10 08:07:59 CET 2026
#@# thickness rh Tue Mar 10 08:07:59 CET 2026
#@# area and vertex vol rh Tue Mar 10 08:07:59 CET 2026
#@# Parcellation Stats rh Tue Mar 10 08:07:59 CET 2026
#@# Parcellation Stats 2 rh Tue Mar 10 08:08:20 CET 2026
#@# Parcellation Stats 3 rh Tue Mar 10 08:08:32 CET 2026
#@# BA_exvivo Labels rh Tue Mar 10 08:08:42 CET 2026
recon-all -s sub-v1s6x0051318_ses-1 finished without error at Tue Mar 10 08:11:41 CET 2026
