status file for recon-all
Tue Mar 10 06:06:34 CET 2026
#@# MotionCor Tue Mar 10 06:06:36 CET 2026
#@# Talairach Tue Mar 10 06:06:41 CET 2026
#@# Talairach Failure Detection Tue Mar 10 06:09:31 CET 2026
#@# Nu Intensity Correction Tue Mar 10 06:09:31 CET 2026
#@# Intensity Normalization Tue Mar 10 06:12:15 CET 2026
recon-all -s sub-v1s6x0051606_ses-1 finished without error at Tue Mar 10 06:13:26 CET 2026



#New# invocation of recon-all 



status file for recon-all
Tue Mar 10 06:18:51 CET 2026
#@# EM Registration Tue Mar 10 06:18:51 CET 2026
recon-all -s sub-v1s6x0051606_ses-1 finished without error at Tue Mar 10 06:20:02 CET 2026



#New# invocation of recon-all 



status file for recon-all
Tue Mar 10 06:20:05 CET 2026
#@# CA Normalize Tue Mar 10 06:20:05 CET 2026
#@# CA Reg Tue Mar 10 06:20:59 CET 2026
#@# SubCort Seg Tue Mar 10 06:53:17 CET 2026
#@# CC Seg Tue Mar 10 07:13:04 CET 2026
#@# Merge ASeg Tue Mar 10 07:13:30 CET 2026
#@# Intensity Normalization2 Tue Mar 10 07:13:30 CET 2026
#@# Mask BFS Tue Mar 10 07:15:08 CET 2026
#@# WM Segmentation Tue Mar 10 07:15:09 CET 2026
#@# Fill Tue Mar 10 07:16:36 CET 2026
recon-all -s sub-v1s6x0051606_ses-1 finished without error at Tue Mar 10 07:17:14 CET 2026



#New# invocation of recon-all 



status file for recon-all
Tue Mar 10 07:47:02 CET 2026
#@# white curv lh Tue Mar 10 07:47:02 CET 2026
#@# white area lh Tue Mar 10 07:47:02 CET 2026
#@# pial curv lh Tue Mar 10 07:47:02 CET 2026
#@# pial area lh Tue Mar 10 07:47:02 CET 2026
#@# thickness lh Tue Mar 10 07:47:02 CET 2026
#@# area and vertex vol lh Tue Mar 10 07:47:02 CET 2026
#@# white curv rh Tue Mar 10 07:47:02 CET 2026
#@# white area rh Tue Mar 10 07:47:02 CET 2026
#@# pial curv rh Tue Mar 10 07:47:02 CET 2026
#@# pial area rh Tue Mar 10 07:47:02 CET 2026
#@# thickness rh Tue Mar 10 07:47:02 CET 2026
#@# area and vertex vol rh Tue Mar 10 07:47:02 CET 2026
#@# Cortical ribbon mask Tue Mar 10 07:47:02 CET 2026
recon-all -s sub-v1s6x0051606_ses-1 finished without error at Tue Mar 10 07:50:40 CET 2026



#New# invocation of recon-all 



status file for recon-all
Tue Mar 10 07:55:06 CET 2026
#@# white curv lh Tue Mar 10 07:55:06 CET 2026
#@# white area lh Tue Mar 10 07:55:06 CET 2026
#@# pial curv lh Tue Mar 10 07:55:06 CET 2026
#@# pial area lh Tue Mar 10 07:55:06 CET 2026
#@# thickness lh Tue Mar 10 07:55:06 CET 2026
#@# area and vertex vol lh Tue Mar 10 07:55:06 CET 2026
#@# white curv rh Tue Mar 10 07:55:06 CET 2026
#@# white area rh Tue Mar 10 07:55:06 CET 2026
#@# pial curv rh Tue Mar 10 07:55:06 CET 2026
#@# pial area rh Tue Mar 10 07:55:06 CET 2026
#@# thickness rh Tue Mar 10 07:55:06 CET 2026
#@# area and vertex vol rh Tue Mar 10 07:55:06 CET 2026
#@# Curvature Stats lh Tue Mar 10 07:55:06 CET 2026
#@# Curvature Stats rh Tue Mar 10 07:55:07 CET 2026
#@# Relabel Hypointensities Tue Mar 10 07:55:09 CET 2026
#@# APas-to-ASeg Tue Mar 10 07:55:18 CET 2026
#@# AParc-to-ASeg aparc Tue Mar 10 07:55:23 CET 2026
#@# AParc-to-ASeg aparc.a2009s Tue Mar 10 07:55:37 CET 2026
#@# AParc-to-ASeg aparc.DKTatlas Tue Mar 10 07:55:51 CET 2026
#@# WMParc Tue Mar 10 07:56:05 CET 2026
#@# ASeg Stats Tue Mar 10 07:57:49 CET 2026
recon-all -s sub-v1s6x0051606_ses-1 finished without error at Tue Mar 10 07:58:04 CET 2026
