status file for recon-all
Tue Mar 10 07:17:18 CET 2026
#@# Tessellate lh Tue Mar 10 07:17:18 CET 2026
#@# Smooth1 lh Tue Mar 10 07:17:20 CET 2026
#@# Inflation1 lh Tue Mar 10 07:17:22 CET 2026
#@# QSphere lh Tue Mar 10 07:17:28 CET 2026
#@# Fix Topology lh Tue Mar 10 07:18:16 CET 2026
#@# Smooth2 lh Tue Mar 10 07:22:16 CET 2026
#@# Inflation2 lh Tue Mar 10 07:22:18 CET 2026
#@# Curv .H and .K lh Tue Mar 10 07:22:25 CET 2026
#@# Sphere lh Tue Mar 10 07:23:00 CET 2026
#@# Surf Reg lh Tue Mar 10 07:23:59 CET 2026
#@# Jacobian white lh Tue Mar 10 07:26:28 CET 2026
#@# AvgCurv lh Tue Mar 10 07:26:29 CET 2026
#@# Cortical Parc lh Tue Mar 10 07:26:30 CET 2026
#@# white curv lh Tue Mar 10 07:31:16 CET 2026
#@# white area lh Tue Mar 10 07:31:17 CET 2026
#@# pial curv lh Tue Mar 10 07:31:17 CET 2026
#@# pial area lh Tue Mar 10 07:31:18 CET 2026
#@# thickness lh Tue Mar 10 07:31:19 CET 2026
#@# area and vertex vol lh Tue Mar 10 07:31:36 CET 2026
#@# Curvature Stats lh Tue Mar 10 07:31:37 CET 2026
#@# Cortical Parc 2 lh Tue Mar 10 07:31:39 CET 2026
#@# Cortical Parc 3 lh Tue Mar 10 07:31:48 CET 2026
#@# WM/GM Contrast lh Tue Mar 10 07:31:55 CET 2026
recon-all -s sub-v1s6x0051606_ses-1 finished without error at Tue Mar 10 07:31:57 CET 2026



#New# invocation of recon-all 



status file for recon-all
Tue Mar 10 07:50:44 CET 2026
#@# white curv lh Tue Mar 10 07:50:44 CET 2026
#@# white area lh Tue Mar 10 07:50:44 CET 2026
#@# pial curv lh Tue Mar 10 07:50:44 CET 2026
#@# pial area lh Tue Mar 10 07:50:44 CET 2026
#@# thickness lh Tue Mar 10 07:50:44 CET 2026
#@# area and vertex vol lh Tue Mar 10 07:50:44 CET 2026
#@# Parcellation Stats lh Tue Mar 10 07:50:44 CET 2026
#@# Parcellation Stats 2 lh Tue Mar 10 07:50:57 CET 2026
#@# Parcellation Stats 3 lh Tue Mar 10 07:51:03 CET 2026
#@# BA_exvivo Labels lh Tue Mar 10 07:51:10 CET 2026
recon-all -s sub-v1s6x0051606_ses-1 finished without error at Tue Mar 10 07:52:52 CET 2026
