status file for recon-all
Tue Mar 10 07:32:00 CET 2026
#@# Tessellate rh Tue Mar 10 07:32:00 CET 2026
#@# Smooth1 rh Tue Mar 10 07:32:02 CET 2026
#@# Inflation1 rh Tue Mar 10 07:32:04 CET 2026
#@# QSphere rh Tue Mar 10 07:32:10 CET 2026
#@# Fix Topology rh Tue Mar 10 07:32:54 CET 2026
#@# Smooth2 rh Tue Mar 10 07:36:44 CET 2026
#@# Inflation2 rh Tue Mar 10 07:36:46 CET 2026
#@# Curv .H and .K rh Tue Mar 10 07:36:53 CET 2026
#@# Sphere rh Tue Mar 10 07:37:28 CET 2026
#@# Surf Reg rh Tue Mar 10 07:38:36 CET 2026
#@# Jacobian white rh Tue Mar 10 07:41:24 CET 2026
#@# AvgCurv rh Tue Mar 10 07:41:24 CET 2026
#@# Cortical Parc rh Tue Mar 10 07:41:25 CET 2026
#@# white curv rh Tue Mar 10 07:46:18 CET 2026
#@# white area rh Tue Mar 10 07:46:19 CET 2026
#@# pial curv rh Tue Mar 10 07:46:19 CET 2026
#@# pial area rh Tue Mar 10 07:46:20 CET 2026
#@# thickness rh Tue Mar 10 07:46:21 CET 2026
#@# area and vertex vol rh Tue Mar 10 07:46:38 CET 2026
#@# Curvature Stats rh Tue Mar 10 07:46:39 CET 2026
#@# Cortical Parc 2 rh Tue Mar 10 07:46:40 CET 2026
#@# Cortical Parc 3 rh Tue Mar 10 07:46:49 CET 2026
#@# WM/GM Contrast rh Tue Mar 10 07:46:56 CET 2026
recon-all -s sub-v1s6x0051606_ses-1 finished without error at Tue Mar 10 07:46:58 CET 2026



#New# invocation of recon-all 



status file for recon-all
Tue Mar 10 07:52:54 CET 2026
#@# white curv rh Tue Mar 10 07:52:54 CET 2026
#@# white area rh Tue Mar 10 07:52:54 CET 2026
#@# pial curv rh Tue Mar 10 07:52:54 CET 2026
#@# pial area rh Tue Mar 10 07:52:54 CET 2026
#@# thickness rh Tue Mar 10 07:52:54 CET 2026
#@# area and vertex vol rh Tue Mar 10 07:52:54 CET 2026
#@# Parcellation Stats rh Tue Mar 10 07:52:54 CET 2026
#@# Parcellation Stats 2 rh Tue Mar 10 07:53:07 CET 2026
#@# Parcellation Stats 3 rh Tue Mar 10 07:53:14 CET 2026
#@# BA_exvivo Labels rh Tue Mar 10 07:53:20 CET 2026
recon-all -s sub-v1s6x0051606_ses-1 finished without error at Tue Mar 10 07:55:02 CET 2026
