status file for recon-all
Tue Mar 10 07:10:19 CET 2026
#@# Tessellate lh Tue Mar 10 07:10:19 CET 2026
#@# Smooth1 lh Tue Mar 10 07:10:23 CET 2026
#@# Inflation1 lh Tue Mar 10 07:10:26 CET 2026
#@# QSphere lh Tue Mar 10 07:10:40 CET 2026
#@# Fix Topology lh Tue Mar 10 07:11:54 CET 2026
#@# Smooth2 lh Tue Mar 10 07:18:15 CET 2026
#@# Inflation2 lh Tue Mar 10 07:18:19 CET 2026
#@# Curv .H and .K lh Tue Mar 10 07:18:34 CET 2026
#@# Sphere lh Tue Mar 10 07:19:23 CET 2026
#@# Surf Reg lh Tue Mar 10 07:21:34 CET 2026
#@# Jacobian white lh Tue Mar 10 07:26:15 CET 2026
#@# AvgCurv lh Tue Mar 10 07:26:16 CET 2026
#@# Cortical Parc lh Tue Mar 10 07:26:17 CET 2026
#@# white curv lh Tue Mar 10 07:32:39 CET 2026
#@# white area lh Tue Mar 10 07:32:41 CET 2026
#@# pial curv lh Tue Mar 10 07:32:41 CET 2026
#@# pial area lh Tue Mar 10 07:32:44 CET 2026
#@# thickness lh Tue Mar 10 07:32:44 CET 2026
#@# area and vertex vol lh Tue Mar 10 07:33:16 CET 2026
#@# Curvature Stats lh Tue Mar 10 07:33:17 CET 2026
#@# Cortical Parc 2 lh Tue Mar 10 07:33:19 CET 2026
#@# Cortical Parc 3 lh Tue Mar 10 07:33:34 CET 2026
#@# WM/GM Contrast lh Tue Mar 10 07:33:45 CET 2026
recon-all -s sub-v1s6x0051320_ses-1 finished without error at Tue Mar 10 07:33:48 CET 2026



#New# invocation of recon-all 



status file for recon-all
Tue Mar 10 08:01:22 CET 2026
#@# white curv lh Tue Mar 10 08:01:22 CET 2026
#@# white area lh Tue Mar 10 08:01:22 CET 2026
#@# pial curv lh Tue Mar 10 08:01:22 CET 2026
#@# pial area lh Tue Mar 10 08:01:22 CET 2026
#@# thickness lh Tue Mar 10 08:01:22 CET 2026
#@# area and vertex vol lh Tue Mar 10 08:01:22 CET 2026
#@# Parcellation Stats lh Tue Mar 10 08:01:22 CET 2026
#@# Parcellation Stats 2 lh Tue Mar 10 08:01:44 CET 2026
#@# Parcellation Stats 3 lh Tue Mar 10 08:01:55 CET 2026
#@# BA_exvivo Labels lh Tue Mar 10 08:02:04 CET 2026
recon-all -s sub-v1s6x0051320_ses-1 finished without error at Tue Mar 10 08:04:53 CET 2026
