status file for recon-all
Tue Mar 10 07:33:50 CET 2026
#@# Tessellate rh Tue Mar 10 07:33:50 CET 2026
#@# Smooth1 rh Tue Mar 10 07:33:54 CET 2026
#@# Inflation1 rh Tue Mar 10 07:33:57 CET 2026
#@# QSphere rh Tue Mar 10 07:34:11 CET 2026
#@# Fix Topology rh Tue Mar 10 07:35:30 CET 2026
#@# Smooth2 rh Tue Mar 10 07:41:16 CET 2026
#@# Inflation2 rh Tue Mar 10 07:41:19 CET 2026
#@# Curv .H and .K rh Tue Mar 10 07:41:35 CET 2026
#@# Sphere rh Tue Mar 10 07:42:24 CET 2026
#@# Surf Reg rh Tue Mar 10 07:44:39 CET 2026
#@# Jacobian white rh Tue Mar 10 07:49:05 CET 2026
#@# AvgCurv rh Tue Mar 10 07:49:06 CET 2026
#@# Cortical Parc rh Tue Mar 10 07:49:07 CET 2026
#@# white curv rh Tue Mar 10 07:55:39 CET 2026
#@# white area rh Tue Mar 10 07:55:41 CET 2026
#@# pial curv rh Tue Mar 10 07:55:42 CET 2026
#@# pial area rh Tue Mar 10 07:55:44 CET 2026
#@# thickness rh Tue Mar 10 07:55:45 CET 2026
#@# area and vertex vol rh Tue Mar 10 07:56:16 CET 2026
#@# Curvature Stats rh Tue Mar 10 07:56:18 CET 2026
#@# Cortical Parc 2 rh Tue Mar 10 07:56:20 CET 2026
#@# Cortical Parc 3 rh Tue Mar 10 07:56:35 CET 2026
#@# WM/GM Contrast rh Tue Mar 10 07:56:47 CET 2026
recon-all -s sub-v1s6x0051320_ses-1 finished without error at Tue Mar 10 07:56:50 CET 2026



#New# invocation of recon-all 



status file for recon-all
Tue Mar 10 08:04:56 CET 2026
#@# white curv rh Tue Mar 10 08:04:56 CET 2026
#@# white area rh Tue Mar 10 08:04:56 CET 2026
#@# pial curv rh Tue Mar 10 08:04:56 CET 2026
#@# pial area rh Tue Mar 10 08:04:56 CET 2026
#@# thickness rh Tue Mar 10 08:04:56 CET 2026
#@# area and vertex vol rh Tue Mar 10 08:04:56 CET 2026
#@# Parcellation Stats rh Tue Mar 10 08:04:56 CET 2026
#@# Parcellation Stats 2 rh Tue Mar 10 08:05:18 CET 2026
#@# Parcellation Stats 3 rh Tue Mar 10 08:05:29 CET 2026
#@# BA_exvivo Labels rh Tue Mar 10 08:05:39 CET 2026
recon-all -s sub-v1s6x0051320_ses-1 finished without error at Tue Mar 10 08:08:31 CET 2026
