status file for recon-all
Tue Mar 10 05:39:23 CET 2026
#@# MotionCor Tue Mar 10 05:39:25 CET 2026
#@# Talairach Tue Mar 10 05:39:31 CET 2026
#@# Talairach Failure Detection Tue Mar 10 05:43:54 CET 2026
#@# Nu Intensity Correction Tue Mar 10 05:43:54 CET 2026
#@# Intensity Normalization Tue Mar 10 05:47:09 CET 2026
recon-all -s sub-v1s6x0051365_ses-1 finished without error at Tue Mar 10 05:48:41 CET 2026



#New# invocation of recon-all 



status file for recon-all
Tue Mar 10 05:55:12 CET 2026
#@# EM Registration Tue Mar 10 05:55:12 CET 2026
recon-all -s sub-v1s6x0051365_ses-1 finished without error at Tue Mar 10 05:57:01 CET 2026



#New# invocation of recon-all 



status file for recon-all
Tue Mar 10 05:57:04 CET 2026
#@# CA Normalize Tue Mar 10 05:57:04 CET 2026
#@# CA Reg Tue Mar 10 05:58:24 CET 2026
#@# SubCort Seg Tue Mar 10 06:38:34 CET 2026
#@# CC Seg Tue Mar 10 07:04:33 CET 2026
#@# Merge ASeg Tue Mar 10 07:05:04 CET 2026
#@# Intensity Normalization2 Tue Mar 10 07:05:04 CET 2026
#@# Mask BFS Tue Mar 10 07:07:16 CET 2026
#@# WM Segmentation Tue Mar 10 07:07:17 CET 2026
#@# Fill Tue Mar 10 07:09:13 CET 2026
recon-all -s sub-v1s6x0051365_ses-1 finished without error at Tue Mar 10 07:10:11 CET 2026



#New# invocation of recon-all 



status file for recon-all
Tue Mar 10 07:42:28 CET 2026
#@# white curv lh Tue Mar 10 07:42:28 CET 2026
#@# white area lh Tue Mar 10 07:42:28 CET 2026
#@# pial curv lh Tue Mar 10 07:42:28 CET 2026
#@# pial area lh Tue Mar 10 07:42:28 CET 2026
#@# thickness lh Tue Mar 10 07:42:28 CET 2026
#@# area and vertex vol lh Tue Mar 10 07:42:28 CET 2026
#@# white curv rh Tue Mar 10 07:42:28 CET 2026
#@# white area rh Tue Mar 10 07:42:28 CET 2026
#@# pial curv rh Tue Mar 10 07:42:28 CET 2026
#@# pial area rh Tue Mar 10 07:42:28 CET 2026
#@# thickness rh Tue Mar 10 07:42:29 CET 2026
#@# area and vertex vol rh Tue Mar 10 07:42:29 CET 2026
#@# Cortical ribbon mask Tue Mar 10 07:42:29 CET 2026
recon-all -s sub-v1s6x0051365_ses-1 finished without error at Tue Mar 10 07:45:50 CET 2026



#New# invocation of recon-all 



status file for recon-all
Tue Mar 10 07:51:10 CET 2026
#@# white curv lh Tue Mar 10 07:51:11 CET 2026
#@# white area lh Tue Mar 10 07:51:11 CET 2026
#@# pial curv lh Tue Mar 10 07:51:11 CET 2026
#@# pial area lh Tue Mar 10 07:51:11 CET 2026
#@# thickness lh Tue Mar 10 07:51:11 CET 2026
#@# area and vertex vol lh Tue Mar 10 07:51:11 CET 2026
#@# white curv rh Tue Mar 10 07:51:11 CET 2026
#@# white area rh Tue Mar 10 07:51:11 CET 2026
#@# pial curv rh Tue Mar 10 07:51:11 CET 2026
#@# pial area rh Tue Mar 10 07:51:11 CET 2026
#@# thickness rh Tue Mar 10 07:51:11 CET 2026
#@# area and vertex vol rh Tue Mar 10 07:51:11 CET 2026
#@# Curvature Stats lh Tue Mar 10 07:51:11 CET 2026
#@# Curvature Stats rh Tue Mar 10 07:51:13 CET 2026
#@# Relabel Hypointensities Tue Mar 10 07:51:15 CET 2026
#@# APas-to-ASeg Tue Mar 10 07:51:28 CET 2026
#@# AParc-to-ASeg aparc Tue Mar 10 07:51:35 CET 2026
#@# AParc-to-ASeg aparc.a2009s Tue Mar 10 07:52:00 CET 2026
#@# AParc-to-ASeg aparc.DKTatlas Tue Mar 10 07:52:24 CET 2026
#@# WMParc Tue Mar 10 07:52:49 CET 2026
#@# ASeg Stats Tue Mar 10 07:56:13 CET 2026
recon-all -s sub-v1s6x0051365_ses-1 finished without error at Tue Mar 10 07:56:44 CET 2026
