status file for recon-all
Tue Mar 10 07:10:14 CET 2026
#@# Tessellate lh Tue Mar 10 07:10:14 CET 2026
#@# Smooth1 lh Tue Mar 10 07:10:17 CET 2026
#@# Inflation1 lh Tue Mar 10 07:10:20 CET 2026
#@# QSphere lh Tue Mar 10 07:10:28 CET 2026
#@# Fix Topology lh Tue Mar 10 07:11:14 CET 2026
#@# Smooth2 lh Tue Mar 10 07:16:22 CET 2026
#@# Inflation2 lh Tue Mar 10 07:16:24 CET 2026
#@# Curv .H and .K lh Tue Mar 10 07:16:33 CET 2026
#@# Sphere lh Tue Mar 10 07:17:13 CET 2026
#@# Surf Reg lh Tue Mar 10 07:18:45 CET 2026
#@# Jacobian white lh Tue Mar 10 07:21:18 CET 2026
#@# AvgCurv lh Tue Mar 10 07:21:19 CET 2026
#@# Cortical Parc lh Tue Mar 10 07:21:19 CET 2026
#@# white curv lh Tue Mar 10 07:25:56 CET 2026
#@# white area lh Tue Mar 10 07:25:57 CET 2026
#@# pial curv lh Tue Mar 10 07:25:58 CET 2026
#@# pial area lh Tue Mar 10 07:25:59 CET 2026
#@# thickness lh Tue Mar 10 07:26:00 CET 2026
#@# area and vertex vol lh Tue Mar 10 07:26:25 CET 2026
#@# Curvature Stats lh Tue Mar 10 07:26:26 CET 2026
#@# Cortical Parc 2 lh Tue Mar 10 07:26:28 CET 2026
#@# Cortical Parc 3 lh Tue Mar 10 07:26:39 CET 2026
#@# WM/GM Contrast lh Tue Mar 10 07:26:48 CET 2026
recon-all -s sub-v1s6x0051365_ses-1 finished without error at Tue Mar 10 07:26:50 CET 2026



#New# invocation of recon-all 



status file for recon-all
Tue Mar 10 07:45:55 CET 2026
#@# white curv lh Tue Mar 10 07:45:55 CET 2026
#@# white area lh Tue Mar 10 07:45:55 CET 2026
#@# pial curv lh Tue Mar 10 07:45:55 CET 2026
#@# pial area lh Tue Mar 10 07:45:55 CET 2026
#@# thickness lh Tue Mar 10 07:45:55 CET 2026
#@# area and vertex vol lh Tue Mar 10 07:45:55 CET 2026
#@# Parcellation Stats lh Tue Mar 10 07:45:55 CET 2026
#@# Parcellation Stats 2 lh Tue Mar 10 07:46:09 CET 2026
#@# Parcellation Stats 3 lh Tue Mar 10 07:46:16 CET 2026
#@# BA_exvivo Labels lh Tue Mar 10 07:46:23 CET 2026
recon-all -s sub-v1s6x0051365_ses-1 finished without error at Tue Mar 10 07:48:27 CET 2026
