status file for recon-all
Tue Mar 10 07:26:52 CET 2026
#@# Tessellate rh Tue Mar 10 07:26:52 CET 2026
#@# Smooth1 rh Tue Mar 10 07:26:56 CET 2026
#@# Inflation1 rh Tue Mar 10 07:26:58 CET 2026
#@# QSphere rh Tue Mar 10 07:27:06 CET 2026
#@# Fix Topology rh Tue Mar 10 07:27:59 CET 2026
#@# Smooth2 rh Tue Mar 10 07:32:05 CET 2026
#@# Inflation2 rh Tue Mar 10 07:32:07 CET 2026
#@# Curv .H and .K rh Tue Mar 10 07:32:16 CET 2026
#@# Sphere rh Tue Mar 10 07:32:58 CET 2026
#@# Surf Reg rh Tue Mar 10 07:34:01 CET 2026
#@# Jacobian white rh Tue Mar 10 07:36:42 CET 2026
#@# AvgCurv rh Tue Mar 10 07:36:43 CET 2026
#@# Cortical Parc rh Tue Mar 10 07:36:43 CET 2026
#@# white curv rh Tue Mar 10 07:41:28 CET 2026
#@# white area rh Tue Mar 10 07:41:29 CET 2026
#@# pial curv rh Tue Mar 10 07:41:30 CET 2026
#@# pial area rh Tue Mar 10 07:41:31 CET 2026
#@# thickness rh Tue Mar 10 07:41:32 CET 2026
#@# area and vertex vol rh Tue Mar 10 07:41:58 CET 2026
#@# Curvature Stats rh Tue Mar 10 07:41:59 CET 2026
#@# Cortical Parc 2 rh Tue Mar 10 07:42:01 CET 2026
#@# Cortical Parc 3 rh Tue Mar 10 07:42:13 CET 2026
#@# WM/GM Contrast rh Tue Mar 10 07:42:21 CET 2026
recon-all -s sub-v1s6x0051365_ses-1 finished without error at Tue Mar 10 07:42:24 CET 2026



#New# invocation of recon-all 



status file for recon-all
Tue Mar 10 07:48:28 CET 2026
#@# white curv rh Tue Mar 10 07:48:29 CET 2026
#@# white area rh Tue Mar 10 07:48:29 CET 2026
#@# pial curv rh Tue Mar 10 07:48:29 CET 2026
#@# pial area rh Tue Mar 10 07:48:29 CET 2026
#@# thickness rh Tue Mar 10 07:48:29 CET 2026
#@# area and vertex vol rh Tue Mar 10 07:48:29 CET 2026
#@# Parcellation Stats rh Tue Mar 10 07:48:29 CET 2026
#@# Parcellation Stats 2 rh Tue Mar 10 07:48:44 CET 2026
#@# Parcellation Stats 3 rh Tue Mar 10 07:48:51 CET 2026
#@# BA_exvivo Labels rh Tue Mar 10 07:48:59 CET 2026
recon-all -s sub-v1s6x0051365_ses-1 finished without error at Tue Mar 10 07:51:07 CET 2026
