status file for recon-all
Tue Mar 10 06:07:11 CET 2026
#@# MotionCor Tue Mar 10 06:07:13 CET 2026
#@# Talairach Tue Mar 10 06:07:22 CET 2026
#@# Talairach Failure Detection Tue Mar 10 06:11:53 CET 2026
#@# Nu Intensity Correction Tue Mar 10 06:11:53 CET 2026
#@# Intensity Normalization Tue Mar 10 06:15:11 CET 2026
recon-all -s sub-v1s6x0051373_ses-1 finished without error at Tue Mar 10 06:16:43 CET 2026



#New# invocation of recon-all 



status file for recon-all
Tue Mar 10 06:23:45 CET 2026
#@# EM Registration Tue Mar 10 06:23:45 CET 2026
recon-all -s sub-v1s6x0051373_ses-1 finished without error at Tue Mar 10 06:25:28 CET 2026



#New# invocation of recon-all 



status file for recon-all
Tue Mar 10 06:25:32 CET 2026
#@# CA Normalize Tue Mar 10 06:25:32 CET 2026
#@# CA Reg Tue Mar 10 06:26:56 CET 2026
#@# SubCort Seg Tue Mar 10 07:21:28 CET 2026
#@# CC Seg Tue Mar 10 07:58:07 CET 2026
#@# Merge ASeg Tue Mar 10 07:58:44 CET 2026
#@# Intensity Normalization2 Tue Mar 10 07:58:44 CET 2026
#@# Mask BFS Tue Mar 10 08:01:04 CET 2026
#@# WM Segmentation Tue Mar 10 08:01:05 CET 2026
#@# Fill Tue Mar 10 08:03:15 CET 2026
recon-all -s sub-v1s6x0051373_ses-1 finished without error at Tue Mar 10 08:04:20 CET 2026



#New# invocation of recon-all 



status file for recon-all
Tue Mar 10 09:03:13 CET 2026
#@# white curv lh Tue Mar 10 09:03:13 CET 2026
#@# white area lh Tue Mar 10 09:03:13 CET 2026
#@# pial curv lh Tue Mar 10 09:03:13 CET 2026
#@# pial area lh Tue Mar 10 09:03:13 CET 2026
#@# thickness lh Tue Mar 10 09:03:13 CET 2026
#@# area and vertex vol lh Tue Mar 10 09:03:13 CET 2026
#@# white curv rh Tue Mar 10 09:03:13 CET 2026
#@# white area rh Tue Mar 10 09:03:13 CET 2026
#@# pial curv rh Tue Mar 10 09:03:13 CET 2026
#@# pial area rh Tue Mar 10 09:03:13 CET 2026
#@# thickness rh Tue Mar 10 09:03:13 CET 2026
#@# area and vertex vol rh Tue Mar 10 09:03:13 CET 2026
#@# Cortical ribbon mask Tue Mar 10 09:03:13 CET 2026
recon-all -s sub-v1s6x0051373_ses-1 finished without error at Tue Mar 10 09:11:32 CET 2026



#New# invocation of recon-all 



status file for recon-all
Tue Mar 10 09:19:43 CET 2026
#@# white curv lh Tue Mar 10 09:19:43 CET 2026
#@# white area lh Tue Mar 10 09:19:43 CET 2026
#@# pial curv lh Tue Mar 10 09:19:43 CET 2026
#@# pial area lh Tue Mar 10 09:19:43 CET 2026
#@# thickness lh Tue Mar 10 09:19:43 CET 2026
#@# area and vertex vol lh Tue Mar 10 09:19:43 CET 2026
#@# white curv rh Tue Mar 10 09:19:43 CET 2026
#@# white area rh Tue Mar 10 09:19:44 CET 2026
#@# pial curv rh Tue Mar 10 09:19:44 CET 2026
#@# pial area rh Tue Mar 10 09:19:44 CET 2026
#@# thickness rh Tue Mar 10 09:19:44 CET 2026
#@# area and vertex vol rh Tue Mar 10 09:19:44 CET 2026
#@# Curvature Stats lh Tue Mar 10 09:19:44 CET 2026
#@# Curvature Stats rh Tue Mar 10 09:19:47 CET 2026
#@# Relabel Hypointensities Tue Mar 10 09:19:50 CET 2026
#@# APas-to-ASeg Tue Mar 10 09:20:08 CET 2026
#@# AParc-to-ASeg aparc Tue Mar 10 09:20:17 CET 2026
#@# AParc-to-ASeg aparc.a2009s Tue Mar 10 09:21:01 CET 2026
#@# AParc-to-ASeg aparc.DKTatlas Tue Mar 10 09:21:45 CET 2026
#@# WMParc Tue Mar 10 09:22:28 CET 2026
#@# ASeg Stats Tue Mar 10 09:26:11 CET 2026
recon-all -s sub-v1s6x0051373_ses-1 finished without error at Tue Mar 10 09:26:53 CET 2026
