/out/sourcedata/freesurfer/sub-v1s6x0051321_ses-1/mri
/opt/freesurfer/bin/talairach_avi
--i orig_nu.mgz --xfm transforms/talairach.auto.xfm
talairach_avi 7.3.2
Linux dna029 5.14.0-427.37.1.el9_4.x86_64 #1 SMP PREEMPT_DYNAMIC Fri Sep 13 12:41:50 EDT 2024 x86_64 x86_64 x86_64 GNU/Linux
Tue Mar 10 05:32:44 CET 2026
mri_convert orig_nu.mgz talsrcimg.img 
reading from orig_nu.mgz...
TR=0.00, TE=0.00, TI=0.00, flip angle=0.00
i_ras = (-1, 0, 0)
j_ras = (0, 0, -1)
k_ras = (0, 1, 0)
writing to talsrcimg.img...
Analyze Output Matrix
-1.00000   0.00000   0.00000   130.85593;
 0.00000   0.00000   1.00000  -128.00000;
 0.00000  -1.00000   0.00000   119.83051;
 0.00000   0.00000   0.00000   1.00000;
--------------------
INFO: set hdr.hist.orient to -1
mpr2mni305 talsrcimg
Tue Mar 10 05:32:45 CET 2026
/opt/freesurfer/bin/mpr2mni305 talsrcimg
mpr2mni305 7.3.2
target=711-2C_as_mni_average_305

---------------------------------------------------------------------
analyzeto4dfp talsrcimg -O0 -y
---------------------------------------------------------------------

freesurfer ifh2hdr.c
Tue Mar 10 05:32:45 2026
Writing: talsrcimg.4dfp.hdr
freesurfer analyzeto4dfp.c
Reading: talsrcimg.hdr
header size 348 bytes
hdr.dime.datatype	offset=70	value=2
hdr.dime.bitpix		offset=72	value=8
hdr.hist.orient		offset=252	value=-1
dimensionality     4
dimensions       256       256       256         1
Reading: talsrcimg.img
Writing: talsrcimg.4dfp.img
Writing: talsrcimg.4dfp.ifh
ifh2hdr talsrcimg -r0to224
ori=2

---------------------------------------------------------------------
gauss_4dfp talsrcimg 1.1
---------------------------------------------------------------------

freesurfer gauss_4dfp.c
Reading: talsrcimg.4dfp.img
Writing: talsrcimg_g11.4dfp.img
image dimensions 256 256 256 padded to 288 288 288
processing volume 1freesurfer ifh2hdr.c
Tue Mar 10 05:32:47 2026
Writing: talsrcimg_g11.4dfp.hdr

Writing: talsrcimg_g11.4dfp.ifh
including: talsrcimg.4dfp.img.rec in talsrcimg_g11.4dfp.img.rec

---------------------------------------------------------------------
imgreg_4dfp /opt/freesurfer/average/711-2C_as_mni_average_305 none talsrcimg_g11 none talsrcimg_to_711-2C_as_mni_average_305_t4 4355
---------------------------------------------------------------------

freesurfer imgreg_4dfp.c
/opt/freesurfer/average/711-2C_as_mni_average_305.4dfp.img
       256       256       256         1
  1.000000  1.000000  1.000000
orientation T byte_order littleendian
Reading image: /opt/freesurfer/average/711-2C_as_mni_average_305.4dfp.img
dimensions:      256       256       256
mmppix:       1.0000   -1.0000   -1.0000
center:     128.0000 -129.0000 -129.0000
talsrcimg_g11.4dfp.img
       256       256       256         1
  1.000000  1.000000  1.000000
orientation T byte_order littleendian
Reading image: talsrcimg_g11.4dfp.img
dimensions:      256       256       256
mmppix:       1.0000   -1.0000   -1.0000
center:     128.0000 -129.0000 -129.0000
t4_read: open error in t4_sub.f l:  41 t4_file(1:l)talsrcimg_to_711-2C_as_mni_average_305_t4 
t4_read: transform initialized to I4
rotation matrix determinant  1.000000
image alignment mode   4355 decimal     1103 hex
   -7.5000  -45.0000  -45.0000 6120.7065   16.5821
    0.0000  -45.0000  -45.0000 6422.8110   16.6768
    7.5000  -45.0000  -45.0000 6128.3672   16.6372
   -7.5000  -37.5000  -45.0000 6734.3462   16.1752
    0.0000  -37.5000  -45.0000 7080.0210   16.2653
    7.5000  -37.5000  -45.0000 6735.7314   16.2303
   -7.5000  -30.0000  -45.0000 7634.4336   15.8381
    0.0000  -30.0000  -45.0000 8029.4351   15.9304
    7.5000  -30.0000  -45.0000 7636.1709   15.9000
   -7.5000  -22.5000  -45.0000 8629.7490   15.7231
    0.0000  -22.5000  -45.0000 9074.3428   15.8232
    7.5000  -22.5000  -45.0000 8614.8076   15.7953
   -7.5000  -15.0000  -45.0000 9592.5576   15.6845
    0.0000  -15.0000  -45.000010053.2998   15.7885
    7.5000  -15.0000  -45.0000 9554.1992   15.7605
   -7.5000   -7.5000  -45.000010531.7402   15.7053
    0.0000   -7.5000  -45.000011014.4873   15.8032
    7.5000   -7.5000  -45.000010434.3721   15.7715
   -7.5000    0.0000  -45.000011432.3516   15.7396
    0.0000    0.0000  -45.000011944.9678   15.8287
    7.5000    0.0000  -45.000011294.8330   15.7938
   -7.5000    7.5000  -45.000011366.5781   15.7531
    0.0000    7.5000  -45.000011871.4424   15.8399
    7.5000    7.5000  -45.000011212.0850   15.8062
   -7.5000   15.0000  -45.000011179.9297   15.7353
    0.0000   15.0000  -45.000011679.6270   15.8270
    7.5000   15.0000  -45.000011005.9629   15.7969
   -7.5000   22.5000  -45.000010984.0527   15.6989
    0.0000   22.5000  -45.000011433.3340   15.7989
    7.5000   22.5000  -45.000010793.2529   15.7711
   -7.5000   30.0000  -45.000010748.7295   15.4754
    0.0000   30.0000  -45.000011182.4355   15.5781
    7.5000   30.0000  -45.000010542.1270   15.5504
   -7.5000   37.5000  -45.000010686.2363   15.4960
    0.0000   37.5000  -45.000011122.7725   15.5926
    7.5000   37.5000  -45.000010472.0127   15.5613
   -7.5000   45.0000  -45.000010190.4678   15.1355
    0.0000   45.0000  -45.000010631.8848   15.2212
    7.5000   45.0000  -45.0000 9998.0850   15.1876
   -7.5000  -45.0000  -37.5000 6435.3042   16.6052
    0.0000  -45.0000  -37.5000 6758.2632   16.6902
    7.5000  -45.0000  -37.5000 6436.7505   16.6568
   -7.5000  -37.5000  -37.5000 7084.6382   16.1914
    0.0000  -37.5000  -37.5000 7432.0210   16.2687
    7.5000  -37.5000  -37.5000 7068.7358   16.2384
   -7.5000  -30.0000  -37.5000 8049.7334   15.8445
    0.0000  -30.0000  -37.5000 8452.7471   15.9236
    7.5000  -30.0000  -37.5000 8045.9243   15.8969
   -7.5000  -22.5000  -37.5000 9118.9961   15.7295
    0.0000  -22.5000  -37.5000 9587.0820   15.8195
    7.5000  -22.5000  -37.5000 9116.6602   15.7941
   -7.5000  -15.0000  -37.500010143.6201   15.6992
    0.0000  -15.0000  -37.500010641.2744   15.7965
    7.5000  -15.0000  -37.500010122.6143   15.7713
   -7.5000   -7.5000  -37.500011134.0088   15.7266
    0.0000   -7.5000  -37.500011646.6465   15.8181
    7.5000   -7.5000  -37.500011055.5215   15.7913
   -7.5000    0.0000  -37.500012056.4424   15.7609
    0.0000    0.0000  -37.500012574.1406   15.8409
    7.5000    0.0000  -37.500011936.1475   15.8115
   -7.5000    7.5000  -37.500011992.8301   15.7673
    0.0000    7.5000  -37.500012495.2070   15.8419
    7.5000    7.5000  -37.500011875.0000   15.8128
   -7.5000   15.0000  -37.500011778.6113   15.7414
    0.0000   15.0000  -37.500012274.5938   15.8201
    7.5000   15.0000  -37.500011635.7002   15.7936
   -7.5000   22.5000  -37.500011573.0713   15.7054
    0.0000   22.5000  -37.500012023.2422   15.7953
    7.5000   22.5000  -37.500011373.7129   15.7700
   -7.5000   30.0000  -37.500011285.1826   15.4900
    0.0000   30.0000  -37.500011706.6602   15.5859
    7.5000   30.0000  -37.500011057.7432   15.5611
   -7.5000   37.5000  -37.500011233.3223   15.5170
    0.0000   37.5000  -37.500011652.9160   15.6073
    7.5000   37.5000  -37.500011015.0752   15.5808
   -7.5000   45.0000  -37.500010696.0957   15.1560
    0.0000   45.0000  -37.500011097.5352   15.2329
    7.5000   45.0000  -37.500010516.7666   15.2047
   -7.5000  -45.0000  -30.0000 6861.7993   17.3172
    0.0000  -45.0000  -30.0000 7199.9312   17.4016
    7.5000  -45.0000  -30.0000 6863.6870   17.3681
   -7.5000  -37.5000  -30.0000 7579.1724   16.8901
    0.0000  -37.5000  -30.0000 7935.0952   16.9642
    7.5000  -37.5000  -30.0000 7556.8066   16.9327
   -7.5000  -30.0000  -30.0000 8627.7666   16.5321
    0.0000  -30.0000  -30.0000 9045.5898   16.6070
    7.5000  -30.0000  -30.0000 8600.6426   16.5775
   -7.5000  -22.5000  -30.0000 9756.2412   16.4120
    0.0000  -22.5000  -30.000010227.6709   16.4996
    7.5000  -22.5000  -30.0000 9738.2695   16.4706
   -7.5000  -15.0000  -30.000010853.0059   16.3757
    0.0000  -15.0000  -30.000011356.7002   16.4733
    7.5000  -15.0000  -30.000010816.8789   16.4451
   -7.5000   -7.5000  -30.000011911.1572   16.3989
    0.0000   -7.5000  -30.000012414.3584   16.4913
    7.5000   -7.5000  -30.000011836.0254   16.4636
   -7.5000    0.0000  -30.000012861.8174   16.4348
    0.0000    0.0000  -30.000013384.8164   16.5145
    7.5000    0.0000  -30.000012769.5674   16.4851
   -7.5000    7.5000  -30.000012798.5117   16.4469
    0.0000    7.5000  -30.000013316.1562   16.5185
    7.5000    7.5000  -30.000012692.4482   16.4882
   -7.5000   15.0000  -30.000012539.5752   16.4242
    0.0000   15.0000  -30.000013053.5635   16.4988
    7.5000   15.0000  -30.000012400.4102   16.4695
   -7.5000   22.5000  -30.000012321.5547   16.3850
    0.0000   22.5000  -30.000012777.5342   16.4727
    7.5000   22.5000  -30.000012110.5039   16.4437
   -7.5000   30.0000  -30.000012019.0283   16.1590
    0.0000   30.0000  -30.000012450.7256   16.2553
    7.5000   30.0000  -30.000011795.1807   16.2274
   -7.5000   37.5000  -30.000011976.9092   16.1819
    0.0000   37.5000  -30.000012389.1514   16.2731
    7.5000   37.5000  -30.000011763.2129   16.2458
   -7.5000   45.0000  -30.000011373.6855   15.8156
    0.0000   45.0000  -30.000011745.0000   15.8923
    7.5000   45.0000  -30.000011181.1924   15.8640
   -7.5000  -45.0000  -22.5000 7311.8286   17.9025
    0.0000  -45.0000  -22.5000 7670.7363   17.9980
    7.5000  -45.0000  -22.5000 7317.5327   17.9586
   -7.5000  -37.5000  -22.5000 8084.3955   17.4737
    0.0000  -37.5000  -22.5000 8465.1152   17.5598
    7.5000  -37.5000  -22.5000 8065.7690   17.5233
   -7.5000  -30.0000  -22.5000 9188.7070   17.1197
    0.0000  -30.0000  -22.5000 9619.9111   17.2055
    7.5000  -30.0000  -22.5000 9167.7979   17.1703
   -7.5000  -22.5000  -22.500010377.5684   16.9955
    0.0000  -22.5000  -22.500010847.6055   17.0921
    7.5000  -22.5000  -22.500010354.2529   17.0566
   -7.5000  -15.0000  -22.500011542.6562   16.9428
    0.0000  -15.0000  -22.500012041.6016   17.0479
    7.5000  -15.0000  -22.500011497.4922   17.0128
   -7.5000   -7.5000  -22.500012646.9873   16.9522
    0.0000   -7.5000  -22.500013158.7471   17.0529
    7.5000   -7.5000  -22.500012561.1064   17.0189
   -7.5000    0.0000  -22.500013624.5176   16.9892
    0.0000    0.0000  -22.500014152.8418   17.0793
    7.5000    0.0000  -22.500013511.2002   17.0449
   -7.5000    7.5000  -22.500013561.4971   17.0163
    0.0000    7.5000  -22.500014113.9180   17.0994
    7.5000    7.5000  -22.500013410.5215   17.0642
   -7.5000   15.0000  -22.500013281.4014   17.0080
    0.0000   15.0000  -22.500013822.4492   17.0932
    7.5000   15.0000  -22.500013082.6025   17.0583
   -7.5000   22.5000  -22.500013030.0947   16.9662
    0.0000   22.5000  -22.500013539.2510   17.0628
    7.5000   22.5000  -22.500012773.1484   17.0274
   -7.5000   30.0000  -22.500012742.1494   16.7211
    0.0000   30.0000  -22.500013223.0010   16.8248
    7.5000   30.0000  -22.500012480.4004   16.7902
   -7.5000   37.5000  -22.500012717.1357   16.7305
    0.0000   37.5000  -22.500013168.6016   16.8298
    7.5000   37.5000  -22.500012466.3223   16.7963
   -7.5000   45.0000  -22.500012034.4424   16.3614
    0.0000   45.0000  -22.500012420.3262   16.4482
    7.5000   45.0000  -22.500011810.3125   16.4151
   -7.5000  -45.0000  -15.0000 7761.8525   18.3092
    0.0000  -45.0000  -15.0000 8139.3779   18.4188
    7.5000  -45.0000  -15.0000 7736.8149   18.3711
   -7.5000  -37.5000  -15.0000 8585.9307   17.8788
    0.0000  -37.5000  -15.0000 8979.0166   17.9820
    7.5000  -37.5000  -15.0000 8547.3213   17.9389
   -7.5000  -30.0000  -15.0000 9733.7998   17.5288
    0.0000  -30.0000  -15.000010160.9297   17.6316
    7.5000  -30.0000  -15.0000 9689.1006   17.5903
   -7.5000  -22.5000  -15.000010985.0068   17.4019
    0.0000  -22.5000  -15.000011433.8438   17.5122
    7.5000  -22.5000  -15.000010929.2314   17.4713
   -7.5000  -15.0000  -15.000012183.6484   17.3375
    0.0000  -15.0000  -15.000012671.8271   17.4532
    7.5000  -15.0000  -15.000012109.3086   17.4126
   -7.5000   -7.5000  -15.000013344.7803   17.3381
    0.0000   -7.5000  -15.000013874.2998   17.4492
    7.5000   -7.5000  -15.000013229.4639   17.4086
   -7.5000    0.0000  -15.000014398.8242   17.3758
    0.0000    0.0000  -15.000014955.3984   17.4790
    7.5000    0.0000  -15.000014227.4268   17.4373
   -7.5000    7.5000  -15.000014311.1260   17.4127
    0.0000    7.5000  -15.000014915.7266   17.5121
    7.5000    7.5000  -15.000014103.3008   17.4704
   -7.5000   15.0000  -15.000014040.8477   17.4148
    0.0000   15.0000  -15.000014633.3555   17.5168
    7.5000   15.0000  -15.000013768.0361   17.4757
   -7.5000   22.5000  -15.000013767.2842   17.3711
    0.0000   22.5000  -15.000014296.4482   17.4813
    7.5000   22.5000  -15.000013427.0439   17.4405
   -7.5000   30.0000  -15.000013480.2793   17.1131
    0.0000   30.0000  -15.000013950.0400   17.2272
    7.5000   30.0000  -15.000013119.9990   17.1872
   -7.5000   37.5000  -15.000013444.6904   17.1137
    0.0000   37.5000  -15.000013894.8730   17.2234
    7.5000   37.5000  -15.000013072.1631   17.1833
   -7.5000   45.0000  -15.000012689.2344   16.7438
    0.0000   45.0000  -15.000013088.6455   16.8433
    7.5000   45.0000  -15.000012385.6660   16.8032
   -7.5000  -45.0000   -7.5000 8171.6553   18.5089
    0.0000  -45.0000   -7.5000 8558.7119   18.6222
    7.5000  -45.0000   -7.5000 8138.2847   18.5718
   -7.5000  -37.5000   -7.5000 9055.1621   18.0677
    0.0000  -37.5000   -7.5000 9457.8398   18.1766
    7.5000  -37.5000   -7.5000 8999.5293   18.1317
   -7.5000  -30.0000   -7.500010287.7393   17.7076
    0.0000  -30.0000   -7.500010719.7734   17.8177
    7.5000  -30.0000   -7.500010210.8428   17.7768
   -7.5000  -22.5000   -7.500011613.0166   17.5791
    0.0000  -22.5000   -7.500012049.7051   17.6959
    7.5000  -22.5000   -7.500011518.4424   17.6574
   -7.5000  -15.0000   -7.500012858.4824   17.5206
    0.0000  -15.0000   -7.500013295.6885   17.6407
    7.5000  -15.0000   -7.500012709.4189   17.6025
   -7.5000   -7.5000   -7.500014039.3457   17.5288
    0.0000   -7.5000   -7.500014546.2773   17.6431
    7.5000   -7.5000   -7.500013857.8359   17.6020
   -7.5000    0.0000   -7.500015204.3389   17.5671
    0.0000    0.0000   -7.500015783.7920   17.6737
    7.5000    0.0000   -7.500014997.0615   17.6295
   -7.5000    7.5000   -7.500015172.6396   17.5973
    0.0000    7.5000   -7.500015848.8516   17.7021
    7.5000    7.5000   -7.500014883.4785   17.6587
   -7.5000   15.0000   -7.500014972.1143   17.5927
    0.0000   15.0000   -7.500015583.7520   17.7019
    7.5000   15.0000   -7.500014500.3301   17.6613
   -7.5000   22.5000   -7.500014722.7432   17.5462
    0.0000   22.5000   -7.500015199.9346   17.6628
    7.5000   22.5000   -7.500014167.2100   17.6245
   -7.5000   30.0000   -7.500014341.5010   17.2933
    0.0000   30.0000   -7.500014797.8965   17.4118
    7.5000   30.0000   -7.500013813.3906   17.3742
   -7.5000   37.5000   -7.500014247.2383   17.3015
    0.0000   37.5000   -7.500014696.3682   17.4143
    7.5000   37.5000   -7.500013748.0117   17.3737
   -7.5000   45.0000   -7.500013417.8604   16.9314
    0.0000   45.0000   -7.500013850.3564   17.0341
    7.5000   45.0000   -7.500012978.8994   16.9916
   -7.5000  -45.0000    0.0000 8505.6631   18.5559
    0.0000  -45.0000    0.0000 8898.1445   18.6618
    7.5000  -45.0000    0.0000 8450.8779   18.6174
   -7.5000  -37.5000    0.0000 9453.4746   18.1005
    0.0000  -37.5000    0.0000 9879.5605   18.2013
    7.5000  -37.5000    0.0000 9387.7705   18.1621
   -7.5000  -30.0000    0.000010765.4990   17.7232
    0.0000  -30.0000    0.000011213.7412   17.8265
    7.5000  -30.0000    0.000010658.7285   17.7926
   -7.5000  -22.5000    0.000012113.4014   17.5946
    0.0000  -22.5000    0.000012577.0156   17.7066
    7.5000  -22.5000    0.000011973.3936   17.6753
   -7.5000  -15.0000    0.000013359.9873   17.5514
    0.0000  -15.0000    0.000013812.7783   17.6678
    7.5000  -15.0000    0.000013160.8389   17.6364
   -7.5000   -7.5000    0.000014545.1523   17.5746
    0.0000   -7.5000    0.000015043.6270   17.6842
    7.5000   -7.5000    0.000014311.0430   17.6488
   -7.5000    0.0000    0.000015831.6133   17.6131
    0.0000    0.0000    0.000016474.6055   17.7127
    7.5000    0.0000    0.000015523.2227   17.6736
   -7.5000    7.5000    0.000016079.6279   17.6281
    0.0000    7.5000    0.000016855.5566   17.7253
    7.5000    7.5000    0.000015530.1025   17.6876
   -7.5000   15.0000    0.000015891.0908   17.6083
    0.0000   15.0000    0.000016588.7520   17.7108
    7.5000   15.0000    0.000015160.5273   17.6772
   -7.5000   22.5000    0.000015467.0820   17.5618
    0.0000   22.5000    0.000016117.4844   17.6737
    7.5000   22.5000    0.000014784.0986   17.6425
   -7.5000   30.0000    0.000015033.7773   17.3242
    0.0000   30.0000    0.000015654.3965   17.4391
    7.5000   30.0000    0.000014427.5908   17.4081
   -7.5000   37.5000    0.000014927.8916   17.3472
    0.0000   37.5000    0.000015514.3379   17.4553
    7.5000   37.5000    0.000014324.3291   17.4203
   -7.5000   45.0000    0.000014030.1133   16.9770
    0.0000   45.0000    0.000014584.0957   17.0730
    7.5000   45.0000    0.000013502.1973   17.0354
   -7.5000  -45.0000    7.5000 8096.0815   18.5816
    0.0000  -45.0000    7.5000 8498.5264   18.6767
    7.5000  -45.0000    7.5000 8056.6636   18.6394
   -7.5000  -37.5000    7.5000 9094.0625   18.1186
    0.0000  -37.5000    7.5000 9516.8027   18.2051
    7.5000  -37.5000    7.5000 9002.9648   18.1712
   -7.5000  -30.0000    7.500010410.8682   17.7304
    0.0000  -30.0000    7.500010846.1826   17.8190
    7.5000  -30.0000    7.500010283.5293   17.7890
   -7.5000  -22.5000    7.500011726.0918   17.6018
    0.0000  -22.5000    7.500012178.4395   17.7024
    7.5000  -22.5000    7.500011552.5410   17.6740
   -7.5000  -15.0000    7.500012898.4580   17.5679
    0.0000  -15.0000    7.500013363.1865   17.6767
    7.5000  -15.0000    7.500012648.7461   17.6485
   -7.5000   -7.5000    7.500013989.9170   17.5985
    0.0000   -7.5000    7.500014504.0752   17.7008
    7.5000   -7.5000    7.500013705.4463   17.6709
   -7.5000    0.0000    7.500015300.5605   17.6369
    0.0000    0.0000    7.500015959.7920   17.7264
    7.5000    0.0000    7.500014951.4463   17.6935
   -7.5000    7.5000    7.500015618.1123   17.6440
    0.0000    7.5000    7.500016584.5605   17.7275
    7.5000    7.5000    7.500015054.1426   17.6950
   -7.5000   15.0000    7.500015434.0625   17.6151
    0.0000   15.0000    7.500016441.1738   17.7031
    7.5000   15.0000    7.500014812.7080   17.6734
   -7.5000   22.5000    7.500014936.0674   17.5690
    0.0000   22.5000    7.500015879.0762   17.6696
    7.5000   22.5000    7.500014408.2598   17.6413
   -7.5000   30.0000    7.500014492.3086   17.3404
    0.0000   30.0000    7.500015300.0586   17.4479
    7.5000   30.0000    7.500013954.5508   17.4201
   -7.5000   37.5000    7.500014397.6143   17.3708
    0.0000   37.5000    7.500015058.8262   17.4717
    7.5000   37.5000    7.500013820.4473   17.4422
   -7.5000   45.0000    7.500013530.1680   16.9999
    0.0000   45.0000    7.500014081.7578   17.0862
    7.5000   45.0000    7.500013015.1865   17.0545
   -7.5000  -45.0000   15.0000 7648.2739   18.5958
    0.0000  -45.0000   15.0000 8026.5571   18.6865
    7.5000  -45.0000   15.0000 7593.3120   18.6505
   -7.5000  -37.5000   15.0000 8631.9463   18.1372
    0.0000  -37.5000   15.0000 9019.3779   18.2167
    7.5000  -37.5000   15.0000 8493.8643   18.1829
   -7.5000  -30.0000   15.0000 9895.5059   17.7527
    0.0000  -30.0000   15.000010332.4453   17.8331
    7.5000  -30.0000   15.0000 9721.0527   17.8015
   -7.5000  -22.5000   15.000011171.7520   17.6238
    0.0000  -22.5000   15.000011637.5479   17.7179
    7.5000  -22.5000   15.000010941.0293   17.6867
   -7.5000  -15.0000   15.000012273.9082   17.5848
    0.0000  -15.0000   15.000012805.6348   17.6896
    7.5000  -15.0000   15.000011995.8809   17.6593
   -7.5000   -7.5000   15.000013283.5557   17.6097
    0.0000   -7.5000   15.000013890.1670   17.7089
    7.5000   -7.5000   15.000013037.1777   17.6792
   -7.5000    0.0000   15.000014434.9863   17.6483
    0.0000    0.0000   15.000015136.9072   17.7339
    7.5000    0.0000   15.000014170.7139   17.7023
   -7.5000    7.5000   15.000014576.8311   17.6612
    0.0000    7.5000   15.000015469.3994   17.7382
    7.5000    7.5000   15.000014218.5811   17.7056
   -7.5000   15.0000   15.000014404.3047   17.6369
    0.0000   15.0000   15.000015395.6152   17.7170
    7.5000   15.0000   15.000014068.8721   17.6855
   -7.5000   22.5000   15.000014017.6299   17.5909
    0.0000   22.5000   15.000015002.4238   17.6850
    7.5000   22.5000   15.000013714.8057   17.6539
   -7.5000   30.0000   15.000013581.7705   17.3572
    0.0000   30.0000   15.000014407.5371   17.4606
    7.5000   30.0000   15.000013233.3672   17.4307
   -7.5000   37.5000   15.000013517.3682   17.3818
    0.0000   37.5000   15.000014195.8857   17.4797
    7.5000   37.5000   15.000013095.6133   17.4504
   -7.5000   45.0000   15.000012770.2119   17.0109
    0.0000   45.0000   15.000013314.0752   17.0934
    7.5000   45.0000   15.000012367.7158   17.0630
   -7.5000  -45.0000   22.5000 7055.1030   18.5959
    0.0000  -45.0000   22.5000 7405.2671   18.6948
    7.5000  -45.0000   22.5000 7006.4565   18.6536
   -7.5000  -37.5000   22.5000 7979.0630   18.1502
    0.0000  -37.5000   22.5000 8350.0557   18.2393
    7.5000  -37.5000   22.5000 7869.8970   18.2013
   -7.5000  -30.0000   22.5000 9185.3115   17.7823
    0.0000  -30.0000   22.5000 9572.0283   17.8712
    7.5000  -30.0000   22.5000 9048.7236   17.8344
   -7.5000  -22.5000   22.500010419.6572   17.6532
    0.0000  -22.5000   22.500010813.0596   17.7533
    7.5000  -22.5000   22.500010247.7246   17.7162
   -7.5000  -15.0000   22.500011497.0166   17.5984
    0.0000  -15.0000   22.500011914.1934   17.7073
    7.5000  -15.0000   22.500011312.9854   17.6707
   -7.5000   -7.5000   22.500012479.1182   17.6082
    0.0000   -7.5000   22.500012907.5244   17.7125
    7.5000   -7.5000   22.500012314.8467   17.6771
   -7.5000    0.0000   22.500013497.3975   17.6466
    0.0000    0.0000   22.500013920.2246   17.7400
    7.5000    0.0000   22.500013303.4795   17.7040
   -7.5000    7.5000   22.500013500.0986   17.6748
    0.0000    7.5000   22.500013941.8633   17.7609
    7.5000    7.5000   22.500013296.8525   17.7241
   -7.5000   15.0000   22.500013257.3857   17.6662
    0.0000   15.0000   22.500013676.8604   17.7545
    7.5000   15.0000   22.500013093.4639   17.7180
   -7.5000   22.5000   22.500012918.7842   17.6201
    0.0000   22.5000   22.500013353.5664   17.7201
    7.5000   22.5000   22.500012747.3115   17.6832
   -7.5000   30.0000   22.500012566.9287   17.3705
    0.0000   30.0000   22.500012986.3506   17.4781
    7.5000   30.0000   22.500012361.7617   17.4419
   -7.5000   37.5000   22.500012609.1074   17.3803
    0.0000   37.5000   22.500013008.9941   17.4833
    7.5000   37.5000   22.500012340.6709   17.4483
   -7.5000   45.0000   22.500011983.5811   17.0093
    0.0000   45.0000   22.500012368.6777   17.0993
    7.5000   45.0000   22.500011684.2227   17.0646
   -7.5000  -45.0000   30.0000 6411.0708   18.6762
    0.0000  -45.0000   30.0000 6696.5073   18.7875
    7.5000  -45.0000   30.0000 6348.2832   18.7383
   -7.5000  -37.5000   30.0000 7262.0312   18.2349
    0.0000  -37.5000   30.0000 7570.7725   18.3397
    7.5000  -37.5000   30.0000 7168.4658   18.2951
   -7.5000  -30.0000   30.0000 8351.4844   17.8754
    0.0000  -30.0000   30.0000 8696.7783   17.9799
    7.5000  -30.0000   30.0000 8264.0137   17.9371
   -7.5000  -22.5000   30.0000 9476.3564   17.7445
    0.0000  -22.5000   30.0000 9841.5166   17.8567
    7.5000  -22.5000   30.0000 9379.7598   17.8144
   -7.5000  -15.0000   30.000010483.2178   17.6782
    0.0000  -15.0000   30.000010844.1377   17.7958
    7.5000  -15.0000   30.000010371.5889   17.7539
   -7.5000   -7.5000   30.000011422.4277   17.6792
    0.0000   -7.5000   30.000011816.1670   17.7921
    7.5000   -7.5000   30.000011313.6748   17.7502
   -7.5000    0.0000   30.000012333.5742   17.7184
    0.0000    0.0000   30.000012767.5029   17.8233
    7.5000    0.0000   30.000012216.7373   17.7803
   -7.5000    7.5000   30.000012308.6709   17.7567
    0.0000    7.5000   30.000012753.6025   17.8576
    7.5000    7.5000   30.000012188.4023   17.8145
   -7.5000   15.0000   30.000012071.8623   17.7584
    0.0000   15.0000   30.000012505.7109   17.8621
    7.5000   15.0000   30.000011970.7100   17.8196
   -7.5000   22.5000   30.000011766.3018   17.7110
    0.0000   22.5000   30.000012170.4229   17.8231
    7.5000   22.5000   30.000011644.9961   17.7809
   -7.5000   30.0000   30.000011401.9854   17.4493
    0.0000   30.0000   30.000011780.3008   17.5654
    7.5000   30.0000   30.000011256.4951   17.5241
   -7.5000   37.5000   30.000011481.0498   17.4504
    0.0000   37.5000   30.000011842.4053   17.5619
    7.5000   37.5000   30.000011280.2256   17.5204
   -7.5000   45.0000   30.000010983.2998   17.0785
    0.0000   45.0000   30.000011325.7715   17.1796
    7.5000   45.0000   30.000010754.5723   17.1381
   -7.5000  -45.0000   37.5000 6077.1675   19.1470
    0.0000  -45.0000   37.5000 6343.7202   19.2665
    7.5000  -45.0000   37.5000 6008.2427   19.2133
   -7.5000  -37.5000   37.5000 6875.2778   18.6789
    0.0000  -37.5000   37.5000 7190.4751   18.7934
    7.5000  -37.5000   37.5000 6797.7017   18.7459
   -7.5000  -30.0000   37.5000 7930.9956   18.2937
    0.0000  -30.0000   37.5000 8289.7520   18.4094
    7.5000  -30.0000   37.5000 7870.0229   18.3658
   -7.5000  -22.5000   37.5000 9001.5938   18.1553
    0.0000  -22.5000   37.5000 9388.9326   18.2779
    7.5000  -22.5000   37.5000 8957.5947   18.2369
   -7.5000  -15.0000   37.5000 9991.9004   18.0926
    0.0000  -15.0000   37.500010381.4922   18.2188
    7.5000  -15.0000   37.5000 9938.8086   18.1782
   -7.5000   -7.5000   37.500010928.1582   18.1023
    0.0000   -7.5000   37.500011334.3818   18.2226
    7.5000   -7.5000   37.500010839.7080   18.1792
   -7.5000    0.0000   37.500011840.3320   18.1447
    0.0000    0.0000   37.500012271.8467   18.2568
    7.5000    0.0000   37.500011726.4521   18.2103
   -7.5000    7.5000   37.500011796.0605   18.1775
    0.0000    7.5000   37.500012252.9609   18.2876
    7.5000    7.5000   37.500011722.6855   18.2418
   -7.5000   15.0000   37.500011567.7852   18.1714
    0.0000   15.0000   37.500012027.0957   18.2860
    7.5000   15.0000   37.500011511.4502   18.2429
   -7.5000   22.5000   37.500011302.9160   18.1205
    0.0000   22.5000   37.500011708.2939   18.2430
    7.5000   22.5000   37.500011185.6387   18.2021
   -7.5000   30.0000   37.500010932.4883   17.8584
    0.0000   30.0000   37.500011319.4707   17.9830
    7.5000   30.0000   37.500010796.9492   17.9429
   -7.5000   37.5000   37.500010982.0781   17.8681
    0.0000   37.5000   37.500011352.8594   17.9868
    7.5000   37.5000   37.500010810.6299   17.9439
   -7.5000   45.0000   37.500010521.1670   17.4894
    0.0000   45.0000   37.500010895.9258   17.5975
    7.5000   45.0000   37.500010330.7588   17.5527
   -7.5000  -45.0000   45.0000 5521.4434   19.6753
    0.0000  -45.0000   45.0000 5775.0596   19.7931
    7.5000  -45.0000   45.0000 5446.1406   19.7435
   -7.5000  -37.5000   45.0000 6215.1934   19.1583
    0.0000  -37.5000   45.0000 6515.6631   19.2707
    7.5000  -37.5000   45.0000 6159.8149   19.2275
   -7.5000  -30.0000   45.0000 7180.2520   18.7271
    0.0000  -30.0000   45.0000 7521.6113   18.8422
    7.5000  -30.0000   45.0000 7137.6743   18.8046
   -7.5000  -22.5000   45.0000 8178.8521   18.5867
    0.0000  -22.5000   45.0000 8553.4990   18.7106
    7.5000  -22.5000   45.0000 8146.3091   18.6756
   -7.5000  -15.0000   45.0000 9108.8350   18.5461
    0.0000  -15.0000   45.0000 9494.2021   18.6742
    7.5000  -15.0000   45.0000 9053.4434   18.6389
   -7.5000   -7.5000   45.000010000.6660   18.5769
    0.0000   -7.5000   45.000010392.9277   18.6975
    7.5000   -7.5000   45.0000 9919.0449   18.6579
   -7.5000    0.0000   45.000010839.3721   18.6184
    0.0000    0.0000   45.000011261.8545   18.7286
    7.5000    0.0000   45.000010737.2490   18.6852
   -7.5000    7.5000   45.000010801.8115   18.6265
    0.0000    7.5000   45.000011245.2568   18.7346
    7.5000    7.5000   45.000010752.0029   18.6930
   -7.5000   15.0000   45.000010585.1426   18.5980
    0.0000   15.0000   45.000011016.9492   18.7121
    7.5000   15.0000   45.000010543.3506   18.6749
   -7.5000   22.5000   45.000010341.3232   18.5503
    0.0000   22.5000   45.000010736.0537   18.6741
    7.5000   22.5000   45.000010267.8184   18.6393
   -7.5000   30.0000   45.000010016.9287   18.3044
    0.0000   30.0000   45.000010381.4004   18.4309
    7.5000   30.0000   45.0000 9907.4404   18.3960
   -7.5000   37.5000   45.000010057.7559   18.3349
    0.0000   37.5000   45.000010412.1367   18.4539
    7.5000   37.5000   45.0000 9911.7305   18.4148
   -7.5000   45.0000   45.0000 9664.8643   17.9542
    0.0000   45.0000   45.000010011.9316   18.0604
    7.5000   45.0000   45.0000 9502.1729   18.0185

---------------------------------------------------------------------
imgreg_4dfp /opt/freesurfer/average/711-2C_as_mni_average_305 /opt/freesurfer/average/711-2B_as_mni_average_305_mask talsrcimg_g11 none talsrcimg_to_711-2C_as_mni_average_305_t4 4355
---------------------------------------------------------------------

freesurfer imgreg_4dfp.c
/opt/freesurfer/average/711-2C_as_mni_average_305.4dfp.img
       256       256       256         1
  1.000000  1.000000  1.000000
orientation T byte_order littleendian
Reading image: /opt/freesurfer/average/711-2C_as_mni_average_305.4dfp.img
dimensions:      256       256       256
mmppix:       1.0000   -1.0000   -1.0000
center:     128.0000 -129.0000 -129.0000
/opt/freesurfer/average/711-2B_as_mni_average_305_mask.4dfp.img
       256       256       256         1
  1.000000  1.000000  1.000000
orientation T byte_order littleendian
Reading mask: /opt/freesurfer/average/711-2B_as_mni_average_305_mask.4dfp.img (2306576 pixels)
talsrcimg_g11.4dfp.img
       256       256       256         1
  1.000000  1.000000  1.000000
orientation T byte_order littleendian
Reading image: talsrcimg_g11.4dfp.img
dimensions:      256       256       256
mmppix:       1.0000   -1.0000   -1.0000
center:     128.0000 -129.0000 -129.0000
rotation matrix determinant  1.000000
image alignment mode   4355 decimal     1103 hex
   -7.5000  -37.5000  -45.0000 1804.0271   22.7288
    0.0000  -37.5000  -45.0000 1823.9191   22.8439
    7.5000  -37.5000  -45.0000 1812.9116   22.7884
   -7.5000  -30.0000  -45.0000 1933.2191   19.9795
    0.0000  -30.0000  -45.0000 1949.5770   19.9945
    7.5000  -30.0000  -45.0000 1939.4237   20.0055
   -7.5000  -22.5000  -45.0000 2058.3811   17.8793
    0.0000  -22.5000  -45.0000 2075.9233   17.9163
    7.5000  -22.5000  -45.0000 2058.2466   17.9246
   -7.5000  -15.0000  -45.0000 2161.4395   16.2798
    0.0000  -15.0000  -45.0000 2177.3337   16.2781
    7.5000  -15.0000  -45.0000 2160.7456   16.3335
   -7.5000   -7.5000  -45.0000 2243.4932   15.0760
    0.0000   -7.5000  -45.0000 2254.7380   15.0566
    7.5000   -7.5000  -45.0000 2237.4067   15.1325
   -7.5000    0.0000  -45.0000 2302.7458   14.2251
    0.0000    0.0000  -45.0000 2318.3459   14.1763
    7.5000    0.0000  -45.0000 2296.4949   14.2631
   -7.5000    7.5000  -45.0000 2327.4565   13.6864
    0.0000    7.5000  -45.0000 2344.2034   13.6254
    7.5000    7.5000  -45.0000 2314.8684   13.7534
   -7.5000   15.0000  -45.0000 2337.8599   13.5091
    0.0000   15.0000  -45.0000 2350.8479   13.4250
    7.5000   15.0000  -45.0000 2325.6716   13.5684
   -7.5000   22.5000  -45.0000 2331.5520   13.6090
    0.0000   22.5000  -45.0000 2341.8728   13.5013
    7.5000   22.5000  -45.0000 2320.9800   13.6555
   -7.5000   30.0000  -45.0000 2307.0046   13.9719
    0.0000   30.0000  -45.0000 2318.4866   13.8887
    7.5000   30.0000  -45.0000 2292.6616   14.0509
   -7.5000   37.5000  -45.0000 2258.1973   14.6271
    0.0000   37.5000  -45.0000 2269.4846   14.5615
    7.5000   37.5000  -45.0000 2241.9912   14.7311
   -7.5000   45.0000  -45.0000 2197.1509   15.5223
    0.0000   45.0000  -45.0000 2210.9297   15.4896
    7.5000   45.0000  -45.0000 2184.5825   15.6586
   -7.5000   52.5000  -45.0000 2093.6902   16.6665
    0.0000   52.5000  -45.0000 2106.2688   16.6282
    7.5000   52.5000  -45.0000 2081.4099   16.8456
   -7.5000  -37.5000  -37.5000 1858.3575   21.4513
    0.0000  -37.5000  -37.5000 1868.4285   21.4793
    7.5000  -37.5000  -37.5000 1862.7640   21.4900
   -7.5000  -30.0000  -37.5000 1988.8398   18.8109
    0.0000  -30.0000  -37.5000 2004.9501   18.7937
    7.5000  -30.0000  -37.5000 1997.3757   18.8679
   -7.5000  -22.5000  -37.5000 2119.2412   16.8521
    0.0000  -22.5000  -37.5000 2140.1377   16.8081
    7.5000  -22.5000  -37.5000 2125.9539   16.8578
   -7.5000  -15.0000  -37.5000 2229.2629   15.3155
    0.0000  -15.0000  -37.5000 2252.2444   15.2505
    7.5000  -15.0000  -37.5000 2237.2678   15.3254
   -7.5000   -7.5000  -37.5000 2322.1182   14.1436
    0.0000   -7.5000  -37.5000 2342.0598   14.0648
    7.5000   -7.5000  -37.5000 2323.6494   14.1813
   -7.5000    0.0000  -37.5000 2391.0173   13.2977
    0.0000    0.0000  -37.5000 2402.6326   13.2005
    7.5000    0.0000  -37.5000 2386.6472   13.3643
   -7.5000    7.5000  -37.5000 2428.9233   12.7450
    0.0000    7.5000  -37.5000 2437.6387   12.6477
    7.5000    7.5000  -37.5000 2419.9966   12.8277
   -7.5000   15.0000  -37.5000 2444.9797   12.5024
    0.0000   15.0000  -37.5000 2453.1230   12.3918
    7.5000   15.0000  -37.5000 2428.0073   12.5798
   -7.5000   22.5000  -37.5000 2443.8218   12.6266
    0.0000   22.5000  -37.5000 2447.6682   12.4799
    7.5000   22.5000  -37.5000 2426.0828   12.6792
   -7.5000   30.0000  -37.5000 2409.0488   12.9629
    0.0000   30.0000  -37.5000 2418.2363   12.8578
    7.5000   30.0000  -37.5000 2390.2410   13.0606
   -7.5000   37.5000  -37.5000 2360.8286   13.5649
    0.0000   37.5000  -37.5000 2371.8323   13.4652
    7.5000   37.5000  -37.5000 2341.1113   13.7024
   -7.5000   45.0000  -37.5000 2296.6782   14.3891
    0.0000   45.0000  -37.5000 2306.0930   14.2930
    7.5000   45.0000  -37.5000 2281.3262   14.5357
   -7.5000   52.5000  -37.5000 2188.5964   15.4005
    0.0000   52.5000  -37.5000 2196.4761   15.3185
    7.5000   52.5000  -37.5000 2171.7107   15.5730
   -7.5000  -37.5000  -30.0000 1934.8750   20.9936
    0.0000  -37.5000  -30.0000 1944.4961   20.8884
    7.5000  -37.5000  -30.0000 1938.7728   21.0199
   -7.5000  -30.0000  -30.0000 2074.9343   18.4114
    0.0000  -30.0000  -30.0000 2091.0366   18.3013
    7.5000  -30.0000  -30.0000 2078.8169   18.4456
   -7.5000  -22.5000  -30.0000 2212.9041   16.4568
    0.0000  -22.5000  -30.0000 2228.3025   16.3758
    7.5000  -22.5000  -30.0000 2217.1299   16.4802
   -7.5000  -15.0000  -30.0000 2329.9109   14.9657
    0.0000  -15.0000  -30.0000 2348.1047   14.8874
    7.5000  -15.0000  -30.0000 2336.6313   14.9979
   -7.5000   -7.5000  -30.0000 2430.8059   13.8042
    0.0000   -7.5000  -30.0000 2445.2507   13.6810
    7.5000   -7.5000  -30.0000 2434.4731   13.8037
   -7.5000    0.0000  -30.0000 2509.5081   12.9328
    0.0000    0.0000  -30.0000 2517.8604   12.7854
    7.5000    0.0000  -30.0000 2511.3044   12.9451
   -7.5000    7.5000  -30.0000 2562.6326   12.3286
    0.0000    7.5000  -30.0000 2568.0422   12.2116
    7.5000    7.5000  -30.0000 2557.4756   12.4053
   -7.5000   15.0000  -30.0000 2583.8159   12.0341
    0.0000   15.0000  -30.0000 2586.0723   11.9232
    7.5000   15.0000  -30.0000 2570.5527   12.1098
   -7.5000   22.5000  -30.0000 2593.5095   12.1001
    0.0000   22.5000  -30.0000 2588.4387   11.9784
    7.5000   22.5000  -30.0000 2572.1074   12.1844
   -7.5000   30.0000  -30.0000 2555.4558   12.4745
    0.0000   30.0000  -30.0000 2559.5857   12.3701
    7.5000   30.0000  -30.0000 2536.6545   12.5744
   -7.5000   37.5000  -30.0000 2505.8962   13.0630
    0.0000   37.5000  -30.0000 2512.4583   12.9393
    7.5000   37.5000  -30.0000 2485.0024   13.1873
   -7.5000   45.0000  -30.0000 2435.5503   13.8718
    0.0000   45.0000  -30.0000 2441.5796   13.7231
    7.5000   45.0000  -30.0000 2414.9993   13.9798
   -7.5000   52.5000  -30.0000 2321.3904   14.8379
    0.0000   52.5000  -30.0000 2323.5620   14.7262
    7.5000   52.5000  -30.0000 2299.3650   14.9710
   -7.5000  -37.5000  -22.5000 1987.6799   20.4949
    0.0000  -37.5000  -22.5000 1997.4746   20.3906
    7.5000  -37.5000  -22.5000 1991.7396   20.5167
   -7.5000  -30.0000  -22.5000 2129.8132   17.9541
    0.0000  -30.0000  -22.5000 2146.7117   17.8218
    7.5000  -30.0000  -22.5000 2134.3508   17.9923
   -7.5000  -22.5000  -22.5000 2269.5234   15.9584
    0.0000  -22.5000  -22.5000 2284.6616   15.8427
    7.5000  -22.5000  -22.5000 2278.9097   16.0208
   -7.5000  -15.0000  -22.5000 2395.3152   14.4806
    0.0000  -15.0000  -22.5000 2411.1018   14.3693
    7.5000  -15.0000  -22.5000 2406.7451   14.5206
   -7.5000   -7.5000  -22.5000 2502.4233   13.3577
    0.0000   -7.5000  -22.5000 2513.8354   13.2214
    7.5000   -7.5000  -22.5000 2509.3027   13.3675
   -7.5000    0.0000  -22.5000 2588.2700   12.5039
    0.0000    0.0000  -22.5000 2597.3130   12.3632
    7.5000    0.0000  -22.5000 2594.5144   12.4880
   -7.5000    7.5000  -22.5000 2656.8643   11.8875
    0.0000    7.5000  -22.5000 2668.0981   11.7737
    7.5000    7.5000  -22.5000 2656.7410   11.8959
   -7.5000   15.0000  -22.5000 2685.4114   11.5425
    0.0000   15.0000  -22.5000 2691.8379   11.4424
    7.5000   15.0000  -22.5000 2674.8503   11.6071
   -7.5000   22.5000  -22.5000 2707.8552   11.5508
    0.0000   22.5000  -22.5000 2703.7910   11.4610
    7.5000   22.5000  -22.5000 2686.0586   11.6326
   -7.5000   30.0000  -22.5000 2682.0935   11.9413
    0.0000   30.0000  -22.5000 2681.6650   11.8428
    7.5000   30.0000  -22.5000 2656.6836   12.0211
   -7.5000   37.5000  -22.5000 2628.9963   12.5004
    0.0000   37.5000  -22.5000 2629.8518   12.3917
    7.5000   37.5000  -22.5000 2605.6340   12.5975
   -7.5000   45.0000  -22.5000 2549.8743   13.2528
    0.0000   45.0000  -22.5000 2549.8450   13.1259
    7.5000   45.0000  -22.5000 2525.0215   13.3614
   -7.5000   52.5000  -22.5000 2424.5400   14.1918
    0.0000   52.5000  -22.5000 2421.2820   14.0639
    7.5000   52.5000  -22.5000 2403.2073   14.3109
   -7.5000  -37.5000  -15.0000 2007.6997   20.1302
    0.0000  -37.5000  -15.0000 2022.1144   20.0061
    7.5000  -37.5000  -15.0000 2010.5253   20.1384
   -7.5000  -30.0000  -15.0000 2150.1328   17.5456
    0.0000  -30.0000  -15.0000 2166.6143   17.4021
    7.5000  -30.0000  -15.0000 2154.1821   17.5786
   -7.5000  -22.5000  -15.0000 2296.9304   15.5441
    0.0000  -22.5000  -15.0000 2311.2083   15.4064
    7.5000  -22.5000  -15.0000 2304.8650   15.5726
   -7.5000  -15.0000  -15.0000 2428.0972   14.0445
    0.0000  -15.0000  -15.0000 2441.5576   13.9202
    7.5000  -15.0000  -15.0000 2438.1897   14.0579
   -7.5000   -7.5000  -15.0000 2540.9167   12.9467
    0.0000   -7.5000  -15.0000 2553.2485   12.8373
    7.5000   -7.5000  -15.0000 2547.5034   12.9427
   -7.5000    0.0000  -15.0000 2636.4153   12.1324
    0.0000    0.0000  -15.0000 2649.4238   12.0145
    7.5000    0.0000  -15.0000 2638.1470   12.1008
   -7.5000    7.5000  -15.0000 2716.9783   11.5194
    0.0000    7.5000  -15.0000 2730.7256   11.4070
    7.5000    7.5000  -15.0000 2716.8269   11.4884
   -7.5000   15.0000  -15.0000 2763.4346   11.1443
    0.0000   15.0000  -15.0000 2771.2371   11.0295
    7.5000   15.0000  -15.0000 2752.3833   11.1490
   -7.5000   22.5000  -15.0000 2792.5942   11.1126
    0.0000   22.5000  -15.0000 2791.2339   11.0243
    7.5000   22.5000  -15.0000 2767.3489   11.1576
   -7.5000   30.0000  -15.0000 2770.3706   11.4584
    0.0000   30.0000  -15.0000 2764.9397   11.3537
    7.5000   30.0000  -15.0000 2743.6711   11.4967
   -7.5000   37.5000  -15.0000 2716.3564   11.9752
    0.0000   37.5000  -15.0000 2713.8586   11.8596
    7.5000   37.5000  -15.0000 2685.6611   12.0399
   -7.5000   45.0000  -15.0000 2629.1292   12.6925
    0.0000   45.0000  -15.0000 2627.8250   12.5638
    7.5000   45.0000  -15.0000 2603.8945   12.8016
   -7.5000   52.5000  -15.0000 2498.3367   13.6173
    0.0000   52.5000  -15.0000 2493.1443   13.4936
    7.5000   52.5000  -15.0000 2472.8347   13.7781
   -7.5000  -37.5000   -7.5000 2001.7716   19.9708
    0.0000  -37.5000   -7.5000 2018.0869   19.7864
    7.5000  -37.5000   -7.5000 2005.9663   19.9857
   -7.5000  -30.0000   -7.5000 2148.9978   17.2738
    0.0000  -30.0000   -7.5000 2166.1118   17.0861
    7.5000  -30.0000   -7.5000 2155.1826   17.3145
   -7.5000  -22.5000   -7.5000 2301.7861   15.2403
    0.0000  -22.5000   -7.5000 2316.6196   15.0720
    7.5000  -22.5000   -7.5000 2309.5950   15.2747
   -7.5000  -15.0000   -7.5000 2437.2004   13.7205
    0.0000  -15.0000   -7.5000 2448.1448   13.5686
    7.5000  -15.0000   -7.5000 2441.5220   13.7484
   -7.5000   -7.5000   -7.5000 2557.3613   12.6509
    0.0000   -7.5000   -7.5000 2565.4644   12.5178
    7.5000   -7.5000   -7.5000 2557.7417   12.6712
   -7.5000    0.0000   -7.5000 2666.1362   11.8615
    0.0000    0.0000   -7.5000 2674.6448   11.7571
    7.5000    0.0000   -7.5000 2663.6907   11.8584
   -7.5000    7.5000   -7.5000 2762.1772   11.2801
    0.0000    7.5000   -7.5000 2769.2146   11.1672
    7.5000    7.5000   -7.5000 2753.7747   11.2503
   -7.5000   15.0000   -7.5000 2826.5078   10.8614
    0.0000   15.0000   -7.5000 2835.2307   10.7479
    7.5000   15.0000   -7.5000 2801.3296   10.8366
   -7.5000   22.5000   -7.5000 2860.7637   10.8253
    0.0000   22.5000   -7.5000 2862.1272   10.7183
    7.5000   22.5000   -7.5000 2829.0645   10.8601
   -7.5000   30.0000   -7.5000 2837.5190   11.1151
    0.0000   30.0000   -7.5000 2836.9836   10.9727
    7.5000   30.0000   -7.5000 2805.0864   11.1224
   -7.5000   37.5000   -7.5000 2772.5327   11.5693
    0.0000   37.5000   -7.5000 2774.0637   11.4201
    7.5000   37.5000   -7.5000 2741.6511   11.6404
   -7.5000   45.0000   -7.5000 2675.2446   12.2341
    0.0000   45.0000   -7.5000 2681.4048   12.0748
    7.5000   45.0000   -7.5000 2649.3999   12.3622
   -7.5000   52.5000   -7.5000 2532.1438   13.1599
    0.0000   52.5000   -7.5000 2538.9927   13.0072
    7.5000   52.5000   -7.5000 2514.3623   13.2971
   -7.5000  -37.5000    0.0000 1989.2775   20.2951
    0.0000  -37.5000    0.0000 1999.5054   20.0303
    7.5000  -37.5000    0.0000 1995.7239   20.2759
   -7.5000  -30.0000    0.0000 2138.6238   17.3788
    0.0000  -30.0000    0.0000 2150.3911   17.1562
    7.5000  -30.0000    0.0000 2142.7959   17.3685
   -7.5000  -22.5000    0.0000 2286.5911   15.1968
    0.0000  -22.5000    0.0000 2295.6978   15.0056
    7.5000  -22.5000    0.0000 2292.6824   15.2387
   -7.5000  -15.0000    0.0000 2421.5798   13.6508
    0.0000  -15.0000    0.0000 2423.4934   13.4663
    7.5000  -15.0000    0.0000 2423.6650   13.6819
   -7.5000   -7.5000    0.0000 2544.3640   12.5541
    0.0000   -7.5000    0.0000 2546.2891   12.4256
    7.5000   -7.5000    0.0000 2541.1379   12.5805
   -7.5000    0.0000    0.0000 2664.8384   11.7932
    0.0000    0.0000    0.0000 2669.9067   11.6984
    7.5000    0.0000    0.0000 2655.7461   11.7897
   -7.5000    7.5000    0.0000 2769.8201   11.2906
    0.0000    7.5000    0.0000 2779.6841   11.2482
    7.5000    7.5000    0.0000 2759.2275   11.2234
   -7.5000   15.0000    0.0000 2850.9712   10.8958
    0.0000   15.0000    0.0000 2875.5098   10.8519
    7.5000   15.0000    0.0000 2826.2551   10.7988
   -7.5000   22.5000    0.0000 2901.0581   10.7230
    0.0000   22.5000    0.0000 2919.2104   10.6708
    7.5000   22.5000    0.0000 2856.5813   10.7217
   -7.5000   30.0000    0.0000 2880.9163   10.8559
    0.0000   30.0000    0.0000 2890.8269   10.8311
    7.5000   30.0000    0.0000 2840.8760   10.9632
   -7.5000   37.5000    0.0000 2805.5002   11.3420
    0.0000   37.5000    0.0000 2810.1531   11.2912
    7.5000   37.5000    0.0000 2771.1765   11.4483
   -7.5000   45.0000    0.0000 2695.3594   12.0196
    0.0000   45.0000    0.0000 2705.1252   11.9355
    7.5000   45.0000    0.0000 2673.1436   12.1232
   -7.5000   52.5000    0.0000 2552.1777   12.9391
    0.0000   52.5000    0.0000 2558.6375   12.8053
    7.5000   52.5000    0.0000 2534.2795   13.0214
   -7.5000  -37.5000    7.5000 1961.0884   20.6663
    0.0000  -37.5000    7.5000 1974.4480   20.5121
    7.5000  -37.5000    7.5000 1966.6438   20.6294
   -7.5000  -30.0000    7.5000 2117.3206   17.6793
    0.0000  -30.0000    7.5000 2124.8179   17.4806
    7.5000  -30.0000    7.5000 2123.6731   17.6645
   -7.5000  -22.5000    7.5000 2267.5024   15.4363
    0.0000  -22.5000    7.5000 2271.6379   15.2750
    7.5000  -22.5000    7.5000 2269.6240   15.4529
   -7.5000  -15.0000    7.5000 2402.4995   13.8395
    0.0000  -15.0000    7.5000 2396.9805   13.6924
    7.5000  -15.0000    7.5000 2398.7085   13.8456
   -7.5000   -7.5000    7.5000 2528.4990   12.7194
    0.0000   -7.5000    7.5000 2526.9397   12.6535
    7.5000   -7.5000    7.5000 2522.9309   12.7294
   -7.5000    0.0000    7.5000 2653.9553   11.9757
    0.0000    0.0000    7.5000 2658.7869   11.9782
    7.5000    0.0000    7.5000 2645.7173   11.9826
   -7.5000    7.5000    7.5000 2764.2900   11.5232
    0.0000    7.5000    7.5000 2780.6257   11.6248
    7.5000    7.5000    7.5000 2754.2043   11.4766
   -7.5000   15.0000    7.5000 2851.4907   11.1661
    0.0000   15.0000    7.5000 2884.4126   11.3019
    7.5000   15.0000    7.5000 2831.5264   11.0599
   -7.5000   22.5000    7.5000 2894.8586   10.8152
    0.0000   22.5000    7.5000 2929.8860   10.9636
    7.5000   22.5000    7.5000 2864.2905   10.8918
   -7.5000   30.0000    7.5000 2892.9053   10.8663
    0.0000   30.0000    7.5000 2911.1611   10.9644
    7.5000   30.0000    7.5000 2848.3464   11.0225
   -7.5000   37.5000    7.5000 2816.0701   11.3676
    0.0000   37.5000    7.5000 2816.6206   11.3984
    7.5000   37.5000    7.5000 2774.2988   11.4897
   -7.5000   45.0000    7.5000 2691.9209   12.0999
    0.0000   45.0000    7.5000 2694.4109   12.0446
    7.5000   45.0000    7.5000 2667.5193   12.1919
   -7.5000   52.5000    7.5000 2547.5029   12.9875
    0.0000   52.5000    7.5000 2550.9329   12.8866
    7.5000   52.5000    7.5000 2526.9604   13.0628
   -7.5000  -37.5000   15.0000 1921.0121   21.4355
    0.0000  -37.5000   15.0000 1934.5642   21.2704
    7.5000  -37.5000   15.0000 1922.2375   21.2671
   -7.5000  -30.0000   15.0000 2081.3411   18.2204
    0.0000  -30.0000   15.0000 2097.0571   18.0778
    7.5000  -30.0000   15.0000 2084.8938   18.1724
   -7.5000  -22.5000   15.0000 2238.6218   15.8712
    0.0000  -22.5000   15.0000 2246.7280   15.7816
    7.5000  -22.5000   15.0000 2235.8955   15.9139
   -7.5000  -15.0000   15.0000 2371.4785   14.2292
    0.0000  -15.0000   15.0000 2376.9832   14.2011
    7.5000  -15.0000   15.0000 2362.8450   14.3180
   -7.5000   -7.5000   15.0000 2498.6069   13.0799
    0.0000   -7.5000   15.0000 2508.3191   13.0998
    7.5000   -7.5000   15.0000 2488.5571   13.1921
   -7.5000    0.0000   15.0000 2621.1421   12.2828
    0.0000    0.0000   15.0000 2634.3811   12.3616
    7.5000    0.0000   15.0000 2611.2427   12.4380
   -7.5000    7.5000   15.0000 2729.6111   11.8152
    0.0000    7.5000   15.0000 2747.4141   11.9457
    7.5000    7.5000   15.0000 2718.1807   11.8707
   -7.5000   15.0000   15.0000 2812.8110   11.4561
    0.0000   15.0000   15.0000 2841.6333   11.6141
    7.5000   15.0000   15.0000 2793.1875   11.5338
   -7.5000   22.5000   15.0000 2848.4607   11.2213
    0.0000   22.5000   15.0000 2882.1187   11.3797
    7.5000   22.5000   15.0000 2823.9358   11.3524
   -7.5000   30.0000   15.0000 2846.3811   11.2604
    0.0000   30.0000   15.0000 2871.7407   11.3507
    7.5000   30.0000   15.0000 2813.7493   11.3756
   -7.5000   37.5000   15.0000 2778.9702   11.6588
    0.0000   37.5000   15.0000 2789.4387   11.6838
    7.5000   37.5000   15.0000 2741.8489   11.7549
   -7.5000   45.0000   15.0000 2661.0803   12.3448
    0.0000   45.0000   15.0000 2666.8879   12.3067
    7.5000   45.0000   15.0000 2639.5854   12.4254
   -7.5000   52.5000   15.0000 2519.0979   13.2157
    0.0000   52.5000   15.0000 2520.3018   13.1019
    7.5000   52.5000   15.0000 2496.6667   13.2596
   -7.5000  -37.5000   22.5000 1876.7096   22.5128
    0.0000  -37.5000   22.5000 1889.3541   22.4249
    7.5000  -37.5000   22.5000 1876.8517   22.4745
   -7.5000  -30.0000   22.5000 2038.6750   19.0785
    0.0000  -30.0000   22.5000 2050.4104   19.0007
    7.5000  -30.0000   22.5000 2042.2500   19.2255
   -7.5000  -22.5000   22.5000 2201.8958   16.6625
    0.0000  -22.5000   22.5000 2206.7141   16.5678
    7.5000  -22.5000   22.5000 2195.9219   16.8243
   -7.5000  -15.0000   22.5000 2341.8127   14.9138
    0.0000  -15.0000   22.5000 2342.5457   14.8553
    7.5000  -15.0000   22.5000 2325.6782   15.1221
   -7.5000   -7.5000   22.5000 2464.5889   13.6626
    0.0000   -7.5000   22.5000 2467.0764   13.6211
    7.5000   -7.5000   22.5000 2452.1045   13.8791
   -7.5000    0.0000   22.5000 2575.9783   12.8313
    0.0000    0.0000   22.5000 2581.7256   12.7704
    7.5000    0.0000   22.5000 2566.0728   12.9987
   -7.5000    7.5000   22.5000 2682.7097   12.2467
    0.0000    7.5000   22.5000 2687.8618   12.1976
    7.5000    7.5000   22.5000 2668.8660   12.3561
   -7.5000   15.0000   22.5000 2755.6318   11.7921
    0.0000   15.0000   22.5000 2768.5830   11.7668
    7.5000   15.0000   22.5000 2733.8562   11.9711
   -7.5000   22.5000   22.5000 2787.6875   11.6204
    0.0000   22.5000   22.5000 2804.3213   11.5880
    7.5000   22.5000   22.5000 2766.0310   11.7680
   -7.5000   30.0000   22.5000 2774.5876   11.7712
    0.0000   30.0000   22.5000 2790.9673   11.7213
    7.5000   30.0000   22.5000 2755.1155   11.8647
   -7.5000   37.5000   22.5000 2717.9561   12.2042
    0.0000   37.5000   22.5000 2719.4949   12.1410
    7.5000   37.5000   22.5000 2693.8191   12.2608
   -7.5000   45.0000   22.5000 2618.9897   12.8771
    0.0000   45.0000   22.5000 2619.9231   12.8050
    7.5000   45.0000   22.5000 2592.4341   12.9382
   -7.5000   52.5000   22.5000 2484.1125   13.6952
    0.0000   52.5000   22.5000 2484.8833   13.5837
    7.5000   52.5000   22.5000 2456.7256   13.7572
   -7.5000  -37.5000   30.0000 1821.7969   23.8293
    0.0000  -37.5000   30.0000 1830.0183   23.6824
    7.5000  -37.5000   30.0000 1825.3391   23.9489
   -7.5000  -30.0000   30.0000 1984.8085   20.1762
    0.0000  -30.0000   30.0000 1994.0320   20.0733
    7.5000  -30.0000   30.0000 1993.2997   20.4608
   -7.5000  -22.5000   30.0000 2148.5669   17.5904
    0.0000  -22.5000   30.0000 2154.0068   17.4788
    7.5000  -22.5000   30.0000 2147.5417   17.8838
   -7.5000  -15.0000   30.0000 2291.2642   15.6829
    0.0000  -15.0000   30.0000 2290.9219   15.5960
    7.5000  -15.0000   30.0000 2280.3594   16.0206
   -7.5000   -7.5000   30.0000 2413.8232   14.3664
    0.0000   -7.5000   30.0000 2413.8762   14.2789
    7.5000   -7.5000   30.0000 2403.5657   14.6451
   -7.5000    0.0000   30.0000 2516.5916   13.4519
    0.0000    0.0000   30.0000 2519.0044   13.3914
    7.5000    0.0000   30.0000 2509.6814   13.6979
   -7.5000    7.5000   30.0000 2617.2336   12.7917
    0.0000    7.5000   30.0000 2619.8835   12.7339
    7.5000    7.5000   30.0000 2600.2246   13.0144
   -7.5000   15.0000   30.0000 2676.7480   12.3192
    0.0000   15.0000   30.0000 2683.8369   12.2965
    7.5000   15.0000   30.0000 2655.7183   12.5423
   -7.5000   22.5000   30.0000 2707.3416   12.1499
    0.0000   22.5000   30.0000 2712.5981   12.1113
    7.5000   22.5000   30.0000 2687.5195   12.3256
   -7.5000   30.0000   30.0000 2688.1057   12.2935
    0.0000   30.0000   30.0000 2696.7632   12.2196
    7.5000   30.0000   30.0000 2672.6692   12.4119
   -7.5000   37.5000   30.0000 2639.4644   12.7197
    0.0000   37.5000   30.0000 2642.0012   12.6257
    7.5000   37.5000   30.0000 2620.1560   12.7849
   -7.5000   45.0000   30.0000 2554.0989   13.4580
    0.0000   45.0000   30.0000 2555.7830   13.3195
    7.5000   45.0000   30.0000 2530.7725   13.5068
   -7.5000   52.5000   30.0000 2427.6150   14.3090
    0.0000   52.5000   30.0000 2434.1172   14.1740
    7.5000   52.5000   30.0000 2406.4998   14.3725
   -7.5000  -37.5000   37.5000 1760.8424   25.3315
    0.0000  -37.5000   37.5000 1769.6550   25.2361
    7.5000  -37.5000   37.5000 1766.6187   25.6449
   -7.5000  -30.0000   37.5000 1929.3346   21.4550
    0.0000  -30.0000   37.5000 1940.4043   21.3256
    7.5000  -30.0000   37.5000 1936.5323   21.8324
   -7.5000  -22.5000   37.5000 2088.9495   18.6591
    0.0000  -22.5000   37.5000 2098.7642   18.5396
    7.5000  -22.5000   37.5000 2092.5142   19.0641
   -7.5000  -15.0000   37.5000 2230.7727   16.6560
    0.0000  -15.0000   37.5000 2233.6428   16.5523
    7.5000  -15.0000   37.5000 2225.8396   17.0756
   -7.5000   -7.5000   37.5000 2349.6038   15.2741
    0.0000   -7.5000   37.5000 2350.4065   15.1564
    7.5000   -7.5000   37.5000 2340.1357   15.6341
   -7.5000    0.0000   37.5000 2444.6033   14.3189
    0.0000    0.0000   37.5000 2443.7065   14.2453
    7.5000    0.0000   37.5000 2436.7480   14.6170
   -7.5000    7.5000   37.5000 2530.7573   13.6073
    0.0000    7.5000   37.5000 2536.1868   13.5327
    7.5000    7.5000   37.5000 2517.1768   13.8847
   -7.5000   15.0000   37.5000 2584.1033   13.0840
    0.0000   15.0000   37.5000 2587.5000   13.0592
    7.5000   15.0000   37.5000 2567.5759   13.3568
   -7.5000   22.5000   37.5000 2614.1138   12.9240
    0.0000   22.5000   37.5000 2614.7681   12.8687
    7.5000   22.5000   37.5000 2594.1775   13.1227
   -7.5000   30.0000   37.5000 2594.7317   13.0181
    0.0000   30.0000   37.5000 2601.1270   12.9594
    7.5000   30.0000   37.5000 2581.1145   13.1617
   -7.5000   37.5000   37.5000 2559.7000   13.4248
    0.0000   37.5000   37.5000 2559.7651   13.3474
    7.5000   37.5000   37.5000 2537.8391   13.5140
   -7.5000   45.0000   37.5000 2484.5803   14.1403
    0.0000   45.0000   37.5000 2486.1091   14.0265
    7.5000   45.0000   37.5000 2460.6270   14.2377
   -7.5000   52.5000   37.5000 2365.9980   14.9828
    0.0000   52.5000   37.5000 2369.5166   14.8553
    7.5000   52.5000   37.5000 2347.3799   15.0833
   -7.5000  -37.5000   45.0000 1687.9709   27.2181
    0.0000  -37.5000   45.0000 1698.8240   27.1767
    7.5000  -37.5000   45.0000 1697.8215   27.6609
   -7.5000  -30.0000   45.0000 1859.4978   23.0571
    0.0000  -30.0000   45.0000 1870.9525   22.9992
    7.5000  -30.0000   45.0000 1863.9518   23.6273
   -7.5000  -22.5000   45.0000 2018.6166   20.0360
    0.0000  -22.5000   45.0000 2029.3511   19.9590
    7.5000  -22.5000   45.0000 2018.4702   20.6073
   -7.5000  -15.0000   45.0000 2155.0156   17.9313
    0.0000  -15.0000   45.0000 2162.1941   17.8322
    7.5000  -15.0000   45.0000 2149.3787   18.3990
   -7.5000   -7.5000   45.0000 2271.5347   16.4608
    0.0000   -7.5000   45.0000 2271.2859   16.3730
    7.5000   -7.5000   45.0000 2260.0454   16.8517
   -7.5000    0.0000   45.0000 2359.0598   15.4272
    0.0000    0.0000   45.0000 2360.0181   15.3473
    7.5000    0.0000   45.0000 2348.3064   15.7944
   -7.5000    7.5000   45.0000 2435.2969   14.6705
    0.0000    7.5000   45.0000 2442.0632   14.6008
    7.5000    7.5000   45.0000 2423.8125   14.9876
   -7.5000   15.0000   45.0000 2483.2825   14.1018
    0.0000   15.0000   45.0000 2482.8750   14.0793
    7.5000   15.0000   45.0000 2470.3242   14.3990
   -7.5000   22.5000   45.0000 2503.2864   13.9377
    0.0000   22.5000   45.0000 2507.1863   13.8705
    7.5000   22.5000   45.0000 2492.0884   14.1585
   -7.5000   30.0000   45.0000 2493.4460   13.9901
    0.0000   30.0000   45.0000 2496.3213   13.9167
    7.5000   30.0000   45.0000 2479.2866   14.1452
   -7.5000   37.5000   45.0000 2461.4827   14.3352
    0.0000   37.5000   45.0000 2462.3870   14.2541
    7.5000   37.5000   45.0000 2440.5815   14.4573
   -7.5000   45.0000   45.0000 2402.5974   15.0014
    0.0000   45.0000   45.0000 2400.6150   14.9325
    7.5000   45.0000   45.0000 2376.9338   15.1480
   -7.5000   52.5000   45.0000 2299.9490   15.8061
    0.0000   52.5000   45.0000 2296.9675   15.7167
    7.5000   52.5000   45.0000 2275.3845   15.9675

---------------------------------------------------------------------
imgreg_4dfp /opt/freesurfer/average/711-2C_as_mni_average_305 /opt/freesurfer/average/711-2B_as_mni_average_305_mask talsrcimg_g11 none talsrcimg_to_711-2C_as_mni_average_305_t4 1283
---------------------------------------------------------------------

freesurfer imgreg_4dfp.c
/opt/freesurfer/average/711-2C_as_mni_average_305.4dfp.img
       256       256       256         1
  1.000000  1.000000  1.000000
orientation T byte_order littleendian
Reading image: /opt/freesurfer/average/711-2C_as_mni_average_305.4dfp.img
dimensions:      256       256       256
mmppix:       1.0000   -1.0000   -1.0000
center:     128.0000 -129.0000 -129.0000
/opt/freesurfer/average/711-2B_as_mni_average_305_mask.4dfp.img
       256       256       256         1
  1.000000  1.000000  1.000000
orientation T byte_order littleendian
Reading mask: /opt/freesurfer/average/711-2B_as_mni_average_305_mask.4dfp.img (2306576 pixels)
talsrcimg_g11.4dfp.img
       256       256       256         1
  1.000000  1.000000  1.000000
orientation T byte_order littleendian
Reading image: talsrcimg_g11.4dfp.img
dimensions:      256       256       256
mmppix:       1.0000   -1.0000   -1.0000
center:     128.0000 -129.0000 -129.0000
rotation matrix determinant  1.000000
fimgreg.f
image alignment mode   1283 decimal      503 hex
parameters
    0.0000   22.5000    7.5000    0.0000    0.0000    0.0000
eta,q 0.92100 10.94339
niter,ni,del,rscale     5    3   12.0000    1.2000
parameter  4  0.541039 ->  0.500000 qaram    1.1500
parameters
   -1.2447   23.5282    6.9418   -3.4500    1.9702    1.9877
eta,q 0.92781 10.85548
  0.0883  0.0874  0.0804  0.0751  0.0873  0.0819
  0.0821  0.0817  0.0792  0.0746  0.0820  0.0784
  0.0770  0.0788  0.0764  0.0740  0.0778  0.0750
  0.0770  0.0760  0.0750  0.0753  0.0743  0.0728
  0.0836  0.0749  0.0765  0.0779  0.0728  0.0722
  0.0932  0.0776  0.0789  0.0815  0.0741  0.0730
  0.0990  0.0821  0.0847  0.0850  0.0777  0.0750
niter,ni,del,rscale     5    3   12.0000    1.2000
parameters
   -2.1576   24.4253    5.6256   -5.9039    3.2428    1.9571
eta,q 0.92921 10.79865
  0.0866  0.0840  0.0764  0.0721  0.0825  0.0746
  0.0796  0.0780  0.0746  0.0723  0.0786  0.0720
  0.0733  0.0740  0.0718  0.0720  0.0753  0.0710
  0.0722  0.0718  0.0716  0.0712  0.0720  0.0708
  0.0788  0.0720  0.0745  0.0722  0.0707  0.0710
  0.0888  0.0746  0.0784  0.0760  0.0727  0.0722
  0.0953  0.0783  0.0844  0.0814  0.0775  0.0746
niter,ni,del,rscale     4    3   12.0000    1.2000
parameters
   -2.6914   25.0868    4.8784   -7.8165    4.0996    1.9806
eta,q 0.92916 10.73678
  0.0873  0.0803  0.0775  0.0716  0.0822  0.0736
  0.0799  0.0732  0.0751  0.0713  0.0780  0.0720
  0.0731  0.0705  0.0723  0.0714  0.0741  0.0714
  0.0708  0.0707  0.0709  0.0709  0.0713  0.0709
  0.0761  0.0716  0.0739  0.0707  0.0710  0.0704
  0.0858  0.0732  0.0773  0.0729  0.0734  0.0714
  0.0922  0.0750  0.0817  0.0766  0.0784  0.0742
niter,ni,del,rscale     3    3   12.0000    1.2000
parameters
   -2.9848   25.5285    4.7233   -7.8973    4.3860    1.8641
eta,q 0.92908 10.71348
  0.0885  0.0779  0.0787  0.0733  0.0810  0.0736
  0.0805  0.0711  0.0765  0.0711  0.0768  0.0720
  0.0734  0.0702  0.0736  0.0710  0.0732  0.0714
  0.0708  0.0708  0.0709  0.0710  0.0710  0.0709
  0.0751  0.0717  0.0729  0.0703  0.0714  0.0705
  0.0839  0.0726  0.0764  0.0709  0.0746  0.0716
  0.0912  0.0739  0.0803  0.0738  0.0803  0.0746
niter,ni,del,rscale     2    3   12.0000    1.2000
parameters
   -3.0899   25.4883    4.6731   -7.9950    4.5259    1.8721
eta,q 0.92910 10.71055
  0.0896  0.0760  0.0789  0.0731  0.0806  0.0737
  0.0815  0.0705  0.0766  0.0708  0.0765  0.0721
  0.0740  0.0704  0.0738  0.0709  0.0729  0.0714
  0.0709  0.0709  0.0709  0.0709  0.0710  0.0709
  0.0745  0.0719  0.0726  0.0703  0.0716  0.0705
  0.0829  0.0724  0.0761  0.0707  0.0749  0.0715
  0.0905  0.0744  0.0800  0.0736  0.0807  0.0744
niter,ni,del,rscale     1    3   12.0000    1.2000
parameters
   -3.1387   25.5399    4.6369   -8.0182    4.5759    1.8559
eta,q 0.92908 10.70628
  0.0899  0.0762  0.0789  0.0732  0.0804  0.0737
  0.0817  0.0706  0.0766  0.0708  0.0763  0.0722
  0.0741  0.0704  0.0738  0.0708  0.0728  0.0714
  0.0709  0.0709  0.0709  0.0709  0.0709  0.0709
  0.0742  0.0719  0.0725  0.0703  0.0717  0.0705
  0.0825  0.0725  0.0760  0.0707  0.0752  0.0715
  0.0902  0.0743  0.0800  0.0736  0.0811  0.0745
registration optimization eta report
parameter search radius
    6.0000    6.0000    6.0000    6.9000    6.0000    6.0000
100000*second partial in parameter space
       51.       13.       21.        6.       27.        9.
  0.0899  0.0762  0.0789  0.0732  0.0804  0.0737
  0.0817  0.0706  0.0766  0.0708  0.0763  0.0722
  0.0741  0.0704  0.0738  0.0708  0.0728  0.0714
  0.0709  0.0709  0.0709  0.0709  0.0709  0.0709
  0.0742  0.0719  0.0725  0.0703  0.0717  0.0705
  0.0825  0.0725  0.0760  0.0707  0.0752  0.0715
  0.0902  0.0743  0.0800  0.0736  0.0811  0.0745
   -3.1387   25.5399    4.6369   -8.0182    4.5759    1.8559
eta,q 0.92908 10.70628

---------------------------------------------------------------------
imgreg_4dfp /opt/freesurfer/average/711-2C_as_mni_average_305 /opt/freesurfer/average/711-2B_as_mni_average_305_mask talsrcimg_g11 none talsrcimg_to_711-2C_as_mni_average_305_t4 3335
---------------------------------------------------------------------

freesurfer imgreg_4dfp.c
/opt/freesurfer/average/711-2C_as_mni_average_305.4dfp.img
       256       256       256         1
  1.000000  1.000000  1.000000
orientation T byte_order littleendian
Reading image: /opt/freesurfer/average/711-2C_as_mni_average_305.4dfp.img
dimensions:      256       256       256
mmppix:       1.0000   -1.0000   -1.0000
center:     128.0000 -129.0000 -129.0000
/opt/freesurfer/average/711-2B_as_mni_average_305_mask.4dfp.img
       256       256       256         1
  1.000000  1.000000  1.000000
orientation T byte_order littleendian
Reading mask: /opt/freesurfer/average/711-2B_as_mni_average_305_mask.4dfp.img (2306576 pixels)
talsrcimg_g11.4dfp.img
       256       256       256         1
  1.000000  1.000000  1.000000
orientation T byte_order littleendian
Reading image: talsrcimg_g11.4dfp.img
dimensions:      256       256       256
mmppix:       1.0000   -1.0000   -1.0000
center:     128.0000 -129.0000 -129.0000
fimgreg.f
image alignment mode   3335 decimal      D07 hex
parameters
   -3.1387   25.5399    4.6369   -0.3710   -0.9935   -1.2932
   -2.0947   -8.3475    3.2283   13.6856    7.9779  -13.9043
eta,q 0.92837 10.79847
niter,ni,del,rscale     5    3    5.0000    1.2000
parameter  3  1.612161 ->  0.500000 qaram    1.1500
parameter  4  0.951369 ->  0.500000 qaram    1.1500
parameter  5 20.369646 ->  0.500000 qaram    1.1500
parameter  6  3.247402 ->  0.500000 qaram    1.1500
parameter 12 -1.916792 -> -0.500000 qaram    1.1500
parameters
   -3.5315   26.6189    3.2569   -4.5110   -5.1335   -5.4332
   -1.0595   -8.1268    0.8981   13.0022    4.9253   -9.7643
eta,q 0.95079 10.48444
  0.0739  0.0739  0.0707  0.0670  0.0544  0.0493  0.0549  0.0578  0.0531  0.0545  0.0522  0.0572
  0.0724  0.0729  0.0708  0.0677  0.0588  0.0514  0.0536  0.0550  0.0523  0.0531  0.0517  0.0553
  0.0716  0.0721  0.0711  0.0689  0.0632  0.0553  0.0527  0.0531  0.0519  0.0522  0.0516  0.0534
  0.0716  0.0715  0.0713  0.0709  0.0680  0.0600  0.0523  0.0522  0.0522  0.0519  0.0519  0.0516
  0.0724  0.0713  0.0715  0.0744  0.0727  0.0643  0.0523  0.0527  0.0530  0.0526  0.0527  0.0500
  0.0739  0.0714  0.0718  0.0790  0.0772  0.0696  0.0528  0.0545  0.0543  0.0538  0.0538  0.0490
  0.0760  0.0717  0.0723  0.0840  0.0821  0.0741  0.0537  0.0573  0.0559  0.0558  0.0552  0.0483
niter,ni,del,rscale     7    3    5.0000    1.2000
parameter  5  2.967262 ->  0.500000 qaram    1.3225
parameter  6  0.770653 ->  0.500000 qaram    1.3225
parameter 12 -1.285927 -> -0.500000 qaram    1.3225
parameters
   -3.4868   25.7334    3.8611   -6.9164   -9.8945  -10.1942
    0.6137   -7.7636    1.5523   11.0981    3.2229   -5.0033
eta,q 0.96278 10.02154
  0.0522  0.0498  0.0539  0.0497  0.0368  0.0381  0.0419  0.0424  0.0414  0.0405  0.0392  0.0435
  0.0505  0.0491  0.0516  0.0490  0.0399  0.0390  0.0407  0.0406  0.0402  0.0394  0.0389  0.0417
  0.0495  0.0489  0.0498  0.0488  0.0437  0.0394  0.0398  0.0396  0.0394  0.0389  0.0388  0.0402
  0.0492  0.0492  0.0489  0.0488  0.0487  0.0408  0.0392  0.0391  0.0390  0.0390  0.0389  0.0388
  0.0495  0.0500  0.0489  0.0491  0.0540  0.0453  0.0391  0.0392  0.0391  0.0399  0.0390  0.0378
  0.0504  0.0514  0.0496  0.0509  0.0595  0.0503  0.0394  0.0402  0.0397  0.0416  0.0393  0.0371
  0.0520  0.0532  0.0509  0.0556  0.0654  0.0562  0.0403  0.0419  0.0407  0.0438  0.0397  0.0368
niter,ni,del,rscale     7    3    5.0000    1.2000
parameter  5  1.386237 ->  0.500000 qaram    1.5209
parameters
   -3.3303   25.4314    3.8001   -4.4384  -15.3697  -14.1387
    0.1615   -7.3445    1.5331    9.7733    4.6869   -1.8561
eta,q 0.96955  9.61028
  0.0403  0.0392  0.0387  0.0393  0.0297  0.0317  0.0327  0.0347  0.0326  0.0333  0.0319  0.0345
  0.0387  0.0380  0.0378  0.0383  0.0311  0.0308  0.0317  0.0329  0.0317  0.0316  0.0313  0.0327
  0.0376  0.0373  0.0373  0.0376  0.0335  0.0310  0.0311  0.0316  0.0311  0.0308  0.0309  0.0314
  0.0372  0.0372  0.0372  0.0372  0.0372  0.0317  0.0308  0.0309  0.0308  0.0308  0.0307  0.0307
  0.0374  0.0377  0.0374  0.0372  0.0419  0.0326  0.0312  0.0310  0.0310  0.0318  0.0307  0.0305
  0.0382  0.0389  0.0379  0.0372  0.0477  0.0362  0.0320  0.0322  0.0317  0.0336  0.0309  0.0307
  0.0396  0.0406  0.0389  0.0377  0.0535  0.0430  0.0333  0.0341  0.0327  0.0359  0.0312  0.0314
niter,ni,del,rscale     7    3    5.0000    1.2000
parameter  5  0.613314 ->  0.500000 qaram    1.7490
parameters
   -3.2024   25.1012    3.8345   -6.4651  -21.6661  -14.9234
   -0.9350   -7.0127   -0.0441    9.6705    4.8372   -1.8330
eta,q 0.97245  9.07240
  0.0334  0.0325  0.0324  0.0311  0.0288  0.0311  0.0295  0.0320  0.0288  0.0310  0.0287  0.0298
  0.0319  0.0311  0.0313  0.0304  0.0279  0.0292  0.0283  0.0300  0.0279  0.0291  0.0281  0.0285
  0.0309  0.0304  0.0306  0.0301  0.0283  0.0280  0.0278  0.0284  0.0276  0.0279  0.0277  0.0278
  0.0305  0.0304  0.0304  0.0304  0.0301  0.0279  0.0278  0.0277  0.0277  0.0276  0.0275  0.0275
  0.0306  0.0311  0.0306  0.0308  0.0333  0.0288  0.0284  0.0281  0.0282  0.0280  0.0277  0.0278
  0.0315  0.0322  0.0312  0.0313  0.0379  0.0297  0.0295  0.0294  0.0292  0.0293  0.0280  0.0286
  0.0329  0.0339  0.0322  0.0328  0.0437  0.0325  0.0309  0.0314  0.0303  0.0311  0.0286  0.0297
niter,ni,del,rscale     7    3    5.0000    1.2000
parameters
   -3.2827   25.2594    3.6558   -6.5295  -23.1025  -15.2829
   -0.5951   -7.0625   -0.2856   10.0042    4.8146   -1.8924
eta,q 0.97246  8.97326
  0.0304  0.0307  0.0293  0.0296  0.0328  0.0312  0.0304  0.0315  0.0294  0.0312  0.0286  0.0297
  0.0288  0.0290  0.0283  0.0283  0.0301  0.0292  0.0289  0.0295  0.0283  0.0292  0.0280  0.0284
  0.0278  0.0280  0.0277  0.0276  0.0282  0.0279  0.0279  0.0281  0.0277  0.0280  0.0276  0.0277
  0.0275  0.0275  0.0275  0.0275  0.0275  0.0276  0.0276  0.0275  0.0276  0.0275  0.0275  0.0275
  0.0280  0.0278  0.0279  0.0281  0.0287  0.0285  0.0278  0.0281  0.0279  0.0279  0.0277  0.0279
  0.0291  0.0286  0.0287  0.0287  0.0317  0.0294  0.0286  0.0296  0.0285  0.0289  0.0281  0.0286
  0.0307  0.0299  0.0298  0.0293  0.0364  0.0317  0.0299  0.0317  0.0295  0.0305  0.0286  0.0296
niter,ni,del,rscale     6    3    5.0000    1.2000
parameters
   -3.3024   25.4465    3.4984   -6.5230  -23.3868  -15.5364
   -0.5110   -7.0820   -0.3005   10.3407    4.7798   -1.9547
eta,q 0.97247  8.94853
  0.0305  0.0305  0.0293  0.0297  0.0335  0.0313  0.0302  0.0315  0.0294  0.0310  0.0286  0.0296
  0.0288  0.0289  0.0283  0.0284  0.0307  0.0292  0.0287  0.0295  0.0283  0.0291  0.0280  0.0284
  0.0279  0.0279  0.0277  0.0276  0.0286  0.0279  0.0278  0.0281  0.0277  0.0279  0.0276  0.0277
  0.0275  0.0275  0.0275  0.0275  0.0275  0.0275  0.0275  0.0275  0.0275  0.0275  0.0275  0.0275
  0.0279  0.0277  0.0279  0.0281  0.0281  0.0284  0.0278  0.0280  0.0278  0.0278  0.0277  0.0278
  0.0289  0.0285  0.0286  0.0287  0.0305  0.0294  0.0287  0.0295  0.0284  0.0288  0.0281  0.0285
  0.0305  0.0297  0.0297  0.0293  0.0346  0.0315  0.0300  0.0316  0.0294  0.0303  0.0286  0.0296
niter,ni,del,rscale     5    3    5.0000    1.2000
parameters
   -3.3067   25.5639    3.3653   -6.5454  -23.5413  -15.7193
   -0.4932   -7.0846   -0.2976   10.5926    4.7475   -1.9863
eta,q 0.97248  8.93133
  0.0305  0.0302  0.0293  0.0297  0.0334  0.0313  0.0301  0.0315  0.0294  0.0308  0.0286  0.0297
  0.0289  0.0288  0.0283  0.0284  0.0307  0.0293  0.0287  0.0295  0.0283  0.0290  0.0280  0.0284
  0.0279  0.0278  0.0277  0.0276  0.0286  0.0279  0.0278  0.0280  0.0277  0.0279  0.0276  0.0277
  0.0275  0.0275  0.0275  0.0275  0.0275  0.0275  0.0275  0.0275  0.0275  0.0275  0.0275  0.0275
  0.0279  0.0278  0.0278  0.0281  0.0280  0.0284  0.0279  0.0280  0.0278  0.0278  0.0277  0.0278
  0.0289  0.0285  0.0286  0.0287  0.0304  0.0294  0.0287  0.0295  0.0284  0.0288  0.0281  0.0285
  0.0305  0.0297  0.0297  0.0294  0.0343  0.0315  0.0300  0.0315  0.0293  0.0303  0.0286  0.0296
niter,ni,del,rscale     4    3    5.0000    1.2000
parameters
   -3.3066   25.6516    3.2599   -6.5724  -23.6644  -15.8840
   -0.4890   -7.0892   -0.2856   10.7922    4.7065   -2.0008
eta,q 0.97248  8.91615
  0.0305  0.0301  0.0294  0.0297  0.0334  0.0313  0.0301  0.0315  0.0293  0.0307  0.0286  0.0297
  0.0288  0.0287  0.0283  0.0284  0.0307  0.0293  0.0286  0.0295  0.0283  0.0289  0.0280  0.0284
  0.0279  0.0278  0.0277  0.0276  0.0286  0.0279  0.0278  0.0280  0.0277  0.0278  0.0276  0.0277
  0.0275  0.0275  0.0275  0.0275  0.0275  0.0275  0.0275  0.0275  0.0275  0.0275  0.0275  0.0275
  0.0279  0.0278  0.0278  0.0281  0.0279  0.0284  0.0279  0.0280  0.0278  0.0278  0.0277  0.0278
  0.0289  0.0285  0.0285  0.0287  0.0303  0.0294  0.0287  0.0295  0.0284  0.0288  0.0281  0.0285
  0.0304  0.0297  0.0296  0.0294  0.0342  0.0314  0.0300  0.0315  0.0293  0.0303  0.0286  0.0296
niter,ni,del,rscale     3    3    5.0000    1.2000
parameters
   -3.3068   25.7280    3.1698   -6.5865  -23.7841  -16.0391
   -0.4809   -7.0883   -0.2718   10.9712    4.6818   -1.9908
eta,q 0.97247  8.90235
  0.0304  0.0300  0.0294  0.0297  0.0333  0.0313  0.0301  0.0315  0.0293  0.0306  0.0286  0.0297
  0.0288  0.0286  0.0283  0.0284  0.0306  0.0293  0.0286  0.0295  0.0283  0.0289  0.0280  0.0284
  0.0278  0.0278  0.0277  0.0276  0.0286  0.0279  0.0278  0.0280  0.0277  0.0278  0.0276  0.0277
  0.0275  0.0275  0.0275  0.0275  0.0275  0.0275  0.0275  0.0275  0.0275  0.0275  0.0275  0.0275
  0.0279  0.0278  0.0278  0.0281  0.0279  0.0284  0.0279  0.0280  0.0278  0.0278  0.0277  0.0278
  0.0289  0.0285  0.0285  0.0288  0.0303  0.0295  0.0287  0.0295  0.0283  0.0287  0.0281  0.0285
  0.0304  0.0297  0.0296  0.0294  0.0341  0.0314  0.0300  0.0315  0.0292  0.0302  0.0286  0.0296
niter,ni,del,rscale     2    3    5.0000    1.2000
parameters
   -3.3051   25.8008    3.0868   -6.5944  -23.8996  -16.1955
   -0.4846   -7.0831   -0.2665   11.1393    4.6596   -1.9850
eta,q 0.97248  8.88897
  0.0304  0.0300  0.0294  0.0298  0.0332  0.0313  0.0300  0.0315  0.0293  0.0305  0.0286  0.0296
  0.0288  0.0286  0.0283  0.0284  0.0306  0.0293  0.0286  0.0294  0.0283  0.0288  0.0280  0.0284
  0.0278  0.0278  0.0277  0.0276  0.0285  0.0279  0.0278  0.0280  0.0277  0.0278  0.0276  0.0277
  0.0275  0.0275  0.0275  0.0275  0.0275  0.0275  0.0275  0.0275  0.0275  0.0275  0.0275  0.0275
  0.0279  0.0278  0.0278  0.0281  0.0279  0.0284  0.0279  0.0280  0.0278  0.0278  0.0277  0.0278
  0.0289  0.0285  0.0285  0.0288  0.0302  0.0295  0.0287  0.0294  0.0283  0.0287  0.0281  0.0285
  0.0304  0.0296  0.0296  0.0294  0.0340  0.0314  0.0300  0.0314  0.0292  0.0302  0.0286  0.0296
niter,ni,del,rscale     1    3    5.0000    1.2000
parameters
   -3.3027   25.8735    3.0090   -6.6004  -24.0212  -16.3448
   -0.4831   -7.0825   -0.2587   11.3206    4.6543   -1.9753
eta,q 0.97247  8.87601
  0.0304  0.0299  0.0294  0.0298  0.0332  0.0313  0.0300  0.0314  0.0293  0.0305  0.0286  0.0296
  0.0288  0.0286  0.0283  0.0284  0.0305  0.0293  0.0286  0.0294  0.0283  0.0288  0.0280  0.0284
  0.0278  0.0278  0.0277  0.0276  0.0285  0.0279  0.0278  0.0280  0.0277  0.0278  0.0277  0.0277
  0.0275  0.0275  0.0275  0.0275  0.0275  0.0275  0.0275  0.0275  0.0275  0.0275  0.0275  0.0275
  0.0279  0.0278  0.0278  0.0281  0.0279  0.0284  0.0278  0.0280  0.0278  0.0278  0.0277  0.0278
  0.0288  0.0284  0.0285  0.0288  0.0302  0.0295  0.0287  0.0294  0.0283  0.0287  0.0281  0.0285
  0.0304  0.0296  0.0296  0.0294  0.0340  0.0314  0.0300  0.0314  0.0292  0.0301  0.0286  0.0296
registration optimization eta report
parameter search radius
    2.4000    2.4000    2.7600    8.2800   12.5928    9.5220
    7.2000    7.2000    7.2000    7.2000    7.2000    9.5220
100000*second partial in parameter space
       50.       39.       25.        3.        4.        4.
        5.        7.        3.        5.        2.        2.
  0.0304  0.0299  0.0294  0.0298  0.0332  0.0313  0.0300  0.0314  0.0293  0.0305  0.0286  0.0296
  0.0288  0.0286  0.0283  0.0284  0.0305  0.0293  0.0286  0.0294  0.0283  0.0288  0.0280  0.0284
  0.0278  0.0278  0.0277  0.0276  0.0285  0.0279  0.0278  0.0280  0.0277  0.0278  0.0277  0.0277
  0.0275  0.0275  0.0275  0.0275  0.0275  0.0275  0.0275  0.0275  0.0275  0.0275  0.0275  0.0275
  0.0279  0.0278  0.0278  0.0281  0.0279  0.0284  0.0278  0.0280  0.0278  0.0278  0.0277  0.0278
  0.0288  0.0284  0.0285  0.0288  0.0302  0.0295  0.0287  0.0294  0.0283  0.0287  0.0281  0.0285
  0.0304  0.0296  0.0296  0.0294  0.0340  0.0314  0.0300  0.0314  0.0292  0.0301  0.0286  0.0296
   -3.3027   25.8735    3.0090   -6.6004  -24.0212  -16.3448
   -0.4831   -7.0825   -0.2587   11.3206    4.6543   -1.9753
eta,q 0.97247  8.87601

---------------------------------------------------------------------
imgreg_4dfp /opt/freesurfer/average/711-2C_as_mni_average_305 /opt/freesurfer/average/711-2B_as_mni_average_305_mask talsrcimg_g11 none talsrcimg_to_711-2C_as_mni_average_305_t4 2311
---------------------------------------------------------------------

freesurfer imgreg_4dfp.c
/opt/freesurfer/average/711-2C_as_mni_average_305.4dfp.img
       256       256       256         1
  1.000000  1.000000  1.000000
orientation T byte_order littleendian
Reading image: /opt/freesurfer/average/711-2C_as_mni_average_305.4dfp.img
dimensions:      256       256       256
mmppix:       1.0000   -1.0000   -1.0000
center:     128.0000 -129.0000 -129.0000
/opt/freesurfer/average/711-2B_as_mni_average_305_mask.4dfp.img
       256       256       256         1
  1.000000  1.000000  1.000000
orientation T byte_order littleendian
Reading mask: /opt/freesurfer/average/711-2B_as_mni_average_305_mask.4dfp.img (2306576 pixels)
talsrcimg_g11.4dfp.img
       256       256       256         1
  1.000000  1.000000  1.000000
orientation T byte_order littleendian
Reading image: talsrcimg_g11.4dfp.img
dimensions:      256       256       256
mmppix:       1.0000   -1.0000   -1.0000
center:     128.0000 -129.0000 -129.0000
fimgreg.f
image alignment mode   2311 decimal      907 hex
parameters
   -3.3027   25.8735    3.0090   -6.6004  -24.0212  -16.3448
   -0.4831   -7.0825   -0.2587   11.3206    4.6543   -1.9753
eta,q 0.97247  8.87601
niter,ni,del,rscale     5    3    5.0000    0.8000
parameters
   -3.3119   25.9295    2.8976   -7.4252  -23.0290  -16.7716
   -0.6325   -7.1113   -0.3516   11.1588    4.6464   -2.1877
eta,q 0.97261  8.87013
  0.0288  0.0286  0.0281  0.0282  0.0287  0.0285  0.0285  0.0293  0.0282  0.0286  0.0279  0.0279
  0.0281  0.0280  0.0278  0.0277  0.0281  0.0279  0.0279  0.0282  0.0277  0.0279  0.0276  0.0276
  0.0277  0.0277  0.0276  0.0275  0.0277  0.0275  0.0275  0.0276  0.0275  0.0275  0.0275  0.0274
  0.0275  0.0275  0.0275  0.0275  0.0275  0.0274  0.0274  0.0274  0.0274  0.0274  0.0274  0.0274
  0.0277  0.0276  0.0276  0.0278  0.0274  0.0277  0.0276  0.0276  0.0275  0.0276  0.0275  0.0275
  0.0281  0.0279  0.0279  0.0283  0.0276  0.0282  0.0280  0.0283  0.0278  0.0280  0.0276  0.0277
  0.0288  0.0284  0.0283  0.0287  0.0280  0.0289  0.0286  0.0293  0.0282  0.0287  0.0279  0.0280
niter,ni,del,rscale     4    3    5.0000    0.7000
parameters
   -3.3205   25.8417    2.8108   -7.5531  -22.8864  -16.8113
   -0.6382   -7.1177   -0.3761   11.0657    4.6463   -2.2211
eta,q 0.97263  8.86671
  0.0284  0.0281  0.0279  0.0282  0.0282  0.0284  0.0283  0.0288  0.0280  0.0283  0.0278  0.0278
  0.0278  0.0277  0.0276  0.0277  0.0278  0.0279  0.0278  0.0280  0.0276  0.0278  0.0276  0.0276
  0.0275  0.0274  0.0274  0.0275  0.0275  0.0275  0.0275  0.0275  0.0274  0.0275  0.0274  0.0274
  0.0274  0.0274  0.0274  0.0274  0.0274  0.0274  0.0274  0.0274  0.0274  0.0274  0.0274  0.0274
  0.0275  0.0275  0.0275  0.0275  0.0274  0.0275  0.0275  0.0275  0.0275  0.0275  0.0274  0.0274
  0.0279  0.0278  0.0277  0.0278  0.0277  0.0279  0.0278  0.0280  0.0277  0.0278  0.0276  0.0276
  0.0284  0.0283  0.0280  0.0282  0.0281  0.0285  0.0283  0.0288  0.0280  0.0284  0.0278  0.0278
niter,ni,del,rscale     3    3    5.0000    0.6000
parameters
   -3.3236   25.8117    2.8175   -7.6046  -22.7658  -16.7728
   -0.6562   -7.1216   -0.3955   10.9761    4.6826   -2.2542
eta,q 0.97263  8.87194
  0.0281  0.0279  0.0278  0.0280  0.0280  0.0282  0.0280  0.0285  0.0278  0.0281  0.0277  0.0277
  0.0277  0.0276  0.0275  0.0277  0.0277  0.0278  0.0277  0.0279  0.0276  0.0277  0.0275  0.0275
  0.0275  0.0274  0.0274  0.0274  0.0275  0.0275  0.0274  0.0275  0.0274  0.0274  0.0274  0.0274
  0.0274  0.0274  0.0274  0.0274  0.0274  0.0274  0.0274  0.0274  0.0274  0.0274  0.0274  0.0274
  0.0275  0.0275  0.0274  0.0275  0.0274  0.0274  0.0275  0.0275  0.0274  0.0275  0.0274  0.0274
  0.0277  0.0277  0.0276  0.0277  0.0276  0.0277  0.0277  0.0279  0.0276  0.0277  0.0275  0.0275
  0.0281  0.0280  0.0278  0.0280  0.0279  0.0282  0.0280  0.0285  0.0278  0.0281  0.0277  0.0277
niter,ni,del,rscale     2    3    5.0000    0.5000
parameters
   -3.3243   25.7699    2.8406   -7.6350  -22.6286  -16.7002
   -0.6583   -7.1227   -0.4273   10.8581    4.6982   -2.2836
eta,q 0.97264  8.88047
  0.0279  0.0277  0.0277  0.0278  0.0278  0.0280  0.0278  0.0281  0.0277  0.0278  0.0276  0.0276
  0.0276  0.0275  0.0275  0.0276  0.0276  0.0276  0.0276  0.0277  0.0275  0.0276  0.0275  0.0275
  0.0274  0.0274  0.0274  0.0274  0.0274  0.0274  0.0274  0.0275  0.0274  0.0274  0.0274  0.0274
  0.0274  0.0274  0.0274  0.0274  0.0274  0.0274  0.0274  0.0274  0.0274  0.0274  0.0274  0.0274
  0.0274  0.0274  0.0274  0.0274  0.0274  0.0274  0.0274  0.0274  0.0274  0.0274  0.0274  0.0274
  0.0276  0.0276  0.0275  0.0276  0.0275  0.0276  0.0276  0.0277  0.0275  0.0276  0.0275  0.0275
  0.0279  0.0278  0.0276  0.0278  0.0277  0.0279  0.0278  0.0281  0.0277  0.0279  0.0276  0.0276
niter,ni,del,rscale     1    3    5.0000    0.4000
parameters
   -3.3259   25.7136    2.8799   -7.6516  -22.4962  -16.5981
   -0.6691   -7.1191   -0.4500   10.7120    4.7143   -2.3059
eta,q 0.97264  8.89049
  0.0277  0.0276  0.0276  0.0277  0.0276  0.0278  0.0277  0.0279  0.0276  0.0277  0.0275  0.0275
  0.0275  0.0275  0.0274  0.0275  0.0275  0.0275  0.0275  0.0276  0.0274  0.0275  0.0274  0.0274
  0.0274  0.0274  0.0274  0.0274  0.0274  0.0274  0.0274  0.0274  0.0274  0.0274  0.0274  0.0274
  0.0274  0.0274  0.0274  0.0274  0.0274  0.0274  0.0274  0.0274  0.0274  0.0274  0.0274  0.0274
  0.0274  0.0274  0.0274  0.0274  0.0274  0.0274  0.0274  0.0274  0.0274  0.0274  0.0274  0.0274
  0.0275  0.0275  0.0274  0.0275  0.0274  0.0275  0.0275  0.0276  0.0275  0.0275  0.0274  0.0274
  0.0277  0.0277  0.0275  0.0277  0.0276  0.0277  0.0277  0.0279  0.0276  0.0277  0.0275  0.0275
registration optimization eta report
parameter search radius
    0.8000    0.8000    0.8000    2.4000    2.4000    2.4000
    2.4000    2.4000    2.4000    2.4000    2.4000    2.4000
100000*second partial in parameter space
       53.       41.       28.        5.        5.        6.
        5.        9.        4.        6.        2.        3.
  0.0277  0.0276  0.0276  0.0277  0.0276  0.0278  0.0277  0.0279  0.0276  0.0277  0.0275  0.0275
  0.0275  0.0275  0.0274  0.0275  0.0275  0.0275  0.0275  0.0276  0.0274  0.0275  0.0274  0.0274
  0.0274  0.0274  0.0274  0.0274  0.0274  0.0274  0.0274  0.0274  0.0274  0.0274  0.0274  0.0274
  0.0274  0.0274  0.0274  0.0274  0.0274  0.0274  0.0274  0.0274  0.0274  0.0274  0.0274  0.0274
  0.0274  0.0274  0.0274  0.0274  0.0274  0.0274  0.0274  0.0274  0.0274  0.0274  0.0274  0.0274
  0.0275  0.0275  0.0274  0.0275  0.0274  0.0275  0.0275  0.0276  0.0275  0.0275  0.0274  0.0274
  0.0277  0.0277  0.0275  0.0277  0.0276  0.0277  0.0277  0.0279  0.0276  0.0277  0.0275  0.0275
   -3.3259   25.7136    2.8799   -7.6516  -22.4962  -16.5981
   -0.6691   -7.1191   -0.4500   10.7120    4.7143   -2.3059
eta,q 0.97264  8.89049

---------------------------------------------------------------------
imgreg_4dfp /opt/freesurfer/average/711-2C_as_mni_average_305 /opt/freesurfer/average/711-2B_as_mni_average_305_mask talsrcimg_g11 none talsrcimg_to_711-2C_as_mni_average_305_t4 2311
---------------------------------------------------------------------

freesurfer imgreg_4dfp.c
/opt/freesurfer/average/711-2C_as_mni_average_305.4dfp.img
       256       256       256         1
  1.000000  1.000000  1.000000
orientation T byte_order littleendian
Reading image: /opt/freesurfer/average/711-2C_as_mni_average_305.4dfp.img
dimensions:      256       256       256
mmppix:       1.0000   -1.0000   -1.0000
center:     128.0000 -129.0000 -129.0000
/opt/freesurfer/average/711-2B_as_mni_average_305_mask.4dfp.img
       256       256       256         1
  1.000000  1.000000  1.000000
orientation T byte_order littleendian
Reading mask: /opt/freesurfer/average/711-2B_as_mni_average_305_mask.4dfp.img (2306576 pixels)
talsrcimg_g11.4dfp.img
       256       256       256         1
  1.000000  1.000000  1.000000
orientation T byte_order littleendian
Reading image: talsrcimg_g11.4dfp.img
dimensions:      256       256       256
mmppix:       1.0000   -1.0000   -1.0000
center:     128.0000 -129.0000 -129.0000
fimgreg.f
image alignment mode   2311 decimal      907 hex
parameters
   -3.3259   25.7136    2.8799   -7.6516  -22.4962  -16.5981
   -0.6691   -7.1191   -0.4500   10.7120    4.7143   -2.3059
eta,q 0.97264  8.89049
niter,ni,del,rscale     5    3    5.0000    0.8000
parameters
   -3.3194   25.6884    2.9462   -7.5236  -22.6881  -16.5862
   -0.6011   -7.1189   -0.3952   10.7437    4.6318   -2.1918
eta,q 0.97264  8.88695
  0.0287  0.0284  0.0281  0.0285  0.0283  0.0287  0.0286  0.0293  0.0282  0.0287  0.0279  0.0280
  0.0280  0.0278  0.0277  0.0279  0.0278  0.0280  0.0279  0.0282  0.0277  0.0279  0.0276  0.0276
  0.0275  0.0274  0.0274  0.0275  0.0275  0.0275  0.0275  0.0276  0.0274  0.0275  0.0274  0.0274
  0.0274  0.0274  0.0274  0.0274  0.0274  0.0274  0.0274  0.0274  0.0274  0.0274  0.0274  0.0274
  0.0275  0.0275  0.0274  0.0275  0.0275  0.0275  0.0275  0.0276  0.0275  0.0275  0.0274  0.0274
  0.0280  0.0279  0.0276  0.0279  0.0279  0.0280  0.0279  0.0282  0.0277  0.0279  0.0276  0.0276
  0.0287  0.0285  0.0280  0.0283  0.0286  0.0287  0.0285  0.0293  0.0282  0.0287  0.0279  0.0279
niter,ni,del,rscale     4    3    5.0000    0.7000
parameters
   -3.3289   25.6956    2.9415   -7.5597  -22.6320  -16.6023
   -0.6301   -7.1143   -0.3855   10.7179    4.6358   -2.2211
eta,q 0.97264  8.88768
  0.0284  0.0282  0.0279  0.0282  0.0282  0.0284  0.0283  0.0288  0.0280  0.0284  0.0278  0.0278
  0.0278  0.0277  0.0276  0.0277  0.0278  0.0279  0.0278  0.0280  0.0276  0.0278  0.0275  0.0276
  0.0275  0.0274  0.0274  0.0275  0.0275  0.0275  0.0274  0.0275  0.0274  0.0275  0.0274  0.0274
  0.0274  0.0274  0.0274  0.0274  0.0274  0.0274  0.0274  0.0274  0.0274  0.0274  0.0274  0.0274
  0.0275  0.0275  0.0274  0.0275  0.0274  0.0275  0.0275  0.0275  0.0274  0.0275  0.0274  0.0274
  0.0278  0.0277  0.0276  0.0278  0.0277  0.0279  0.0278  0.0280  0.0277  0.0278  0.0275  0.0276
  0.0284  0.0282  0.0279  0.0282  0.0282  0.0284  0.0283  0.0288  0.0280  0.0284  0.0278  0.0278
niter,ni,del,rscale     3    3    5.0000    0.6000
parameters
   -3.3268   25.6815    2.9360   -7.6110  -22.5511  -16.5877
   -0.6600   -7.1162   -0.4100   10.6649    4.6615   -2.2292
eta,q 0.97265  8.88977
  0.0281  0.0280  0.0277  0.0280  0.0280  0.0282  0.0280  0.0285  0.0278  0.0281  0.0277  0.0277
  0.0277  0.0276  0.0275  0.0276  0.0277  0.0277  0.0276  0.0279  0.0276  0.0277  0.0275  0.0275
  0.0274  0.0274  0.0274  0.0274  0.0274  0.0275  0.0274  0.0275  0.0274  0.0274  0.0274  0.0274
  0.0274  0.0274  0.0274  0.0274  0.0274  0.0274  0.0274  0.0274  0.0274  0.0274  0.0274  0.0273
  0.0274  0.0274  0.0274  0.0275  0.0274  0.0274  0.0274  0.0275  0.0274  0.0275  0.0274  0.0274
  0.0277  0.0276  0.0275  0.0277  0.0276  0.0277  0.0277  0.0279  0.0276  0.0277  0.0275  0.0275
  0.0281  0.0280  0.0278  0.0280  0.0279  0.0282  0.0280  0.0285  0.0278  0.0281  0.0277  0.0277
niter,ni,del,rscale     2    3    5.0000    0.5000
parameters
   -3.3261   25.6573    2.9447   -7.6406  -22.4461  -16.5415
   -0.6679   -7.1134   -0.4246   10.5923    4.6943   -2.2686
eta,q 0.97265  8.89572
  0.0279  0.0278  0.0276  0.0278  0.0278  0.0279  0.0278  0.0281  0.0277  0.0279  0.0276  0.0276
  0.0276  0.0275  0.0275  0.0276  0.0276  0.0276  0.0276  0.0277  0.0275  0.0276  0.0274  0.0275
  0.0274  0.0274  0.0274  0.0274  0.0274  0.0274  0.0274  0.0274  0.0274  0.0274  0.0274  0.0274
  0.0273  0.0273  0.0274  0.0274  0.0273  0.0274  0.0274  0.0274  0.0274  0.0274  0.0274  0.0273
  0.0274  0.0274  0.0274  0.0274  0.0274  0.0274  0.0274  0.0274  0.0274  0.0274  0.0274  0.0274
  0.0276  0.0276  0.0275  0.0276  0.0275  0.0276  0.0276  0.0277  0.0275  0.0276  0.0274  0.0275
  0.0279  0.0278  0.0276  0.0278  0.0278  0.0279  0.0278  0.0281  0.0277  0.0279  0.0276  0.0276
niter,ni,del,rscale     1    3    5.0000    0.4000
parameters
   -3.3282   25.6271    2.9654   -7.6594  -22.3595  -16.4804
   -0.6738   -7.1156   -0.4501   10.5175    4.7117   -2.2929
eta,q 0.97265  8.90187
  0.0277  0.0276  0.0275  0.0276  0.0276  0.0277  0.0277  0.0279  0.0276  0.0277  0.0275  0.0275
  0.0275  0.0275  0.0274  0.0275  0.0275  0.0275  0.0275  0.0276  0.0274  0.0275  0.0274  0.0274
  0.0274  0.0274  0.0274  0.0274  0.0274  0.0274  0.0274  0.0274  0.0274  0.0274  0.0274  0.0274
  0.0273  0.0273  0.0273  0.0273  0.0273  0.0273  0.0273  0.0273  0.0273  0.0273  0.0273  0.0273
  0.0274  0.0274  0.0274  0.0274  0.0274  0.0274  0.0274  0.0274  0.0274  0.0274  0.0274  0.0274
  0.0275  0.0275  0.0274  0.0275  0.0274  0.0275  0.0275  0.0276  0.0274  0.0275  0.0274  0.0274
  0.0277  0.0276  0.0275  0.0277  0.0276  0.0277  0.0277  0.0279  0.0276  0.0277  0.0275  0.0275
registration optimization eta report
parameter search radius
    0.8000    0.8000    0.8000    2.4000    2.4000    2.4000
    2.4000    2.4000    2.4000    2.4000    2.4000    2.4000
100000*second partial in parameter space
       53.       43.       28.        5.        5.        6.
        5.        9.        4.        6.        2.        3.
  0.0277  0.0276  0.0275  0.0276  0.0276  0.0277  0.0277  0.0279  0.0276  0.0277  0.0275  0.0275
  0.0275  0.0275  0.0274  0.0275  0.0275  0.0275  0.0275  0.0276  0.0274  0.0275  0.0274  0.0274
  0.0274  0.0274  0.0274  0.0274  0.0274  0.0274  0.0274  0.0274  0.0274  0.0274  0.0274  0.0274
  0.0273  0.0273  0.0273  0.0273  0.0273  0.0273  0.0273  0.0273  0.0273  0.0273  0.0273  0.0273
  0.0274  0.0274  0.0274  0.0274  0.0274  0.0274  0.0274  0.0274  0.0274  0.0274  0.0274  0.0274
  0.0275  0.0275  0.0274  0.0275  0.0274  0.0275  0.0275  0.0276  0.0274  0.0275  0.0274  0.0274
  0.0277  0.0276  0.0275  0.0277  0.0276  0.0277  0.0277  0.0279  0.0276  0.0277  0.0275  0.0275
   -3.3282   25.6271    2.9654   -7.6594  -22.3595  -16.4804
   -0.6738   -7.1156   -0.4501   10.5175    4.7117   -2.2929
eta,q 0.97265  8.90187

---------------------------------------------------------------------
compute_vox2vox talsrcimg talsrcimg_to_711-2C_as_mni_average_305_t4 /opt/freesurfer/average/711-2C_as_mni_average_305
---------------------------------------------------------------------

freesurfer compute_vox2vox.c
Reading: talsrcimg.4dfp.ifh
Reading: talsrcimg_to_711-2C_as_mni_average_305_t4
Reading: /opt/freesurfer/average/711-2C_as_mni_average_305.4dfp.ifh
Writing: talsrcimg_to_711-2C_as_mni_average_305_t4_vox2vox.txt

start time Tue Mar 10 05:32:45 CET 2026
end		time Tue Mar 10 05:34:11 CET 2026

mpr2mni305 success

avi2talxfm orig_nu.mgz /opt/freesurfer/average/mni305.cor.mgz talsrcimg_to_711-2C_as_mni_average_305_t4_vox2vox.txt transforms/talairach.auto.xfm
avi2talxfm done
mv -f /out/sourcedata/freesurfer/sub-v1s6x0051321_ses-1/mri/talsrcimg_to_711-2C_as_mni_average_305_t4_vox2vox.txt /out/sourcedata/freesurfer/sub-v1s6x0051321_ses-1/mri/transforms/talsrcimg_to_711-2C_as_mni_average_305_t4_vox2vox.txt
lta_convert --src orig_nu.mgz --trg /opt/freesurfer/average/mni305.cor.mgz --inxfm transforms/talairach.auto.xfm --outlta transforms/talairach.auto.xfm.lta --subject fsaverage
7.3.2

--src: orig_nu.mgz src image (geometry).
--trg: /opt/freesurfer/average/mni305.cor.mgz trg image (geometry).
--inmni: transforms/talairach.auto.xfm input MNI/XFM transform.
--outlta: transforms/talairach.auto.xfm.lta output LTA.
--s: fsaverage subject name
 LTA read, type : 1
 1.07840   0.09036   0.01203   1.12181;
-0.06044   1.18782   0.03455  -5.18008;
 0.01444  -0.16038   1.28338  -20.62448;
 0.00000   0.00000   0.00000   1.00000;
setting subject to fsaverage
Writing  LTA to file transforms/talairach.auto.xfm.lta...
lta_convert successful.
 
 
Started at Tue Mar 10 05:32:44 CET 2026
Ended   at Tue Mar 10 05:34:11 CET 2026
talairach_avi done
