/out/sourcedata/freesurfer/sub-v1s6x0051607_ses-1/mri
/opt/freesurfer/bin/talairach_avi
--i orig_nu.mgz --xfm transforms/talairach.auto.xfm
talairach_avi 7.3.2
Linux dna056 5.14.0-427.37.1.el9_4.x86_64 #1 SMP PREEMPT_DYNAMIC Fri Sep 13 12:41:50 EDT 2024 x86_64 x86_64 x86_64 GNU/Linux
Tue Mar 10 06:15:32 CET 2026
mri_convert orig_nu.mgz talsrcimg.img 
reading from orig_nu.mgz...
TR=0.00, TE=0.00, TI=0.00, flip angle=0.00
i_ras = (-1, 0, 0)
j_ras = (0, 0, -1)
k_ras = (0, 1, 0)
writing to talsrcimg.img...
Analyze Output Matrix
-1.00000   0.00000   0.00000   130.85593;
 0.00000   0.00000   1.00000  -128.00000;
 0.00000  -1.00000   0.00000   122.54237;
 0.00000   0.00000   0.00000   1.00000;
--------------------
INFO: set hdr.hist.orient to -1
mpr2mni305 talsrcimg
Tue Mar 10 06:15:32 CET 2026
/opt/freesurfer/bin/mpr2mni305 talsrcimg
mpr2mni305 7.3.2
target=711-2C_as_mni_average_305

---------------------------------------------------------------------
analyzeto4dfp talsrcimg -O0 -y
---------------------------------------------------------------------

freesurfer ifh2hdr.c
Tue Mar 10 06:15:32 2026
Writing: talsrcimg.4dfp.hdr
freesurfer analyzeto4dfp.c
Reading: talsrcimg.hdr
header size 348 bytes
hdr.dime.datatype	offset=70	value=2
hdr.dime.bitpix		offset=72	value=8
hdr.hist.orient		offset=252	value=-1
dimensionality     4
dimensions       256       256       256         1
Reading: talsrcimg.img
Writing: talsrcimg.4dfp.img
Writing: talsrcimg.4dfp.ifh
ifh2hdr talsrcimg -r0to211
ori=2

---------------------------------------------------------------------
gauss_4dfp talsrcimg 1.1
---------------------------------------------------------------------

freesurfer gauss_4dfp.c
Reading: talsrcimg.4dfp.img
Writing: talsrcimg_g11.4dfp.img
image dimensions 256 256 256 padded to 288 288 288
processing volume 1freesurfer ifh2hdr.c
Tue Mar 10 06:15:34 2026
Writing: talsrcimg_g11.4dfp.hdr

Writing: talsrcimg_g11.4dfp.ifh
including: talsrcimg.4dfp.img.rec in talsrcimg_g11.4dfp.img.rec

---------------------------------------------------------------------
imgreg_4dfp /opt/freesurfer/average/711-2C_as_mni_average_305 none talsrcimg_g11 none talsrcimg_to_711-2C_as_mni_average_305_t4 4355
---------------------------------------------------------------------

freesurfer imgreg_4dfp.c
/opt/freesurfer/average/711-2C_as_mni_average_305.4dfp.img
       256       256       256         1
  1.000000  1.000000  1.000000
orientation T byte_order littleendian
Reading image: /opt/freesurfer/average/711-2C_as_mni_average_305.4dfp.img
dimensions:      256       256       256
mmppix:       1.0000   -1.0000   -1.0000
center:     128.0000 -129.0000 -129.0000
talsrcimg_g11.4dfp.img
       256       256       256         1
  1.000000  1.000000  1.000000
orientation T byte_order littleendian
Reading image: talsrcimg_g11.4dfp.img
dimensions:      256       256       256
mmppix:       1.0000   -1.0000   -1.0000
center:     128.0000 -129.0000 -129.0000
t4_read: open error in t4_sub.f l:  41 t4_file(1:l)talsrcimg_to_711-2C_as_mni_average_305_t4 
t4_read: transform initialized to I4
rotation matrix determinant  1.000000
image alignment mode   4355 decimal     1103 hex
   -7.5000  -45.0000  -45.0000 6587.6719   16.1342
    0.0000  -45.0000  -45.0000 6910.8159   16.1835
    7.5000  -45.0000  -45.0000 6588.2114   16.1716
   -7.5000  -37.5000  -45.0000 7175.3047   15.7310
    0.0000  -37.5000  -45.0000 7532.6094   15.7829
    7.5000  -37.5000  -45.0000 7174.2285   15.7739
   -7.5000  -30.0000  -45.0000 8062.9238   15.4294
    0.0000  -30.0000  -45.0000 8466.7764   15.4852
    7.5000  -30.0000  -45.0000 8059.4199   15.4722
   -7.5000  -22.5000  -45.0000 9052.1426   15.3080
    0.0000  -22.5000  -45.0000 9492.0605   15.3652
    7.5000  -22.5000  -45.0000 9030.8516   15.3479
   -7.5000  -15.0000  -45.000010014.7549   15.2695
    0.0000  -15.0000  -45.000010491.8945   15.3239
    7.5000  -15.0000  -45.0000 9974.9404   15.3048
   -7.5000   -7.5000  -45.000010913.7559   15.2575
    0.0000   -7.5000  -45.000011431.3877   15.3072
    7.5000   -7.5000  -45.000010865.5498   15.2917
   -7.5000    0.0000  -45.000011769.3379   15.2603
    0.0000    0.0000  -45.000012309.3818   15.3076
    7.5000    0.0000  -45.000011710.6621   15.2971
   -7.5000    7.5000  -45.000011660.2646   15.2747
    0.0000    7.5000  -45.000012183.3379   15.3247
    7.5000    7.5000  -45.000011591.6709   15.3151
   -7.5000   15.0000  -45.000011472.0215   15.2825
    0.0000   15.0000  -45.000012003.8584   15.3378
    7.5000   15.0000  -45.000011393.9893   15.3250
   -7.5000   22.5000  -45.000011311.4473   15.2734
    0.0000   22.5000  -45.000011839.0078   15.3307
    7.5000   22.5000  -45.000011224.7197   15.3135
   -7.5000   30.0000  -45.000011023.1104   15.0614
    0.0000   30.0000  -45.000011541.4990   15.1151
    7.5000   30.0000  -45.000010919.2109   15.0964
   -7.5000   37.5000  -45.000010900.0879   15.0541
    0.0000   37.5000  -45.000011414.0352   15.1032
    7.5000   37.5000  -45.000010761.1660   15.0879
   -7.5000   45.0000  -45.000010314.8828   14.6746
    0.0000   45.0000  -45.000010838.1602   14.7201
    7.5000   45.0000  -45.000010212.3877   14.7100
   -7.5000  -45.0000  -37.5000 6907.4980   16.1486
    0.0000  -45.0000  -37.5000 7241.4155   16.2035
    7.5000  -45.0000  -37.5000 6904.0225   16.1951
   -7.5000  -37.5000  -37.5000 7525.4712   15.7490
    0.0000  -37.5000  -37.5000 7883.0034   15.8052
    7.5000  -37.5000  -37.5000 7518.1719   15.8000
   -7.5000  -30.0000  -37.5000 8482.9346   15.4497
    0.0000  -30.0000  -37.5000 8897.4639   15.5092
    7.5000  -30.0000  -37.5000 8467.8477   15.5001
   -7.5000  -22.5000  -37.5000 9551.3428   15.3283
    0.0000  -22.5000  -37.500010006.8672   15.3892
    7.5000  -22.5000  -37.5000 9504.3564   15.3740
   -7.5000  -15.0000  -37.500010588.3037   15.2873
    0.0000  -15.0000  -37.500011076.0400   15.3463
    7.5000  -15.0000  -37.500010514.9443   15.3282
   -7.5000   -7.5000  -37.500011544.9121   15.2716
    0.0000   -7.5000  -37.500012062.5635   15.3268
    7.5000   -7.5000  -37.500011452.8184   15.3130
   -7.5000    0.0000  -37.500012444.4248   15.2733
    0.0000    0.0000  -37.500012976.8477   15.3255
    7.5000    0.0000  -37.500012343.0166   15.3180
   -7.5000    7.5000  -37.500012324.2197   15.2908
    0.0000    7.5000  -37.500012845.5498   15.3449
    7.5000    7.5000  -37.500012230.9277   15.3392
   -7.5000   15.0000  -37.500012102.9375   15.3019
    0.0000   15.0000  -37.500012620.4609   15.3609
    7.5000   15.0000  -37.500012013.5107   15.3519
   -7.5000   22.5000  -37.500011893.2402   15.2935
    0.0000   22.5000  -37.500012398.1074   15.3544
    7.5000   22.5000  -37.500011782.8799   15.3393
   -7.5000   30.0000  -37.500011572.5049   15.0790
    0.0000   30.0000  -37.500012071.9561   15.1373
    7.5000   30.0000  -37.500011450.4951   15.1195
   -7.5000   37.5000  -37.500011424.5527   15.0681
    0.0000   37.5000  -37.500011942.7354   15.1226
    7.5000   37.5000  -37.500011303.6377   15.1090
   -7.5000   45.0000  -37.500010804.1621   14.6871
    0.0000   45.0000  -37.500011330.3057   14.7373
    7.5000   45.0000  -37.500010713.8457   14.7301
   -7.5000  -45.0000  -30.0000 7328.0781   16.8285
    0.0000  -45.0000  -30.0000 7684.1025   16.8910
    7.5000  -45.0000  -30.0000 7337.3369   16.8848
   -7.5000  -37.5000  -30.0000 8012.4136   16.4184
    0.0000  -37.5000  -30.0000 8396.1533   16.4804
    7.5000  -37.5000  -30.0000 8001.1592   16.4776
   -7.5000  -30.0000  -30.0000 9058.7354   16.1103
    0.0000  -30.0000  -30.0000 9480.1123   16.1720
    7.5000  -30.0000  -30.0000 9012.6650   16.1638
   -7.5000  -22.5000  -30.000010202.8926   15.9847
    0.0000  -22.5000  -30.000010682.9072   16.0457
    7.5000  -22.5000  -30.000010147.0645   16.0287
   -7.5000  -15.0000  -30.000011314.4727   15.9372
    0.0000  -15.0000  -30.000011828.5078   15.9976
    7.5000  -15.0000  -30.000011233.5771   15.9770
   -7.5000   -7.5000  -30.000012333.4619   15.9156
    0.0000   -7.5000  -30.000012884.3945   15.9759
    7.5000   -7.5000  -30.000012245.7930   15.9618
   -7.5000    0.0000  -30.000013283.1514   15.9175
    0.0000    0.0000  -30.000013855.9570   15.9768
    7.5000    0.0000  -30.000013181.5010   15.9713
   -7.5000    7.5000  -30.000013161.1455   15.9397
    0.0000    7.5000  -30.000013719.4336   15.9995
    7.5000    7.5000  -30.000013062.9531   15.9962
   -7.5000   15.0000  -30.000012925.5137   15.9555
    0.0000   15.0000  -30.000013467.8398   16.0169
    7.5000   15.0000  -30.000012822.5674   16.0088
   -7.5000   22.5000  -30.000012705.4121   15.9463
    0.0000   22.5000  -30.000013215.8887   16.0074
    7.5000   22.5000  -30.000012564.6953   15.9905
   -7.5000   30.0000  -30.000012372.0391   15.7215
    0.0000   30.0000  -30.000012856.1582   15.7812
    7.5000   30.0000  -30.000012205.0791   15.7610
   -7.5000   37.5000  -30.000012211.9072   15.7050
    0.0000   37.5000  -30.000012700.5244   15.7645
    7.5000   37.5000  -30.000012055.8848   15.7506
   -7.5000   45.0000  -30.000011504.4131   15.3178
    0.0000   45.0000  -30.000012009.4023   15.3749
    7.5000   45.0000  -30.000011400.3896   15.3695
   -7.5000  -45.0000  -22.5000 7752.2100   17.3837
    0.0000  -45.0000  -22.5000 8116.7905   17.4468
    7.5000  -45.0000  -22.5000 7762.2993   17.4400
   -7.5000  -37.5000  -22.5000 8503.2246   16.9623
    0.0000  -37.5000  -22.5000 8888.5723   17.0249
    7.5000  -37.5000  -22.5000 8491.5674   17.0209
   -7.5000  -30.0000  -22.5000 9629.8096   16.6453
    0.0000  -30.0000  -22.500010073.9551   16.7043
    7.5000  -30.0000  -22.5000 9584.1934   16.6930
   -7.5000  -22.5000  -22.500010839.9600   16.5169
    0.0000  -22.5000  -22.500011336.6768   16.5726
    7.5000  -22.5000  -22.500010780.5752   16.5520
   -7.5000  -15.0000  -22.500012002.0664   16.4655
    0.0000  -15.0000  -22.500012530.7412   16.5209
    7.5000  -15.0000  -22.500011919.5078   16.4977
   -7.5000   -7.5000  -22.500013119.5469   16.4419
    0.0000   -7.5000  -22.500013694.7168   16.5001
    7.5000   -7.5000  -22.500013027.1924   16.4847
   -7.5000    0.0000  -22.500014134.6396   16.4451
    0.0000    0.0000  -22.500014733.6182   16.5056
    7.5000    0.0000  -22.500014021.2979   16.4995
   -7.5000    7.5000  -22.500014000.8809   16.4685
    0.0000    7.5000  -22.500014590.8828   16.5290
    7.5000    7.5000  -22.500013877.2207   16.5244
   -7.5000   15.0000  -22.500013747.1953   16.4858
    0.0000   15.0000  -22.500014309.7783   16.5445
    7.5000   15.0000  -22.500013587.8223   16.5333
   -7.5000   22.5000  -22.500013519.0303   16.4760
    0.0000   22.5000  -22.500014051.6025   16.5318
    7.5000   22.5000  -22.500013335.2490   16.5114
   -7.5000   30.0000  -22.500013185.8154   16.2452
    0.0000   30.0000  -22.500013687.5127   16.2999
    7.5000   30.0000  -22.500012986.2441   16.2770
   -7.5000   37.5000  -22.500013015.7275   16.2268
    0.0000   37.5000  -22.500013512.6416   16.2843
    7.5000   37.5000  -22.500012826.8506   16.2691
   -7.5000   45.0000  -22.500012219.4570   15.8375
    0.0000   45.0000  -22.500012725.8135   15.8957
    7.5000   45.0000  -22.500012081.9795   15.8899
   -7.5000  -45.0000  -15.0000 8154.5630   17.7778
    0.0000  -45.0000  -15.0000 8536.9658   17.8366
    7.5000  -45.0000  -15.0000 8187.4883   17.8265
   -7.5000  -37.5000  -15.0000 8962.6650   17.3439
    0.0000  -37.5000  -15.0000 9367.1377   17.4037
    7.5000  -37.5000  -15.0000 8960.4141   17.3962
   -7.5000  -30.0000  -15.000010159.6621   17.0172
    0.0000  -30.0000  -15.000010613.3418   17.0735
    7.5000  -30.0000  -15.000010113.5293   17.0583
   -7.5000  -22.5000  -15.000011433.5869   16.8852
    0.0000  -22.5000  -15.000011921.6426   16.9376
    7.5000  -22.5000  -15.000011348.3418   16.9147
   -7.5000  -15.0000  -15.000012660.4707   16.8343
    0.0000  -15.0000  -15.000013187.6914   16.8850
    7.5000  -15.0000  -15.000012544.9756   16.8609
   -7.5000   -7.5000  -15.000013882.3711   16.8138
    0.0000   -7.5000  -15.000014444.2461   16.8671
    7.5000   -7.5000  -15.000013720.9512   16.8501
   -7.5000    0.0000  -15.000014996.3330   16.8193
    0.0000    0.0000  -15.000015603.8633   16.8760
    7.5000    0.0000  -15.000014843.8828   16.8672
   -7.5000    7.5000  -15.000014873.3789   16.8405
    0.0000    7.5000  -15.000015482.5771   16.8985
    7.5000    7.5000  -15.000014714.9434   16.8902
   -7.5000   15.0000  -15.000014566.9795   16.8550
    0.0000   15.0000  -15.000015138.6348   16.9110
    7.5000   15.0000  -15.000014374.3574   16.8959
   -7.5000   22.5000  -15.000014314.5566   16.8429
    0.0000   22.5000  -15.000014858.8818   16.8954
    7.5000   22.5000  -15.000014080.6816   16.8727
   -7.5000   30.0000  -15.000013985.5176   16.6113
    0.0000   30.0000  -15.000014494.6934   16.6615
    7.5000   30.0000  -15.000013736.8848   16.6377
   -7.5000   37.5000  -15.000013831.1689   16.5962
    0.0000   37.5000  -15.000014355.6016   16.6489
    7.5000   37.5000  -15.000013591.8457   16.6321
   -7.5000   45.0000  -15.000012977.8906   16.2076
    0.0000   45.0000  -15.000013479.9727   16.2623
    7.5000   45.0000  -15.000012773.7451   16.2538
   -7.5000  -45.0000   -7.5000 8573.8291   17.9885
    0.0000  -45.0000   -7.5000 8955.2490   18.0432
    7.5000  -45.0000   -7.5000 8571.8174   18.0295
   -7.5000  -37.5000   -7.5000 9459.1221   17.5430
    0.0000  -37.5000   -7.5000 9845.2461   17.6003
    7.5000  -37.5000   -7.5000 9404.2285   17.5894
   -7.5000  -30.0000   -7.500010713.1729   17.2081
    0.0000  -30.0000   -7.500011154.6982   17.2658
    7.5000  -30.0000   -7.500010625.6289   17.2489
   -7.5000  -22.5000   -7.500012020.7090   17.0728
    0.0000  -22.5000   -7.500012510.3945   17.1291
    7.5000  -22.5000   -7.500011885.6055   17.1067
   -7.5000  -15.0000   -7.500013297.0186   17.0261
    0.0000  -15.0000   -7.500013831.5254   17.0795
    7.5000  -15.0000   -7.500013115.3105   17.0561
   -7.5000   -7.5000   -7.500014568.5566   17.0113
    0.0000   -7.5000   -7.500015184.6230   17.0632
    7.5000   -7.5000   -7.500014340.4941   17.0450
   -7.5000    0.0000   -7.500015819.5000   17.0171
    0.0000    0.0000   -7.500016496.8711   17.0699
    7.5000    0.0000   -7.500015571.3154   17.0579
   -7.5000    7.5000   -7.500015829.5518   17.0347
    0.0000    7.5000   -7.500016519.8105   17.0901
    7.5000    7.5000   -7.500015568.8525   17.0786
   -7.5000   15.0000   -7.500015540.0781   17.0446
    0.0000   15.0000   -7.500016176.7793   17.1020
    7.5000   15.0000   -7.500015244.5713   17.0852
   -7.5000   22.5000   -7.500015230.9688   17.0285
    0.0000   22.5000   -7.500015794.3398   17.0850
    7.5000   22.5000   -7.500014889.0010   17.0628
   -7.5000   30.0000   -7.500014912.3262   16.8001
    0.0000   30.0000   -7.500015433.0244   16.8530
    7.5000   30.0000   -7.500014499.0283   16.8299
   -7.5000   37.5000   -7.500014801.2070   16.7907
    0.0000   37.5000   -7.500015319.0518   16.8420
    7.5000   37.5000   -7.500014336.5000   16.8239
   -7.5000   45.0000   -7.500013884.8076   16.4012
    0.0000   45.0000   -7.500014389.4902   16.4522
    7.5000   45.0000   -7.500013460.9434   16.4406
   -7.5000  -45.0000    0.0000 8872.0615   18.0484
    0.0000  -45.0000    0.0000 9258.9170   18.1035
    7.5000  -45.0000    0.0000 8818.1455   18.0902
   -7.5000  -37.5000    0.0000 9826.1533   17.5977
    0.0000  -37.5000    0.000010229.2412   17.6556
    7.5000  -37.5000    0.0000 9720.9785   17.6455
   -7.5000  -30.0000    0.000011142.7764   17.2601
    0.0000  -30.0000    0.000011608.4941   17.3224
    7.5000  -30.0000    0.000011014.2109   17.3078
   -7.5000  -22.5000    0.000012503.9189   17.1239
    0.0000  -22.5000    0.000012996.8789   17.1878
    7.5000  -22.5000    0.000012328.0156   17.1684
   -7.5000  -15.0000    0.000013831.9229   17.0806
    0.0000  -15.0000    0.000014383.1758   17.1414
    7.5000  -15.0000    0.000013629.6934   17.1200
   -7.5000   -7.5000    0.000015115.2285   17.0675
    0.0000   -7.5000    0.000015744.8057   17.1231
    7.5000   -7.5000    0.000014899.6172   17.1057
   -7.5000    0.0000    0.000016485.2891   17.0712
    0.0000    0.0000    0.000017222.9941   17.1240
    7.5000    0.0000    0.000016186.8516   17.1123
   -7.5000    7.5000    0.000016748.0098   17.0874
    0.0000    7.5000    0.000017589.1328   17.1432
    7.5000    7.5000    0.000016291.0967   17.1325
   -7.5000   15.0000    0.000016721.6191   17.0958
    0.0000   15.0000    0.000017519.3164   17.1576
    7.5000   15.0000    0.000016095.1357   17.1432
   -7.5000   22.5000    0.000016443.0703   17.0797
    0.0000   22.5000    0.000017058.6719   17.1437
    7.5000   22.5000    0.000015680.6396   17.1244
   -7.5000   30.0000    0.000016018.8945   16.8544
    0.0000   30.0000    0.000016510.7031   16.9145
    7.5000   30.0000    0.000015172.1729   16.8935
   -7.5000   37.5000    0.000015760.4863   16.8467
    0.0000   37.5000    0.000016250.5400   16.9015
    7.5000   37.5000    0.000014922.7168   16.8843
   -7.5000   45.0000    0.000014690.9746   16.4547
    0.0000   45.0000    0.000015174.0088   16.5055
    7.5000   45.0000    0.000013986.3936   16.4943
   -7.5000  -45.0000    7.5000 8502.8076   18.0708
    0.0000  -45.0000    7.5000 8882.0078   18.1322
    7.5000  -45.0000    7.5000 8426.8047   18.1228
   -7.5000  -37.5000    7.5000 9458.6084   17.6236
    0.0000  -37.5000    7.5000 9849.4678   17.6864
    7.5000  -37.5000    7.5000 9349.2920   17.6806
   -7.5000  -30.0000    7.500010748.6055   17.2887
    0.0000  -30.0000    7.500011167.2773   17.3552
    7.5000  -30.0000    7.500010574.7529   17.3451
   -7.5000  -22.5000    7.500012048.7158   17.1528
    0.0000  -22.5000    7.500012513.0156   17.2210
    7.5000  -22.5000    7.500011840.3965   17.2039
   -7.5000  -15.0000    7.500013334.0732   17.1069
    0.0000  -15.0000    7.500013848.6328   17.1730
    7.5000  -15.0000    7.500013054.7744   17.1526
   -7.5000   -7.5000    7.500014610.5430   17.0893
    0.0000   -7.5000    7.500015170.9434   17.1511
    7.5000   -7.5000    7.500014252.0576   17.1357
   -7.5000    0.0000    7.500015986.4287   17.0913
    0.0000    0.0000    7.500016646.4004   17.1497
    7.5000    0.0000    7.500015484.2080   17.1413
   -7.5000    7.5000    7.500016289.3662   17.1108
    0.0000    7.5000    7.500017171.5117   17.1713
    7.5000    7.5000    7.500015575.2900   17.1650
   -7.5000   15.0000    7.500016404.2539   17.1232
    0.0000   15.0000    7.500017337.4238   17.1893
    7.5000   15.0000    7.500015429.7920   17.1792
   -7.5000   22.5000    7.500016164.1182   17.1083
    0.0000   22.5000    7.500016937.3438   17.1764
    7.5000   22.5000    7.500015069.1094   17.1595
   -7.5000   30.0000    7.500015587.2314   16.8804
    0.0000   30.0000    7.500016176.2832   16.9457
    7.5000   30.0000    7.500014564.9023   16.9257
   -7.5000   37.5000    7.500015210.9824   16.8681
    0.0000   37.5000    7.500015725.5557   16.9292
    7.5000   37.5000    7.500014319.7490   16.9139
   -7.5000   45.0000    7.500014100.8379   16.4740
    0.0000   45.0000    7.500014582.8066   16.5303
    7.5000   45.0000    7.500013407.6982   16.5222
   -7.5000  -45.0000   15.0000 8015.0576   18.0724
    0.0000  -45.0000   15.0000 8370.4863   18.1394
    7.5000  -45.0000   15.0000 7900.1660   18.1328
   -7.5000  -37.5000   15.0000 8967.0420   17.6319
    0.0000  -37.5000   15.0000 9341.5605   17.6986
    7.5000  -37.5000   15.0000 8790.9629   17.6955
   -7.5000  -30.0000   15.000010237.1299   17.3011
    0.0000  -30.0000   15.000010628.0205   17.3673
    7.5000  -30.0000   15.0000 9978.1211   17.3585
   -7.5000  -22.5000   15.000011530.7354   17.1662
    0.0000  -22.5000   15.000011964.8398   17.2316
    7.5000  -22.5000   15.000011219.1475   17.2133
   -7.5000  -15.0000   15.000012767.0352   17.1152
    0.0000  -15.0000   15.000013225.6357   17.1800
    7.5000  -15.0000   15.000012370.8682   17.1579
   -7.5000   -7.5000   15.000013932.7432   17.0920
    0.0000   -7.5000   15.000014434.8945   17.1567
    7.5000   -7.5000   15.000013491.4072   17.1415
   -7.5000    0.0000   15.000015153.5137   17.0940
    0.0000    0.0000   15.000015730.6328   17.1577
    7.5000    0.0000   15.000014681.7939   17.1517
   -7.5000    7.5000   15.000015347.2959   17.1178
    0.0000    7.5000   15.000016089.9521   17.1820
    7.5000    7.5000   15.000014788.9365   17.1785
   -7.5000   15.0000   15.000015282.1758   17.1349
    0.0000   15.0000   15.000016093.5449   17.2007
    7.5000   15.0000   15.000014639.2432   17.1920
   -7.5000   22.5000   15.000014923.8096   17.1212
    0.0000   22.5000   15.000015597.3457   17.1867
    7.5000   22.5000   15.000014280.9736   17.1686
   -7.5000   30.0000   15.000014424.1670   16.8886
    0.0000   30.0000   15.000014964.8555   16.9526
    7.5000   30.0000   15.000013832.5312   16.9309
   -7.5000   37.5000   15.000014215.0381   16.8708
    0.0000   37.5000   15.000014690.3340   16.9347
    7.5000   37.5000   15.000013637.9629   16.9197
   -7.5000   45.0000   15.000013274.0879   16.4766
    0.0000   45.0000   15.000013741.5713   16.5380
    7.5000   45.0000   15.000012768.7334   16.5322
   -7.5000  -45.0000   22.5000 7385.3418   18.1054
    0.0000  -45.0000   22.5000 7719.8140   18.1709
    7.5000  -45.0000   22.5000 7263.7573   18.1637
   -7.5000  -37.5000   22.5000 8320.5645   17.6653
    0.0000  -37.5000   22.5000 8664.7764   17.7302
    7.5000  -37.5000   22.5000 8125.9302   17.7261
   -7.5000  -30.0000   22.5000 9506.6436   17.3342
    0.0000  -30.0000   22.5000 9900.3877   17.3954
    7.5000  -30.0000   22.5000 9279.0762   17.3836
   -7.5000  -22.5000   22.500010700.5986   17.2001
    0.0000  -22.5000   22.500011144.5859   17.2578
    7.5000  -22.5000   22.500010469.9795   17.2362
   -7.5000  -15.0000   22.500011817.6621   17.1465
    0.0000  -15.0000   22.500012277.5371   17.2039
    7.5000  -15.0000   22.500011543.2412   17.1795
   -7.5000   -7.5000   22.500012852.2969   17.1217
    0.0000   -7.5000   22.500013351.4814   17.1821
    7.5000   -7.5000   22.500012599.7256   17.1659
   -7.5000    0.0000   22.500013962.0996   17.1250
    0.0000    0.0000   22.500014535.5938   17.1877
    7.5000    0.0000   22.500013723.9922   17.1813
   -7.5000    7.5000   22.500014099.5225   17.1494
    0.0000    7.5000   22.500014810.9189   17.2122
    7.5000    7.5000   22.500013822.9033   17.2074
   -7.5000   15.0000   22.500013954.5615   17.1675
    0.0000   15.0000   22.500014627.7451   17.2284
    7.5000   15.0000   22.500013662.7588   17.2167
   -7.5000   22.5000   22.500013546.8906   17.1547
    0.0000   22.5000   22.500014135.5908   17.2126
    7.5000   22.5000   22.500013304.9062   17.1912
   -7.5000   30.0000   22.500013139.0000   16.9193
    0.0000   30.0000   22.500013646.2949   16.9761
    7.5000   30.0000   22.500012897.1221   16.9521
   -7.5000   37.5000   22.500013089.5088   16.9001
    0.0000   37.5000   22.500013551.7842   16.9597
    7.5000   37.5000   22.500012767.0400   16.9437
   -7.5000   45.0000   22.500012350.5205   16.5065
    0.0000   45.0000   22.500012796.3164   16.5670
    7.5000   45.0000   22.500012021.9463   16.5608
   -7.5000  -45.0000   30.0000 6731.6221   18.4145
    0.0000  -45.0000   30.0000 7030.1147   18.4750
    7.5000  -45.0000   30.0000 6649.0278   18.4642
   -7.5000  -37.5000   30.0000 7575.4731   17.9577
    0.0000  -37.5000   30.0000 7910.0737   18.0193
    7.5000  -37.5000   30.0000 7457.2632   18.0112
   -7.5000  -30.0000   30.0000 8668.7344   17.6126
    0.0000  -30.0000   30.0000 9056.1523   17.6704
    7.5000  -30.0000   30.0000 8545.6465   17.6541
   -7.5000  -22.5000   30.0000 9782.0684   17.4726
    0.0000  -22.5000   30.000010208.0410   17.5263
    7.5000  -22.5000   30.0000 9668.4062   17.5018
   -7.5000  -15.0000   30.000010810.5635   17.4181
    0.0000  -15.0000   30.000011273.2266   17.4702
    7.5000  -15.0000   30.000010701.5508   17.4444
   -7.5000   -7.5000   30.000011794.5869   17.3965
    0.0000   -7.5000   30.000012306.3789   17.4512
    7.5000   -7.5000   30.000011717.1826   17.4331
   -7.5000    0.0000   30.000012836.8105   17.4027
    0.0000    0.0000   30.000013425.4482   17.4611
    7.5000    0.0000   30.000012789.2803   17.4517
   -7.5000    7.5000   30.000012923.9824   17.4257
    0.0000    7.5000   30.000013592.3418   17.4853
    7.5000    7.5000   30.000012846.0449   17.4765
   -7.5000   15.0000   30.000012755.0635   17.4412
    0.0000   15.0000   30.000013332.4697   17.4987
    7.5000   15.0000   30.000012651.1191   17.4825
   -7.5000   22.5000   30.000012402.6680   17.4262
    0.0000   22.5000   30.000012908.0977   17.4800
    7.5000   22.5000   30.000012315.9219   17.4558
   -7.5000   30.0000   30.000012058.6309   17.1873
    0.0000   30.0000   30.000012521.3672   17.2388
    7.5000   30.0000   30.000011935.5654   17.2134
   -7.5000   37.5000   30.000012053.9082   17.1713
    0.0000   37.5000   30.000012513.3486   17.2254
    7.5000   37.5000   30.000011858.8809   17.2075
   -7.5000   45.0000   30.000011455.4365   16.7742
    0.0000   45.0000   30.000011877.5449   16.8305
    7.5000   45.0000   30.000011220.2852   16.8214
   -7.5000  -45.0000   37.5000 6389.4761   18.9232
    0.0000  -45.0000   37.5000 6657.2324   18.9816
    7.5000  -45.0000   37.5000 6311.7686   18.9672
   -7.5000  -37.5000   37.5000 7167.2910   18.4385
    0.0000  -37.5000   37.5000 7493.0522   18.4994
    7.5000  -37.5000   37.5000 7101.1738   18.4879
   -7.5000  -30.0000   37.5000 8192.7764   18.0719
    0.0000  -30.0000   37.5000 8579.4971   18.1333
    7.5000  -30.0000   37.5000 8139.1938   18.1151
   -7.5000  -22.5000   37.5000 9265.9502   17.9234
    0.0000  -22.5000   37.5000 9708.1104   17.9835
    7.5000  -22.5000   37.5000 9230.0576   17.9596
   -7.5000  -15.0000   37.500010297.7188   17.8704
    0.0000  -15.0000   37.500010777.1377   17.9274
    7.5000  -15.0000   37.500010280.2939   17.9026
   -7.5000   -7.5000   37.500011271.6494   17.8517
    0.0000   -7.5000   37.500011794.4580   17.9071
    7.5000   -7.5000   37.500011277.9951   17.8879
   -7.5000    0.0000   37.500012292.6113   17.8576
    0.0000    0.0000   37.500012886.2969   17.9137
    7.5000    0.0000   37.500012289.2637   17.9012
   -7.5000    7.5000   37.500012354.8887   17.8790
    0.0000    7.5000   37.500012967.9336   17.9377
    7.5000    7.5000   37.500012311.2119   17.9254
   -7.5000   15.0000   37.500012168.0088   17.8920
    0.0000   15.0000   37.500012676.9316   17.9530
    7.5000   15.0000   37.500012113.5996   17.9349
   -7.5000   22.5000   37.500011863.4287   17.8752
    0.0000   22.5000   37.500012312.0176   17.9354
    7.5000   22.5000   37.500011793.4814   17.9117
   -7.5000   30.0000   37.500011528.5664   17.6334
    0.0000   30.0000   37.500011966.7920   17.6898
    7.5000   30.0000   37.500011431.2666   17.6654
   -7.5000   37.5000   37.500011564.2695   17.6207
    0.0000   37.5000   37.500011993.5986   17.6753
    7.5000   37.5000   37.500011415.0781   17.6564
   -7.5000   45.0000   37.500011017.7803   17.2127
    0.0000   45.0000   37.500011436.9004   17.2668
    7.5000   45.0000   37.500010838.7822   17.2547
   -7.5000  -45.0000   45.0000 5859.9097   19.5476
    0.0000  -45.0000   45.0000 6085.3374   19.6085
    7.5000  -45.0000   45.0000 5750.4644   19.5929
   -7.5000  -37.5000   45.0000 6560.4829   19.0377
    0.0000  -37.5000   45.0000 6851.5596   19.1019
    7.5000  -37.5000   45.0000 6482.9565   19.0902
   -7.5000  -30.0000   45.0000 7509.7832   18.6508
    0.0000  -30.0000   45.0000 7846.6816   18.7203
    7.5000  -30.0000   45.0000 7445.5044   18.7037
   -7.5000  -22.5000   45.0000 8512.4727   18.4896
    0.0000  -22.5000   45.0000 8902.5098   18.5609
    7.5000  -22.5000   45.0000 8455.8506   18.5384
   -7.5000  -15.0000   45.0000 9477.9941   18.4276
    0.0000  -15.0000   45.0000 9905.2305   18.4950
    7.5000  -15.0000   45.0000 9435.3750   18.4700
   -7.5000   -7.5000   45.000010390.8281   18.4027
    0.0000   -7.5000   45.000010876.0977   18.4639
    7.5000   -7.5000   45.000010370.3984   18.4435
   -7.5000    0.0000   45.000011326.3135   18.4083
    0.0000    0.0000   45.000011867.2812   18.4662
    7.5000    0.0000   45.000011306.7637   18.4526
   -7.5000    7.5000   45.000011372.7549   18.4381
    0.0000    7.5000   45.000011905.5820   18.4997
    7.5000    7.5000   45.000011325.1230   18.4874
   -7.5000   15.0000   45.000011182.7441   18.4578
    0.0000   15.0000   45.000011660.0312   18.5267
    7.5000   15.0000   45.000011135.2617   18.5103
   -7.5000   22.5000   45.000010917.8936   18.4384
    0.0000   22.5000   45.000011363.3447   18.5098
    7.5000   22.5000   45.000010860.0293   18.4875
   -7.5000   30.0000   45.000010601.3555   18.1815
    0.0000   30.0000   45.000011028.8936   18.2482
    7.5000   30.0000   45.000010512.1367   18.2236
   -7.5000   37.5000   45.000010651.4736   18.1629
    0.0000   37.5000   45.000011080.2383   18.2234
    7.5000   37.5000   45.000010531.1621   18.2032
   -7.5000   45.0000   45.000010166.3633   17.7515
    0.0000   45.0000   45.000010573.3047   17.8074
    7.5000   45.0000   45.000010016.0000   17.7942

---------------------------------------------------------------------
imgreg_4dfp /opt/freesurfer/average/711-2C_as_mni_average_305 /opt/freesurfer/average/711-2B_as_mni_average_305_mask talsrcimg_g11 none talsrcimg_to_711-2C_as_mni_average_305_t4 4355
---------------------------------------------------------------------

freesurfer imgreg_4dfp.c
/opt/freesurfer/average/711-2C_as_mni_average_305.4dfp.img
       256       256       256         1
  1.000000  1.000000  1.000000
orientation T byte_order littleendian
Reading image: /opt/freesurfer/average/711-2C_as_mni_average_305.4dfp.img
dimensions:      256       256       256
mmppix:       1.0000   -1.0000   -1.0000
center:     128.0000 -129.0000 -129.0000
/opt/freesurfer/average/711-2B_as_mni_average_305_mask.4dfp.img
       256       256       256         1
  1.000000  1.000000  1.000000
orientation T byte_order littleendian
Reading mask: /opt/freesurfer/average/711-2B_as_mni_average_305_mask.4dfp.img (2306576 pixels)
talsrcimg_g11.4dfp.img
       256       256       256         1
  1.000000  1.000000  1.000000
orientation T byte_order littleendian
Reading image: talsrcimg_g11.4dfp.img
dimensions:      256       256       256
mmppix:       1.0000   -1.0000   -1.0000
center:     128.0000 -129.0000 -129.0000
rotation matrix determinant  1.000000
image alignment mode   4355 decimal     1103 hex
   -7.5000  -37.5000  -45.0000 1944.2426   21.8800
    0.0000  -37.5000  -45.0000 1954.6084   21.8025
    7.5000  -37.5000  -45.0000 1940.4825   21.6786
   -7.5000  -30.0000  -45.0000 2067.2822   19.5388
    0.0000  -30.0000  -45.0000 2079.3538   19.4446
    7.5000  -30.0000  -45.0000 2064.3743   19.3533
   -7.5000  -22.5000  -45.0000 2188.0393   17.6872
    0.0000  -22.5000  -45.0000 2200.6658   17.6266
    7.5000  -22.5000  -45.0000 2181.2456   17.5822
   -7.5000  -15.0000  -45.0000 2288.0935   16.1851
    0.0000  -15.0000  -45.0000 2299.0017   16.1183
    7.5000  -15.0000  -45.0000 2280.0312   16.1428
   -7.5000   -7.5000  -45.0000 2362.1931   15.0241
    0.0000   -7.5000  -45.0000 2373.4268   14.9504
    7.5000   -7.5000  -45.0000 2353.2051   15.0307
   -7.5000    0.0000  -45.0000 2414.2708   14.2913
    0.0000    0.0000  -45.0000 2422.8403   14.1901
    7.5000    0.0000  -45.0000 2401.5188   14.3231
   -7.5000    7.5000  -45.0000 2434.1516   13.8970
    0.0000    7.5000  -45.0000 2443.2444   13.7946
    7.5000    7.5000  -45.0000 2423.9734   13.9329
   -7.5000   15.0000  -45.0000 2446.2168   13.8040
    0.0000   15.0000  -45.0000 2457.0332   13.7008
    7.5000   15.0000  -45.0000 2437.4214   13.8395
   -7.5000   22.5000  -45.0000 2441.3958   14.0803
    0.0000   22.5000  -45.0000 2454.8220   13.9582
    7.5000   22.5000  -45.0000 2437.4895   14.0760
   -7.5000   30.0000  -45.0000 2419.8040   14.5733
    0.0000   30.0000  -45.0000 2433.4656   14.5001
    7.5000   30.0000  -45.0000 2410.4739   14.5829
   -7.5000   37.5000  -45.0000 2377.1301   15.3395
    0.0000   37.5000  -45.0000 2392.3113   15.2928
    7.5000   37.5000  -45.0000 2366.1306   15.3427
   -7.5000   45.0000  -45.0000 2315.6167   16.3584
    0.0000   45.0000  -45.0000 2331.8137   16.3311
    7.5000   45.0000  -45.0000 2305.7107   16.3895
   -7.5000   52.5000  -45.0000 2211.4631   17.5856
    0.0000   52.5000  -45.0000 2226.8779   17.5606
    7.5000   52.5000  -45.0000 2202.7305   17.5896
   -7.5000  -37.5000  -37.5000 1993.0106   20.7931
    0.0000  -37.5000  -37.5000 2003.0935   20.6628
    7.5000  -37.5000  -37.5000 1989.1173   20.6484
   -7.5000  -30.0000  -37.5000 2127.7705   18.5286
    0.0000  -30.0000  -37.5000 2140.0825   18.4029
    7.5000  -30.0000  -37.5000 2118.7097   18.4415
   -7.5000  -22.5000  -37.5000 2259.7461   16.7611
    0.0000  -22.5000  -37.5000 2270.8301   16.6461
    7.5000  -22.5000  -37.5000 2246.3425   16.6720
   -7.5000  -15.0000  -37.5000 2364.8340   15.3438
    0.0000  -15.0000  -37.5000 2377.3044   15.2547
    7.5000  -15.0000  -37.5000 2351.7239   15.2920
   -7.5000   -7.5000  -37.5000 2445.5859   14.2040
    0.0000   -7.5000  -37.5000 2456.8660   14.1101
    7.5000   -7.5000  -37.5000 2433.3528   14.1918
   -7.5000    0.0000  -37.5000 2508.7788   13.4669
    0.0000    0.0000  -37.5000 2511.4177   13.3379
    7.5000    0.0000  -37.5000 2495.1501   13.4501
   -7.5000    7.5000  -37.5000 2536.0979   13.0521
    0.0000    7.5000  -37.5000 2539.7839   12.9117
    7.5000    7.5000  -37.5000 2522.1472   13.0531
   -7.5000   15.0000  -37.5000 2546.6582   12.8948
    0.0000   15.0000  -37.5000 2552.2158   12.7867
    7.5000   15.0000  -37.5000 2537.2390   12.9052
   -7.5000   22.5000  -37.5000 2540.9705   13.1250
    0.0000   22.5000  -37.5000 2546.9023   12.9989
    7.5000   22.5000  -37.5000 2532.6379   13.1275
   -7.5000   30.0000  -37.5000 2509.9885   13.5266
    0.0000   30.0000  -37.5000 2525.8699   13.4491
    7.5000   30.0000  -37.5000 2505.2209   13.5716
   -7.5000   37.5000  -37.5000 2467.8120   14.2150
    0.0000   37.5000  -37.5000 2485.6116   14.1531
    7.5000   37.5000  -37.5000 2462.8828   14.2479
   -7.5000   45.0000  -37.5000 2408.0940   15.1405
    0.0000   45.0000  -37.5000 2428.3005   15.1023
    7.5000   45.0000  -37.5000 2399.8049   15.1998
   -7.5000   52.5000  -37.5000 2302.4519   16.2503
    0.0000   52.5000  -37.5000 2321.0974   16.2169
    7.5000   52.5000  -37.5000 2294.3115   16.3176
   -7.5000  -37.5000  -30.0000 2076.8909   20.5513
    0.0000  -37.5000  -30.0000 2089.5718   20.3986
    7.5000  -37.5000  -30.0000 2074.6699   20.4661
   -7.5000  -30.0000  -30.0000 2217.5193   18.3100
    0.0000  -30.0000  -30.0000 2230.4812   18.1371
    7.5000  -30.0000  -30.0000 2209.5320   18.2213
   -7.5000  -22.5000  -30.0000 2356.0293   16.5195
    0.0000  -22.5000  -30.0000 2367.1687   16.3673
    7.5000  -22.5000  -30.0000 2343.7280   16.4329
   -7.5000  -15.0000  -30.0000 2469.1082   15.0919
    0.0000  -15.0000  -30.0000 2480.0168   14.9422
    7.5000  -15.0000  -30.0000 2456.9854   15.0126
   -7.5000   -7.5000  -30.0000 2555.6914   13.9415
    0.0000   -7.5000  -30.0000 2568.4658   13.8076
    7.5000   -7.5000  -30.0000 2546.4883   13.9006
   -7.5000    0.0000  -30.0000 2624.3042   13.1369
    0.0000    0.0000  -30.0000 2631.3950   12.9873
    7.5000    0.0000  -30.0000 2617.1655   13.0990
   -7.5000    7.5000  -30.0000 2665.0137   12.6334
    0.0000    7.5000  -30.0000 2671.3220   12.5147
    7.5000    7.5000  -30.0000 2656.2993   12.6295
   -7.5000   15.0000  -30.0000 2683.3137   12.4526
    0.0000   15.0000  -30.0000 2689.2439   12.3458
    7.5000   15.0000  -30.0000 2675.2195   12.4792
   -7.5000   22.5000  -30.0000 2679.9316   12.6322
    0.0000   22.5000  -30.0000 2686.3914   12.5170
    7.5000   22.5000  -30.0000 2674.2820   12.6600
   -7.5000   30.0000  -30.0000 2651.0962   13.0227
    0.0000   30.0000  -30.0000 2661.5854   12.9194
    7.5000   30.0000  -30.0000 2646.0852   13.0751
   -7.5000   37.5000  -30.0000 2610.2939   13.6807
    0.0000   37.5000  -30.0000 2619.7146   13.5677
    7.5000   37.5000  -30.0000 2606.1594   13.7468
   -7.5000   45.0000  -30.0000 2542.0950   14.5688
    0.0000   45.0000  -30.0000 2557.6108   14.4559
    7.5000   45.0000  -30.0000 2538.9238   14.6322
   -7.5000   52.5000  -30.0000 2432.6333   15.6309
    0.0000   52.5000  -30.0000 2448.2610   15.5445
    7.5000   52.5000  -30.0000 2426.0649   15.6901
   -7.5000  -37.5000  -22.5000 2132.0735   20.2209
    0.0000  -37.5000  -22.5000 2142.4875   20.0338
    7.5000  -37.5000  -22.5000 2132.2771   20.1377
   -7.5000  -30.0000  -22.5000 2273.8418   17.9929
    0.0000  -30.0000  -22.5000 2284.9836   17.7920
    7.5000  -30.0000  -22.5000 2273.5229   17.9070
   -7.5000  -22.5000  -22.5000 2412.4539   16.1714
    0.0000  -22.5000  -22.5000 2423.6162   15.9942
    7.5000  -22.5000  -22.5000 2410.7334   16.0832
   -7.5000  -15.0000  -22.5000 2529.7759   14.7072
    0.0000  -15.0000  -22.5000 2539.6643   14.5357
    7.5000  -15.0000  -22.5000 2524.0486   14.6410
   -7.5000   -7.5000  -22.5000 2628.3108   13.5728
    0.0000   -7.5000  -22.5000 2637.8904   13.4024
    7.5000   -7.5000  -22.5000 2624.6204   13.5157
   -7.5000    0.0000  -22.5000 2700.3342   12.7275
    0.0000    0.0000  -22.5000 2714.1255   12.5708
    7.5000    0.0000  -22.5000 2702.0598   12.6872
   -7.5000    7.5000  -22.5000 2750.7937   12.1504
    0.0000    7.5000  -22.5000 2765.5952   12.0181
    7.5000    7.5000  -22.5000 2750.6807   12.1594
   -7.5000   15.0000  -22.5000 2783.8877   11.9073
    0.0000   15.0000  -22.5000 2792.3484   11.7601
    7.5000   15.0000  -22.5000 2777.0657   11.9309
   -7.5000   22.5000  -22.5000 2791.7893   12.0356
    0.0000   22.5000  -22.5000 2796.6836   11.9030
    7.5000   22.5000  -22.5000 2785.0039   12.0674
   -7.5000   30.0000  -22.5000 2767.8503   12.4413
    0.0000   30.0000  -22.5000 2774.0210   12.3067
    7.5000   30.0000  -22.5000 2763.4058   12.4857
   -7.5000   37.5000  -22.5000 2725.2297   13.0891
    0.0000   37.5000  -22.5000 2733.2329   12.9470
    7.5000   37.5000  -22.5000 2720.3909   13.1426
   -7.5000   45.0000  -22.5000 2650.5442   13.9171
    0.0000   45.0000  -22.5000 2664.5845   13.7677
    7.5000   45.0000  -22.5000 2647.9727   13.9611
   -7.5000   52.5000  -22.5000 2531.4805   14.9400
    0.0000   52.5000  -22.5000 2543.5017   14.8048
    7.5000   52.5000  -22.5000 2527.2773   14.9765
   -7.5000  -37.5000  -15.0000 2147.4526   19.9820
    0.0000  -37.5000  -15.0000 2156.0361   19.7577
    7.5000  -37.5000  -15.0000 2152.9639   19.9256
   -7.5000  -30.0000  -15.0000 2287.2473   17.7192
    0.0000  -30.0000  -15.0000 2298.0391   17.4956
    7.5000  -30.0000  -15.0000 2289.6995   17.6162
   -7.5000  -22.5000  -15.0000 2427.2205   15.8628
    0.0000  -22.5000  -15.0000 2437.2629   15.6341
    7.5000  -22.5000  -15.0000 2426.5828   15.7648
   -7.5000  -15.0000  -15.0000 2547.3152   14.3715
    0.0000  -15.0000  -15.0000 2556.1416   14.1567
    7.5000  -15.0000  -15.0000 2546.9253   14.3021
   -7.5000   -7.5000  -15.0000 2657.3328   13.2464
    0.0000   -7.5000  -15.0000 2666.9475   13.0475
    7.5000   -7.5000  -15.0000 2655.1321   13.1811
   -7.5000    0.0000  -15.0000 2737.4607   12.3895
    0.0000    0.0000  -15.0000 2752.9993   12.2179
    7.5000    0.0000  -15.0000 2744.5496   12.3588
   -7.5000    7.5000  -15.0000 2801.3611   11.7792
    0.0000    7.5000  -15.0000 2814.5386   11.6110
    7.5000    7.5000  -15.0000 2806.5603   11.8046
   -7.5000   15.0000  -15.0000 2841.9243   11.4347
    0.0000   15.0000  -15.0000 2849.3918   11.2617
    7.5000   15.0000  -15.0000 2838.3562   11.4771
   -7.5000   22.5000  -15.0000 2863.7488   11.4916
    0.0000   22.5000  -15.0000 2867.2141   11.3323
    7.5000   22.5000  -15.0000 2853.2012   11.5539
   -7.5000   30.0000  -15.0000 2846.8706   11.9294
    0.0000   30.0000  -15.0000 2851.7703   11.7700
    7.5000   30.0000  -15.0000 2840.4065   11.9804
   -7.5000   37.5000  -15.0000 2799.0820   12.5609
    0.0000   37.5000  -15.0000 2812.6621   12.4128
    7.5000   37.5000  -15.0000 2798.8606   12.6198
   -7.5000   45.0000  -15.0000 2721.2424   13.3487
    0.0000   45.0000  -15.0000 2735.8833   13.2102
    7.5000   45.0000  -15.0000 2722.4902   13.4285
   -7.5000   52.5000  -15.0000 2598.5044   14.3049
    0.0000   52.5000  -15.0000 2613.2271   14.1686
    7.5000   52.5000  -15.0000 2597.4666   14.4059
   -7.5000  -37.5000   -7.5000 2146.0747   20.0359
    0.0000  -37.5000   -7.5000 2153.1855   19.7164
    7.5000  -37.5000   -7.5000 2150.9734   19.9308
   -7.5000  -30.0000   -7.5000 2285.9373   17.6562
    0.0000  -30.0000   -7.5000 2290.3997   17.3436
    7.5000  -30.0000   -7.5000 2287.0369   17.5460
   -7.5000  -22.5000   -7.5000 2422.5107   15.7037
    0.0000  -22.5000   -7.5000 2426.4551   15.4105
    7.5000  -22.5000   -7.5000 2420.8313   15.6040
   -7.5000  -15.0000   -7.5000 2541.8770   14.1750
    0.0000  -15.0000   -7.5000 2548.3489   13.9266
    7.5000  -15.0000   -7.5000 2542.8687   14.0959
   -7.5000   -7.5000   -7.5000 2653.6357   13.0164
    0.0000   -7.5000   -7.5000 2662.6194   12.8256
    7.5000   -7.5000   -7.5000 2657.2073   12.9533
   -7.5000    0.0000   -7.5000 2744.6792   12.1616
    0.0000    0.0000   -7.5000 2761.7834   11.9978
    7.5000    0.0000   -7.5000 2755.7427   12.1034
   -7.5000    7.5000   -7.5000 2821.5750   11.5847
    0.0000    7.5000   -7.5000 2837.0842   11.4287
    7.5000    7.5000   -7.5000 2832.4653   11.5602
   -7.5000   15.0000   -7.5000 2872.7097   11.2140
    0.0000   15.0000   -7.5000 2886.9341   11.0575
    7.5000   15.0000   -7.5000 2877.7832   11.2521
   -7.5000   22.5000   -7.5000 2912.3843   11.1490
    0.0000   22.5000   -7.5000 2919.3457   11.0038
    7.5000   22.5000   -7.5000 2900.2126   11.2452
   -7.5000   30.0000   -7.5000 2904.9048   11.5551
    0.0000   30.0000   -7.5000 2908.1304   11.4185
    7.5000   30.0000   -7.5000 2888.2698   11.6271
   -7.5000   37.5000   -7.5000 2857.2029   12.1686
    0.0000   37.5000   -7.5000 2867.3428   12.0219
    7.5000   37.5000   -7.5000 2846.0151   12.2126
   -7.5000   45.0000   -7.5000 2778.3987   12.9487
    0.0000   45.0000   -7.5000 2790.1484   12.7958
    7.5000   45.0000   -7.5000 2769.4563   12.9892
   -7.5000   52.5000   -7.5000 2653.1616   13.8633
    0.0000   52.5000   -7.5000 2660.8767   13.7295
    7.5000   52.5000   -7.5000 2644.6436   13.9232
   -7.5000  -37.5000    0.0000 2125.6934   20.2954
    0.0000  -37.5000    0.0000 2133.2368   19.9789
    7.5000  -37.5000    0.0000 2131.1482   20.0908
   -7.5000  -30.0000    0.0000 2262.2593   17.7753
    0.0000  -30.0000    0.0000 2271.1306   17.4994
    7.5000  -30.0000    0.0000 2269.1042   17.6433
   -7.5000  -22.5000    0.0000 2395.5679   15.7400
    0.0000  -22.5000    0.0000 2402.2542   15.5073
    7.5000  -22.5000    0.0000 2398.6943   15.6712
   -7.5000  -15.0000    0.0000 2518.1763   14.2127
    0.0000  -15.0000    0.0000 2525.0129   13.9841
    7.5000  -15.0000    0.0000 2522.0830   14.1287
   -7.5000   -7.5000    0.0000 2628.4551   13.0162
    0.0000   -7.5000    0.0000 2642.1465   12.8664
    7.5000   -7.5000    0.0000 2643.1211   12.9793
   -7.5000    0.0000    0.0000 2735.4531   12.1613
    0.0000    0.0000    0.0000 2750.1521   12.0360
    7.5000    0.0000    0.0000 2752.1562   12.1223
   -7.5000    7.5000    0.0000 2834.0288   11.6866
    0.0000    7.5000    0.0000 2851.8616   11.5825
    7.5000    7.5000    0.0000 2848.4998   11.6008
   -7.5000   15.0000    0.0000 2906.9597   11.4293
    0.0000   15.0000    0.0000 2936.2898   11.3506
    7.5000   15.0000    0.0000 2906.3364   11.2820
   -7.5000   22.5000    0.0000 2958.8862   11.2580
    0.0000   22.5000    0.0000 2978.3984   11.1591
    7.5000   22.5000    0.0000 2932.2988   11.2004
   -7.5000   30.0000    0.0000 2953.6470   11.4947
    0.0000   30.0000    0.0000 2958.3484   11.3752
    7.5000   30.0000    0.0000 2913.8726   11.4638
   -7.5000   37.5000    0.0000 2897.9229   11.9997
    0.0000   37.5000    0.0000 2901.7546   11.8801
    7.5000   37.5000    0.0000 2868.3987   11.9713
   -7.5000   45.0000    0.0000 2809.4316   12.7254
    0.0000   45.0000    0.0000 2821.3745   12.5848
    7.5000   45.0000    0.0000 2793.6865   12.7044
   -7.5000   52.5000    0.0000 2679.5378   13.6341
    0.0000   52.5000    0.0000 2689.9407   13.5075
    7.5000   52.5000    0.0000 2666.2097   13.6448
   -7.5000  -37.5000    7.5000 2095.6753   20.8304
    0.0000  -37.5000    7.5000 2103.1602   20.5426
    7.5000  -37.5000    7.5000 2104.4175   20.6718
   -7.5000  -30.0000    7.5000 2234.8823   18.1138
    0.0000  -30.0000    7.5000 2237.0696   17.8733
    7.5000  -30.0000    7.5000 2238.7769   18.0510
   -7.5000  -22.5000    7.5000 2360.6895   16.0014
    0.0000  -22.5000    7.5000 2364.5066   15.7967
    7.5000  -22.5000    7.5000 2372.0920   15.9706
   -7.5000  -15.0000    7.5000 2482.9536   14.4669
    0.0000  -15.0000    7.5000 2489.6807   14.2812
    7.5000  -15.0000    7.5000 2494.9331   14.3763
   -7.5000   -7.5000    7.5000 2606.1348   13.3199
    0.0000   -7.5000    7.5000 2616.3896   13.1913
    7.5000   -7.5000    7.5000 2616.7207   13.2200
   -7.5000    0.0000    7.5000 2732.8386   12.5159
    0.0000    0.0000    7.5000 2747.1741   12.4362
    7.5000    0.0000    7.5000 2732.8074   12.3846
   -7.5000    7.5000    7.5000 2848.7534   12.0401
    0.0000    7.5000    7.5000 2869.5576   12.0200
    7.5000    7.5000    7.5000 2835.6133   11.8686
   -7.5000   15.0000    7.5000 2938.1921   11.7428
    0.0000   15.0000    7.5000 2972.7905   11.7674
    7.5000   15.0000    7.5000 2908.3354   11.5108
   -7.5000   22.5000    7.5000 2992.5496   11.5660
    0.0000   22.5000    7.5000 3024.8396   11.5517
    7.5000   22.5000    7.5000 2944.2083   11.3840
   -7.5000   30.0000    7.5000 2977.5417   11.6545
    0.0000   30.0000    7.5000 2988.1455   11.5943
    7.5000   30.0000    7.5000 2924.4766   11.5540
   -7.5000   37.5000    7.5000 2911.3845   12.0146
    0.0000   37.5000    7.5000 2914.3162   11.9375
    7.5000   37.5000    7.5000 2875.5137   12.0113
   -7.5000   45.0000    7.5000 2815.4988   12.6823
    0.0000   45.0000    7.5000 2821.4939   12.5654
    7.5000   45.0000    7.5000 2797.3491   12.7114
   -7.5000   52.5000    7.5000 2682.7356   13.5778
    0.0000   52.5000    7.5000 2692.8230   13.4429
    7.5000   52.5000    7.5000 2674.0417   13.6171
   -7.5000  -37.5000   15.0000 2059.8020   21.6986
    0.0000  -37.5000   15.0000 2066.3708   21.4853
    7.5000  -37.5000   15.0000 2063.7336   21.4933
   -7.5000  -30.0000   15.0000 2203.6382   18.8750
    0.0000  -30.0000   15.0000 2202.3831   18.6675
    7.5000  -30.0000   15.0000 2198.8599   18.7116
   -7.5000  -22.5000   15.0000 2330.8013   16.7039
    0.0000  -22.5000   15.0000 2331.5039   16.5522
    7.5000  -22.5000   15.0000 2328.6423   16.5916
   -7.5000  -15.0000   15.0000 2459.7268   15.0827
    0.0000  -15.0000   15.0000 2459.2542   14.9334
    7.5000  -15.0000   15.0000 2451.5125   14.9464
   -7.5000   -7.5000   15.0000 2586.7507   13.8408
    0.0000   -7.5000   15.0000 2591.8923   13.7367
    7.5000   -7.5000   15.0000 2575.8125   13.7259
   -7.5000    0.0000   15.0000 2715.5793   12.9488
    0.0000    0.0000   15.0000 2725.3740   12.8994
    7.5000    0.0000   15.0000 2701.6174   12.8517
   -7.5000    7.5000   15.0000 2831.0322   12.3928
    0.0000    7.5000   15.0000 2845.6665   12.3730
    7.5000    7.5000   15.0000 2811.1980   12.2729
   -7.5000   15.0000   15.0000 2922.4060   12.0149
    0.0000   15.0000   15.0000 2950.0840   11.9884
    7.5000   15.0000   15.0000 2893.0540   11.8777
   -7.5000   22.5000   15.0000 2982.7532   11.7485
    0.0000   22.5000   15.0000 3007.8369   11.7016
    7.5000   22.5000   15.0000 2938.0566   11.6791
   -7.5000   30.0000   15.0000 2968.8369   11.7606
    0.0000   30.0000   15.0000 2974.9353   11.6891
    7.5000   30.0000   15.0000 2920.9177   11.7884
   -7.5000   37.5000   15.0000 2902.1838   12.1852
    0.0000   37.5000   15.0000 2900.9709   12.1080
    7.5000   37.5000   15.0000 2866.0283   12.2544
   -7.5000   45.0000   15.0000 2796.7417   12.9185
    0.0000   45.0000   15.0000 2802.4500   12.8185
    7.5000   45.0000   15.0000 2779.2778   12.9853
   -7.5000   52.5000   15.0000 2663.9451   13.8195
    0.0000   52.5000   15.0000 2671.1160   13.6843
    7.5000   52.5000   15.0000 2653.3743   13.8537
   -7.5000  -37.5000   22.5000 2023.4532   23.0200
    0.0000  -37.5000   22.5000 2029.0139   22.8432
    7.5000  -37.5000   22.5000 2013.4817   22.7353
   -7.5000  -30.0000   22.5000 2169.6785   19.9333
    0.0000  -30.0000   22.5000 2173.2515   19.7748
    7.5000  -30.0000   22.5000 2158.3362   19.7805
   -7.5000  -22.5000   22.5000 2301.9658   17.5255
    0.0000  -22.5000   22.5000 2303.2554   17.4239
    7.5000  -22.5000   22.5000 2291.9751   17.4904
   -7.5000  -15.0000   22.5000 2428.4373   15.7100
    0.0000  -15.0000   22.5000 2429.6248   15.6128
    7.5000  -15.0000   22.5000 2414.2971   15.7153
   -7.5000   -7.5000   22.5000 2549.7373   14.3759
    0.0000   -7.5000   22.5000 2556.2925   14.2941
    7.5000   -7.5000   22.5000 2540.1162   14.3968
   -7.5000    0.0000   22.5000 2673.4817   13.4129
    0.0000    0.0000   22.5000 2684.8203   13.3382
    7.5000    0.0000   22.5000 2666.4492   13.4483
   -7.5000    7.5000   22.5000 2786.0322   12.7852
    0.0000    7.5000   22.5000 2800.9941   12.7400
    7.5000    7.5000   22.5000 2772.6936   12.7951
   -7.5000   15.0000   22.5000 2871.9404   12.3393
    0.0000   15.0000   22.5000 2890.8564   12.3093
    7.5000   15.0000   22.5000 2851.9043   12.3373
   -7.5000   22.5000   22.5000 2917.0327   12.0156
    0.0000   22.5000   22.5000 2935.5898   11.9585
    7.5000   22.5000   22.5000 2890.0364   12.0974
   -7.5000   30.0000   22.5000 2916.1741   12.0299
    0.0000   30.0000   22.5000 2926.9253   11.9139
    7.5000   30.0000   22.5000 2888.6284   12.1356
   -7.5000   37.5000   22.5000 2870.2441   12.5041
    0.0000   37.5000   22.5000 2872.7683   12.3919
    7.5000   37.5000   22.5000 2839.6873   12.5829
   -7.5000   45.0000   22.5000 2768.9194   13.2825
    0.0000   45.0000   22.5000 2776.7075   13.1494
    7.5000   45.0000   22.5000 2753.8865   13.3611
   -7.5000   52.5000   22.5000 2631.6382   14.2117
    0.0000   52.5000   22.5000 2639.4319   14.0719
    7.5000   52.5000   22.5000 2621.1267   14.2557
   -7.5000  -37.5000   30.0000 1965.0140   24.3137
    0.0000  -37.5000   30.0000 1975.5812   24.1805
    7.5000  -37.5000   30.0000 1961.2007   24.2371
   -7.5000  -30.0000   30.0000 2113.7415   20.9514
    0.0000  -30.0000   30.0000 2124.3555   20.8407
    7.5000  -30.0000   30.0000 2111.2068   21.0138
   -7.5000  -22.5000   30.0000 2257.8760   18.3178
    0.0000  -22.5000   30.0000 2265.4426   18.2502
    7.5000  -22.5000   30.0000 2253.0288   18.5000
   -7.5000  -15.0000   30.0000 2387.7385   16.3872
    0.0000  -15.0000   30.0000 2391.7720   16.3213
    7.5000  -15.0000   30.0000 2377.1626   16.5999
   -7.5000   -7.5000   30.0000 2505.0083   14.9787
    0.0000   -7.5000   30.0000 2513.6035   14.9359
    7.5000   -7.5000   30.0000 2503.2788   15.2083
   -7.5000    0.0000   30.0000 2618.5015   13.9970
    0.0000    0.0000   30.0000 2630.8013   13.9405
    7.5000    0.0000   30.0000 2620.4534   14.1952
   -7.5000    7.5000   30.0000 2722.5476   13.3122
    0.0000    7.5000   30.0000 2736.2893   13.2618
    7.5000    7.5000   30.0000 2717.5913   13.4582
   -7.5000   15.0000   30.0000 2798.8787   12.8178
    0.0000   15.0000   30.0000 2814.1353   12.7415
    7.5000   15.0000   30.0000 2783.4006   12.9314
   -7.5000   22.5000   30.0000 2834.2610   12.4984
    0.0000   22.5000   30.0000 2848.9587   12.3745
    7.5000   22.5000   30.0000 2818.3787   12.6524
   -7.5000   30.0000   30.0000 2837.6104   12.5224
    0.0000   30.0000   30.0000 2849.7874   12.3995
    7.5000   30.0000   30.0000 2823.5042   12.6706
   -7.5000   37.5000   30.0000 2800.4236   12.9998
    0.0000   37.5000   30.0000 2807.6619   12.8988
    7.5000   37.5000   30.0000 2782.0771   13.0980
   -7.5000   45.0000   30.0000 2721.0723   13.7693
    0.0000   45.0000   30.0000 2723.8418   13.6306
    7.5000   45.0000   30.0000 2704.6858   13.8291
   -7.5000   52.5000   30.0000 2588.6765   14.7271
    0.0000   52.5000   30.0000 2594.1462   14.5867
    7.5000   52.5000   30.0000 2578.8562   14.7820
   -7.5000  -37.5000   37.5000 1897.4351   25.6578
    0.0000  -37.5000   37.5000 1912.2017   25.5875
    7.5000  -37.5000   37.5000 1906.7861   25.8655
   -7.5000  -30.0000   37.5000 2049.4326   22.0067
    0.0000  -30.0000   37.5000 2064.5076   21.9689
    7.5000  -30.0000   37.5000 2058.1545   22.3433
   -7.5000  -22.5000   37.5000 2201.4797   19.2450
    0.0000  -22.5000   37.5000 2211.0754   19.2071
    7.5000  -22.5000   37.5000 2201.7656   19.6353
   -7.5000  -15.0000   37.5000 2333.9495   17.2388
    0.0000  -15.0000   37.5000 2342.0378   17.2136
    7.5000  -15.0000   37.5000 2332.1772   17.6435
   -7.5000   -7.5000   37.5000 2448.6372   15.7847
    0.0000   -7.5000   37.5000 2460.6479   15.7394
    7.5000   -7.5000   37.5000 2449.1123   16.1766
   -7.5000    0.0000   37.5000 2555.3320   14.7823
    0.0000    0.0000   37.5000 2568.2229   14.7259
    7.5000    0.0000   37.5000 2556.4961   15.0686
   -7.5000    7.5000   37.5000 2652.3240   14.0777
    0.0000    7.5000   37.5000 2664.5811   13.9983
    7.5000    7.5000   37.5000 2646.3677   14.2840
   -7.5000   15.0000   37.5000 2720.0884   13.4961
    0.0000   15.0000   37.5000 2729.5554   13.3902
    7.5000   15.0000   37.5000 2705.8521   13.7064
   -7.5000   22.5000   37.5000 2751.6045   13.1919
    0.0000   22.5000   37.5000 2760.6716   13.0572
    7.5000   22.5000   37.5000 2739.5098   13.4002
   -7.5000   30.0000   37.5000 2746.9724   13.2492
    0.0000   30.0000   37.5000 2761.6843   13.1183
    7.5000   30.0000   37.5000 2742.5476   13.4026
   -7.5000   37.5000   37.5000 2712.2888   13.7097
    0.0000   37.5000   37.5000 2722.7385   13.5753
    7.5000   37.5000   37.5000 2705.2078   13.8070
   -7.5000   45.0000   37.5000 2645.9868   14.4515
    0.0000   45.0000   37.5000 2652.7581   14.3041
    7.5000   45.0000   37.5000 2637.0583   14.5161
   -7.5000   52.5000   37.5000 2529.1223   15.3731
    0.0000   52.5000   37.5000 2537.7832   15.2314
    7.5000   52.5000   37.5000 2523.1995   15.4524
   -7.5000  -37.5000   45.0000 1829.7152   27.3174
    0.0000  -37.5000   45.0000 1844.4127   27.3445
    7.5000  -37.5000   45.0000 1838.2666   27.8077
   -7.5000  -30.0000   45.0000 1986.0242   23.3435
    0.0000  -30.0000   45.0000 1997.2888   23.4129
    7.5000  -30.0000   45.0000 1993.0074   23.9678
   -7.5000  -22.5000   45.0000 2142.8223   20.4611
    0.0000  -22.5000   45.0000 2149.1304   20.4594
    7.5000  -22.5000   45.0000 2139.5173   21.0212
   -7.5000  -15.0000   45.0000 2274.6343   18.3378
    0.0000  -15.0000   45.0000 2280.0195   18.3566
    7.5000  -15.0000   45.0000 2268.8098   18.8830
   -7.5000   -7.5000   45.0000 2386.1689   16.8459
    0.0000   -7.5000   45.0000 2395.2251   16.8153
    7.5000   -7.5000   45.0000 2382.2817   17.3155
   -7.5000    0.0000   45.0000 2482.1802   15.7949
    0.0000    0.0000   45.0000 2492.1421   15.7428
    7.5000    0.0000   45.0000 2481.6025   16.1601
   -7.5000    7.5000   45.0000 2572.6714   15.0243
    0.0000    7.5000   45.0000 2582.2578   14.9501
    7.5000    7.5000   45.0000 2563.8665   15.3145
   -7.5000   15.0000   45.0000 2628.7891   14.3978
    0.0000   15.0000   45.0000 2638.3223   14.3134
    7.5000   15.0000   45.0000 2615.2996   14.6869
   -7.5000   22.5000   45.0000 2657.3208   14.1254
    0.0000   22.5000   45.0000 2665.1111   14.0225
    7.5000   22.5000   45.0000 2650.5222   14.3555
   -7.5000   30.0000   45.0000 2651.2742   14.1982
    0.0000   30.0000   45.0000 2666.2317   14.0923
    7.5000   30.0000   45.0000 2646.3245   14.3658
   -7.5000   37.5000   45.0000 2624.6011   14.6031
    0.0000   37.5000   45.0000 2636.4739   14.4948
    7.5000   37.5000   45.0000 2619.3179   14.7320
   -7.5000   45.0000   45.0000 2566.7500   15.3242
    0.0000   45.0000   45.0000 2574.8550   15.1856
    7.5000   45.0000   45.0000 2557.9019   15.4134
   -7.5000   52.5000   45.0000 2462.0327   16.2018
    0.0000   52.5000   45.0000 2466.8269   16.0639
    7.5000   52.5000   45.0000 2450.0923   16.2913

---------------------------------------------------------------------
imgreg_4dfp /opt/freesurfer/average/711-2C_as_mni_average_305 /opt/freesurfer/average/711-2B_as_mni_average_305_mask talsrcimg_g11 none talsrcimg_to_711-2C_as_mni_average_305_t4 1283
---------------------------------------------------------------------

freesurfer imgreg_4dfp.c
/opt/freesurfer/average/711-2C_as_mni_average_305.4dfp.img
       256       256       256         1
  1.000000  1.000000  1.000000
orientation T byte_order littleendian
Reading image: /opt/freesurfer/average/711-2C_as_mni_average_305.4dfp.img
dimensions:      256       256       256
mmppix:       1.0000   -1.0000   -1.0000
center:     128.0000 -129.0000 -129.0000
/opt/freesurfer/average/711-2B_as_mni_average_305_mask.4dfp.img
       256       256       256         1
  1.000000  1.000000  1.000000
orientation T byte_order littleendian
Reading mask: /opt/freesurfer/average/711-2B_as_mni_average_305_mask.4dfp.img (2306576 pixels)
talsrcimg_g11.4dfp.img
       256       256       256         1
  1.000000  1.000000  1.000000
orientation T byte_order littleendian
Reading image: talsrcimg_g11.4dfp.img
dimensions:      256       256       256
mmppix:       1.0000   -1.0000   -1.0000
center:     128.0000 -129.0000 -129.0000
rotation matrix determinant  1.000000
fimgreg.f
image alignment mode   1283 decimal      503 hex
parameters
    0.0000   22.5000    7.5000    0.0000    0.0000    0.0000
eta,q 0.94990 11.54527
niter,ni,del,rscale     5    3   12.0000    1.2000
parameter  4  0.948665 ->  0.500000 qaram    1.1500
parameter  6  0.719251 ->  0.500000 qaram    1.1500
parameters
   -1.5802   22.9422    8.3468   -3.4500    1.0098   -3.4500
eta,q 0.96005 11.52768
  0.0549  0.0590  0.0562  0.0434  0.0516  0.0412
  0.0505  0.0526  0.0505  0.0428  0.0477  0.0399
  0.0466  0.0480  0.0475  0.0437  0.0445  0.0407
  0.0468  0.0459  0.0462  0.0462  0.0429  0.0428
  0.0527  0.0477  0.0464  0.0495  0.0430  0.0457
  0.0613  0.0510  0.0481  0.0530  0.0443  0.0489
  0.0709  0.0552  0.0514  0.0562  0.0475  0.0530
niter,ni,del,rscale     6    3   12.0000    1.2000
parameters
   -2.4519   24.1567    8.2973   -6.7287    2.8262   -3.7375
eta,q 0.96250 11.60893
  0.0513  0.0603  0.0478  0.0398  0.0525  0.0450
  0.0455  0.0513  0.0428  0.0395  0.0472  0.0412
  0.0409  0.0430  0.0406  0.0385  0.0423  0.0383
  0.0399  0.0396  0.0396  0.0396  0.0387  0.0375
  0.0444  0.0403  0.0401  0.0423  0.0376  0.0390
  0.0512  0.0438  0.0431  0.0467  0.0390  0.0421
  0.0600  0.0482  0.0482  0.0515  0.0429  0.0462
niter,ni,del,rscale     5    3   12.0000    1.2000
parameters
   -3.1995   25.2481    7.4407   -9.0555    3.2910   -4.2913
eta,q 0.96322 11.59380
  0.0518  0.0546  0.0438  0.0383  0.0490  0.0429
  0.0443  0.0462  0.0385  0.0374  0.0433  0.0397
  0.0391  0.0403  0.0366  0.0371  0.0391  0.0374
  0.0375  0.0374  0.0367  0.0364  0.0371  0.0369
  0.0423  0.0367  0.0385  0.0384  0.0374  0.0383
  0.0508  0.0399  0.0428  0.0419  0.0407  0.0411
  0.0602  0.0455  0.0491  0.0465  0.0462  0.0452
niter,ni,del,rscale     4    3   12.0000    1.2000
parameters
   -3.1778   25.6716    7.1506   -9.6055    3.3229   -4.3953
eta,q 0.96334 11.58902
  0.0568  0.0495  0.0461  0.0405  0.0473  0.0436
  0.0470  0.0423  0.0399  0.0379  0.0419  0.0401
  0.0406  0.0384  0.0371  0.0372  0.0382  0.0377
  0.0368  0.0368  0.0366  0.0365  0.0367  0.0367
  0.0393  0.0366  0.0380  0.0365  0.0376  0.0379
  0.0473  0.0400  0.0417  0.0390  0.0415  0.0403
  0.0566  0.0465  0.0477  0.0426  0.0474  0.0441
niter,ni,del,rscale     3    3   12.0000    1.2000
parameters
   -3.1604   25.7436    7.1293   -9.5704    3.3214   -4.3833
eta,q 0.96338 11.58764
  0.0567  0.0478  0.0471  0.0417  0.0472  0.0438
  0.0469  0.0413  0.0406  0.0382  0.0418  0.0403
  0.0406  0.0379  0.0374  0.0373  0.0381  0.0377
  0.0367  0.0367  0.0366  0.0366  0.0366  0.0366
  0.0391  0.0372  0.0377  0.0363  0.0376  0.0377
  0.0472  0.0408  0.0411  0.0384  0.0416  0.0401
  0.0567  0.0476  0.0468  0.0417  0.0475  0.0438
niter,ni,del,rscale     2    3   12.0000    1.2000
parameters
   -3.1659   25.7359    7.1313   -9.5681    3.3231   -4.3834
eta,q 0.96338 11.58778
  0.0565  0.0475  0.0472  0.0416  0.0472  0.0438
  0.0468  0.0411  0.0406  0.0382  0.0418  0.0402
  0.0405  0.0378  0.0374  0.0373  0.0381  0.0377
  0.0366  0.0366  0.0366  0.0366  0.0366  0.0366
  0.0391  0.0372  0.0377  0.0363  0.0376  0.0377
  0.0472  0.0410  0.0410  0.0384  0.0416  0.0401
  0.0567  0.0479  0.0468  0.0418  0.0475  0.0439
registration optimization eta report
parameter search radius
    6.0000    6.0000    6.0000    6.9000    6.0000    6.9000
100000*second partial in parameter space
       54.       31.       29.       11.       30.       15.
  0.0565  0.0475  0.0472  0.0416  0.0472  0.0438
  0.0468  0.0411  0.0406  0.0382  0.0418  0.0402
  0.0405  0.0378  0.0374  0.0373  0.0381  0.0377
  0.0366  0.0366  0.0366  0.0366  0.0366  0.0366
  0.0391  0.0372  0.0377  0.0363  0.0376  0.0377
  0.0472  0.0410  0.0410  0.0384  0.0416  0.0401
  0.0567  0.0479  0.0468  0.0418  0.0475  0.0439
   -3.1659   25.7359    7.1313   -9.5681    3.3231   -4.3834
eta,q 0.96338 11.58778

---------------------------------------------------------------------
imgreg_4dfp /opt/freesurfer/average/711-2C_as_mni_average_305 /opt/freesurfer/average/711-2B_as_mni_average_305_mask talsrcimg_g11 none talsrcimg_to_711-2C_as_mni_average_305_t4 3335
---------------------------------------------------------------------

freesurfer imgreg_4dfp.c
/opt/freesurfer/average/711-2C_as_mni_average_305.4dfp.img
       256       256       256         1
  1.000000  1.000000  1.000000
orientation T byte_order littleendian
Reading image: /opt/freesurfer/average/711-2C_as_mni_average_305.4dfp.img
dimensions:      256       256       256
mmppix:       1.0000   -1.0000   -1.0000
center:     128.0000 -129.0000 -129.0000
/opt/freesurfer/average/711-2B_as_mni_average_305_mask.4dfp.img
       256       256       256         1
  1.000000  1.000000  1.000000
orientation T byte_order littleendian
Reading mask: /opt/freesurfer/average/711-2B_as_mni_average_305_mask.4dfp.img (2306576 pixels)
talsrcimg_g11.4dfp.img
       256       256       256         1
  1.000000  1.000000  1.000000
orientation T byte_order littleendian
Reading image: talsrcimg_g11.4dfp.img
dimensions:      256       256       256
mmppix:       1.0000   -1.0000   -1.0000
center:     128.0000 -129.0000 -129.0000
fimgreg.f
image alignment mode   3335 decimal      D07 hex
parameters
   -3.1659   25.7359    7.1313   -0.4602   -1.7532   -1.5569
    8.4974   -4.4288   -7.6301   17.0103    5.7966  -16.5941
eta,q 0.96407 11.64177
niter,ni,del,rscale     5    3    5.0000    1.2000
parameter  4  0.713893 ->  0.500000 qaram    1.1500
parameter  5  2.654098 ->  0.500000 qaram    1.1500
parameters
   -3.1282   26.5286    7.3957   -4.6002   -5.8932   -4.8487
    8.4906   -4.2564   -4.9551   15.1071    4.1410  -14.8066
eta,q 0.97362 11.22532
  0.0401  0.0390  0.0379  0.0338  0.0251  0.0276  0.0300  0.0314  0.0316  0.0286  0.0271  0.0287
  0.0378  0.0375  0.0367  0.0333  0.0270  0.0271  0.0285  0.0291  0.0297  0.0273  0.0267  0.0276
  0.0364  0.0366  0.0360  0.0338  0.0299  0.0272  0.0275  0.0276  0.0281  0.0265  0.0264  0.0268
  0.0359  0.0359  0.0357  0.0357  0.0333  0.0277  0.0271  0.0271  0.0271  0.0267  0.0265  0.0264
  0.0364  0.0357  0.0358  0.0389  0.0369  0.0286  0.0275  0.0276  0.0267  0.0280  0.0268  0.0264
  0.0377  0.0359  0.0362  0.0430  0.0408  0.0307  0.0285  0.0289  0.0270  0.0300  0.0274  0.0267
  0.0398  0.0366  0.0371  0.0475  0.0451  0.0344  0.0300  0.0309  0.0279  0.0324  0.0281  0.0272
niter,ni,del,rscale     6    3    5.0000    1.2000
parameter  5  1.030792 ->  0.500000 qaram    1.3225
parameters
   -3.1236   26.0775    7.5138   -5.9061  -10.6542   -4.7587
    7.8451   -4.4624   -4.9624   14.7211    4.3284  -14.5935
eta,q 0.97650 10.98857
  0.0301  0.0284  0.0280  0.0291  0.0229  0.0256  0.0254  0.0270  0.0257  0.0266  0.0245  0.0247
  0.0281  0.0270  0.0271  0.0279  0.0233  0.0245  0.0243  0.0250  0.0245  0.0249  0.0240  0.0241
  0.0268  0.0263  0.0265  0.0269  0.0245  0.0238  0.0237  0.0239  0.0238  0.0238  0.0237  0.0236
  0.0264  0.0264  0.0262  0.0262  0.0265  0.0235  0.0235  0.0235  0.0235  0.0235  0.0235  0.0235
  0.0268  0.0272  0.0264  0.0268  0.0296  0.0239  0.0239  0.0241  0.0238  0.0241  0.0236  0.0236
  0.0281  0.0286  0.0269  0.0292  0.0334  0.0243  0.0249  0.0254  0.0245  0.0252  0.0239  0.0240
  0.0301  0.0305  0.0277  0.0331  0.0375  0.0255  0.0263  0.0273  0.0257  0.0273  0.0244  0.0246
niter,ni,del,rscale     6    3    5.0000    1.2000
parameters
   -3.0126   26.0683    7.8349   -5.2314  -14.5009   -4.8059
    7.5612   -4.3678   -5.3991   14.9894    4.4125  -15.5029
eta,q 0.97749 10.81783
  0.0269  0.0263  0.0254  0.0269  0.0241  0.0245  0.0247  0.0264  0.0245  0.0261  0.0235  0.0234
  0.0251  0.0248  0.0245  0.0256  0.0229  0.0234  0.0235  0.0243  0.0234  0.0243  0.0230  0.0229
  0.0240  0.0239  0.0238  0.0245  0.0226  0.0228  0.0228  0.0230  0.0227  0.0231  0.0227  0.0225
  0.0235  0.0235  0.0235  0.0235  0.0232  0.0226  0.0226  0.0226  0.0226  0.0226  0.0226  0.0226
  0.0237  0.0238  0.0235  0.0230  0.0250  0.0229  0.0230  0.0230  0.0230  0.0228  0.0226  0.0228
  0.0247  0.0248  0.0239  0.0240  0.0280  0.0234  0.0238  0.0243  0.0238  0.0239  0.0230  0.0233
  0.0263  0.0265  0.0246  0.0267  0.0323  0.0245  0.0250  0.0261  0.0250  0.0257  0.0235  0.0239
niter,ni,del,rscale     5    3    5.0000    1.2000
parameters
   -3.0389   26.0959    8.0829   -5.1571  -14.8926   -4.5524
    7.6258   -4.3704   -5.4585   15.1041    4.3620  -15.5609
eta,q 0.97751 10.81461
  0.0256  0.0254  0.0243  0.0256  0.0265  0.0246  0.0249  0.0262  0.0247  0.0259  0.0234  0.0236
  0.0239  0.0238  0.0235  0.0244  0.0243  0.0234  0.0236  0.0242  0.0235  0.0241  0.0230  0.0230
  0.0229  0.0228  0.0228  0.0234  0.0229  0.0227  0.0228  0.0229  0.0227  0.0230  0.0226  0.0226
  0.0225  0.0225  0.0225  0.0225  0.0225  0.0225  0.0225  0.0225  0.0225  0.0225  0.0225  0.0225
  0.0229  0.0229  0.0226  0.0223  0.0230  0.0228  0.0228  0.0230  0.0228  0.0228  0.0226  0.0227
  0.0240  0.0238  0.0230  0.0235  0.0246  0.0233  0.0236  0.0243  0.0236  0.0239  0.0230  0.0231
  0.0258  0.0252  0.0237  0.0264  0.0274  0.0242  0.0248  0.0261  0.0248  0.0257  0.0235  0.0236
niter,ni,del,rscale     4    3    5.0000    1.2000
parameters
   -3.0465   26.1125    8.1371   -5.1333  -14.9170   -4.4977
    7.6325   -4.3666   -5.4582   15.1236    4.3575  -15.5446
eta,q 0.97752 10.81758
  0.0257  0.0254  0.0241  0.0256  0.0268  0.0245  0.0249  0.0262  0.0247  0.0258  0.0234  0.0237
  0.0240  0.0237  0.0233  0.0244  0.0245  0.0233  0.0236  0.0242  0.0235  0.0240  0.0230  0.0230
  0.0229  0.0228  0.0227  0.0234  0.0230  0.0227  0.0227  0.0229  0.0227  0.0229  0.0226  0.0226
  0.0225  0.0225  0.0225  0.0225  0.0225  0.0225  0.0225  0.0225  0.0225  0.0225  0.0225  0.0225
  0.0229  0.0229  0.0226  0.0223  0.0229  0.0228  0.0228  0.0230  0.0228  0.0228  0.0226  0.0227
  0.0240  0.0238  0.0231  0.0236  0.0244  0.0233  0.0236  0.0243  0.0235  0.0240  0.0229  0.0231
  0.0257  0.0252  0.0240  0.0264  0.0270  0.0243  0.0248  0.0261  0.0247  0.0258  0.0235  0.0236
niter,ni,del,rscale     3    3    5.0000    1.2000
parameters
   -3.0466   26.1155    8.1498   -5.1322  -14.9154   -4.4854
    7.6353   -4.3651   -5.4555   15.1237    4.3512  -15.5405
eta,q 0.97752 10.81832
  0.0257  0.0254  0.0240  0.0256  0.0268  0.0244  0.0249  0.0262  0.0248  0.0258  0.0234  0.0236
  0.0240  0.0237  0.0232  0.0244  0.0245  0.0233  0.0236  0.0242  0.0235  0.0240  0.0230  0.0230
  0.0229  0.0227  0.0227  0.0234  0.0230  0.0227  0.0227  0.0229  0.0227  0.0229  0.0226  0.0226
  0.0225  0.0225  0.0225  0.0225  0.0225  0.0225  0.0225  0.0225  0.0225  0.0225  0.0225  0.0225
  0.0229  0.0229  0.0226  0.0223  0.0229  0.0228  0.0228  0.0230  0.0228  0.0228  0.0226  0.0227
  0.0240  0.0238  0.0232  0.0236  0.0244  0.0233  0.0236  0.0242  0.0235  0.0240  0.0229  0.0231
  0.0257  0.0252  0.0240  0.0265  0.0270  0.0244  0.0248  0.0261  0.0247  0.0258  0.0235  0.0236
registration optimization eta report
parameter search radius
    2.4000    2.4000    2.4000    8.2800    9.5220    7.2000
    7.2000    7.2000    7.2000    7.2000    7.2000    7.2000
100000*second partial in parameter space
       56.       49.       26.        5.        5.        4.
        4.        7.        4.        6.        2.        2.
  0.0257  0.0254  0.0240  0.0256  0.0268  0.0244  0.0249  0.0262  0.0248  0.0258  0.0234  0.0236
  0.0240  0.0237  0.0232  0.0244  0.0245  0.0233  0.0236  0.0242  0.0235  0.0240  0.0230  0.0230
  0.0229  0.0227  0.0227  0.0234  0.0230  0.0227  0.0227  0.0229  0.0227  0.0229  0.0226  0.0226
  0.0225  0.0225  0.0225  0.0225  0.0225  0.0225  0.0225  0.0225  0.0225  0.0225  0.0225  0.0225
  0.0229  0.0229  0.0226  0.0223  0.0229  0.0228  0.0228  0.0230  0.0228  0.0228  0.0226  0.0227
  0.0240  0.0238  0.0232  0.0236  0.0244  0.0233  0.0236  0.0242  0.0235  0.0240  0.0229  0.0231
  0.0257  0.0252  0.0240  0.0265  0.0270  0.0244  0.0248  0.0261  0.0247  0.0258  0.0235  0.0236
   -3.0466   26.1155    8.1498   -5.1322  -14.9154   -4.4854
    7.6353   -4.3651   -5.4555   15.1237    4.3512  -15.5405
eta,q 0.97752 10.81832

---------------------------------------------------------------------
imgreg_4dfp /opt/freesurfer/average/711-2C_as_mni_average_305 /opt/freesurfer/average/711-2B_as_mni_average_305_mask talsrcimg_g11 none talsrcimg_to_711-2C_as_mni_average_305_t4 2311
---------------------------------------------------------------------

freesurfer imgreg_4dfp.c
/opt/freesurfer/average/711-2C_as_mni_average_305.4dfp.img
       256       256       256         1
  1.000000  1.000000  1.000000
orientation T byte_order littleendian
Reading image: /opt/freesurfer/average/711-2C_as_mni_average_305.4dfp.img
dimensions:      256       256       256
mmppix:       1.0000   -1.0000   -1.0000
center:     128.0000 -129.0000 -129.0000
/opt/freesurfer/average/711-2B_as_mni_average_305_mask.4dfp.img
       256       256       256         1
  1.000000  1.000000  1.000000
orientation T byte_order littleendian
Reading mask: /opt/freesurfer/average/711-2B_as_mni_average_305_mask.4dfp.img (2306576 pixels)
talsrcimg_g11.4dfp.img
       256       256       256         1
  1.000000  1.000000  1.000000
orientation T byte_order littleendian
Reading image: talsrcimg_g11.4dfp.img
dimensions:      256       256       256
mmppix:       1.0000   -1.0000   -1.0000
center:     128.0000 -129.0000 -129.0000
fimgreg.f
image alignment mode   2311 decimal      907 hex
parameters
   -3.0466   26.1155    8.1498   -5.1322  -14.9154   -4.4854
    7.6353   -4.3651   -5.4555   15.1237    4.3512  -15.5405
eta,q 0.97752 10.81831
niter,ni,del,rscale     5    3    5.0000    0.8000
parameters
   -3.0427   26.0717    8.1678   -3.7255  -14.8373   -4.3581
    7.5448   -4.2980   -5.4033   15.2403    4.2851  -15.5051
eta,q 0.97778 10.88661
  0.0240  0.0237  0.0232  0.0241  0.0234  0.0231  0.0233  0.0241  0.0233  0.0238  0.0227  0.0228
  0.0232  0.0230  0.0228  0.0235  0.0228  0.0226  0.0227  0.0231  0.0227  0.0230  0.0224  0.0225
  0.0227  0.0226  0.0226  0.0230  0.0224  0.0223  0.0223  0.0224  0.0223  0.0225  0.0223  0.0223
  0.0225  0.0225  0.0225  0.0225  0.0222  0.0222  0.0222  0.0222  0.0222  0.0222  0.0222  0.0222
  0.0226  0.0227  0.0226  0.0222  0.0223  0.0224  0.0224  0.0224  0.0223  0.0223  0.0223  0.0223
  0.0231  0.0231  0.0228  0.0224  0.0227  0.0226  0.0228  0.0230  0.0227  0.0228  0.0224  0.0225
  0.0240  0.0238  0.0232  0.0231  0.0233  0.0229  0.0234  0.0240  0.0233  0.0237  0.0227  0.0228
niter,ni,del,rscale     4    3    5.0000    0.7000
parameters
   -3.0764   26.0736    8.1150   -3.7525  -14.7775   -4.4527
    7.5405   -4.3338   -5.4027   15.2679    4.3337  -15.5334
eta,q 0.97779 10.88500
  0.0234  0.0232  0.0227  0.0234  0.0231  0.0228  0.0231  0.0236  0.0230  0.0234  0.0226  0.0227
  0.0227  0.0227  0.0224  0.0229  0.0226  0.0225  0.0226  0.0228  0.0226  0.0228  0.0224  0.0224
  0.0223  0.0223  0.0223  0.0225  0.0223  0.0223  0.0223  0.0223  0.0223  0.0224  0.0223  0.0222
  0.0222  0.0222  0.0222  0.0222  0.0222  0.0222  0.0222  0.0222  0.0222  0.0222  0.0222  0.0222
  0.0224  0.0223  0.0223  0.0223  0.0223  0.0224  0.0223  0.0224  0.0223  0.0223  0.0222  0.0223
  0.0228  0.0227  0.0225  0.0227  0.0226  0.0226  0.0226  0.0229  0.0226  0.0227  0.0224  0.0224
  0.0235  0.0232  0.0228  0.0236  0.0231  0.0228  0.0231  0.0236  0.0230  0.0234  0.0226  0.0227
niter,ni,del,rscale     3    3    5.0000    0.6000
parameters
   -3.0822   26.0689    8.0938   -3.6039  -14.7724   -4.5276
    7.5263   -4.3403   -5.3991   15.3090    4.3278  -15.5806
eta,q 0.97780 10.88765
  0.0231  0.0230  0.0226  0.0232  0.0228  0.0227  0.0229  0.0233  0.0228  0.0231  0.0225  0.0225
  0.0226  0.0225  0.0224  0.0228  0.0225  0.0224  0.0225  0.0227  0.0225  0.0226  0.0223  0.0223
  0.0223  0.0223  0.0223  0.0224  0.0223  0.0222  0.0223  0.0223  0.0223  0.0223  0.0222  0.0222
  0.0222  0.0222  0.0222  0.0222  0.0222  0.0222  0.0222  0.0222  0.0222  0.0222  0.0222  0.0222
  0.0223  0.0223  0.0223  0.0222  0.0223  0.0223  0.0223  0.0223  0.0223  0.0223  0.0222  0.0222
  0.0226  0.0226  0.0224  0.0225  0.0225  0.0225  0.0225  0.0227  0.0225  0.0226  0.0223  0.0224
  0.0231  0.0229  0.0226  0.0232  0.0229  0.0227  0.0229  0.0232  0.0228  0.0231  0.0225  0.0225
niter,ni,del,rscale     2    3    5.0000    0.5000
parameters
   -3.0885   26.0705    8.0701   -3.4704  -14.7483   -4.6138
    7.5071   -4.3514   -5.3850   15.3471    4.3230  -15.6112
eta,q 0.97782 10.89008
  0.0228  0.0227  0.0225  0.0229  0.0226  0.0225  0.0227  0.0229  0.0226  0.0228  0.0224  0.0224
  0.0225  0.0224  0.0223  0.0226  0.0224  0.0223  0.0224  0.0225  0.0224  0.0225  0.0223  0.0223
  0.0223  0.0222  0.0222  0.0223  0.0222  0.0222  0.0222  0.0223  0.0222  0.0223  0.0222  0.0222
  0.0222  0.0222  0.0222  0.0222  0.0222  0.0222  0.0222  0.0222  0.0222  0.0222  0.0222  0.0222
  0.0223  0.0223  0.0222  0.0222  0.0222  0.0222  0.0222  0.0223  0.0222  0.0222  0.0222  0.0222
  0.0225  0.0224  0.0223  0.0224  0.0224  0.0224  0.0224  0.0225  0.0224  0.0224  0.0223  0.0223
  0.0229  0.0227  0.0225  0.0229  0.0226  0.0225  0.0227  0.0229  0.0226  0.0228  0.0224  0.0224
niter,ni,del,rscale     1    3    5.0000    0.4000
parameters
   -3.0932   26.0707    8.0425   -3.3612  -14.7251   -4.6892
    7.4972   -4.3563   -5.3731   15.3888    4.3398  -15.6582
eta,q 0.97782 10.89235
  0.0226  0.0225  0.0224  0.0227  0.0225  0.0224  0.0225  0.0227  0.0225  0.0226  0.0223  0.0223
  0.0224  0.0223  0.0223  0.0225  0.0223  0.0223  0.0223  0.0224  0.0223  0.0224  0.0222  0.0222
  0.0222  0.0222  0.0222  0.0223  0.0222  0.0222  0.0222  0.0222  0.0222  0.0222  0.0222  0.0222
  0.0222  0.0222  0.0222  0.0222  0.0222  0.0222  0.0222  0.0222  0.0222  0.0222  0.0222  0.0222
  0.0222  0.0222  0.0222  0.0222  0.0222  0.0222  0.0222  0.0222  0.0222  0.0222  0.0222  0.0222
  0.0224  0.0223  0.0223  0.0223  0.0223  0.0223  0.0223  0.0224  0.0223  0.0223  0.0222  0.0223
  0.0226  0.0225  0.0224  0.0226  0.0225  0.0224  0.0225  0.0226  0.0224  0.0226  0.0223  0.0223
registration optimization eta report
parameter search radius
    0.8000    0.8000    0.8000    2.4000    2.4000    2.4000
    2.4000    2.4000    2.4000    2.4000    2.4000    2.4000
100000*second partial in parameter space
       67.       52.       29.        8.        5.        4.
        5.        8.        5.        7.        2.        3.
  0.0226  0.0225  0.0224  0.0227  0.0225  0.0224  0.0225  0.0227  0.0225  0.0226  0.0223  0.0223
  0.0224  0.0223  0.0223  0.0225  0.0223  0.0223  0.0223  0.0224  0.0223  0.0224  0.0222  0.0222
  0.0222  0.0222  0.0222  0.0223  0.0222  0.0222  0.0222  0.0222  0.0222  0.0222  0.0222  0.0222
  0.0222  0.0222  0.0222  0.0222  0.0222  0.0222  0.0222  0.0222  0.0222  0.0222  0.0222  0.0222
  0.0222  0.0222  0.0222  0.0222  0.0222  0.0222  0.0222  0.0222  0.0222  0.0222  0.0222  0.0222
  0.0224  0.0223  0.0223  0.0223  0.0223  0.0223  0.0223  0.0224  0.0223  0.0223  0.0222  0.0223
  0.0226  0.0225  0.0224  0.0226  0.0225  0.0224  0.0225  0.0226  0.0224  0.0226  0.0223  0.0223
   -3.0932   26.0707    8.0425   -3.3612  -14.7251   -4.6892
    7.4972   -4.3563   -5.3731   15.3888    4.3398  -15.6582
eta,q 0.97782 10.89235

---------------------------------------------------------------------
imgreg_4dfp /opt/freesurfer/average/711-2C_as_mni_average_305 /opt/freesurfer/average/711-2B_as_mni_average_305_mask talsrcimg_g11 none talsrcimg_to_711-2C_as_mni_average_305_t4 2311
---------------------------------------------------------------------

freesurfer imgreg_4dfp.c
/opt/freesurfer/average/711-2C_as_mni_average_305.4dfp.img
       256       256       256         1
  1.000000  1.000000  1.000000
orientation T byte_order littleendian
Reading image: /opt/freesurfer/average/711-2C_as_mni_average_305.4dfp.img
dimensions:      256       256       256
mmppix:       1.0000   -1.0000   -1.0000
center:     128.0000 -129.0000 -129.0000
/opt/freesurfer/average/711-2B_as_mni_average_305_mask.4dfp.img
       256       256       256         1
  1.000000  1.000000  1.000000
orientation T byte_order littleendian
Reading mask: /opt/freesurfer/average/711-2B_as_mni_average_305_mask.4dfp.img (2306576 pixels)
talsrcimg_g11.4dfp.img
       256       256       256         1
  1.000000  1.000000  1.000000
orientation T byte_order littleendian
Reading image: talsrcimg_g11.4dfp.img
dimensions:      256       256       256
mmppix:       1.0000   -1.0000   -1.0000
center:     128.0000 -129.0000 -129.0000
fimgreg.f
image alignment mode   2311 decimal      907 hex
parameters
   -3.0932   26.0707    8.0425   -3.3612  -14.7251   -4.6892
    7.4972   -4.3563   -5.3731   15.3888    4.3398  -15.6582
eta,q 0.97782 10.89235
niter,ni,del,rscale     5    3    5.0000    0.8000
parameters
   -3.0916   26.1133    8.0177   -3.8803  -14.7955   -4.4114
    7.5722   -4.3429   -5.4108   15.3015    4.3172  -15.6021
eta,q 0.97777 10.88333
  0.0238  0.0236  0.0229  0.0234  0.0233  0.0232  0.0234  0.0241  0.0233  0.0237  0.0227  0.0228
  0.0229  0.0228  0.0225  0.0229  0.0227  0.0226  0.0228  0.0230  0.0227  0.0229  0.0225  0.0225
  0.0224  0.0223  0.0223  0.0224  0.0224  0.0223  0.0224  0.0224  0.0223  0.0224  0.0223  0.0223
  0.0222  0.0222  0.0222  0.0222  0.0222  0.0222  0.0222  0.0222  0.0222  0.0222  0.0222  0.0222
  0.0224  0.0223  0.0223  0.0224  0.0223  0.0224  0.0224  0.0225  0.0224  0.0224  0.0223  0.0223
  0.0229  0.0227  0.0225  0.0232  0.0227  0.0226  0.0227  0.0231  0.0227  0.0229  0.0225  0.0225
  0.0238  0.0234  0.0229  0.0245  0.0234  0.0229  0.0233  0.0240  0.0233  0.0239  0.0227  0.0228
niter,ni,del,rscale     4    3    5.0000    0.7000
parameters
   -3.0718   26.0800    8.0981   -3.7618  -14.7896   -4.4333
    7.5472   -4.3349   -5.4025   15.2924    4.3374  -15.5584
eta,q 0.97779 10.88573
  0.0235  0.0232  0.0228  0.0234  0.0231  0.0229  0.0231  0.0237  0.0230  0.0234  0.0226  0.0227
  0.0228  0.0226  0.0225  0.0230  0.0226  0.0225  0.0226  0.0228  0.0226  0.0228  0.0224  0.0224
  0.0224  0.0223  0.0223  0.0225  0.0223  0.0223  0.0223  0.0224  0.0223  0.0224  0.0223  0.0223
  0.0222  0.0222  0.0222  0.0222  0.0222  0.0222  0.0222  0.0222  0.0222  0.0222  0.0222  0.0222
  0.0224  0.0224  0.0223  0.0222  0.0223  0.0223  0.0223  0.0224  0.0223  0.0223  0.0223  0.0223
  0.0228  0.0227  0.0224  0.0226  0.0226  0.0226  0.0226  0.0229  0.0226  0.0227  0.0224  0.0224
  0.0234  0.0233  0.0227  0.0235  0.0231  0.0228  0.0231  0.0236  0.0230  0.0234  0.0226  0.0226
niter,ni,del,rscale     3    3    5.0000    0.6000
parameters
   -3.0808   26.0723    8.0935   -3.6010  -14.7725   -4.5140
    7.5252   -4.3416   -5.4022   15.3133    4.3474  -15.5882
eta,q 0.97781 10.88869
  0.0231  0.0230  0.0226  0.0232  0.0228  0.0227  0.0229  0.0233  0.0228  0.0231  0.0225  0.0225
  0.0226  0.0225  0.0224  0.0228  0.0225  0.0224  0.0225  0.0227  0.0225  0.0226  0.0223  0.0223
  0.0223  0.0223  0.0223  0.0224  0.0223  0.0222  0.0223  0.0223  0.0223  0.0223  0.0222  0.0222
  0.0222  0.0222  0.0222  0.0222  0.0222  0.0222  0.0222  0.0222  0.0222  0.0222  0.0222  0.0222
  0.0223  0.0223  0.0223  0.0222  0.0223  0.0223  0.0223  0.0223  0.0223  0.0223  0.0222  0.0222
  0.0226  0.0226  0.0224  0.0225  0.0225  0.0225  0.0225  0.0227  0.0225  0.0226  0.0223  0.0224
  0.0232  0.0230  0.0226  0.0232  0.0229  0.0227  0.0229  0.0232  0.0228  0.0231  0.0225  0.0225
niter,ni,del,rscale     2    3    5.0000    0.5000
parameters
   -3.0884   26.0697    8.0742   -3.4708  -14.7533   -4.6164
    7.5097   -4.3526   -5.3916   15.3489    4.3185  -15.6106
eta,q 0.97782 10.88968
  0.0228  0.0227  0.0225  0.0229  0.0226  0.0225  0.0227  0.0229  0.0226  0.0228  0.0224  0.0224
  0.0225  0.0224  0.0223  0.0226  0.0224  0.0223  0.0224  0.0225  0.0224  0.0225  0.0223  0.0223
  0.0223  0.0222  0.0222  0.0223  0.0222  0.0222  0.0222  0.0223  0.0222  0.0223  0.0222  0.0222
  0.0222  0.0222  0.0222  0.0222  0.0222  0.0222  0.0222  0.0222  0.0222  0.0222  0.0222  0.0222
  0.0223  0.0223  0.0222  0.0222  0.0222  0.0223  0.0222  0.0223  0.0222  0.0222  0.0222  0.0222
  0.0225  0.0224  0.0223  0.0224  0.0224  0.0224  0.0224  0.0225  0.0224  0.0224  0.0223  0.0223
  0.0229  0.0227  0.0225  0.0229  0.0226  0.0225  0.0227  0.0229  0.0226  0.0228  0.0224  0.0224
niter,ni,del,rscale     1    3    5.0000    0.4000
parameters
   -3.0938   26.0710    8.0412   -3.3568  -14.7188   -4.6897
    7.4910   -4.3525   -5.3725   15.3938    4.3390  -15.6659
eta,q 0.97783 10.89292
  0.0226  0.0225  0.0223  0.0227  0.0225  0.0224  0.0225  0.0227  0.0225  0.0226  0.0223  0.0223
  0.0224  0.0223  0.0223  0.0225  0.0223  0.0223  0.0223  0.0224  0.0223  0.0224  0.0222  0.0222
  0.0222  0.0222  0.0222  0.0223  0.0222  0.0222  0.0222  0.0222  0.0222  0.0222  0.0222  0.0222
  0.0222  0.0222  0.0222  0.0222  0.0222  0.0222  0.0222  0.0222  0.0222  0.0222  0.0222  0.0222
  0.0222  0.0222  0.0222  0.0222  0.0222  0.0222  0.0222  0.0222  0.0222  0.0222  0.0222  0.0222
  0.0224  0.0223  0.0223  0.0223  0.0223  0.0223  0.0223  0.0224  0.0223  0.0223  0.0222  0.0223
  0.0226  0.0225  0.0224  0.0226  0.0225  0.0224  0.0225  0.0227  0.0224  0.0226  0.0223  0.0223
registration optimization eta report
parameter search radius
    0.8000    0.8000    0.8000    2.4000    2.4000    2.4000
    2.4000    2.4000    2.4000    2.4000    2.4000    2.4000
100000*second partial in parameter space
       66.       52.       29.        8.        5.        4.
        5.        8.        5.        7.        2.        3.
  0.0226  0.0225  0.0223  0.0227  0.0225  0.0224  0.0225  0.0227  0.0225  0.0226  0.0223  0.0223
  0.0224  0.0223  0.0223  0.0225  0.0223  0.0223  0.0223  0.0224  0.0223  0.0224  0.0222  0.0222
  0.0222  0.0222  0.0222  0.0223  0.0222  0.0222  0.0222  0.0222  0.0222  0.0222  0.0222  0.0222
  0.0222  0.0222  0.0222  0.0222  0.0222  0.0222  0.0222  0.0222  0.0222  0.0222  0.0222  0.0222
  0.0222  0.0222  0.0222  0.0222  0.0222  0.0222  0.0222  0.0222  0.0222  0.0222  0.0222  0.0222
  0.0224  0.0223  0.0223  0.0223  0.0223  0.0223  0.0223  0.0224  0.0223  0.0223  0.0222  0.0223
  0.0226  0.0225  0.0224  0.0226  0.0225  0.0224  0.0225  0.0227  0.0224  0.0226  0.0223  0.0223
   -3.0938   26.0710    8.0412   -3.3568  -14.7188   -4.6897
    7.4910   -4.3525   -5.3725   15.3938    4.3390  -15.6659
eta,q 0.97783 10.89292

---------------------------------------------------------------------
compute_vox2vox talsrcimg talsrcimg_to_711-2C_as_mni_average_305_t4 /opt/freesurfer/average/711-2C_as_mni_average_305
---------------------------------------------------------------------

freesurfer compute_vox2vox.c
Reading: talsrcimg.4dfp.ifh
Reading: talsrcimg_to_711-2C_as_mni_average_305_t4
Reading: /opt/freesurfer/average/711-2C_as_mni_average_305.4dfp.ifh
Writing: talsrcimg_to_711-2C_as_mni_average_305_t4_vox2vox.txt

start time Tue Mar 10 06:15:32 CET 2026
end		time Tue Mar 10 06:17:00 CET 2026

mpr2mni305 success

avi2talxfm orig_nu.mgz /opt/freesurfer/average/mni305.cor.mgz talsrcimg_to_711-2C_as_mni_average_305_t4_vox2vox.txt transforms/talairach.auto.xfm
avi2talxfm done
mv -f /out/sourcedata/freesurfer/sub-v1s6x0051607_ses-1/mri/talsrcimg_to_711-2C_as_mni_average_305_t4_vox2vox.txt /out/sourcedata/freesurfer/sub-v1s6x0051607_ses-1/mri/transforms/talsrcimg_to_711-2C_as_mni_average_305_t4_vox2vox.txt
lta_convert --src orig_nu.mgz --trg /opt/freesurfer/average/mni305.cor.mgz --inxfm transforms/talairach.auto.xfm --outlta transforms/talairach.auto.xfm.lta --subject fsaverage
7.3.2

--src: orig_nu.mgz src image (geometry).
--trg: /opt/freesurfer/average/mni305.cor.mgz trg image (geometry).
--inmni: transforms/talairach.auto.xfm input MNI/XFM transform.
--outlta: transforms/talairach.auto.xfm.lta output LTA.
--s: fsaverage subject name
 LTA read, type : 1
 1.02764   0.05974  -0.07929   2.34700;
-0.03510   1.01693   0.18989  -12.94522;
 0.07107  -0.17980   1.13332  -20.69443;
 0.00000   0.00000   0.00000   1.00000;
setting subject to fsaverage
Writing  LTA to file transforms/talairach.auto.xfm.lta...
lta_convert successful.
 
 
Started at Tue Mar 10 06:15:32 CET 2026
Ended   at Tue Mar 10 06:17:00 CET 2026
talairach_avi done
