/out/sourcedata/freesurfer/sub-v1s6x0051373_ses-1/mri
/opt/freesurfer/bin/talairach_avi
--i orig_nu.mgz --xfm transforms/talairach.auto.xfm
talairach_avi 7.3.2
Linux dna050 5.14.0-427.37.1.el9_4.x86_64 #1 SMP PREEMPT_DYNAMIC Fri Sep 13 12:41:50 EDT 2024 x86_64 x86_64 x86_64 GNU/Linux
Tue Mar 10 06:10:18 CET 2026
mri_convert orig_nu.mgz talsrcimg.img 
reading from orig_nu.mgz...
TR=0.00, TE=0.00, TI=0.00, flip angle=0.00
i_ras = (-1, 0, 0)
j_ras = (0, 0, -1)
k_ras = (0, 1, 0)
writing to talsrcimg.img...
Analyze Output Matrix
-1.00000   0.00000   0.00000   129.50000;
 0.00000   0.00000   1.00000  -130.71187;
 0.00000  -1.00000   0.00000   132.71187;
 0.00000   0.00000   0.00000   1.00000;
--------------------
INFO: set hdr.hist.orient to -1
mpr2mni305 talsrcimg
Tue Mar 10 06:10:19 CET 2026
/opt/freesurfer/bin/mpr2mni305 talsrcimg
mpr2mni305 7.3.2
target=711-2C_as_mni_average_305

---------------------------------------------------------------------
analyzeto4dfp talsrcimg -O0 -y
---------------------------------------------------------------------

freesurfer ifh2hdr.c
Tue Mar 10 06:10:19 2026
Writing: talsrcimg.4dfp.hdr
freesurfer analyzeto4dfp.c
Reading: talsrcimg.hdr
header size 348 bytes
hdr.dime.datatype	offset=70	value=2
hdr.dime.bitpix		offset=72	value=8
hdr.hist.orient		offset=252	value=-1
dimensionality     4
dimensions       256       256       256         1
Reading: talsrcimg.img
Writing: talsrcimg.4dfp.img
Writing: talsrcimg.4dfp.ifh
ifh2hdr talsrcimg -r0to243
ori=2

---------------------------------------------------------------------
gauss_4dfp talsrcimg 1.1
---------------------------------------------------------------------

freesurfer gauss_4dfp.c
Reading: talsrcimg.4dfp.img
Writing: talsrcimg_g11.4dfp.img
image dimensions 256 256 256 padded to 288 288 288
processing volume 1freesurfer ifh2hdr.c
Tue Mar 10 06:10:21 2026
Writing: talsrcimg_g11.4dfp.hdr

Writing: talsrcimg_g11.4dfp.ifh
including: talsrcimg.4dfp.img.rec in talsrcimg_g11.4dfp.img.rec

---------------------------------------------------------------------
imgreg_4dfp /opt/freesurfer/average/711-2C_as_mni_average_305 none talsrcimg_g11 none talsrcimg_to_711-2C_as_mni_average_305_t4 4355
---------------------------------------------------------------------

freesurfer imgreg_4dfp.c
/opt/freesurfer/average/711-2C_as_mni_average_305.4dfp.img
       256       256       256         1
  1.000000  1.000000  1.000000
orientation T byte_order littleendian
Reading image: /opt/freesurfer/average/711-2C_as_mni_average_305.4dfp.img
dimensions:      256       256       256
mmppix:       1.0000   -1.0000   -1.0000
center:     128.0000 -129.0000 -129.0000
talsrcimg_g11.4dfp.img
       256       256       256         1
  1.000000  1.000000  1.000000
orientation T byte_order littleendian
Reading image: talsrcimg_g11.4dfp.img
dimensions:      256       256       256
mmppix:       1.0000   -1.0000   -1.0000
center:     128.0000 -129.0000 -129.0000
t4_read: open error in t4_sub.f l:  41 t4_file(1:l)talsrcimg_to_711-2C_as_mni_average_305_t4 
t4_read: transform initialized to I4
rotation matrix determinant  1.000000
image alignment mode   4355 decimal     1103 hex
   -7.5000  -45.0000  -45.0000 6518.2002   12.7648
    0.0000  -45.0000  -45.0000 6778.6377   12.8366
    7.5000  -45.0000  -45.0000 6490.6040   12.8458
   -7.5000  -37.5000  -45.0000 7080.5498   12.3607
    0.0000  -37.5000  -45.0000 7372.8633   12.4266
    7.5000  -37.5000  -45.0000 7041.0791   12.4322
   -7.5000  -30.0000  -45.0000 7969.3945   12.0546
    0.0000  -30.0000  -45.0000 8310.7695   12.1102
    7.5000  -30.0000  -45.0000 7919.5518   12.1136
   -7.5000  -22.5000  -45.0000 8916.3994   11.8437
    0.0000  -22.5000  -45.0000 9289.2646   11.8940
    7.5000  -22.5000  -45.0000 8850.8916   11.8950
   -7.5000  -15.0000  -45.0000 9882.1494   11.7818
    0.0000  -15.0000  -45.000010321.8467   11.8351
    7.5000  -15.0000  -45.0000 9829.9639   11.8357
   -7.5000   -7.5000  -45.000010878.7871   11.7848
    0.0000   -7.5000  -45.000011358.1670   11.8457
    7.5000   -7.5000  -45.000010825.8428   11.8489
   -7.5000    0.0000  -45.000011771.9688   11.7908
    0.0000    0.0000  -45.000012288.2412   11.8564
    7.5000    0.0000  -45.000011691.6084   11.8623
   -7.5000    7.5000  -45.000011721.1025   11.7794
    0.0000    7.5000  -45.000012226.6113   11.8418
    7.5000    7.5000  -45.000011614.4453   11.8474
   -7.5000   15.0000  -45.000011540.0078   11.7619
    0.0000   15.0000  -45.000012033.9551   11.8164
    7.5000   15.0000  -45.000011421.6387   11.8196
   -7.5000   22.5000  -45.000011384.3633   11.7553
    0.0000   22.5000  -45.000011892.5303   11.8057
    7.5000   22.5000  -45.000011275.7461   11.8067
   -7.5000   30.0000  -45.000011192.1055   11.6118
    0.0000   30.0000  -45.000011690.4932   11.6645
    7.5000   30.0000  -45.000011098.9854   11.6652
   -7.5000   37.5000  -45.000011178.7920   11.6278
    0.0000   37.5000  -45.000011674.5244   11.6879
    7.5000   37.5000  -45.000011054.8555   11.6910
   -7.5000   45.0000  -45.000010694.9160   11.3382
    0.0000   45.0000  -45.000011161.4551   11.4013
    7.5000   45.0000  -45.000010559.3848   11.4070
   -7.5000  -45.0000  -37.5000 6863.9541   12.6582
    0.0000  -45.0000  -37.5000 7144.8203   12.7275
    7.5000  -45.0000  -37.5000 6829.7896   12.7324
   -7.5000  -37.5000  -37.5000 7458.8711   12.2623
    0.0000  -37.5000  -37.5000 7762.1099   12.3275
    7.5000  -37.5000  -37.5000 7412.4932   12.3284
   -7.5000  -30.0000  -37.5000 8425.2959   11.9624
    0.0000  -30.0000  -37.5000 8771.7461   12.0196
    7.5000  -30.0000  -37.5000 8353.6650   12.0189
   -7.5000  -22.5000  -37.5000 9449.7266   11.7518
    0.0000  -22.5000  -37.5000 9833.4492   11.8026
    7.5000  -22.5000  -37.5000 9359.2891   11.8004
   -7.5000  -15.0000  -37.500010495.7285   11.6843
    0.0000  -15.0000  -37.500010936.5547   11.7366
    7.5000  -15.0000  -37.500010390.1025   11.7349
   -7.5000   -7.5000  -37.500011548.2783   11.6841
    0.0000   -7.5000  -37.500012039.4893   11.7425
    7.5000   -7.5000  -37.500011443.1416   11.7435
   -7.5000    0.0000  -37.500012515.2100   11.6930
    0.0000    0.0000  -37.500013035.7178   11.7556
    7.5000    0.0000  -37.500012376.0439   11.7582
   -7.5000    7.5000  -37.500012466.7969   11.6868
    0.0000    7.5000  -37.500012977.1543   11.7485
    7.5000    7.5000  -37.500012294.2646   11.7499
   -7.5000   15.0000  -37.500012243.7861   11.6720
    0.0000   15.0000  -37.500012748.1885   11.7280
    7.5000   15.0000  -37.500012089.0273   11.7273
   -7.5000   22.5000  -37.500012053.7686   11.6636
    0.0000   22.5000  -37.500012547.1992   11.7145
    7.5000   22.5000  -37.500011910.0059   11.7123
   -7.5000   30.0000  -37.500011819.1270   11.5156
    0.0000   30.0000  -37.500012306.6475   11.5672
    7.5000   30.0000  -37.500011691.6689   11.5657
   -7.5000   37.5000  -37.500011801.1436   11.5284
    0.0000   37.5000  -37.500012295.7188   11.5860
    7.5000   37.5000  -37.500011656.1514   11.5870
   -7.5000   45.0000  -37.500011273.5391   11.2442
    0.0000   45.0000  -37.500011757.5889   11.3044
    7.5000   45.0000  -37.500011124.9727   11.3070
   -7.5000  -45.0000  -30.0000 7339.4502   13.1543
    0.0000  -45.0000  -30.0000 7644.9634   13.2222
    7.5000  -45.0000  -30.0000 7306.4624   13.2233
   -7.5000  -37.5000  -30.0000 7985.9102   12.7478
    0.0000  -37.5000  -30.0000 8315.9521   12.8145
    7.5000  -37.5000  -30.0000 7937.0815   12.8125
   -7.5000  -30.0000  -30.0000 9042.7480   12.4386
    0.0000  -30.0000  -30.0000 9404.1025   12.5008
    7.5000  -30.0000  -30.0000 8959.5820   12.4980
   -7.5000  -22.5000  -30.000010166.9609   12.2158
    0.0000  -22.5000  -30.000010573.7627   12.2723
    7.5000  -22.5000  -30.000010052.8633   12.2688
   -7.5000  -15.0000  -30.000011288.1572   12.1394
    0.0000  -15.0000  -30.000011742.2021   12.1955
    7.5000  -15.0000  -30.000011153.1992   12.1930
   -7.5000   -7.5000  -30.000012404.7617   12.1383
    0.0000   -7.5000  -30.000012926.3008   12.1968
    7.5000   -7.5000  -30.000012288.7051   12.1964
   -7.5000    0.0000  -30.000013453.5742   12.1523
    0.0000    0.0000  -30.000014007.2920   12.2135
    7.5000    0.0000  -30.000013313.2090   12.2134
   -7.5000    7.5000  -30.000013412.9180   12.1511
    0.0000    7.5000  -30.000013955.0537   12.2141
    7.5000    7.5000  -30.000013223.8486   12.2127
   -7.5000   15.0000  -30.000013181.1963   12.1371
    0.0000   15.0000  -30.000013711.4609   12.1978
    7.5000   15.0000  -30.000013002.4355   12.1951
   -7.5000   22.5000  -30.000012939.1182   12.1229
    0.0000   22.5000  -30.000013461.8135   12.1793
    7.5000   22.5000  -30.000012759.7402   12.1760
   -7.5000   30.0000  -30.000012664.2178   11.9653
    0.0000   30.0000  -30.000013186.2217   12.0207
    7.5000   30.0000  -30.000012499.5674   12.0183
   -7.5000   37.5000  -30.000012657.8516   11.9777
    0.0000   37.5000  -30.000013190.7002   12.0354
    7.5000   37.5000  -30.000012499.1211   12.0350
   -7.5000   45.0000  -30.000012061.3672   11.6945
    0.0000   45.0000  -30.000012573.1016   11.7533
    7.5000   45.0000  -30.000011928.9922   11.7532
   -7.5000  -45.0000  -22.5000 7816.9175   13.6074
    0.0000  -45.0000  -22.5000 8129.3262   13.6746
    7.5000  -45.0000  -22.5000 7776.9604   13.6754
   -7.5000  -37.5000  -22.5000 8528.8076   13.1859
    0.0000  -37.5000  -22.5000 8873.9365   13.2537
    7.5000  -37.5000  -22.5000 8465.6982   13.2533
   -7.5000  -30.0000  -22.5000 9677.6367   12.8656
    0.0000  -30.0000  -22.500010055.9951   12.9304
    7.5000  -30.0000  -22.5000 9582.5518   12.9300
   -7.5000  -22.5000  -22.500010885.7832   12.6349
    0.0000  -22.5000  -22.500011311.0957   12.6961
    7.5000  -22.5000  -22.500010765.7803   12.6947
   -7.5000  -15.0000  -22.500012073.2598   12.5567
    0.0000  -15.0000  -22.500012542.8945   12.6174
    7.5000  -15.0000  -22.500011948.2686   12.6158
   -7.5000   -7.5000  -22.500013274.9297   12.5567
    0.0000   -7.5000  -22.500013801.7871   12.6170
    7.5000   -7.5000  -22.500013156.7266   12.6164
   -7.5000    0.0000  -22.500014381.5430   12.5710
    0.0000    0.0000  -22.500014976.1289   12.6323
    7.5000    0.0000  -22.500014250.3271   12.6321
   -7.5000    7.5000  -22.500014359.9424   12.5687
    0.0000    7.5000  -22.500014913.4824   12.6325
    7.5000    7.5000  -22.500014161.2510   12.6324
   -7.5000   15.0000  -22.500014155.0293   12.5538
    0.0000   15.0000  -22.500014708.1152   12.6170
    7.5000   15.0000  -22.500013925.6172   12.6164
   -7.5000   22.5000  -22.500013876.5371   12.5382
    0.0000   22.5000  -22.500014420.0820   12.5992
    7.5000   22.5000  -22.500013649.7432   12.5979
   -7.5000   30.0000  -22.500013570.1729   12.3786
    0.0000   30.0000  -22.500014119.0400   12.4385
    7.5000   30.0000  -22.500013380.7764   12.4371
   -7.5000   37.5000  -22.500013538.8535   12.3924
    0.0000   37.5000  -22.500014098.9209   12.4520
    7.5000   37.5000  -22.500013371.1250   12.4514
   -7.5000   45.0000  -22.500012866.8770   12.1065
    0.0000   45.0000  -22.500013413.7871   12.1655
    7.5000   45.0000  -22.500012732.1846   12.1653
   -7.5000  -45.0000  -15.0000 8278.4346   13.9281
    0.0000  -45.0000  -15.0000 8615.1758   13.9977
    7.5000  -45.0000  -15.0000 8256.1816   14.0018
   -7.5000  -37.5000  -15.0000 9060.8984   13.4926
    0.0000  -37.5000  -15.0000 9428.9463   13.5613
    7.5000  -37.5000  -15.0000 9015.5107   13.5650
   -7.5000  -30.0000  -15.000010295.2979   13.1621
    0.0000  -30.0000  -15.000010704.1914   13.2262
    7.5000  -30.0000  -15.000010200.7822   13.2299
   -7.5000  -22.5000  -15.000011578.8623   12.9291
    0.0000  -22.5000  -15.000012043.0195   12.9910
    7.5000  -22.5000  -15.000011448.8154   12.9931
   -7.5000  -15.0000  -15.000012862.1797   12.8554
    0.0000  -15.0000  -15.000013359.4434   12.9187
    7.5000  -15.0000  -15.000012720.9043   12.9195
   -7.5000   -7.5000  -15.000014159.1455   12.8582
    0.0000   -7.5000  -15.000014699.3701   12.9220
    7.5000   -7.5000  -15.000014013.5303   12.9229
   -7.5000    0.0000  -15.000015349.6123   12.8690
    0.0000    0.0000  -15.000015960.5029   12.9335
    7.5000    0.0000  -15.000015205.2256   12.9359
   -7.5000    7.5000  -15.000015306.1367   12.8612
    0.0000    7.5000  -15.000015882.3281   12.9259
    7.5000    7.5000  -15.000015100.8809   12.9294
   -7.5000   15.0000  -15.000015094.7676   12.8436
    0.0000   15.0000  -15.000015663.4688   12.9060
    7.5000   15.0000  -15.000014847.2510   12.9094
   -7.5000   22.5000  -15.000014806.9355   12.8299
    0.0000   22.5000  -15.000015360.8623   12.8917
    7.5000   22.5000  -15.000014583.8555   12.8938
   -7.5000   30.0000  -15.000014506.5195   12.6750
    0.0000   30.0000  -15.000015075.3281   12.7374
    7.5000   30.0000  -15.000014300.0371   12.7384
   -7.5000   37.5000  -15.000014442.9434   12.6918
    0.0000   37.5000  -15.000015035.8916   12.7547
    7.5000   37.5000  -15.000014266.7451   12.7557
   -7.5000   45.0000  -15.000013650.1826   12.4010
    0.0000   45.0000  -15.000014223.1699   12.4632
    7.5000   45.0000  -15.000013520.3711   12.4654
   -7.5000  -45.0000   -7.5000 8748.9941   14.0816
    0.0000  -45.0000   -7.5000 9111.1133   14.1567
    7.5000  -45.0000   -7.5000 8727.8252   14.1653
   -7.5000  -37.5000   -7.5000 9620.4131   13.6384
    0.0000  -37.5000   -7.500010010.7090   13.7091
    7.5000  -37.5000   -7.5000 9556.9736   13.7163
   -7.5000  -30.0000   -7.500010942.7051   13.3028
    0.0000  -30.0000   -7.500011372.2861   13.3649
    7.5000  -30.0000   -7.500010830.8047   13.3711
   -7.5000  -22.5000   -7.500012275.4844   13.0712
    0.0000  -22.5000   -7.500012767.1982   13.1299
    7.5000  -22.5000   -7.500012138.4180   13.1337
   -7.5000  -15.0000   -7.500013622.5830   13.0026
    0.0000  -15.0000   -7.500014153.9014   13.0646
    7.5000  -15.0000   -7.500013471.5820   13.0666
   -7.5000   -7.5000   -7.500015002.2148   13.0064
    0.0000   -7.5000   -7.500015606.7178   13.0732
    7.5000   -7.5000   -7.500014840.3340   13.0761
   -7.5000    0.0000   -7.500016333.9717   13.0130
    0.0000    0.0000   -7.500016995.0020   13.0827
    7.5000    0.0000   -7.500016154.2529   13.0883
   -7.5000    7.5000   -7.500016338.1865   13.0005
    0.0000    7.5000   -7.500016985.1016   13.0673
    7.5000    7.5000   -7.500016116.0635   13.0743
   -7.5000   15.0000   -7.500016098.3799   12.9813
    0.0000   15.0000   -7.500016728.5527   13.0421
    7.5000   15.0000   -7.500015857.5225   13.0479
   -7.5000   22.5000   -7.500015773.4434   12.9697
    0.0000   22.5000   -7.500016390.7324   13.0285
    7.5000   22.5000   -7.500015549.1084   13.0321
   -7.5000   30.0000   -7.500015462.1475   12.8197
    0.0000   30.0000   -7.500016084.8428   12.8810
    7.5000   30.0000   -7.500015267.9775   12.8831
   -7.5000   37.5000   -7.500015396.4766   12.8377
    0.0000   37.5000   -7.500016027.0615   12.9037
    7.5000   37.5000   -7.500015229.9131   12.9065
   -7.5000   45.0000   -7.500014543.7090   12.5421
    0.0000   45.0000   -7.500015119.2686   12.6092
    7.5000   45.0000   -7.500014366.7090   12.6146
   -7.5000  -45.0000    0.0000 9126.7832   14.1066
    0.0000  -45.0000    0.0000 9512.9668   14.1855
    7.5000  -45.0000    0.0000 9109.6719   14.1954
   -7.5000  -37.5000    0.000010062.5947   13.6640
    0.0000  -37.5000    0.000010490.9561   13.7368
    7.5000  -37.5000    0.000010005.0273   13.7433
   -7.5000  -30.0000    0.000011472.0361   13.3295
    0.0000  -30.0000    0.000011946.7314   13.3912
    7.5000  -30.0000    0.000011358.2529   13.3955
   -7.5000  -22.5000    0.000012893.1318   13.0985
    0.0000  -22.5000    0.000013416.4609   13.1542
    7.5000  -22.5000    0.000012747.1768   13.1557
   -7.5000  -15.0000    0.000014285.2354   13.0292
    0.0000  -15.0000    0.000014872.3750   13.0881
    7.5000  -15.0000    0.000014138.6299   13.0888
   -7.5000   -7.5000    0.000015691.8232   13.0308
    0.0000   -7.5000    0.000016374.1494   13.0979
    7.5000   -7.5000    0.000015569.9727   13.1011
   -7.5000    0.0000    0.000017132.2227   13.0366
    0.0000    0.0000    0.000017904.4609   13.1089
    7.5000    0.0000    0.000016972.2012   13.1153
   -7.5000    7.5000    0.000017309.0938   13.0250
    0.0000    7.5000    0.000018077.6621   13.0940
    7.5000    7.5000    0.000017055.4590   13.1006
   -7.5000   15.0000    0.000017154.5801   13.0074
    0.0000   15.0000    0.000017922.2734   13.0679
    7.5000   15.0000    0.000016864.7266   13.0721
   -7.5000   22.5000    0.000016808.4434   12.9967
    0.0000   22.5000    0.000017534.4355   13.0525
    7.5000   22.5000    0.000016493.5176   13.0540
   -7.5000   30.0000    0.000016439.4805   12.8462
    0.0000   30.0000    0.000017122.7539   12.9045
    7.5000   30.0000    0.000016109.9424   12.9052
   -7.5000   37.5000    0.000016363.4023   12.8621
    0.0000   37.5000    0.000017010.1348   12.9284
    7.5000   37.5000    0.000016001.7988   12.9316
   -7.5000   45.0000    0.000015433.0850   12.5658
    0.0000   45.0000    0.000016012.9229   12.6354
    7.5000   45.0000    0.000015051.3232   12.6416
   -7.5000  -45.0000    7.5000 8814.6357   14.1153
    0.0000  -45.0000    7.5000 9187.6318   14.1927
    7.5000  -45.0000    7.5000 8756.1455   14.1985
   -7.5000  -37.5000    7.5000 9735.1006   13.6765
    0.0000  -37.5000    7.500010164.4844   13.7493
    7.5000  -37.5000    7.5000 9671.2822   13.7505
   -7.5000  -30.0000    7.500011096.0264   13.3436
    0.0000  -30.0000    7.500011579.4814   13.4075
    7.5000  -30.0000    7.500011019.8584   13.4068
   -7.5000  -22.5000    7.500012465.8320   13.1087
    0.0000  -22.5000    7.500013015.8955   13.1655
    7.5000  -22.5000    7.500012361.7275   13.1631
   -7.5000  -15.0000    7.500013820.2764   13.0326
    0.0000  -15.0000    7.500014459.9795   13.0909
    7.5000  -15.0000    7.500013714.2588   13.0892
   -7.5000   -7.5000    7.500015204.5264   13.0321
    0.0000   -7.5000    7.500015904.2461   13.0972
    7.5000   -7.5000    7.500015072.5928   13.0986
   -7.5000    0.0000    7.500016619.0645   13.0425
    0.0000    0.0000    7.500017381.6602   13.1124
    7.5000    0.0000    7.500016386.0742   13.1156
   -7.5000    7.5000    7.500016925.1309   13.0366
    0.0000    7.5000    7.500017708.3145   13.1056
    7.5000    7.5000    7.500016490.1758   13.1074
   -7.5000   15.0000    7.500016995.8008   13.0206
    0.0000   15.0000    7.500017879.4258   13.0832
    7.5000   15.0000    7.500016370.8721   13.0826
   -7.5000   22.5000    7.500016729.7188   13.0064
    0.0000   22.5000    7.500017569.1074   13.0632
    7.5000   22.5000    7.500016021.0977   13.0610
   -7.5000   30.0000    7.500016200.3740   12.8495
    0.0000   30.0000    7.500016964.8457   12.9071
    7.5000   30.0000    7.500015549.5459   12.9056
   -7.5000   37.5000    7.500016028.8760   12.8634
    0.0000   37.5000    7.500016708.6113   12.9276
    7.5000   37.5000    7.500015442.1211   12.9291
   -7.5000   45.0000    7.500015039.5527   12.5715
    0.0000   45.0000    7.500015657.3096   12.6389
    7.5000   45.0000    7.500014534.8271   12.6420
   -7.5000  -45.0000   15.0000 8423.8906   14.1321
    0.0000  -45.0000   15.0000 8799.7979   14.2050
    7.5000  -45.0000   15.0000 8319.8154   14.2064
   -7.5000  -37.5000   15.0000 9325.6982   13.6951
    0.0000  -37.5000   15.0000 9753.4082   13.7669
    7.5000  -37.5000   15.0000 9212.8887   13.7648
   -7.5000  -30.0000   15.000010629.1650   13.3627
    0.0000  -30.0000   15.000011124.7959   13.4296
    7.5000  -30.0000   15.000010511.0381   13.4267
   -7.5000  -22.5000   15.000011957.5752   13.1233
    0.0000  -22.5000   15.000012505.4375   13.1840
    7.5000  -22.5000   15.000011815.7129   13.1804
   -7.5000  -15.0000   15.000013307.7529   13.0412
    0.0000  -15.0000   15.000013921.3008   13.1015
    7.5000  -15.0000   15.000013148.3418   13.0989
   -7.5000   -7.5000   15.000014683.1602   13.0401
    0.0000   -7.5000   15.000015335.2363   13.1030
    7.5000   -7.5000   15.000014437.8535   13.1027
   -7.5000    0.0000   15.000016038.3906   13.0552
    0.0000    0.0000   15.000016718.6641   13.1209
    7.5000    0.0000   15.000015632.6289   13.1209
   -7.5000    7.5000   15.000016249.8994   13.0538
    0.0000    7.5000   15.000017036.5254   13.1216
    7.5000    7.5000   15.000015763.3584   13.1202
   -7.5000   15.0000   15.000016289.6055   13.0387
    0.0000   15.0000   15.000017166.0020   13.1040
    7.5000   15.0000   15.000015663.4258   13.1012
   -7.5000   22.5000   15.000016054.3408   13.0206
    0.0000   22.5000   15.000016886.3262   13.0812
    7.5000   22.5000   15.000015345.8955   13.0777
   -7.5000   30.0000   15.000015546.4658   12.8580
    0.0000   30.0000   15.000016365.4785   12.9176
    7.5000   30.0000   15.000014936.6621   12.9151
   -7.5000   37.5000   15.000015369.1396   12.8713
    0.0000   37.5000   15.000016141.1982   12.9334
    7.5000   37.5000   15.000014866.4141   12.9331
   -7.5000   45.0000   15.000014377.8633   12.5837
    0.0000   45.0000   15.000015077.0430   12.6470
    7.5000   45.0000   15.000013959.8623   12.6470
   -7.5000  -45.0000   22.5000 7944.5728   14.2123
    0.0000  -45.0000   22.5000 8312.8916   14.2824
    7.5000  -45.0000   22.5000 7815.9580   14.2843
   -7.5000  -37.5000   22.5000 8825.3564   13.7705
    0.0000  -37.5000   22.5000 9231.0430   13.8412
    7.5000  -37.5000   22.5000 8655.2236   13.8417
   -7.5000  -30.0000   22.500010084.7529   13.4344
    0.0000  -30.0000   22.500010534.1963   13.5020
    7.5000  -30.0000   22.5000 9884.9941   13.5023
   -7.5000  -22.5000   22.500011355.6719   13.1922
    0.0000  -22.5000   22.500011842.7246   13.2559
    7.5000  -22.5000   22.500011132.1650   13.2552
   -7.5000  -15.0000   22.500012608.6865   13.1102
    0.0000  -15.0000   22.500013161.0947   13.1734
    7.5000  -15.0000   22.500012385.7012   13.1725
   -7.5000   -7.5000   22.500013857.6846   13.1101
    0.0000   -7.5000   22.500014457.4570   13.1731
    7.5000   -7.5000   22.500013597.1084   13.1732
   -7.5000    0.0000   22.500015066.4619   13.1250
    0.0000    0.0000   22.500015739.6484   13.1890
    7.5000    0.0000   22.500014766.9570   13.1897
   -7.5000    7.5000   22.500015207.1602   13.1226
    0.0000    7.5000   22.500015972.6475   13.1891
    7.5000    7.5000   22.500014881.2461   13.1898
   -7.5000   15.0000   22.500015173.5479   13.1069
    0.0000   15.0000   22.500015929.5664   13.1728
    7.5000   15.0000   22.500014769.1836   13.1729
   -7.5000   22.5000   22.500014908.5625   13.0886
    0.0000   22.5000   22.500015605.9678   13.1522
    7.5000   22.5000   22.500014482.0723   13.1515
   -7.5000   30.0000   22.500014534.6816   12.9260
    0.0000   30.0000   22.500015226.5342   12.9884
    7.5000   30.0000   22.500014144.3584   12.9877
   -7.5000   37.5000   22.500014498.2549   12.9404
    0.0000   37.5000   22.500015180.3389   13.0026
    7.5000   37.5000   22.500014154.7627   13.0027
   -7.5000   45.0000   22.500013576.0801   12.6510
    0.0000   45.0000   22.500014205.8213   12.7127
    7.5000   45.0000   22.500013289.7637   12.7133
   -7.5000  -45.0000   30.0000 7370.2471   14.4181
    0.0000  -45.0000   30.0000 7714.2461   14.4901
    7.5000  -45.0000   30.0000 7269.0562   14.4958
   -7.5000  -37.5000   30.0000 8195.7832   13.9640
    0.0000  -37.5000   30.0000 8585.0742   14.0349
    7.5000  -37.5000   30.0000 8077.9863   14.0402
   -7.5000  -30.0000   30.0000 9393.8486   13.6190
    0.0000  -30.0000   30.0000 9806.5693   13.6849
    7.5000  -30.0000   30.0000 9228.8623   13.6899
   -7.5000  -22.5000   30.000010576.5518   13.3737
    0.0000  -22.5000   30.000011029.3301   13.4374
    7.5000  -22.5000   30.000010400.7266   13.4408
   -7.5000  -15.0000   30.000011720.6963   13.2965
    0.0000  -15.0000   30.000012222.0830   13.3618
    7.5000  -15.0000   30.000011565.9473   13.3639
   -7.5000   -7.5000   30.000012864.7637   13.3003
    0.0000   -7.5000   30.000013403.0889   13.3662
    7.5000   -7.5000   30.000012708.0518   13.3685
   -7.5000    0.0000   30.000013957.5215   13.3121
    0.0000    0.0000   30.000014600.6553   13.3788
    7.5000    0.0000   30.000013822.5117   13.3825
   -7.5000    7.5000   30.000014069.2080   13.3034
    0.0000    7.5000   30.000014736.1689   13.3701
    7.5000    7.5000   30.000013901.1768   13.3750
   -7.5000   15.0000   30.000013977.2051   13.2839
    0.0000   15.0000   30.000014601.6748   13.3481
    7.5000   15.0000   30.000013757.0303   13.3527
   -7.5000   22.5000   30.000013729.2070   13.2677
    0.0000   22.5000   30.000014330.8975   13.3313
    7.5000   22.5000   30.000013491.9668   13.3346
   -7.5000   30.0000   30.000013443.3789   13.1095
    0.0000   30.0000   30.000014048.6670   13.1740
    7.5000   30.0000   30.000013199.0312   13.1762
   -7.5000   37.5000   30.000013501.3691   13.1281
    0.0000   37.5000   30.000014103.9551   13.1932
    7.5000   37.5000   30.000013259.6641   13.1955
   -7.5000   45.0000   30.000012682.8438   12.8314
    0.0000   45.0000   30.000013253.3027   12.8956
    7.5000   45.0000   30.000012461.0947   12.8992
   -7.5000  -45.0000   37.5000 7065.6152   14.7165
    0.0000  -45.0000   37.5000 7413.7251   14.7973
    7.5000  -45.0000   37.5000 7002.0034   14.8115
   -7.5000  -37.5000   37.5000 7871.3164   14.2462
    0.0000  -37.5000   37.5000 8245.1260   14.3221
    7.5000  -37.5000   37.5000 7803.1582   14.3339
   -7.5000  -30.0000   37.5000 9021.9082   13.8907
    0.0000  -30.0000   37.5000 9417.9473   13.9570
    7.5000  -30.0000   37.5000 8936.3057   13.9666
   -7.5000  -22.5000   37.500010153.7852   13.6431
    0.0000  -22.5000   37.500010575.7637   13.7057
    7.5000  -22.5000   37.500010076.3047   13.7123
   -7.5000  -15.0000   37.500011267.3369   13.5688
    0.0000  -15.0000   37.500011730.5850   13.6350
    7.5000  -15.0000   37.500011207.1328   13.6403
   -7.5000   -7.5000   37.500012348.2168   13.5727
    0.0000   -7.5000   37.500012871.7207   13.6442
    7.5000   -7.5000   37.500012291.7939   13.6512
   -7.5000    0.0000   37.500013418.1016   13.5796
    0.0000    0.0000   37.500014035.7197   13.6542
    7.5000    0.0000   37.500013364.5742   13.6646
   -7.5000    7.5000   37.500013525.0752   13.5657
    0.0000    7.5000   37.500014124.1494   13.6372
    7.5000    7.5000   37.500013421.4443   13.6485
   -7.5000   15.0000   37.500013397.3838   13.5449
    0.0000   15.0000   37.500013954.1270   13.6097
    7.5000   15.0000   37.500013252.7549   13.6188
   -7.5000   22.5000   37.500013137.1475   13.5331
    0.0000   22.5000   37.500013694.9473   13.5957
    7.5000   22.5000   37.500012990.1816   13.6022
   -7.5000   30.0000   37.500012862.4238   13.3778
    0.0000   30.0000   37.500013437.8877   13.4432
    7.5000   30.0000   37.500012707.8193   13.4485
   -7.5000   37.5000   37.500012971.4512   13.3970
    0.0000   37.5000   37.500013553.1650   13.4676
    7.5000   37.5000   37.500012823.3027   13.4746
   -7.5000   45.0000   37.500012236.1650   13.0892
    0.0000   45.0000   37.500012773.2539   13.1611
    7.5000   45.0000   37.500012080.8418   13.1711
   -7.5000  -45.0000   45.0000 6511.8223   15.0644
    0.0000  -45.0000   45.0000 6844.4746   15.1512
    7.5000  -45.0000   45.0000 6485.1099   15.1675
   -7.5000  -37.5000   45.0000 7251.4707   14.5704
    0.0000  -37.5000   45.0000 7601.2954   14.6498
    7.5000  -37.5000   45.0000 7227.9126   14.6613
   -7.5000  -30.0000   45.0000 8311.3955   14.1980
    0.0000  -30.0000   45.0000 8681.9824   14.2649
    7.5000  -30.0000   45.0000 8282.6279   14.2728
   -7.5000  -22.5000   45.0000 9368.9404   13.9442
    0.0000  -22.5000   45.0000 9769.7324   14.0047
    7.5000  -22.5000   45.0000 9350.5518   14.0091
   -7.5000  -15.0000   45.000010395.1504   13.8698
    0.0000  -15.0000   45.000010832.7256   13.9342
    7.5000  -15.0000   45.000010383.2520   13.9382
   -7.5000   -7.5000   45.000011379.9053   13.8752
    0.0000   -7.5000   45.000011875.2910   13.9486
    7.5000   -7.5000   45.000011380.5742   13.9564
   -7.5000    0.0000   45.000012374.7764   13.8816
    0.0000    0.0000   45.000012934.7314   13.9605
    7.5000    0.0000   45.000012370.1758   13.9721
   -7.5000    7.5000   45.000012441.0684   13.8629
    0.0000    7.5000   45.000012964.3672   13.9378
    7.5000    7.5000   45.000012391.1699   13.9491
   -7.5000   15.0000   45.000012312.7178   13.8383
    0.0000   15.0000   45.000012834.0283   13.9038
    7.5000   15.0000   45.000012232.0547   13.9115
   -7.5000   22.5000   45.000012074.2646   13.8285
    0.0000   22.5000   45.000012586.7412   13.8891
    7.5000   22.5000   45.000011974.2256   13.8935
   -7.5000   30.0000   45.000011821.1729   13.6728
    0.0000   30.0000   45.000012330.3926   13.7364
    7.5000   30.0000   45.000011699.5088   13.7404
   -7.5000   37.5000   45.000011939.8252   13.6944
    0.0000   37.5000   45.000012467.9648   13.7669
    7.5000   37.5000   45.000011823.7773   13.7745
   -7.5000   45.0000   45.000011299.2812   13.3863
    0.0000   45.0000   45.000011793.1660   13.4624
    7.5000   45.0000   45.000011171.6650   13.4736

---------------------------------------------------------------------
imgreg_4dfp /opt/freesurfer/average/711-2C_as_mni_average_305 /opt/freesurfer/average/711-2B_as_mni_average_305_mask talsrcimg_g11 none talsrcimg_to_711-2C_as_mni_average_305_t4 4355
---------------------------------------------------------------------

freesurfer imgreg_4dfp.c
/opt/freesurfer/average/711-2C_as_mni_average_305.4dfp.img
       256       256       256         1
  1.000000  1.000000  1.000000
orientation T byte_order littleendian
Reading image: /opt/freesurfer/average/711-2C_as_mni_average_305.4dfp.img
dimensions:      256       256       256
mmppix:       1.0000   -1.0000   -1.0000
center:     128.0000 -129.0000 -129.0000
/opt/freesurfer/average/711-2B_as_mni_average_305_mask.4dfp.img
       256       256       256         1
  1.000000  1.000000  1.000000
orientation T byte_order littleendian
Reading mask: /opt/freesurfer/average/711-2B_as_mni_average_305_mask.4dfp.img (2306576 pixels)
talsrcimg_g11.4dfp.img
       256       256       256         1
  1.000000  1.000000  1.000000
orientation T byte_order littleendian
Reading image: talsrcimg_g11.4dfp.img
dimensions:      256       256       256
mmppix:       1.0000   -1.0000   -1.0000
center:     128.0000 -129.0000 -129.0000
rotation matrix determinant  1.000000
image alignment mode   4355 decimal     1103 hex
   -7.5000  -37.5000  -45.0000 1999.3187   18.9184
    0.0000  -37.5000  -45.0000 1999.9592   18.7682
    7.5000  -37.5000  -45.0000 1987.5626   18.8615
   -7.5000  -30.0000  -45.0000 2114.3079   16.8416
    0.0000  -30.0000  -45.0000 2118.2026   16.7516
    7.5000  -30.0000  -45.0000 2104.1929   16.8234
   -7.5000  -22.5000  -45.0000 2229.3157   15.1603
    0.0000  -22.5000  -45.0000 2233.9802   15.1074
    7.5000  -22.5000  -45.0000 2219.3398   15.1573
   -7.5000  -15.0000  -45.0000 2328.0166   13.9072
    0.0000  -15.0000  -45.0000 2337.9475   13.8669
    7.5000  -15.0000  -45.0000 2320.5349   13.8796
   -7.5000   -7.5000  -45.0000 2410.4297   13.0227
    0.0000   -7.5000  -45.0000 2421.1174   12.9977
    7.5000   -7.5000  -45.0000 2408.0608   13.0528
   -7.5000    0.0000  -45.0000 2459.6338   12.4286
    0.0000    0.0000  -45.0000 2466.8254   12.4164
    7.5000    0.0000  -45.0000 2449.3953   12.4987
   -7.5000    7.5000  -45.0000 2487.7668   12.0594
    0.0000    7.5000  -45.0000 2495.2122   12.0444
    7.5000    7.5000  -45.0000 2476.6838   12.1529
   -7.5000   15.0000  -45.0000 2499.6948   11.9055
    0.0000   15.0000  -45.0000 2512.4421   11.8783
    7.5000   15.0000  -45.0000 2490.1252   11.9997
   -7.5000   22.5000  -45.0000 2497.8142   11.9730
    0.0000   22.5000  -45.0000 2512.9854   11.9400
    7.5000   22.5000  -45.0000 2489.7170   12.0697
   -7.5000   30.0000  -45.0000 2487.2754   12.3263
    0.0000   30.0000  -45.0000 2502.3347   12.2716
    7.5000   30.0000  -45.0000 2477.8882   12.4093
   -7.5000   37.5000  -45.0000 2455.0198   12.8675
    0.0000   37.5000  -45.0000 2470.6838   12.8200
    7.5000   37.5000  -45.0000 2447.4819   12.9348
   -7.5000   45.0000  -45.0000 2405.3989   13.5888
    0.0000   45.0000  -45.0000 2419.4211   13.5592
    7.5000   45.0000  -45.0000 2397.1018   13.6660
   -7.5000   52.5000  -45.0000 2316.9187   14.4095
    0.0000   52.5000  -45.0000 2331.0857   14.3785
    7.5000   52.5000  -45.0000 2311.4814   14.4892
   -7.5000  -37.5000  -37.5000 2050.9282   17.7977
    0.0000  -37.5000  -37.5000 2051.7295   17.7089
    7.5000  -37.5000  -37.5000 2041.5657   17.7652
   -7.5000  -30.0000  -37.5000 2178.9502   15.8217
    0.0000  -30.0000  -37.5000 2180.4233   15.7591
    7.5000  -30.0000  -37.5000 2166.2571   15.8222
   -7.5000  -22.5000  -37.5000 2305.3665   14.2625
    0.0000  -22.5000  -37.5000 2307.1370   14.1760
    7.5000  -22.5000  -37.5000 2290.9604   14.2238
   -7.5000  -15.0000  -37.5000 2408.6543   13.0815
    0.0000  -15.0000  -37.5000 2416.2158   13.0168
    7.5000  -15.0000  -37.5000 2395.6064   13.0436
   -7.5000   -7.5000  -37.5000 2499.7468   12.2263
    0.0000   -7.5000  -37.5000 2508.5667   12.1725
    7.5000   -7.5000  -37.5000 2486.2747   12.2184
   -7.5000    0.0000  -37.5000 2552.4197   11.6171
    0.0000    0.0000  -37.5000 2559.7310   11.5600
    7.5000    0.0000  -37.5000 2538.3528   11.6416
   -7.5000    7.5000  -37.5000 2583.2751   11.2558
    0.0000    7.5000  -37.5000 2590.7432   11.2054
    7.5000    7.5000  -37.5000 2571.8054   11.2952
   -7.5000   15.0000  -37.5000 2592.6123   11.0764
    0.0000   15.0000  -37.5000 2601.5071   11.0253
    7.5000   15.0000  -37.5000 2583.3020   11.1393
   -7.5000   22.5000  -37.5000 2595.2666   11.0810
    0.0000   22.5000  -37.5000 2603.5979   11.0347
    7.5000   22.5000  -37.5000 2584.8628   11.1744
   -7.5000   30.0000  -37.5000 2579.8086   11.3957
    0.0000   30.0000  -37.5000 2593.1292   11.3298
    7.5000   30.0000  -37.5000 2574.1836   11.4827
   -7.5000   37.5000  -37.5000 2550.9197   11.8933
    0.0000   37.5000  -37.5000 2564.8203   11.8283
    7.5000   37.5000  -37.5000 2544.8457   11.9627
   -7.5000   45.0000  -37.5000 2502.7776   12.5462
    0.0000   45.0000  -37.5000 2518.6802   12.4969
    7.5000   45.0000  -37.5000 2496.2822   12.6265
   -7.5000   52.5000  -37.5000 2409.0254   13.3058
    0.0000   52.5000  -37.5000 2425.5513   13.2665
    7.5000   52.5000  -37.5000 2402.9160   13.3613
   -7.5000  -37.5000  -30.0000 2142.5105   17.4299
    0.0000  -37.5000  -30.0000 2144.9333   17.3412
    7.5000  -37.5000  -30.0000 2134.3250   17.4721
   -7.5000  -30.0000  -30.0000 2284.0891   15.4735
    0.0000  -30.0000  -30.0000 2285.3113   15.3795
    7.5000  -30.0000  -30.0000 2264.4175   15.5044
   -7.5000  -22.5000  -30.0000 2419.4856   13.9266
    0.0000  -22.5000  -30.0000 2422.2068   13.8209
    7.5000  -22.5000  -30.0000 2395.8975   13.9174
   -7.5000  -15.0000  -30.0000 2528.3137   12.7421
    0.0000  -15.0000  -30.0000 2533.6602   12.6485
    7.5000  -15.0000  -30.0000 2506.6733   12.7180
   -7.5000   -7.5000  -30.0000 2621.3630   11.8782
    0.0000   -7.5000  -30.0000 2629.7422   11.8030
    7.5000   -7.5000  -30.0000 2605.7358   11.8926
   -7.5000    0.0000  -30.0000 2678.5964   11.2619
    0.0000    0.0000  -30.0000 2687.8943   11.1845
    7.5000    0.0000  -30.0000 2668.3625   11.2841
   -7.5000    7.5000  -30.0000 2717.2275   10.8811
    0.0000    7.5000  -30.0000 2727.3438   10.7997
    7.5000    7.5000  -30.0000 2706.9644   10.8849
   -7.5000   15.0000  -30.0000 2729.5151   10.6682
    0.0000   15.0000  -30.0000 2738.8809   10.6029
    7.5000   15.0000  -30.0000 2719.9902   10.7122
   -7.5000   22.5000  -30.0000 2736.2339   10.6664
    0.0000   22.5000  -30.0000 2743.0935   10.6004
    7.5000   22.5000  -30.0000 2723.2783   10.7170
   -7.5000   30.0000  -30.0000 2721.3394   10.9468
    0.0000   30.0000  -30.0000 2734.6965   10.8797
    7.5000   30.0000  -30.0000 2711.9612   11.0051
   -7.5000   37.5000  -30.0000 2693.4963   11.4045
    0.0000   37.5000  -30.0000 2709.8149   11.3316
    7.5000   37.5000  -30.0000 2685.9338   11.4644
   -7.5000   45.0000  -30.0000 2641.5479   12.0328
    0.0000   45.0000  -30.0000 2660.4612   11.9631
    7.5000   45.0000  -30.0000 2637.2134   12.1008
   -7.5000   52.5000  -30.0000 2545.8621   12.7656
    0.0000   52.5000  -30.0000 2564.6355   12.7089
    7.5000   52.5000  -30.0000 2540.2397   12.8430
   -7.5000  -37.5000  -22.5000 2205.1956   17.0068
    0.0000  -37.5000  -22.5000 2209.0398   16.9065
    7.5000  -37.5000  -22.5000 2196.6694   17.0535
   -7.5000  -30.0000  -22.5000 2353.8232   15.0540
    0.0000  -30.0000  -22.5000 2356.7822   14.9622
    7.5000  -30.0000  -22.5000 2332.8994   15.1151
   -7.5000  -22.5000  -22.5000 2494.8235   13.5212
    0.0000  -22.5000  -22.5000 2498.0408   13.4317
    7.5000  -22.5000  -22.5000 2469.3152   13.5476
   -7.5000  -15.0000  -22.5000 2603.5874   12.3374
    0.0000  -15.0000  -22.5000 2609.6560   12.2481
    7.5000  -15.0000  -22.5000 2583.9360   12.3559
   -7.5000   -7.5000  -22.5000 2704.3020   11.4499
    0.0000   -7.5000  -22.5000 2711.1812   11.3639
    7.5000   -7.5000  -22.5000 2688.3486   11.4762
   -7.5000    0.0000  -22.5000 2765.1755   10.8186
    0.0000    0.0000  -22.5000 2777.6484   10.7320
    7.5000    0.0000  -22.5000 2756.8635   10.8451
   -7.5000    7.5000  -22.5000 2809.6758   10.4322
    0.0000    7.5000  -22.5000 2821.9438   10.3408
    7.5000    7.5000  -22.5000 2798.7151   10.4227
   -7.5000   15.0000  -22.5000 2834.1987   10.1827
    0.0000   15.0000  -22.5000 2846.8293   10.1044
    7.5000   15.0000  -22.5000 2821.3787   10.2038
   -7.5000   22.5000  -22.5000 2845.7427   10.1464
    0.0000   22.5000  -22.5000 2859.3911   10.0757
    7.5000   22.5000  -22.5000 2834.0359   10.1921
   -7.5000   30.0000  -22.5000 2837.4604   10.4243
    0.0000   30.0000  -22.5000 2851.5898   10.3551
    7.5000   30.0000  -22.5000 2826.0251   10.4886
   -7.5000   37.5000  -22.5000 2808.3767   10.8567
    0.0000   37.5000  -22.5000 2825.6218   10.7784
    7.5000   37.5000  -22.5000 2799.8806   10.9284
   -7.5000   45.0000  -22.5000 2754.5835   11.4657
    0.0000   45.0000  -22.5000 2770.9170   11.3716
    7.5000   45.0000  -22.5000 2749.4470   11.5249
   -7.5000   52.5000  -22.5000 2650.6155   12.1784
    0.0000   52.5000  -22.5000 2665.9409   12.0897
    7.5000   52.5000  -22.5000 2645.7903   12.2474
   -7.5000  -37.5000  -15.0000 2233.4316   16.6440
    0.0000  -37.5000  -15.0000 2242.1440   16.5514
    7.5000  -37.5000  -15.0000 2230.1343   16.7380
   -7.5000  -30.0000  -15.0000 2384.4631   14.6938
    0.0000  -30.0000  -15.0000 2391.2397   14.6088
    7.5000  -30.0000  -15.0000 2368.2561   14.7870
   -7.5000  -22.5000  -15.0000 2527.0405   13.1493
    0.0000  -22.5000  -15.0000 2533.8342   13.0657
    7.5000  -22.5000  -15.0000 2502.7781   13.2143
   -7.5000  -15.0000  -15.0000 2639.8657   11.9609
    0.0000  -15.0000  -15.0000 2645.5713   11.8772
    7.5000  -15.0000  -15.0000 2618.9072   11.9898
   -7.5000   -7.5000  -15.0000 2747.2158   11.0611
    0.0000   -7.5000  -15.0000 2751.2983   10.9871
    7.5000   -7.5000  -15.0000 2728.6843   11.1015
   -7.5000    0.0000  -15.0000 2817.5671   10.3923
    0.0000    0.0000  -15.0000 2827.8962   10.3286
    7.5000    0.0000  -15.0000 2810.5793   10.4390
   -7.5000    7.5000  -15.0000 2863.7979    9.9660
    0.0000    7.5000  -15.0000 2876.3472    9.8876
    7.5000    7.5000  -15.0000 2857.9478    9.9970
   -7.5000   15.0000  -15.0000 2897.2822    9.6924
    0.0000   15.0000  -15.0000 2912.6697    9.6156
    7.5000   15.0000  -15.0000 2886.8245    9.7323
   -7.5000   22.5000  -15.0000 2920.5610    9.6399
    0.0000   22.5000  -15.0000 2935.5913    9.5506
    7.5000   22.5000  -15.0000 2911.0825    9.6921
   -7.5000   30.0000  -15.0000 2915.6516    9.9307
    0.0000   30.0000  -15.0000 2929.9426    9.8491
    7.5000   30.0000  -15.0000 2905.6985   10.0111
   -7.5000   37.5000  -15.0000 2884.3191   10.3593
    0.0000   37.5000  -15.0000 2901.9031   10.2712
    7.5000   37.5000  -15.0000 2879.1311   10.4323
   -7.5000   45.0000  -15.0000 2826.3005   10.9445
    0.0000   45.0000  -15.0000 2842.9924   10.8390
    7.5000   45.0000  -15.0000 2824.2532   11.0135
   -7.5000   52.5000  -15.0000 2722.9670   11.6393
    0.0000   52.5000  -15.0000 2734.4985   11.5306
    7.5000   52.5000  -15.0000 2713.5139   11.7102
   -7.5000  -37.5000   -7.5000 2244.9578   16.3749
    0.0000  -37.5000   -7.5000 2252.7271   16.3140
    7.5000  -37.5000   -7.5000 2239.9849   16.5197
   -7.5000  -30.0000   -7.5000 2394.4768   14.4196
    0.0000  -30.0000   -7.5000 2402.3892   14.3390
    7.5000  -30.0000   -7.5000 2382.5432   14.5487
   -7.5000  -22.5000   -7.5000 2529.1912   12.8428
    0.0000  -22.5000   -7.5000 2539.1145   12.7661
    7.5000  -22.5000   -7.5000 2511.2756   12.9455
   -7.5000  -15.0000   -7.5000 2639.6313   11.6550
    0.0000  -15.0000   -7.5000 2647.9990   11.5792
    7.5000  -15.0000   -7.5000 2623.9094   11.7297
   -7.5000   -7.5000   -7.5000 2754.0042   10.7417
    0.0000   -7.5000   -7.5000 2759.4775   10.6778
    7.5000   -7.5000   -7.5000 2739.4497   10.8120
   -7.5000    0.0000   -7.5000 2839.5625   10.0554
    0.0000    0.0000   -7.5000 2850.2400    9.9967
    7.5000    0.0000   -7.5000 2831.3557   10.1144
   -7.5000    7.5000   -7.5000 2896.4104    9.5851
    0.0000    7.5000   -7.5000 2910.3428    9.5280
    7.5000    7.5000   -7.5000 2890.7959    9.6471
   -7.5000   15.0000   -7.5000 2940.9275    9.2867
    0.0000   15.0000   -7.5000 2956.7842    9.2110
    7.5000   15.0000   -7.5000 2931.4863    9.3531
   -7.5000   22.5000   -7.5000 2970.8018    9.2216
    0.0000   22.5000   -7.5000 2990.6531    9.1203
    7.5000   22.5000   -7.5000 2960.8552    9.3095
   -7.5000   30.0000   -7.5000 2967.3042    9.5141
    0.0000   30.0000   -7.5000 2986.1133    9.4145
    7.5000   30.0000   -7.5000 2961.2610    9.6163
   -7.5000   37.5000   -7.5000 2933.3049    9.9378
    0.0000   37.5000   -7.5000 2955.3481    9.8398
    7.5000   37.5000   -7.5000 2932.6987   10.0193
   -7.5000   45.0000   -7.5000 2876.1821   10.5000
    0.0000   45.0000   -7.5000 2893.7388   10.3981
    7.5000   45.0000   -7.5000 2870.9207   10.5815
   -7.5000   52.5000   -7.5000 2769.0518   11.1862
    0.0000   52.5000   -7.5000 2782.3677   11.0909
    7.5000   52.5000   -7.5000 2760.3184   11.2601
   -7.5000  -37.5000    0.0000 2236.0593   16.3032
    0.0000  -37.5000    0.0000 2246.2354   16.2209
    7.5000  -37.5000    0.0000 2233.0410   16.4871
   -7.5000  -30.0000    0.0000 2381.9966   14.3217
    0.0000  -30.0000    0.0000 2392.1150   14.2493
    7.5000  -30.0000    0.0000 2376.1404   14.4654
   -7.5000  -22.5000    0.0000 2514.8079   12.7431
    0.0000  -22.5000    0.0000 2524.9849   12.6693
    7.5000  -22.5000    0.0000 2504.2097   12.8506
   -7.5000  -15.0000    0.0000 2622.2905   11.5335
    0.0000  -15.0000    0.0000 2632.9709   11.4543
    7.5000  -15.0000    0.0000 2615.8171   11.6345
   -7.5000   -7.5000    0.0000 2734.4783   10.5844
    0.0000   -7.5000    0.0000 2747.2512   10.5346
    7.5000   -7.5000    0.0000 2734.6987   10.6879
   -7.5000    0.0000    0.0000 2831.4910    9.8649
    0.0000    0.0000    0.0000 2849.2695    9.8172
    7.5000    0.0000    0.0000 2834.6638    9.9592
   -7.5000    7.5000    0.0000 2907.2197    9.3805
    0.0000    7.5000    0.0000 2925.1401    9.3306
    7.5000    7.5000    0.0000 2913.6597    9.4551
   -7.5000   15.0000    0.0000 2966.8462    9.1103
    0.0000   15.0000    0.0000 2986.1597    9.0599
    7.5000   15.0000    0.0000 2967.5217    9.1760
   -7.5000   22.5000    0.0000 3012.1353    9.0303
    0.0000   22.5000    0.0000 3034.8232    8.9510
    7.5000   22.5000    0.0000 2998.4175    9.1056
   -7.5000   30.0000    0.0000 3005.8613    9.2435
    0.0000   30.0000    0.0000 3028.3989    9.1663
    7.5000   30.0000    0.0000 2992.6829    9.3331
   -7.5000   37.5000    0.0000 2968.6907    9.6330
    0.0000   37.5000    0.0000 2988.0781    9.5446
    7.5000   37.5000    0.0000 2961.2998    9.6971
   -7.5000   45.0000    0.0000 2909.2202   10.2149
    0.0000   45.0000    0.0000 2927.9753   10.1187
    7.5000   45.0000    0.0000 2900.9507   10.2578
   -7.5000   52.5000    0.0000 2797.3401   10.9167
    0.0000   52.5000    0.0000 2813.9717   10.8211
    7.5000   52.5000    0.0000 2791.3423   10.9737
   -7.5000  -37.5000    7.5000 2217.4490   16.4609
    0.0000  -37.5000    7.5000 2230.4902   16.4002
    7.5000  -37.5000    7.5000 2214.2039   16.6367
   -7.5000  -30.0000    7.5000 2362.0337   14.3857
    0.0000  -30.0000    7.5000 2373.3118   14.3463
    7.5000  -30.0000    7.5000 2359.4204   14.5644
   -7.5000  -22.5000    7.5000 2491.3223   12.7429
    0.0000  -22.5000    7.5000 2504.6882   12.6982
    7.5000  -22.5000    7.5000 2489.2024   12.9022
   -7.5000  -15.0000    7.5000 2600.1880   11.5334
    0.0000  -15.0000    7.5000 2616.7625   11.4968
    7.5000  -15.0000    7.5000 2603.5957   11.6687
   -7.5000   -7.5000    7.5000 2709.0361   10.6070
    0.0000   -7.5000    7.5000 2726.9202   10.5785
    7.5000   -7.5000    7.5000 2722.8088   10.6982
   -7.5000    0.0000    7.5000 2815.9221    9.9021
    0.0000    0.0000    7.5000 2833.4807    9.8701
    7.5000    0.0000    7.5000 2823.2288    9.9631
   -7.5000    7.5000    7.5000 2914.9543    9.4033
    0.0000    7.5000    7.5000 2930.2678    9.3605
    7.5000    7.5000    7.5000 2912.5388    9.4199
   -7.5000   15.0000    7.5000 2996.1670    9.1393
    0.0000   15.0000    7.5000 3014.7148    9.1093
    7.5000   15.0000    7.5000 2981.2595    9.1034
   -7.5000   22.5000    7.5000 3047.5920    9.0646
    0.0000   22.5000    7.5000 3073.7302    9.0328
    7.5000   22.5000    7.5000 3019.4094    9.0271
   -7.5000   30.0000    7.5000 3028.6694    9.1862
    0.0000   30.0000    7.5000 3056.7839    9.1581
    7.5000   30.0000    7.5000 3006.9534    9.1837
   -7.5000   37.5000    7.5000 2987.6487    9.4804
    0.0000   37.5000    7.5000 3010.7629    9.4318
    7.5000   37.5000    7.5000 2975.9751    9.5140
   -7.5000   45.0000    7.5000 2924.5210   10.0468
    0.0000   45.0000    7.5000 2945.1143    9.9829
    7.5000   45.0000    7.5000 2918.4043   10.0744
   -7.5000   52.5000    7.5000 2810.8877   10.7773
    0.0000   52.5000    7.5000 2830.7781   10.7064
    7.5000   52.5000    7.5000 2806.0261   10.8143
   -7.5000  -37.5000   15.0000 2189.5635   16.7779
    0.0000  -37.5000   15.0000 2206.3933   16.7857
    7.5000  -37.5000   15.0000 2190.3435   16.9529
   -7.5000  -30.0000   15.0000 2332.0623   14.6339
    0.0000  -30.0000   15.0000 2349.2576   14.6347
    7.5000  -30.0000   15.0000 2335.6477   14.8035
   -7.5000  -22.5000   15.0000 2461.8904   12.9687
    0.0000  -22.5000   15.0000 2477.8860   12.9563
    7.5000  -22.5000   15.0000 2468.4971   13.1044
   -7.5000  -15.0000   15.0000 2576.7537   11.7441
    0.0000  -15.0000   15.0000 2592.0874   11.7304
    7.5000  -15.0000   15.0000 2587.2876   11.8500
   -7.5000   -7.5000   15.0000 2690.9375   10.8206
    0.0000   -7.5000   15.0000 2706.2803   10.8176
    7.5000   -7.5000   15.0000 2703.1074   10.8725
   -7.5000    0.0000   15.0000 2799.9209   10.0926
    0.0000    0.0000   15.0000 2813.4939   10.0772
    7.5000    0.0000   15.0000 2797.7422   10.0924
   -7.5000    7.5000   15.0000 2903.6365    9.5409
    0.0000    7.5000   15.0000 2918.6125    9.5230
    7.5000    7.5000   15.0000 2895.8652    9.5100
   -7.5000   15.0000   15.0000 3001.2625    9.2171
    0.0000   15.0000   15.0000 3018.2834    9.2136
    7.5000   15.0000   15.0000 2978.0767    9.1669
   -7.5000   22.5000   15.0000 3062.1890    9.1063
    0.0000   22.5000   15.0000 3087.1660    9.0891
    7.5000   22.5000   15.0000 3021.6250    9.0741
   -7.5000   30.0000   15.0000 3035.5195    9.2342
    0.0000   30.0000   15.0000 3066.9258    9.2023
    7.5000   30.0000   15.0000 3007.4902    9.2320
   -7.5000   37.5000   15.0000 2983.5103    9.5591
    0.0000   37.5000   15.0000 3009.9785    9.5195
    7.5000   37.5000   15.0000 2971.5654    9.5944
   -7.5000   45.0000   15.0000 2918.7224   10.0886
    0.0000   45.0000   15.0000 2940.2256   10.0359
    7.5000   45.0000   15.0000 2910.8245   10.1366
   -7.5000   52.5000   15.0000 2806.0337   10.7999
    0.0000   52.5000   15.0000 2823.0957   10.7330
    7.5000   52.5000   15.0000 2800.1990   10.8403
   -7.5000  -37.5000   22.5000 2158.5283   17.3485
    0.0000  -37.5000   22.5000 2176.1360   17.4078
    7.5000  -37.5000   22.5000 2157.8730   17.4777
   -7.5000  -30.0000   22.5000 2309.6304   15.1057
    0.0000  -30.0000   22.5000 2320.7456   15.1111
    7.5000  -30.0000   22.5000 2306.8623   15.2049
   -7.5000  -22.5000   22.5000 2441.8013   13.3652
    0.0000  -22.5000   22.5000 2450.3213   13.3471
    7.5000  -22.5000   22.5000 2440.2371   13.4506
   -7.5000  -15.0000   22.5000 2552.1511   12.0768
    0.0000  -15.0000   22.5000 2565.1208   12.0735
    7.5000  -15.0000   22.5000 2560.1440   12.1609
   -7.5000   -7.5000   22.5000 2664.0854   11.1172
    0.0000   -7.5000   22.5000 2679.2180   11.0951
    7.5000   -7.5000   22.5000 2674.3420   11.1584
   -7.5000    0.0000   22.5000 2773.8696   10.3375
    0.0000    0.0000   22.5000 2790.7166   10.3216
    7.5000    0.0000   22.5000 2775.9299   10.3495
   -7.5000    7.5000   22.5000 2882.0679    9.7410
    0.0000    7.5000   22.5000 2899.2422    9.7339
    7.5000    7.5000   22.5000 2877.2412    9.7514
   -7.5000   15.0000   22.5000 2977.9705    9.3722
    0.0000   15.0000   22.5000 2995.2358    9.3699
    7.5000   15.0000   22.5000 2959.9087    9.3700
   -7.5000   22.5000   22.5000 3026.3145    9.2361
    0.0000   22.5000   22.5000 3051.4658    9.1823
    7.5000   22.5000   22.5000 2999.8193    9.2472
   -7.5000   30.0000   22.5000 3017.0232    9.3825
    0.0000   30.0000   22.5000 3043.1487    9.3022
    7.5000   30.0000   22.5000 2994.0879    9.4344
   -7.5000   37.5000   22.5000 2969.9009    9.7696
    0.0000   37.5000   22.5000 2987.3694    9.7029
    7.5000   37.5000   22.5000 2954.3899    9.8338
   -7.5000   45.0000   22.5000 2896.6870   10.3205
    0.0000   45.0000   22.5000 2911.4502   10.2409
    7.5000   45.0000   22.5000 2891.8633   10.3881
   -7.5000   52.5000   22.5000 2782.1211   11.0087
    0.0000   52.5000   22.5000 2794.9531   10.9326
    7.5000   52.5000   22.5000 2779.5962   11.0767
   -7.5000  -37.5000   30.0000 2110.9827   17.9902
    0.0000  -37.5000   30.0000 2128.5767   17.9942
    7.5000  -37.5000   30.0000 2115.5195   18.1349
   -7.5000  -30.0000   30.0000 2271.2297   15.6448
    0.0000  -30.0000   30.0000 2279.7507   15.6148
    7.5000  -30.0000   30.0000 2267.0388   15.7572
   -7.5000  -22.5000   30.0000 2408.5859   13.8357
    0.0000  -22.5000   30.0000 2420.1370   13.7825
    7.5000  -22.5000   30.0000 2406.7500   13.9364
   -7.5000  -15.0000   30.0000 2519.2415   12.4983
    0.0000  -15.0000   30.0000 2532.8486   12.4354
    7.5000  -15.0000   30.0000 2523.7029   12.5880
   -7.5000   -7.5000   30.0000 2632.4524   11.4862
    0.0000   -7.5000   30.0000 2644.5605   11.4163
    7.5000   -7.5000   30.0000 2639.2153   11.5656
   -7.5000    0.0000   30.0000 2739.6504   10.6636
    0.0000    0.0000   30.0000 2758.3115   10.6043
    7.5000    0.0000   30.0000 2747.2805   10.7402
   -7.5000    7.5000   30.0000 2845.3159   10.0532
    0.0000    7.5000   30.0000 2861.3567   10.0302
    7.5000    7.5000   30.0000 2847.1379   10.1288
   -7.5000   15.0000   30.0000 2926.4604    9.6708
    0.0000   15.0000   30.0000 2942.5737    9.6336
    7.5000   15.0000   30.0000 2917.8547    9.7324
   -7.5000   22.5000   30.0000 2969.6514    9.5400
    0.0000   22.5000   30.0000 2988.7485    9.4511
    7.5000   22.5000   30.0000 2954.1741    9.5837
   -7.5000   30.0000   30.0000 2967.9531    9.6919
    0.0000   30.0000   30.0000 2988.2249    9.6170
    7.5000   30.0000   30.0000 2952.8909    9.7395
   -7.5000   37.5000   30.0000 2929.4973   10.1055
    0.0000   37.5000   30.0000 2942.9917   10.0369
    7.5000   37.5000   30.0000 2915.8657   10.1630
   -7.5000   45.0000   30.0000 2856.7693   10.6864
    0.0000   45.0000   30.0000 2869.9446   10.5915
    7.5000   45.0000   30.0000 2848.8159   10.7434
   -7.5000   52.5000   30.0000 2744.5303   11.3538
    0.0000   52.5000   30.0000 2755.0867   11.2550
    7.5000   52.5000   30.0000 2739.6641   11.4082
   -7.5000  -37.5000   37.5000 2061.5442   18.7232
    0.0000  -37.5000   37.5000 2079.6116   18.6426
    7.5000  -37.5000   37.5000 2070.8755   18.9511
   -7.5000  -30.0000   37.5000 2222.9675   16.2411
    0.0000  -30.0000   37.5000 2236.2727   16.1423
    7.5000  -30.0000   37.5000 2227.3655   16.4431
   -7.5000  -22.5000   37.5000 2366.9902   14.3993
    0.0000  -22.5000   37.5000 2376.7180   14.2690
    7.5000  -22.5000   37.5000 2372.3301   14.5718
   -7.5000  -15.0000   37.5000 2482.9617   13.0341
    0.0000  -15.0000   37.5000 2493.4097   12.9053
    7.5000  -15.0000   37.5000 2492.2332   13.1961
   -7.5000   -7.5000   37.5000 2592.3291   11.9801
    0.0000   -7.5000   37.5000 2603.6318   11.8733
    7.5000   -7.5000   37.5000 2601.0410   12.1146
   -7.5000    0.0000   37.5000 2701.2439   11.1465
    0.0000    0.0000   37.5000 2715.6023   11.0656
    7.5000    0.0000   37.5000 2707.6516   11.2608
   -7.5000    7.5000   37.5000 2801.4834   10.5157
    0.0000    7.5000   37.5000 2815.0505   10.4521
    7.5000    7.5000   37.5000 2800.6550   10.6108
   -7.5000   15.0000   37.5000 2868.2834   10.1363
    0.0000   15.0000   37.5000 2883.2454   10.0367
    7.5000   15.0000   37.5000 2859.9648   10.2039
   -7.5000   22.5000   37.5000 2902.6667   10.0013
    0.0000   22.5000   37.5000 2918.8435    9.9217
    7.5000   22.5000   37.5000 2891.7766   10.0656
   -7.5000   30.0000   37.5000 2899.7891   10.1397
    0.0000   30.0000   37.5000 2917.9124   10.0970
    7.5000   30.0000   37.5000 2891.0100   10.2120
   -7.5000   37.5000   37.5000 2863.0225   10.5373
    0.0000   37.5000   37.5000 2878.2109   10.4917
    7.5000   37.5000   37.5000 2859.6592   10.6155
   -7.5000   45.0000   37.5000 2800.4919   11.1325
    0.0000   45.0000   37.5000 2811.8359   11.0403
    7.5000   45.0000   37.5000 2793.7026   11.2041
   -7.5000   52.5000   37.5000 2692.7275   11.7942
    0.0000   52.5000   37.5000 2702.2996   11.7183
    7.5000   52.5000   37.5000 2686.0898   11.8727
   -7.5000  -37.5000   45.0000 2013.5726   19.6078
    0.0000  -37.5000   45.0000 2028.9784   19.5023
    7.5000  -37.5000   45.0000 2021.9381   19.9337
   -7.5000  -30.0000   45.0000 2176.3188   17.0277
    0.0000  -30.0000   45.0000 2185.6340   16.8761
    7.5000  -30.0000   45.0000 2181.4158   17.3027
   -7.5000  -22.5000   45.0000 2320.4517   15.1244
    0.0000  -22.5000   45.0000 2330.0298   14.9592
    7.5000  -22.5000   45.0000 2326.5879   15.3574
   -7.5000  -15.0000   45.0000 2435.4885   13.7107
    0.0000  -15.0000   45.0000 2444.5647   13.5615
    7.5000  -15.0000   45.0000 2444.1992   13.9218
   -7.5000   -7.5000   45.0000 2541.2017   12.6220
    0.0000   -7.5000   45.0000 2548.6685   12.4984
    7.5000   -7.5000   45.0000 2548.8289   12.7947
   -7.5000    0.0000   45.0000 2647.2693   11.7665
    0.0000    0.0000   45.0000 2658.0027   11.6663
    7.5000    0.0000   45.0000 2653.3142   11.9148
   -7.5000    7.5000   45.0000 2737.1287   11.1092
    0.0000    7.5000   45.0000 2748.3804   11.0036
    7.5000    7.5000   45.0000 2737.3630   11.2271
   -7.5000   15.0000   45.0000 2796.3284   10.7414
    0.0000   15.0000   45.0000 2812.6914   10.6177
    7.5000   15.0000   45.0000 2790.9189   10.8248
   -7.5000   22.5000   45.0000 2825.9966   10.6096
    0.0000   22.5000   45.0000 2841.7344   10.5448
    7.5000   22.5000   45.0000 2819.0100   10.6828
   -7.5000   30.0000   45.0000 2825.9966   10.7346
    0.0000   30.0000   45.0000 2841.4897   10.6741
    7.5000   30.0000   45.0000 2816.6970   10.7954
   -7.5000   37.5000   45.0000 2787.8586   11.1152
    0.0000   37.5000   45.0000 2802.6719   11.0634
    7.5000   37.5000   45.0000 2783.1135   11.1869
   -7.5000   45.0000   45.0000 2728.3682   11.6675
    0.0000   45.0000   45.0000 2739.4282   11.5987
    7.5000   45.0000   45.0000 2723.6707   11.7486
   -7.5000   52.5000   45.0000 2627.0981   12.3327
    0.0000   52.5000   45.0000 2635.9709   12.2583
    7.5000   52.5000   45.0000 2618.8022   12.4126

---------------------------------------------------------------------
imgreg_4dfp /opt/freesurfer/average/711-2C_as_mni_average_305 /opt/freesurfer/average/711-2B_as_mni_average_305_mask talsrcimg_g11 none talsrcimg_to_711-2C_as_mni_average_305_t4 1283
---------------------------------------------------------------------

freesurfer imgreg_4dfp.c
/opt/freesurfer/average/711-2C_as_mni_average_305.4dfp.img
       256       256       256         1
  1.000000  1.000000  1.000000
orientation T byte_order littleendian
Reading image: /opt/freesurfer/average/711-2C_as_mni_average_305.4dfp.img
dimensions:      256       256       256
mmppix:       1.0000   -1.0000   -1.0000
center:     128.0000 -129.0000 -129.0000
/opt/freesurfer/average/711-2B_as_mni_average_305_mask.4dfp.img
       256       256       256         1
  1.000000  1.000000  1.000000
orientation T byte_order littleendian
Reading mask: /opt/freesurfer/average/711-2B_as_mni_average_305_mask.4dfp.img (2306576 pixels)
talsrcimg_g11.4dfp.img
       256       256       256         1
  1.000000  1.000000  1.000000
orientation T byte_order littleendian
Reading image: talsrcimg_g11.4dfp.img
dimensions:      256       256       256
mmppix:       1.0000   -1.0000   -1.0000
center:     128.0000 -129.0000 -129.0000
rotation matrix determinant  1.000000
fimgreg.f
image alignment mode   1283 decimal      503 hex
parameters
    0.0000   22.5000   15.0000    0.0000    0.0000    0.0000
eta,q 0.96782  9.12933
niter,ni,del,rscale     5    3   12.0000    1.2000
parameter  4  0.893597 ->  0.500000 qaram    1.1500
parameters
   -1.7907   24.1728   13.9042   -3.4500   -2.8346   -2.9397
eta,q 0.97747  9.09891
  0.0366  0.0443  0.0327  0.0277  0.0270  0.0247
  0.0320  0.0378  0.0311  0.0257  0.0246  0.0228
  0.0305  0.0331  0.0304  0.0275  0.0243  0.0226
  0.0315  0.0303  0.0300  0.0301  0.0260  0.0242
  0.0355  0.0300  0.0302  0.0329  0.0296  0.0272
  0.0419  0.0314  0.0329  0.0362  0.0345  0.0309
  0.0493  0.0343  0.0379  0.0396  0.0392  0.0353
niter,ni,del,rscale     5    3   12.0000    1.2000
parameters
   -1.3056   24.9842   12.9595   -4.0079   -2.9814   -2.4797
eta,q 0.97797  9.08486
  0.0412  0.0408  0.0279  0.0318  0.0306  0.0301
  0.0319  0.0337  0.0245  0.0261  0.0258  0.0264
  0.0254  0.0261  0.0228  0.0221  0.0229  0.0233
  0.0225  0.0225  0.0226  0.0225  0.0221  0.0221
  0.0239  0.0238  0.0242  0.0255  0.0232  0.0226
  0.0288  0.0276  0.0279  0.0293  0.0266  0.0249
  0.0359  0.0336  0.0327  0.0336  0.0313  0.0280
niter,ni,del,rscale     4    3   12.0000    1.2000
parameters
   -1.3674   25.2311   12.6976   -4.2013   -2.8774   -2.4387
eta,q 0.97794  9.08309
  0.0378  0.0387  0.0293  0.0327  0.0313  0.0292
  0.0295  0.0313  0.0254  0.0274  0.0264  0.0255
  0.0240  0.0239  0.0229  0.0224  0.0233  0.0228
  0.0220  0.0220  0.0222  0.0222  0.0221  0.0221
  0.0244  0.0247  0.0231  0.0250  0.0228  0.0230
  0.0305  0.0297  0.0262  0.0287  0.0261  0.0255
  0.0380  0.0357  0.0307  0.0327  0.0306  0.0288
niter,ni,del,rscale     3    3   12.0000    1.2000
parameters
   -1.4364   25.3357   12.6246   -4.3102   -2.8030   -2.4638
eta,q 0.97795  9.08394
  0.0378  0.0380  0.0296  0.0328  0.0312  0.0290
  0.0296  0.0306  0.0256  0.0277  0.0263  0.0254
  0.0241  0.0234  0.0229  0.0226  0.0233  0.0228
  0.0221  0.0221  0.0221  0.0221  0.0221  0.0221
  0.0245  0.0251  0.0229  0.0248  0.0229  0.0231
  0.0306  0.0302  0.0258  0.0285  0.0262  0.0256
  0.0381  0.0361  0.0301  0.0325  0.0308  0.0289
niter,ni,del,rscale     2    3   12.0000    1.2000
parameters
   -1.4761   25.3884   12.5924   -4.3762   -2.7624   -2.4856
eta,q 0.97796  9.08473
  0.0380  0.0378  0.0297  0.0328  0.0312  0.0290
  0.0298  0.0303  0.0256  0.0279  0.0262  0.0254
  0.0242  0.0232  0.0229  0.0227  0.0232  0.0228
  0.0221  0.0221  0.0221  0.0221  0.0221  0.0220
  0.0244  0.0253  0.0229  0.0247  0.0229  0.0231
  0.0306  0.0304  0.0257  0.0284  0.0263  0.0256
  0.0380  0.0362  0.0300  0.0324  0.0309  0.0289
registration optimization eta report
parameter search radius
    6.0000    6.0000    6.0000    6.9000    6.0000    6.0000
100000*second partial in parameter space
       44.       41.       22.       21.       25.       19.
  0.0380  0.0378  0.0297  0.0328  0.0312  0.0290
  0.0298  0.0303  0.0256  0.0279  0.0262  0.0254
  0.0242  0.0232  0.0229  0.0227  0.0232  0.0228
  0.0221  0.0221  0.0221  0.0221  0.0221  0.0220
  0.0244  0.0253  0.0229  0.0247  0.0229  0.0231
  0.0306  0.0304  0.0257  0.0284  0.0263  0.0256
  0.0380  0.0362  0.0300  0.0324  0.0309  0.0289
   -1.4761   25.3884   12.5924   -4.3762   -2.7624   -2.4856
eta,q 0.97796  9.08473

---------------------------------------------------------------------
imgreg_4dfp /opt/freesurfer/average/711-2C_as_mni_average_305 /opt/freesurfer/average/711-2B_as_mni_average_305_mask talsrcimg_g11 none talsrcimg_to_711-2C_as_mni_average_305_t4 3335
---------------------------------------------------------------------

freesurfer imgreg_4dfp.c
/opt/freesurfer/average/711-2C_as_mni_average_305.4dfp.img
       256       256       256         1
  1.000000  1.000000  1.000000
orientation T byte_order littleendian
Reading image: /opt/freesurfer/average/711-2C_as_mni_average_305.4dfp.img
dimensions:      256       256       256
mmppix:       1.0000   -1.0000   -1.0000
center:     128.0000 -129.0000 -129.0000
/opt/freesurfer/average/711-2B_as_mni_average_305_mask.4dfp.img
       256       256       256         1
  1.000000  1.000000  1.000000
orientation T byte_order littleendian
Reading mask: /opt/freesurfer/average/711-2B_as_mni_average_305_mask.4dfp.img (2306576 pixels)
talsrcimg_g11.4dfp.img
       256       256       256         1
  1.000000  1.000000  1.000000
orientation T byte_order littleendian
Reading image: talsrcimg_g11.4dfp.img
dimensions:      256       256       256
mmppix:       1.0000   -1.0000   -1.0000
center:     128.0000 -129.0000 -129.0000
fimgreg.f
image alignment mode   3335 decimal      D07 hex
parameters
   -1.4761   25.3884   12.5924   -0.2102   -0.3694   -0.4074
    3.9569    5.1317   -4.3319    7.4150   -4.8193   -7.6217
eta,q 0.97656  9.16665
niter,ni,del,rscale     5    3    5.0000    1.2000
parameter  5  0.877062 ->  0.500000 qaram    1.1500
parameters
   -1.3337   25.1818   12.7848   -2.2885   -4.5094    1.0901
    5.4641    4.9476   -3.6210    7.2276   -5.4251  -11.0514
eta,q 0.97898  9.06458
  0.0271  0.0252  0.0249  0.0249  0.0216  0.0244  0.0248  0.0256  0.0235  0.0243  0.0222  0.0214
  0.0252  0.0240  0.0242  0.0239  0.0215  0.0233  0.0233  0.0233  0.0224  0.0228  0.0217  0.0211
  0.0239  0.0235  0.0236  0.0233  0.0222  0.0223  0.0221  0.0218  0.0217  0.0216  0.0214  0.0210
  0.0234  0.0234  0.0234  0.0234  0.0232  0.0216  0.0215  0.0213  0.0213  0.0213  0.0213  0.0213
  0.0237  0.0238  0.0235  0.0245  0.0246  0.0215  0.0214  0.0219  0.0214  0.0219  0.0215  0.0218
  0.0247  0.0246  0.0238  0.0266  0.0267  0.0220  0.0219  0.0236  0.0219  0.0230  0.0219  0.0226
  0.0263  0.0258  0.0246  0.0292  0.0291  0.0230  0.0229  0.0261  0.0228  0.0246  0.0225  0.0235
niter,ni,del,rscale     5    3    5.0000    1.2000
parameters
   -1.2899   24.9918   12.5899   -2.1997   -6.0924    1.9914
    5.3364    5.0638   -3.4997    7.9060   -5.3421  -11.8405
eta,q 0.97941  9.05569
  0.0243  0.0231  0.0222  0.0242  0.0232  0.0233  0.0231  0.0253  0.0226  0.0244  0.0218  0.0217
  0.0225  0.0219  0.0215  0.0228  0.0216  0.0222  0.0218  0.0229  0.0216  0.0227  0.0212  0.0210
  0.0214  0.0212  0.0211  0.0217  0.0208  0.0213  0.0209  0.0213  0.0209  0.0213  0.0208  0.0207
  0.0210  0.0210  0.0210  0.0210  0.0210  0.0207  0.0206  0.0206  0.0206  0.0206  0.0206  0.0206
  0.0213  0.0214  0.0212  0.0212  0.0220  0.0207  0.0210  0.0211  0.0208  0.0209  0.0207  0.0209
  0.0224  0.0224  0.0218  0.0223  0.0234  0.0213  0.0219  0.0226  0.0215  0.0219  0.0211  0.0214
  0.0241  0.0239  0.0227  0.0244  0.0257  0.0224  0.0233  0.0251  0.0225  0.0233  0.0218  0.0222
niter,ni,del,rscale     4    3    5.0000    1.2000
parameters
   -1.2938   25.0181   12.7249   -2.1298   -6.3982    2.2662
    5.2553    5.0780   -3.5041    8.1292   -5.3706  -11.9909
eta,q 0.97948  9.05873
  0.0239  0.0232  0.0222  0.0239  0.0240  0.0230  0.0231  0.0252  0.0224  0.0240  0.0217  0.0218
  0.0221  0.0219  0.0214  0.0225  0.0221  0.0219  0.0217  0.0227  0.0214  0.0223  0.0211  0.0211
  0.0210  0.0209  0.0208  0.0213  0.0209  0.0210  0.0208  0.0211  0.0208  0.0211  0.0207  0.0207
  0.0206  0.0206  0.0206  0.0206  0.0206  0.0205  0.0205  0.0205  0.0205  0.0205  0.0205  0.0205
  0.0210  0.0209  0.0207  0.0208  0.0214  0.0207  0.0209  0.0210  0.0207  0.0210  0.0206  0.0207
  0.0221  0.0218  0.0211  0.0220  0.0225  0.0214  0.0218  0.0226  0.0214  0.0221  0.0211  0.0212
  0.0239  0.0231  0.0219  0.0242  0.0243  0.0229  0.0232  0.0252  0.0224  0.0235  0.0218  0.0219
niter,ni,del,rscale     3    3    5.0000    1.2000
parameters
   -1.2906   25.0323   12.7705   -2.1368   -6.5029    2.3277
    5.2455    5.0902   -3.4942    8.1970   -5.4008  -12.0147
eta,q 0.97949  9.05811
  0.0238  0.0232  0.0221  0.0239  0.0241  0.0229  0.0231  0.0252  0.0224  0.0238  0.0217  0.0219
  0.0220  0.0218  0.0213  0.0224  0.0222  0.0218  0.0217  0.0227  0.0214  0.0222  0.0211  0.0211
  0.0209  0.0209  0.0207  0.0212  0.0209  0.0209  0.0208  0.0211  0.0208  0.0210  0.0207  0.0207
  0.0205  0.0205  0.0205  0.0205  0.0205  0.0205  0.0205  0.0205  0.0205  0.0205  0.0205  0.0205
  0.0209  0.0208  0.0207  0.0207  0.0213  0.0207  0.0208  0.0210  0.0207  0.0210  0.0206  0.0207
  0.0220  0.0218  0.0212  0.0221  0.0224  0.0215  0.0218  0.0226  0.0214  0.0221  0.0211  0.0211
  0.0238  0.0231  0.0220  0.0242  0.0242  0.0231  0.0231  0.0252  0.0224  0.0236  0.0218  0.0219
niter,ni,del,rscale     2    3    5.0000    1.2000
parameters
   -1.2879   25.0364   12.7825   -2.1390   -6.5326    2.3477
    5.2431    5.0978   -3.4923    8.2116   -5.4068  -12.0165
eta,q 0.97949  9.05797
  0.0238  0.0232  0.0221  0.0238  0.0242  0.0229  0.0231  0.0252  0.0224  0.0238  0.0217  0.0219
  0.0220  0.0218  0.0212  0.0224  0.0222  0.0218  0.0217  0.0227  0.0214  0.0221  0.0211  0.0211
  0.0209  0.0208  0.0207  0.0212  0.0209  0.0209  0.0208  0.0211  0.0208  0.0210  0.0207  0.0207
  0.0205  0.0205  0.0205  0.0205  0.0205  0.0205  0.0205  0.0205  0.0205  0.0205  0.0205  0.0205
  0.0209  0.0208  0.0207  0.0207  0.0213  0.0207  0.0208  0.0210  0.0207  0.0210  0.0206  0.0207
  0.0220  0.0218  0.0212  0.0220  0.0224  0.0215  0.0218  0.0226  0.0214  0.0222  0.0210  0.0211
  0.0238  0.0231  0.0220  0.0242  0.0241  0.0231  0.0231  0.0252  0.0224  0.0237  0.0218  0.0219
registration optimization eta report
parameter search radius
    2.4000    2.4000    2.4000    7.2000    8.2800    7.2000
    7.2000    7.2000    7.2000    7.2000    7.2000    7.2000
100000*second partial in parameter space
       57.       45.       27.        7.        5.        5.
        5.        9.        4.        6.        2.        3.
  0.0238  0.0232  0.0221  0.0238  0.0242  0.0229  0.0231  0.0252  0.0224  0.0238  0.0217  0.0219
  0.0220  0.0218  0.0212  0.0224  0.0222  0.0218  0.0217  0.0227  0.0214  0.0221  0.0211  0.0211
  0.0209  0.0208  0.0207  0.0212  0.0209  0.0209  0.0208  0.0211  0.0208  0.0210  0.0207  0.0207
  0.0205  0.0205  0.0205  0.0205  0.0205  0.0205  0.0205  0.0205  0.0205  0.0205  0.0205  0.0205
  0.0209  0.0208  0.0207  0.0207  0.0213  0.0207  0.0208  0.0210  0.0207  0.0210  0.0206  0.0207
  0.0220  0.0218  0.0212  0.0220  0.0224  0.0215  0.0218  0.0226  0.0214  0.0222  0.0210  0.0211
  0.0238  0.0231  0.0220  0.0242  0.0241  0.0231  0.0231  0.0252  0.0224  0.0237  0.0218  0.0219
   -1.2879   25.0364   12.7825   -2.1390   -6.5326    2.3477
    5.2431    5.0978   -3.4923    8.2116   -5.4068  -12.0165
eta,q 0.97949  9.05797

---------------------------------------------------------------------
imgreg_4dfp /opt/freesurfer/average/711-2C_as_mni_average_305 /opt/freesurfer/average/711-2B_as_mni_average_305_mask talsrcimg_g11 none talsrcimg_to_711-2C_as_mni_average_305_t4 2311
---------------------------------------------------------------------

freesurfer imgreg_4dfp.c
/opt/freesurfer/average/711-2C_as_mni_average_305.4dfp.img
       256       256       256         1
  1.000000  1.000000  1.000000
orientation T byte_order littleendian
Reading image: /opt/freesurfer/average/711-2C_as_mni_average_305.4dfp.img
dimensions:      256       256       256
mmppix:       1.0000   -1.0000   -1.0000
center:     128.0000 -129.0000 -129.0000
/opt/freesurfer/average/711-2B_as_mni_average_305_mask.4dfp.img
       256       256       256         1
  1.000000  1.000000  1.000000
orientation T byte_order littleendian
Reading mask: /opt/freesurfer/average/711-2B_as_mni_average_305_mask.4dfp.img (2306576 pixels)
talsrcimg_g11.4dfp.img
       256       256       256         1
  1.000000  1.000000  1.000000
orientation T byte_order littleendian
Reading image: talsrcimg_g11.4dfp.img
dimensions:      256       256       256
mmppix:       1.0000   -1.0000   -1.0000
center:     128.0000 -129.0000 -129.0000
fimgreg.f
image alignment mode   2311 decimal      907 hex
parameters
   -1.2879   25.0364   12.7825   -2.1390   -6.5326    2.3477
    5.2431    5.0978   -3.4923    8.2116   -5.4068  -12.0165
eta,q 0.97949  9.05797
niter,ni,del,rscale     5    3    5.0000    0.8000
parameters
   -1.2920   25.0308   12.7966   -1.7762   -6.8649    2.5502
    5.2198    5.1446   -3.4232    8.1887   -5.3419  -12.1836
eta,q 0.97956  9.06178
  0.0220  0.0218  0.0212  0.0224  0.0218  0.0217  0.0217  0.0227  0.0214  0.0221  0.0210  0.0210
  0.0212  0.0211  0.0208  0.0215  0.0210  0.0211  0.0210  0.0215  0.0209  0.0213  0.0207  0.0207
  0.0207  0.0206  0.0206  0.0209  0.0206  0.0206  0.0206  0.0207  0.0206  0.0207  0.0205  0.0205
  0.0205  0.0205  0.0205  0.0205  0.0205  0.0204  0.0204  0.0204  0.0204  0.0204  0.0204  0.0204
  0.0207  0.0207  0.0206  0.0205  0.0208  0.0205  0.0206  0.0207  0.0205  0.0207  0.0205  0.0205
  0.0212  0.0211  0.0208  0.0210  0.0214  0.0209  0.0210  0.0214  0.0208  0.0213  0.0207  0.0208
  0.0220  0.0218  0.0212  0.0220  0.0220  0.0215  0.0217  0.0226  0.0213  0.0221  0.0210  0.0211
niter,ni,del,rscale     4    3    5.0000    0.7000
parameters
   -1.2837   25.0055   12.8546   -1.6667   -6.9980    2.6374
    5.1927    5.1496   -3.4128    8.2050   -5.3367  -12.2112
eta,q 0.97957  9.06278
  0.0216  0.0214  0.0210  0.0219  0.0216  0.0214  0.0214  0.0222  0.0211  0.0218  0.0209  0.0209
  0.0210  0.0209  0.0207  0.0212  0.0210  0.0209  0.0209  0.0212  0.0207  0.0211  0.0206  0.0206
  0.0206  0.0205  0.0205  0.0207  0.0205  0.0206  0.0205  0.0206  0.0205  0.0206  0.0205  0.0205
  0.0204  0.0204  0.0204  0.0204  0.0204  0.0204  0.0204  0.0204  0.0204  0.0204  0.0204  0.0204
  0.0206  0.0206  0.0205  0.0205  0.0207  0.0205  0.0205  0.0206  0.0205  0.0206  0.0205  0.0205
  0.0210  0.0209  0.0206  0.0210  0.0211  0.0208  0.0209  0.0212  0.0207  0.0211  0.0206  0.0207
  0.0216  0.0215  0.0209  0.0218  0.0217  0.0213  0.0214  0.0222  0.0211  0.0218  0.0209  0.0209
niter,ni,del,rscale     3    3    5.0000    0.6000
parameters
   -1.2858   24.9911   12.8744   -1.5997   -7.0807    2.6801
    5.1941    5.1508   -3.4095    8.2258   -5.3258  -12.2256
eta,q 0.97958  9.06325
  0.0213  0.0211  0.0208  0.0215  0.0213  0.0211  0.0211  0.0217  0.0209  0.0215  0.0208  0.0208
  0.0208  0.0207  0.0206  0.0210  0.0209  0.0208  0.0208  0.0210  0.0207  0.0209  0.0206  0.0206
  0.0205  0.0205  0.0205  0.0206  0.0205  0.0205  0.0205  0.0206  0.0205  0.0206  0.0205  0.0205
  0.0204  0.0204  0.0204  0.0204  0.0204  0.0204  0.0204  0.0204  0.0204  0.0204  0.0204  0.0204
  0.0205  0.0205  0.0205  0.0205  0.0206  0.0205  0.0205  0.0206  0.0205  0.0205  0.0205  0.0205
  0.0208  0.0208  0.0206  0.0208  0.0209  0.0207  0.0207  0.0210  0.0206  0.0209  0.0206  0.0206
  0.0213  0.0212  0.0208  0.0215  0.0214  0.0211  0.0212  0.0217  0.0209  0.0215  0.0208  0.0208
niter,ni,del,rscale     2    3    5.0000    0.5000
parameters
   -1.2862   24.9801   12.8920   -1.5360   -7.1394    2.7065
    5.2061    5.1515   -3.4061    8.2479   -5.3181  -12.2497
eta,q 0.97958  9.06379
  0.0210  0.0209  0.0207  0.0212  0.0211  0.0209  0.0209  0.0213  0.0208  0.0212  0.0207  0.0207
  0.0207  0.0206  0.0206  0.0208  0.0207  0.0207  0.0207  0.0208  0.0206  0.0208  0.0205  0.0205
  0.0205  0.0205  0.0205  0.0205  0.0205  0.0205  0.0205  0.0205  0.0205  0.0205  0.0204  0.0204
  0.0204  0.0204  0.0204  0.0204  0.0204  0.0204  0.0204  0.0204  0.0204  0.0204  0.0204  0.0204
  0.0205  0.0205  0.0204  0.0205  0.0205  0.0205  0.0205  0.0205  0.0205  0.0205  0.0204  0.0204
  0.0207  0.0207  0.0205  0.0207  0.0208  0.0206  0.0206  0.0208  0.0206  0.0208  0.0205  0.0205
  0.0210  0.0209  0.0207  0.0212  0.0211  0.0209  0.0209  0.0213  0.0208  0.0212  0.0206  0.0207
niter,ni,del,rscale     1    3    5.0000    0.4000
parameters
   -1.2845   24.9781   12.9001   -1.4887   -7.1702    2.7449
    5.2144    5.1513   -3.3997    8.2822   -5.2859  -12.2905
eta,q 0.97959  9.06517
  0.0208  0.0207  0.0206  0.0209  0.0209  0.0207  0.0208  0.0210  0.0206  0.0209  0.0206  0.0206
  0.0206  0.0206  0.0205  0.0207  0.0206  0.0206  0.0206  0.0207  0.0205  0.0207  0.0205  0.0205
  0.0205  0.0205  0.0204  0.0205  0.0205  0.0205  0.0205  0.0205  0.0204  0.0205  0.0204  0.0204
  0.0204  0.0204  0.0204  0.0204  0.0204  0.0204  0.0204  0.0204  0.0204  0.0204  0.0204  0.0204
  0.0205  0.0205  0.0204  0.0205  0.0205  0.0204  0.0205  0.0205  0.0204  0.0205  0.0204  0.0204
  0.0206  0.0206  0.0205  0.0206  0.0206  0.0205  0.0206  0.0207  0.0205  0.0206  0.0205  0.0205
  0.0208  0.0208  0.0206  0.0209  0.0209  0.0207  0.0208  0.0210  0.0206  0.0209  0.0206  0.0206
registration optimization eta report
parameter search radius
    0.8000    0.8000    0.8000    2.4000    2.4000    2.4000
    2.4000    2.4000    2.4000    2.4000    2.4000    2.4000
100000*second partial in parameter space
       62.       52.       28.        9.        8.        6.
        6.       10.        4.        9.        3.        3.
  0.0208  0.0207  0.0206  0.0209  0.0209  0.0207  0.0208  0.0210  0.0206  0.0209  0.0206  0.0206
  0.0206  0.0206  0.0205  0.0207  0.0206  0.0206  0.0206  0.0207  0.0205  0.0207  0.0205  0.0205
  0.0205  0.0205  0.0204  0.0205  0.0205  0.0205  0.0205  0.0205  0.0204  0.0205  0.0204  0.0204
  0.0204  0.0204  0.0204  0.0204  0.0204  0.0204  0.0204  0.0204  0.0204  0.0204  0.0204  0.0204
  0.0205  0.0205  0.0204  0.0205  0.0205  0.0204  0.0205  0.0205  0.0204  0.0205  0.0204  0.0204
  0.0206  0.0206  0.0205  0.0206  0.0206  0.0205  0.0206  0.0207  0.0205  0.0206  0.0205  0.0205
  0.0208  0.0208  0.0206  0.0209  0.0209  0.0207  0.0208  0.0210  0.0206  0.0209  0.0206  0.0206
   -1.2845   24.9781   12.9001   -1.4887   -7.1702    2.7449
    5.2144    5.1513   -3.3997    8.2822   -5.2859  -12.2905
eta,q 0.97959  9.06517

---------------------------------------------------------------------
imgreg_4dfp /opt/freesurfer/average/711-2C_as_mni_average_305 /opt/freesurfer/average/711-2B_as_mni_average_305_mask talsrcimg_g11 none talsrcimg_to_711-2C_as_mni_average_305_t4 2311
---------------------------------------------------------------------

freesurfer imgreg_4dfp.c
/opt/freesurfer/average/711-2C_as_mni_average_305.4dfp.img
       256       256       256         1
  1.000000  1.000000  1.000000
orientation T byte_order littleendian
Reading image: /opt/freesurfer/average/711-2C_as_mni_average_305.4dfp.img
dimensions:      256       256       256
mmppix:       1.0000   -1.0000   -1.0000
center:     128.0000 -129.0000 -129.0000
/opt/freesurfer/average/711-2B_as_mni_average_305_mask.4dfp.img
       256       256       256         1
  1.000000  1.000000  1.000000
orientation T byte_order littleendian
Reading mask: /opt/freesurfer/average/711-2B_as_mni_average_305_mask.4dfp.img (2306576 pixels)
talsrcimg_g11.4dfp.img
       256       256       256         1
  1.000000  1.000000  1.000000
orientation T byte_order littleendian
Reading image: talsrcimg_g11.4dfp.img
dimensions:      256       256       256
mmppix:       1.0000   -1.0000   -1.0000
center:     128.0000 -129.0000 -129.0000
fimgreg.f
image alignment mode   2311 decimal      907 hex
parameters
   -1.2845   24.9781   12.9001   -1.4887   -7.1702    2.7449
    5.2144    5.1513   -3.3997    8.2822   -5.2859  -12.2905
eta,q 0.97959  9.06516
niter,ni,del,rscale     5    3    5.0000    0.8000
parameters
   -1.2808   25.0004   12.8976   -1.7175   -7.0357    2.6993
    5.1680    5.1355   -3.4401    8.2344   -5.3555  -12.1890
eta,q 0.97957  9.06276
  0.0220  0.0217  0.0211  0.0220  0.0220  0.0216  0.0217  0.0226  0.0213  0.0221  0.0210  0.0211
  0.0211  0.0210  0.0207  0.0212  0.0212  0.0210  0.0210  0.0214  0.0208  0.0212  0.0207  0.0207
  0.0206  0.0206  0.0205  0.0207  0.0206  0.0206  0.0206  0.0207  0.0205  0.0207  0.0205  0.0205
  0.0204  0.0204  0.0204  0.0204  0.0204  0.0204  0.0204  0.0204  0.0204  0.0204  0.0204  0.0204
  0.0206  0.0206  0.0205  0.0206  0.0206  0.0205  0.0206  0.0207  0.0205  0.0207  0.0205  0.0205
  0.0211  0.0210  0.0207  0.0213  0.0212  0.0210  0.0210  0.0214  0.0208  0.0213  0.0207  0.0207
  0.0220  0.0216  0.0211  0.0225  0.0218  0.0216  0.0217  0.0227  0.0213  0.0221  0.0210  0.0210
niter,ni,del,rscale     4    3    5.0000    0.7000
parameters
   -1.2851   24.9930   12.8858   -1.6734   -7.0558    2.6734
    5.1909    5.1470   -3.4156    8.2155   -5.3616  -12.2009
eta,q 0.97958  9.06219
  0.0216  0.0214  0.0210  0.0218  0.0217  0.0213  0.0214  0.0222  0.0211  0.0217  0.0209  0.0209
  0.0210  0.0209  0.0207  0.0211  0.0210  0.0208  0.0209  0.0212  0.0207  0.0211  0.0206  0.0206
  0.0206  0.0205  0.0205  0.0207  0.0206  0.0205  0.0206  0.0206  0.0205  0.0206  0.0205  0.0205
  0.0204  0.0204  0.0204  0.0204  0.0204  0.0204  0.0204  0.0204  0.0204  0.0204  0.0204  0.0204
  0.0206  0.0206  0.0205  0.0205  0.0206  0.0205  0.0205  0.0206  0.0205  0.0206  0.0205  0.0205
  0.0210  0.0209  0.0207  0.0210  0.0211  0.0208  0.0209  0.0212  0.0207  0.0211  0.0206  0.0207
  0.0216  0.0214  0.0210  0.0219  0.0216  0.0214  0.0214  0.0222  0.0211  0.0218  0.0209  0.0209
niter,ni,del,rscale     3    3    5.0000    0.6000
parameters
   -1.2859   24.9834   12.8873   -1.5967   -7.1000    2.6908
    5.2005    5.1604   -3.4074    8.2228   -5.3428  -12.2259
eta,q 0.97958  9.06308
  0.0213  0.0212  0.0208  0.0215  0.0214  0.0211  0.0212  0.0217  0.0209  0.0214  0.0208  0.0208
  0.0208  0.0207  0.0206  0.0210  0.0209  0.0208  0.0208  0.0210  0.0207  0.0209  0.0206  0.0206
  0.0205  0.0205  0.0205  0.0206  0.0205  0.0205  0.0205  0.0206  0.0205  0.0206  0.0205  0.0205
  0.0204  0.0204  0.0204  0.0204  0.0204  0.0204  0.0204  0.0204  0.0204  0.0204  0.0204  0.0204
  0.0205  0.0205  0.0205  0.0205  0.0206  0.0205  0.0205  0.0206  0.0205  0.0205  0.0205  0.0205
  0.0208  0.0208  0.0206  0.0208  0.0209  0.0207  0.0207  0.0210  0.0207  0.0209  0.0206  0.0206
  0.0213  0.0212  0.0208  0.0215  0.0214  0.0211  0.0212  0.0217  0.0209  0.0215  0.0207  0.0208
niter,ni,del,rscale     2    3    5.0000    0.5000
parameters
   -1.2828   24.9808   12.8933   -1.5375   -7.1425    2.7111
    5.2011    5.1581   -3.3890    8.2518   -5.3333  -12.2620
eta,q 0.97959  9.06380
  0.0210  0.0209  0.0207  0.0212  0.0211  0.0209  0.0209  0.0213  0.0208  0.0212  0.0207  0.0207
  0.0207  0.0206  0.0205  0.0208  0.0207  0.0207  0.0207  0.0208  0.0206  0.0208  0.0205  0.0205
  0.0205  0.0205  0.0205  0.0205  0.0205  0.0205  0.0205  0.0205  0.0205  0.0205  0.0204  0.0204
  0.0204  0.0204  0.0204  0.0204  0.0204  0.0204  0.0204  0.0204  0.0204  0.0204  0.0204  0.0204
  0.0205  0.0205  0.0204  0.0205  0.0205  0.0205  0.0205  0.0205  0.0205  0.0205  0.0204  0.0204
  0.0207  0.0207  0.0205  0.0207  0.0208  0.0206  0.0207  0.0208  0.0206  0.0208  0.0205  0.0205
  0.0210  0.0209  0.0207  0.0212  0.0211  0.0209  0.0209  0.0213  0.0208  0.0212  0.0206  0.0207
niter,ni,del,rscale     1    3    5.0000    0.4000
parameters
   -1.2856   24.9801   12.8998   -1.4902   -7.1708    2.7531
    5.2134    5.1527   -3.3985    8.2892   -5.2984  -12.3113
eta,q 0.97959  9.06541
  0.0208  0.0208  0.0206  0.0209  0.0209  0.0207  0.0208  0.0210  0.0206  0.0209  0.0206  0.0206
  0.0206  0.0206  0.0205  0.0207  0.0206  0.0206  0.0206  0.0207  0.0205  0.0207  0.0205  0.0205
  0.0205  0.0205  0.0204  0.0205  0.0205  0.0205  0.0205  0.0205  0.0204  0.0205  0.0204  0.0204
  0.0204  0.0204  0.0204  0.0204  0.0204  0.0204  0.0204  0.0204  0.0204  0.0204  0.0204  0.0204
  0.0205  0.0205  0.0204  0.0205  0.0205  0.0204  0.0205  0.0205  0.0204  0.0205  0.0204  0.0204
  0.0206  0.0206  0.0205  0.0206  0.0206  0.0205  0.0206  0.0207  0.0205  0.0206  0.0205  0.0205
  0.0208  0.0208  0.0206  0.0209  0.0209  0.0207  0.0208  0.0210  0.0206  0.0209  0.0206  0.0206
registration optimization eta report
parameter search radius
    0.8000    0.8000    0.8000    2.4000    2.4000    2.4000
    2.4000    2.4000    2.4000    2.4000    2.4000    2.4000
100000*second partial in parameter space
       62.       53.       29.        9.        8.        6.
        6.       10.        4.        9.        3.        3.
  0.0208  0.0208  0.0206  0.0209  0.0209  0.0207  0.0208  0.0210  0.0206  0.0209  0.0206  0.0206
  0.0206  0.0206  0.0205  0.0207  0.0206  0.0206  0.0206  0.0207  0.0205  0.0207  0.0205  0.0205
  0.0205  0.0205  0.0204  0.0205  0.0205  0.0205  0.0205  0.0205  0.0204  0.0205  0.0204  0.0204
  0.0204  0.0204  0.0204  0.0204  0.0204  0.0204  0.0204  0.0204  0.0204  0.0204  0.0204  0.0204
  0.0205  0.0205  0.0204  0.0205  0.0205  0.0204  0.0205  0.0205  0.0204  0.0205  0.0204  0.0204
  0.0206  0.0206  0.0205  0.0206  0.0206  0.0205  0.0206  0.0207  0.0205  0.0206  0.0205  0.0205
  0.0208  0.0208  0.0206  0.0209  0.0209  0.0207  0.0208  0.0210  0.0206  0.0209  0.0206  0.0206
   -1.2856   24.9801   12.8998   -1.4902   -7.1708    2.7531
    5.2134    5.1527   -3.3985    8.2892   -5.2984  -12.3113
eta,q 0.97959  9.06541

---------------------------------------------------------------------
compute_vox2vox talsrcimg talsrcimg_to_711-2C_as_mni_average_305_t4 /opt/freesurfer/average/711-2C_as_mni_average_305
---------------------------------------------------------------------

freesurfer compute_vox2vox.c
Reading: talsrcimg.4dfp.ifh
Reading: talsrcimg_to_711-2C_as_mni_average_305_t4
Reading: /opt/freesurfer/average/711-2C_as_mni_average_305.4dfp.ifh
Writing: talsrcimg_to_711-2C_as_mni_average_305_t4_vox2vox.txt

start time Tue Mar 10 06:10:19 CET 2026
end		time Tue Mar 10 06:11:50 CET 2026

mpr2mni305 success

avi2talxfm orig_nu.mgz /opt/freesurfer/average/mni305.cor.mgz talsrcimg_to_711-2C_as_mni_average_305_t4_vox2vox.txt transforms/talairach.auto.xfm
avi2talxfm done
mv -f /out/sourcedata/freesurfer/sub-v1s6x0051373_ses-1/mri/talsrcimg_to_711-2C_as_mni_average_305_t4_vox2vox.txt /out/sourcedata/freesurfer/sub-v1s6x0051373_ses-1/mri/transforms/talsrcimg_to_711-2C_as_mni_average_305_t4_vox2vox.txt
lta_convert --src orig_nu.mgz --trg /opt/freesurfer/average/mni305.cor.mgz --inxfm transforms/talairach.auto.xfm --outlta transforms/talairach.auto.xfm.lta --subject fsaverage
7.3.2

--src: orig_nu.mgz src image (geometry).
--trg: /opt/freesurfer/average/mni305.cor.mgz trg image (geometry).
--inmni: transforms/talairach.auto.xfm input MNI/XFM transform.
--outlta: transforms/talairach.auto.xfm.lta output LTA.
--s: fsaverage subject name
 LTA read, type : 1
 1.01051  -0.04561  -0.06280   3.06033;
 0.05594   0.96038   0.12423  -14.30462;
 0.03200  -0.08743   1.06386  -29.60827;
 0.00000   0.00000   0.00000   1.00000;
setting subject to fsaverage
Writing  LTA to file transforms/talairach.auto.xfm.lta...
lta_convert successful.
 
 
Started at Tue Mar 10 06:10:18 CET 2026
Ended   at Tue Mar 10 06:11:51 CET 2026
talairach_avi done
