/out/sourcedata/freesurfer/sub-v1s6x0051318_ses-1/mri
/opt/freesurfer/bin/talairach_avi
--i orig_nu.mgz --xfm transforms/talairach.auto.xfm
talairach_avi 7.3.2
Linux dna058 5.14.0-427.37.1.el9_4.x86_64 #1 SMP PREEMPT_DYNAMIC Fri Sep 13 12:41:50 EDT 2024 x86_64 x86_64 x86_64 GNU/Linux
Tue Mar 10 05:23:00 CET 2026
mri_convert orig_nu.mgz talsrcimg.img 
reading from orig_nu.mgz...
TR=0.00, TE=0.00, TI=0.00, flip angle=0.00
i_ras = (-1, 0, 0)
j_ras = (0, 0, -1)
k_ras = (0, 1, 0)
writing to talsrcimg.img...
Analyze Output Matrix
-1.00000   0.00000   0.00000   131.53391;
 0.00000   0.00000   1.00000  -132.06779;
 0.00000  -1.00000   0.00000   122.54237;
 0.00000   0.00000   0.00000   1.00000;
--------------------
INFO: set hdr.hist.orient to -1
mpr2mni305 talsrcimg
Tue Mar 10 05:23:01 CET 2026
/opt/freesurfer/bin/mpr2mni305 talsrcimg
mpr2mni305 7.3.2
target=711-2C_as_mni_average_305

---------------------------------------------------------------------
analyzeto4dfp talsrcimg -O0 -y
---------------------------------------------------------------------

freesurfer ifh2hdr.c
Tue Mar 10 05:23:01 2026
Writing: talsrcimg.4dfp.hdr
freesurfer analyzeto4dfp.c
Reading: talsrcimg.hdr
header size 348 bytes
hdr.dime.datatype	offset=70	value=2
hdr.dime.bitpix		offset=72	value=8
hdr.hist.orient		offset=252	value=-1
dimensionality     4
dimensions       256       256       256         1
Reading: talsrcimg.img
Writing: talsrcimg.4dfp.img
Writing: talsrcimg.4dfp.ifh
ifh2hdr talsrcimg -r0to224
ori=2

---------------------------------------------------------------------
gauss_4dfp talsrcimg 1.1
---------------------------------------------------------------------

freesurfer gauss_4dfp.c
Reading: talsrcimg.4dfp.img
Writing: talsrcimg_g11.4dfp.img
image dimensions 256 256 256 padded to 288 288 288
processing volume 1freesurfer ifh2hdr.c
Tue Mar 10 05:23:02 2026
Writing: talsrcimg_g11.4dfp.hdr

Writing: talsrcimg_g11.4dfp.ifh
including: talsrcimg.4dfp.img.rec in talsrcimg_g11.4dfp.img.rec

---------------------------------------------------------------------
imgreg_4dfp /opt/freesurfer/average/711-2C_as_mni_average_305 none talsrcimg_g11 none talsrcimg_to_711-2C_as_mni_average_305_t4 4355
---------------------------------------------------------------------

freesurfer imgreg_4dfp.c
/opt/freesurfer/average/711-2C_as_mni_average_305.4dfp.img
       256       256       256         1
  1.000000  1.000000  1.000000
orientation T byte_order littleendian
Reading image: /opt/freesurfer/average/711-2C_as_mni_average_305.4dfp.img
dimensions:      256       256       256
mmppix:       1.0000   -1.0000   -1.0000
center:     128.0000 -129.0000 -129.0000
talsrcimg_g11.4dfp.img
       256       256       256         1
  1.000000  1.000000  1.000000
orientation T byte_order littleendian
Reading image: talsrcimg_g11.4dfp.img
dimensions:      256       256       256
mmppix:       1.0000   -1.0000   -1.0000
center:     128.0000 -129.0000 -129.0000
t4_read: open error in t4_sub.f l:  41 t4_file(1:l)talsrcimg_to_711-2C_as_mni_average_305_t4 
t4_read: transform initialized to I4
rotation matrix determinant  1.000000
image alignment mode   4355 decimal     1103 hex
   -7.5000  -45.0000  -45.0000 5549.4351   16.4020
    0.0000  -45.0000  -45.0000 5769.8628   16.4300
    7.5000  -45.0000  -45.0000 5508.1812   16.4157
   -7.5000  -37.5000  -45.0000 6183.6689   15.8655
    0.0000  -37.5000  -45.0000 6419.0469   15.8962
    7.5000  -37.5000  -45.0000 6130.6665   15.8800
   -7.5000  -30.0000  -45.0000 7057.6499   15.4811
    0.0000  -30.0000  -45.0000 7340.3799   15.5134
    7.5000  -30.0000  -45.0000 7010.1060   15.4969
   -7.5000  -22.5000  -45.0000 8000.8467   15.2034
    0.0000  -22.5000  -45.0000 8343.1289   15.2358
    7.5000  -22.5000  -45.0000 7956.5215   15.2229
   -7.5000  -15.0000  -45.0000 8991.7900   15.0722
    0.0000  -15.0000  -45.0000 9380.5166   15.1024
    7.5000  -15.0000  -45.0000 8922.3555   15.0928
   -7.5000   -7.5000  -45.000010001.8711   15.0571
    0.0000   -7.5000  -45.000010439.5420   15.0860
    7.5000   -7.5000  -45.0000 9903.2910   15.0771
   -7.5000    0.0000  -45.000011004.4160   15.0620
    0.0000    0.0000  -45.000011497.2666   15.0917
    7.5000    0.0000  -45.000010889.9775   15.0803
   -7.5000    7.5000  -45.000011154.0996   15.0645
    0.0000    7.5000  -45.000011645.5088   15.0960
    7.5000    7.5000  -45.000011005.8076   15.0809
   -7.5000   15.0000  -45.000011027.3037   15.0601
    0.0000   15.0000  -45.000011512.0264   15.0932
    7.5000   15.0000  -45.000010850.2256   15.0773
   -7.5000   22.5000  -45.000010827.6357   15.0507
    0.0000   22.5000  -45.000011309.5977   15.0834
    7.5000   22.5000  -45.000010648.6514   15.0704
   -7.5000   30.0000  -45.000010607.4561   14.8517
    0.0000   30.0000  -45.000011080.6455   14.8815
    7.5000   30.0000  -45.000010456.6992   14.8721
   -7.5000   37.5000  -45.000010716.2930   14.8564
    0.0000   37.5000  -45.000011199.3535   14.8850
    7.5000   37.5000  -45.000010574.5088   14.8762
   -7.5000   45.0000  -45.000010468.6689   14.4839
    0.0000   45.0000  -45.000010953.4795   14.5125
    7.5000   45.0000  -45.000010330.7734   14.5015
   -7.5000  -45.0000  -37.5000 5892.7925   16.3100
    0.0000  -45.0000  -37.5000 6126.9238   16.3351
    7.5000  -45.0000  -37.5000 5838.1221   16.3219
   -7.5000  -37.5000  -37.5000 6543.4810   15.7723
    0.0000  -37.5000  -37.5000 6799.3735   15.7996
    7.5000  -37.5000  -37.5000 6490.2944   15.7870
   -7.5000  -30.0000  -37.5000 7480.0381   15.3908
    0.0000  -30.0000  -37.5000 7782.0171   15.4185
    7.5000  -30.0000  -37.5000 7421.6851   15.4046
   -7.5000  -22.5000  -37.5000 8494.4912   15.1226
    0.0000  -22.5000  -37.5000 8860.0957   15.1494
    7.5000  -22.5000  -37.5000 8437.4102   15.1343
   -7.5000  -15.0000  -37.5000 9568.1680   14.9990
    0.0000  -15.0000  -37.5000 9991.9082   15.0236
    7.5000  -15.0000  -37.5000 9481.1191   15.0086
   -7.5000   -7.5000  -37.500010637.3857   14.9842
    0.0000   -7.5000  -37.500011125.6641   15.0090
    7.5000   -7.5000  -37.500010543.0420   14.9965
   -7.5000    0.0000  -37.500011686.7578   14.9838
    0.0000    0.0000  -37.500012218.3867   15.0106
    7.5000    0.0000  -37.500011567.1475   14.9996
   -7.5000    7.5000  -37.500011821.1309   14.9805
    0.0000    7.5000  -37.500012360.1465   15.0087
    7.5000    7.5000  -37.500011682.4570   14.9967
   -7.5000   15.0000  -37.500011715.7930   14.9756
    0.0000   15.0000  -37.500012222.4424   15.0042
    7.5000   15.0000  -37.500011524.6777   14.9907
   -7.5000   22.5000  -37.500011504.9170   14.9719
    0.0000   22.5000  -37.500012004.9590   14.9991
    7.5000   22.5000  -37.500011295.7900   14.9840
   -7.5000   30.0000  -37.500011232.1797   14.7796
    0.0000   30.0000  -37.500011712.9893   14.8040
    7.5000   30.0000  -37.500011044.6777   14.7892
   -7.5000   37.5000  -37.500011331.1318   14.7845
    0.0000   37.5000  -37.500011829.6943   14.8089
    7.5000   37.5000  -37.500011146.9570   14.7966
   -7.5000   45.0000  -37.500011060.6836   14.4087
    0.0000   45.0000  -37.500011559.5723   14.4345
    7.5000   45.0000  -37.500010880.1172   14.4239
   -7.5000  -45.0000  -30.0000 6331.2095   16.9917
    0.0000  -45.0000  -30.0000 6585.3525   17.0156
    7.5000  -45.0000  -30.0000 6281.7017   17.0034
   -7.5000  -37.5000  -30.0000 7014.0078   16.4240
    0.0000  -37.5000  -30.0000 7293.4106   16.4503
    7.5000  -37.5000  -30.0000 6962.3892   16.4410
   -7.5000  -30.0000  -30.0000 8052.2871   16.0186
    0.0000  -30.0000  -30.0000 8378.1943   16.0458
    7.5000  -30.0000  -30.0000 7976.9199   16.0355
   -7.5000  -22.5000  -30.0000 9170.6494   15.7393
    0.0000  -22.5000  -30.0000 9552.6533   15.7655
    7.5000  -22.5000  -30.0000 9077.1514   15.7517
   -7.5000  -15.0000  -30.000010345.2686   15.6154
    0.0000  -15.0000  -30.000010798.7842   15.6392
    7.5000  -15.0000  -30.000010236.4043   15.6229
   -7.5000   -7.5000  -30.000011495.5225   15.6062
    0.0000   -7.5000  -30.000011994.3203   15.6303
    7.5000   -7.5000  -30.000011369.6279   15.6165
   -7.5000    0.0000  -30.000012588.7334   15.6081
    0.0000    0.0000  -30.000013131.3623   15.6343
    7.5000    0.0000  -30.000012431.8711   15.6238
   -7.5000    7.5000  -30.000012708.1719   15.5998
    0.0000    7.5000  -30.000013260.3857   15.6271
    7.5000    7.5000  -30.000012539.8389   15.6179
   -7.5000   15.0000  -30.000012583.8408   15.5880
    0.0000   15.0000  -30.000013105.2070   15.6160
    7.5000   15.0000  -30.000012410.2715   15.6058
   -7.5000   22.5000  -30.000012381.2812   15.5813
    0.0000   22.5000  -30.000012912.7646   15.6079
    7.5000   22.5000  -30.000012172.3750   15.5940
   -7.5000   30.0000  -30.000012088.1436   15.3884
    0.0000   30.0000  -30.000012595.5098   15.4121
    7.5000   30.0000  -30.000011856.4170   15.3960
   -7.5000   37.5000  -30.000012159.8203   15.3997
    0.0000   37.5000  -30.000012690.0127   15.4235
    7.5000   37.5000  -30.000011944.9600   15.4098
   -7.5000   45.0000  -30.000011834.3730   15.0201
    0.0000   45.0000  -30.000012358.5557   15.0453
    7.5000   45.0000  -30.000011630.7539   15.0352
   -7.5000  -45.0000  -22.5000 6760.8037   17.5854
    0.0000  -45.0000  -22.5000 7027.6382   17.6121
    7.5000  -45.0000  -22.5000 6704.3740   17.5995
   -7.5000  -37.5000  -22.5000 7504.1113   16.9965
    0.0000  -37.5000  -22.5000 7806.0918   17.0266
    7.5000  -37.5000  -22.5000 7443.0361   17.0165
   -7.5000  -30.0000  -22.5000 8631.9609   16.5687
    0.0000  -30.0000  -22.5000 8985.0850   16.6011
    7.5000  -30.0000  -22.5000 8545.7773   16.5923
   -7.5000  -22.5000  -22.5000 9835.9893   16.2725
    0.0000  -22.5000  -22.500010254.1006   16.3051
    7.5000  -22.5000  -22.5000 9738.5029   16.2951
   -7.5000  -15.0000  -22.500011102.6387   16.1434
    0.0000  -15.0000  -22.500011575.1787   16.1733
    7.5000  -15.0000  -22.500010980.2070   16.1611
   -7.5000   -7.5000  -22.500012312.7227   16.1408
    0.0000   -7.5000  -22.500012827.6816   16.1693
    7.5000   -7.5000  -22.500012172.8076   16.1575
   -7.5000    0.0000  -22.500013454.4912   16.1508
    0.0000    0.0000  -22.500014010.1309   16.1801
    7.5000    0.0000  -22.500013292.3418   16.1694
   -7.5000    7.5000  -22.500013556.5527   16.1426
    0.0000    7.5000  -22.500014128.8643   16.1734
    7.5000    7.5000  -22.500013398.7578   16.1636
   -7.5000   15.0000  -22.500013415.1230   16.1231
    0.0000   15.0000  -22.500013969.4346   16.1561
    7.5000   15.0000  -22.500013238.1377   16.1472
   -7.5000   22.5000  -22.500013220.6514   16.1077
    0.0000   22.5000  -22.500013770.9824   16.1408
    7.5000   22.5000  -22.500012978.0459   16.1304
   -7.5000   30.0000  -22.500012913.5303   15.9113
    0.0000   30.0000  -22.500013440.7471   15.9409
    7.5000   30.0000  -22.500012643.9619   15.9288
   -7.5000   37.5000  -22.500012995.2080   15.9296
    0.0000   37.5000  -22.500013550.6152   15.9578
    7.5000   37.5000  -22.500012752.8125   15.9461
   -7.5000   45.0000  -22.500012633.0820   15.5540
    0.0000   45.0000  -22.500013171.3906   15.5822
    7.5000   45.0000  -22.500012406.7285   15.5719
   -7.5000  -45.0000  -15.0000 7176.9473   18.0219
    0.0000  -45.0000  -15.0000 7461.9922   18.0534
    7.5000  -45.0000  -15.0000 7104.4282   18.0386
   -7.5000  -37.5000  -15.0000 8002.0889   17.4225
    0.0000  -37.5000  -15.0000 8319.6904   17.4584
    7.5000  -37.5000  -15.0000 7917.2666   17.4441
   -7.5000  -30.0000  -15.0000 9195.1602   16.9825
    0.0000  -30.0000  -15.0000 9568.3096   17.0218
    7.5000  -30.0000  -15.0000 9117.7617   17.0103
   -7.5000  -22.5000  -15.000010489.1201   16.6718
    0.0000  -22.5000  -15.000010933.7480   16.7121
    7.5000  -22.5000  -15.000010397.4814   16.7046
   -7.5000  -15.0000  -15.000011821.0225   16.5347
    0.0000  -15.0000  -15.000012317.2520   16.5720
    7.5000  -15.0000  -15.000011720.3047   16.5655
   -7.5000   -7.5000  -15.000013087.4150   16.5341
    0.0000   -7.5000  -15.000013626.5938   16.5686
    7.5000   -7.5000  -15.000012963.6641   16.5600
   -7.5000    0.0000  -15.000014284.2344   16.5505
    0.0000    0.0000  -15.000014868.6387   16.5847
    7.5000    0.0000  -15.000014138.2148   16.5726
   -7.5000    7.5000  -15.000014399.3574   16.5462
    0.0000    7.5000  -15.000015008.9443   16.5823
    7.5000    7.5000  -15.000014251.3945   16.5688
   -7.5000   15.0000  -15.000014251.1377   16.5241
    0.0000   15.0000  -15.000014837.6260   16.5639
    7.5000   15.0000  -15.000014066.4346   16.5525
   -7.5000   22.5000  -15.000014018.3223   16.5016
    0.0000   22.5000  -15.000014562.0635   16.5421
    7.5000   22.5000  -15.000013744.0469   16.5343
   -7.5000   30.0000  -15.000013693.4531   16.2993
    0.0000   30.0000  -15.000014215.3506   16.3362
    7.5000   30.0000  -15.000013397.4785   16.3297
   -7.5000   37.5000  -15.000013808.2412   16.3201
    0.0000   37.5000  -15.000014389.2012   16.3542
    7.5000   37.5000  -15.000013556.3369   16.3456
   -7.5000   45.0000  -15.000013417.1367   15.9486
    0.0000   45.0000  -15.000013973.2949   15.9815
    7.5000   45.0000  -15.000013177.8447   15.9699
   -7.5000  -45.0000   -7.5000 7577.8521   18.2353
    0.0000  -45.0000   -7.5000 7889.7642   18.2683
    7.5000  -45.0000   -7.5000 7502.4326   18.2519
   -7.5000  -37.5000   -7.5000 8477.0293   17.6365
    0.0000  -37.5000   -7.5000 8822.8301   17.6736
    7.5000  -37.5000   -7.5000 8390.6416   17.6553
   -7.5000  -30.0000   -7.5000 9765.4434   17.2006
    0.0000  -30.0000   -7.500010169.4688   17.2408
    7.5000  -30.0000   -7.5000 9683.0908   17.2246
   -7.5000  -22.5000   -7.500011169.6602   16.8872
    0.0000  -22.5000   -7.500011632.7910   16.9283
    7.5000  -22.5000   -7.500011059.0322   16.9187
   -7.5000  -15.0000   -7.500012577.6074   16.7435
    0.0000  -15.0000   -7.500013093.9883   16.7817
    7.5000  -15.0000   -7.500012453.1162   16.7763
   -7.5000   -7.5000   -7.500013906.7695   16.7354
    0.0000   -7.5000   -7.500014460.9150   16.7710
    7.5000   -7.5000   -7.500013758.7695   16.7637
   -7.5000    0.0000   -7.500015163.0244   16.7486
    0.0000    0.0000   -7.500015772.4023   16.7839
    7.5000    0.0000   -7.500014969.8379   16.7710
   -7.5000    7.5000   -7.500015302.2061   16.7493
    0.0000    7.5000   -7.500015909.1309   16.7867
    7.5000    7.5000   -7.500015088.8457   16.7698
   -7.5000   15.0000   -7.500015202.9854   16.7350
    0.0000   15.0000   -7.500015807.0303   16.7758
    7.5000   15.0000   -7.500014952.2676   16.7601
   -7.5000   22.5000   -7.500014881.1650   16.7126
    0.0000   22.5000   -7.500015444.3965   16.7540
    7.5000   22.5000   -7.500014590.5752   16.7442
   -7.5000   30.0000   -7.500014489.8223   16.5046
    0.0000   30.0000   -7.500015027.1895   16.5425
    7.5000   30.0000   -7.500014184.3975   16.5370
   -7.5000   37.5000   -7.500014638.8926   16.5184
    0.0000   37.5000   -7.500015213.5674   16.5535
    7.5000   37.5000   -7.500014321.5430   16.5463
   -7.5000   45.0000   -7.500014215.5283   16.1425
    0.0000   45.0000   -7.500014782.1660   16.1766
    7.5000   45.0000   -7.500013943.1406   16.1641
   -7.5000  -45.0000    0.0000 7895.1396   18.2628
    0.0000  -45.0000    0.0000 8230.0801   18.2940
    7.5000  -45.0000    0.0000 7827.7144   18.2780
   -7.5000  -37.5000    0.0000 8889.1338   17.6670
    0.0000  -37.5000    0.0000 9262.2178   17.7013
    7.5000  -37.5000    0.0000 8801.6240   17.6831
   -7.5000  -30.0000    0.000010300.8828   17.2408
    0.0000  -30.0000    0.000010741.2334   17.2768
    7.5000  -30.0000    0.000010181.9873   17.2582
   -7.5000  -22.5000    0.000011785.6953   16.9340
    0.0000  -22.5000    0.000012263.8047   16.9700
    7.5000  -22.5000    0.000011611.8008   16.9555
   -7.5000  -15.0000    0.000013250.6191   16.7895
    0.0000  -15.0000    0.000013779.0195   16.8231
    7.5000  -15.0000    0.000013054.9072   16.8123
   -7.5000   -7.5000    0.000014633.0264   16.7726
    0.0000   -7.5000    0.000015207.0527   16.8049
    7.5000   -7.5000    0.000014406.4727   16.7948
   -7.5000    0.0000    0.000015863.4209   16.7772
    0.0000    0.0000    0.000016497.0137   16.8103
    7.5000    0.0000    0.000015638.2754   16.7974
   -7.5000    7.5000    0.000016029.6924   16.7791
    0.0000    7.5000    0.000016639.4082   16.8141
    7.5000    7.5000    0.000015758.5908   16.7972
   -7.5000   15.0000    0.000016052.3545   16.7740
    0.0000   15.0000    0.000016696.7461   16.8109
    7.5000   15.0000    0.000015725.4434   16.7930
   -7.5000   22.5000    0.000015801.8438   16.7591
    0.0000   22.5000    0.000016410.0879   16.7956
    7.5000   22.5000    0.000015425.1475   16.7810
   -7.5000   30.0000    0.000015389.7051   16.5504
    0.0000   30.0000    0.000015944.9824   16.5837
    7.5000   30.0000    0.000014967.7148   16.5730
   -7.5000   37.5000    0.000015509.0938   16.5556
    0.0000   37.5000    0.000016080.7363   16.5874
    7.5000   37.5000    0.000015047.2695   16.5775
   -7.5000   45.0000    0.000015035.0732   16.1712
    0.0000   45.0000    0.000015607.1846   16.2032
    7.5000   45.0000    0.000014602.2207   16.1908
   -7.5000  -45.0000    7.5000 7588.2505   18.2512
    0.0000  -45.0000    7.5000 7911.5161   18.2793
    7.5000  -45.0000    7.5000 7505.7993   18.2645
   -7.5000  -37.5000    7.5000 8584.9932   17.6495
    0.0000  -37.5000    7.5000 8953.5566   17.6801
    7.5000  -37.5000    7.5000 8482.6641   17.6660
   -7.5000  -30.0000    7.5000 9997.0088   17.2226
    0.0000  -30.0000    7.500010432.0859   17.2536
    7.5000  -30.0000    7.5000 9843.7939   17.2381
   -7.5000  -22.5000    7.500011441.7998   16.9225
    0.0000  -22.5000    7.500011923.7910   16.9524
    7.5000  -22.5000    7.500011246.8369   16.9356
   -7.5000  -15.0000    7.500012862.7012   16.7842
    0.0000  -15.0000    7.500013410.0537   16.8117
    7.5000  -15.0000    7.500012679.8955   16.7950
   -7.5000   -7.5000    7.500014186.1201   16.7676
    0.0000   -7.5000    7.500014787.4111   16.7953
    7.5000   -7.5000    7.500013982.4502   16.7814
   -7.5000    0.0000    7.500015362.8066   16.7671
    0.0000    0.0000    7.500016006.2832   16.7971
    7.5000    0.0000    7.500015163.1094   16.7848
   -7.5000    7.5000    7.500015548.8975   16.7635
    0.0000    7.5000    7.500016149.1104   16.7950
    7.5000    7.5000    7.500015257.4619   16.7816
   -7.5000   15.0000    7.500015655.6123   16.7580
    0.0000   15.0000    7.500016370.1562   16.7900
    7.5000   15.0000    7.500015205.9082   16.7749
   -7.5000   22.5000    7.500015622.0664   16.7484
    0.0000   22.5000    7.500016254.5908   16.7789
    7.5000   22.5000    7.500014996.5684   16.7620
   -7.5000   30.0000    7.500015319.3975   16.5451
    0.0000   30.0000    7.500015861.5303   16.5724
    7.5000   30.0000    7.500014622.8486   16.5558
   -7.5000   37.5000    7.500015375.0469   16.5506
    0.0000   37.5000    7.500015879.3496   16.5780
    7.5000   37.5000    7.500014666.4814   16.5642
   -7.5000   45.0000    7.500014745.0361   16.1616
    0.0000   45.0000    7.500015248.0127   16.1905
    7.5000   45.0000    7.500014160.0146   16.1786
   -7.5000  -45.0000   15.0000 7208.8379   18.2463
    0.0000  -45.0000   15.0000 7515.6978   18.2720
    7.5000  -45.0000   15.0000 7107.9233   18.2589
   -7.5000  -37.5000   15.0000 8192.8721   17.6367
    0.0000  -37.5000   15.0000 8552.7637   17.6649
    7.5000  -37.5000   15.0000 8075.0239   17.6549
   -7.5000  -30.0000   15.0000 9559.9697   17.2014
    0.0000  -30.0000   15.0000 9993.9082   17.2305
    7.5000  -30.0000   15.0000 9422.0146   17.2195
   -7.5000  -22.5000   15.000010946.4375   16.9014
    0.0000  -22.5000   15.000011430.0615   16.9295
    7.5000  -22.5000   15.000010785.8379   16.9148
   -7.5000  -15.0000   15.000012292.1289   16.7683
    0.0000  -15.0000   15.000012843.0117   16.7940
    7.5000  -15.0000   15.000012127.9102   16.7765
   -7.5000   -7.5000   15.000013551.0801   16.7585
    0.0000   -7.5000   15.000014160.4844   16.7844
    7.5000   -7.5000   15.000013353.7344   16.7695
   -7.5000    0.0000   15.000014709.1484   16.7606
    0.0000    0.0000   15.000015348.0928   16.7887
    7.5000    0.0000   15.000014465.8643   16.7774
   -7.5000    7.5000   15.000014901.5264   16.7517
    0.0000    7.5000   15.000015544.9082   16.7809
    7.5000    7.5000   15.000014566.6445   16.7711
   -7.5000   15.0000   15.000014971.0625   16.7390
    0.0000   15.0000   15.000015639.5596   16.7690
    7.5000   15.0000   15.000014505.9717   16.7581
   -7.5000   22.5000   15.000014826.3408   16.7280
    0.0000   22.5000   15.000015437.2783   16.7567
    7.5000   22.5000   15.000014264.0771   16.7417
   -7.5000   30.0000   15.000014534.4883   16.5295
    0.0000   30.0000   15.000015099.0186   16.5550
    7.5000   30.0000   15.000013913.8926   16.5376
   -7.5000   37.5000   15.000014647.6152   16.5416
    0.0000   37.5000   15.000015170.6465   16.5672
    7.5000   37.5000   15.000013993.3936   16.5525
   -7.5000   45.0000   15.000014070.9033   16.1552
    0.0000   45.0000   15.000014583.7070   16.1823
    7.5000   45.0000   15.000013534.0869   16.1715
   -7.5000  -45.0000   22.5000 6799.7363   18.2922
    0.0000  -45.0000   22.5000 7093.4238   18.3195
    7.5000  -45.0000   22.5000 6686.0049   18.3064
   -7.5000  -37.5000   22.5000 7702.9092   17.6783
    0.0000  -37.5000   22.5000 8050.4194   17.7093
    7.5000  -37.5000   22.5000 7584.9429   17.6987
   -7.5000  -30.0000   22.5000 8984.5283   17.2325
    0.0000  -30.0000   22.5000 9410.1777   17.2660
    7.5000  -30.0000   22.5000 8852.3096   17.2567
   -7.5000  -22.5000   22.500010297.0918   16.9239
    0.0000  -22.5000   22.500010775.8359   16.9576
    7.5000  -22.5000   22.500010147.1357   16.9472
   -7.5000  -15.0000   22.500011580.7910   16.7894
    0.0000  -15.0000   22.500012119.1982   16.8202
    7.5000  -15.0000   22.500011417.6260   16.8076
   -7.5000   -7.5000   22.500012768.7744   16.7867
    0.0000   -7.5000   22.500013344.6182   16.8160
    7.5000   -7.5000   22.500012586.1787   16.8038
   -7.5000    0.0000   22.500013868.9609   16.7971
    0.0000    0.0000   22.500014498.0088   16.8273
    7.5000    0.0000   22.500013675.5527   16.8161
   -7.5000    7.5000   22.500014041.7695   16.7885
    0.0000    7.5000   22.500014673.9053   16.8202
    7.5000    7.5000   22.500013788.6396   16.8101
   -7.5000   15.0000   22.500014019.4756   16.7682
    0.0000   15.0000   22.500014622.7529   16.8023
    7.5000   15.0000   22.500013730.4043   16.7930
   -7.5000   22.5000   22.500013759.5156   16.7496
    0.0000   22.5000   22.500014322.0273   16.7837
    7.5000   22.5000   22.500013469.9785   16.7731
   -7.5000   30.0000   22.500013436.7617   16.5503
    0.0000   30.0000   22.500013968.1514   16.5808
    7.5000   30.0000   22.500013124.3467   16.5682
   -7.5000   37.5000   22.500013575.3203   16.5694
    0.0000   37.5000   22.500014097.8008   16.5984
    7.5000   37.5000   22.500013214.8643   16.5863
   -7.5000   45.0000   22.500013164.7832   16.1905
    0.0000   45.0000   22.500013658.5693   16.2195
    7.5000   45.0000   22.500012796.9834   16.2088
   -7.5000  -45.0000   30.0000 6309.7734   18.4765
    0.0000  -45.0000   30.0000 6579.0303   18.5076
    7.5000  -45.0000   30.0000 6200.6548   18.4928
   -7.5000  -37.5000   30.0000 7128.3867   17.8594
    0.0000  -37.5000   30.0000 7457.4258   17.8950
    7.5000  -37.5000   30.0000 7023.1890   17.8806
   -7.5000  -30.0000   30.0000 8321.0273   17.4060
    0.0000  -30.0000   30.0000 8709.1426   17.4453
    7.5000  -30.0000   30.0000 8204.1230   17.4338
   -7.5000  -22.5000   30.0000 9550.5586   17.0855
    0.0000  -22.5000   30.0000 9998.3223   17.1259
    7.5000  -22.5000   30.0000 9426.6641   17.1184
   -7.5000  -15.0000   30.000010749.6777   16.9439
    0.0000  -15.0000   30.000011254.6904   16.9812
    7.5000  -15.0000   30.000010612.2334   16.9748
   -7.5000   -7.5000   30.000011856.1602   16.9425
    0.0000   -7.5000   30.000012389.4131   16.9769
    7.5000   -7.5000   30.000011734.7461   16.9684
   -7.5000    0.0000   30.000012898.1758   16.9584
    0.0000    0.0000   30.000013478.1113   16.9924
    7.5000    0.0000   30.000012765.8438   16.9803
   -7.5000    7.5000   30.000013028.0566   16.9537
    0.0000    7.5000   30.000013617.3633   16.9897
    7.5000    7.5000   30.000012890.1836   16.9761
   -7.5000   15.0000   30.000012956.8242   16.9316
    0.0000   15.0000   30.000013486.4492   16.9714
    7.5000   15.0000   30.000012812.7607   16.9599
   -7.5000   22.5000   30.000012700.7539   16.9074
    0.0000   22.5000   30.000013204.5342   16.9481
    7.5000   22.5000   30.000012561.0264   16.9403
   -7.5000   30.0000   30.000012391.4346   16.7024
    0.0000   30.0000   30.000012880.9062   16.7393
    7.5000   30.0000   30.000012232.6016   16.7330
   -7.5000   37.5000   30.000012539.3936   16.7232
    0.0000   37.5000   30.000013020.3965   16.7572
    7.5000   37.5000   30.000012327.1201   16.7488
   -7.5000   45.0000   30.000012199.9277   16.3459
    0.0000   45.0000   30.000012643.4053   16.3787
    7.5000   45.0000   30.000011962.3486   16.3671
   -7.5000  -45.0000   37.5000 6052.8765   18.7576
    0.0000  -45.0000   37.5000 6306.1689   18.7898
    7.5000  -45.0000   37.5000 5966.3853   18.7734
   -7.5000  -37.5000   37.5000 6832.7983   18.1357
    0.0000  -37.5000   37.5000 7138.2368   18.1725
    7.5000  -37.5000   37.5000 6760.6797   18.1539
   -7.5000  -30.0000   37.5000 7966.9761   17.6850
    0.0000  -30.0000   37.5000 8326.5801   17.7252
    7.5000  -30.0000   37.5000 7891.0557   17.7088
   -7.5000  -22.5000   37.5000 9140.9854   17.3615
    0.0000  -22.5000   37.5000 9555.1221   17.4027
    7.5000  -22.5000   37.5000 9053.2227   17.3933
   -7.5000  -15.0000   37.500010299.4863   17.2102
    0.0000  -15.0000   37.500010757.1143   17.2483
    7.5000  -15.0000   37.500010189.3965   17.2432
   -7.5000   -7.5000   37.500011357.1953   17.2000
    0.0000   -7.5000   37.500011866.9453   17.2352
    7.5000   -7.5000   37.500011286.9658   17.2282
   -7.5000    0.0000   37.500012381.8184   17.2125
    0.0000    0.0000   37.500012938.8193   17.2474
    7.5000    0.0000   37.500012298.7354   17.2346
   -7.5000    7.5000   37.500012500.3945   17.2138
    0.0000    7.5000   37.500013046.7793   17.2510
    7.5000    7.5000   37.500012410.5986   17.2338
   -7.5000   15.0000   37.500012432.4141   17.2002
    0.0000   15.0000   37.500012913.1475   17.2411
    7.5000   15.0000   37.500012325.7383   17.2251
   -7.5000   22.5000   37.500012180.7324   17.1780
    0.0000   22.5000   37.500012660.1484   17.2195
    7.5000   22.5000   37.500012092.1592   17.2098
   -7.5000   30.0000   37.500011885.8828   16.9646
    0.0000   30.0000   37.500012353.9375   17.0022
    7.5000   30.0000   37.500011777.5654   16.9972
   -7.5000   37.5000   37.500012010.6982   16.9774
    0.0000   37.5000   37.500012480.4912   17.0121
    7.5000   37.5000   37.500011857.6270   17.0053
   -7.5000   45.0000   37.500011689.1738   16.5909
    0.0000   45.0000   37.500012122.2314   16.6245
    7.5000   45.0000   37.500011499.8984   16.6121
   -7.5000  -45.0000   45.0000 5557.0640   19.1062
    0.0000  -45.0000   45.0000 5779.2710   19.1349
    7.5000  -45.0000   45.0000 5479.6001   19.1196
   -7.5000  -37.5000   45.0000 6272.0903   18.4659
    0.0000  -37.5000   45.0000 6538.2690   18.4981
    7.5000  -37.5000   45.0000 6208.3057   18.4806
   -7.5000  -30.0000   45.0000 7305.1021   18.0121
    0.0000  -30.0000   45.0000 7618.0488   18.0459
    7.5000  -30.0000   45.0000 7241.9468   18.0285
   -7.5000  -22.5000   45.0000 8377.0488   17.6884
    0.0000  -22.5000   45.0000 8754.4971   17.7218
    7.5000  -22.5000   45.0000 8319.0928   17.7089
   -7.5000  -15.0000   45.0000 9462.1475   17.5314
    0.0000  -15.0000   45.0000 9872.0195   17.5621
    7.5000  -15.0000   45.0000 9381.4033   17.5529
   -7.5000   -7.5000   45.000010459.1924   17.5121
    0.0000   -7.5000   45.000010914.7725   17.5419
    7.5000   -7.5000   45.000010385.4414   17.5332
   -7.5000    0.0000   45.000011382.2012   17.5163
    0.0000    0.0000   45.000011876.5020   17.5474
    7.5000    0.0000   45.000011307.5557   17.5354
   -7.5000    7.5000   45.000011474.6416   17.5181
    0.0000    7.5000   45.000011962.7041   17.5512
    7.5000    7.5000   45.000011396.2402   17.5351
   -7.5000   15.0000   45.000011398.9473   17.5129
    0.0000   15.0000   45.000011851.4482   17.5477
    7.5000   15.0000   45.000011323.0879   17.5309
   -7.5000   22.5000   45.000011173.0117   17.4978
    0.0000   22.5000   45.000011634.6709   17.5318
    7.5000   22.5000   45.000011112.7422   17.5187
   -7.5000   30.0000   45.000010890.2090   17.2790
    0.0000   30.0000   45.000011352.0068   17.3095
    7.5000   30.0000   45.000010834.5508   17.3004
   -7.5000   37.5000   45.000010995.9424   17.2840
    0.0000   37.5000   45.000011440.7559   17.3134
    7.5000   37.5000   45.000010904.7900   17.3047
   -7.5000   45.0000   45.000010719.7588   16.8913
    0.0000   45.0000   45.000011142.0010   16.9214
    7.5000   45.0000   45.000010586.5283   16.9098

---------------------------------------------------------------------
imgreg_4dfp /opt/freesurfer/average/711-2C_as_mni_average_305 /opt/freesurfer/average/711-2B_as_mni_average_305_mask talsrcimg_g11 none talsrcimg_to_711-2C_as_mni_average_305_t4 4355
---------------------------------------------------------------------

freesurfer imgreg_4dfp.c
/opt/freesurfer/average/711-2C_as_mni_average_305.4dfp.img
       256       256       256         1
  1.000000  1.000000  1.000000
orientation T byte_order littleendian
Reading image: /opt/freesurfer/average/711-2C_as_mni_average_305.4dfp.img
dimensions:      256       256       256
mmppix:       1.0000   -1.0000   -1.0000
center:     128.0000 -129.0000 -129.0000
/opt/freesurfer/average/711-2B_as_mni_average_305_mask.4dfp.img
       256       256       256         1
  1.000000  1.000000  1.000000
orientation T byte_order littleendian
Reading mask: /opt/freesurfer/average/711-2B_as_mni_average_305_mask.4dfp.img (2306576 pixels)
talsrcimg_g11.4dfp.img
       256       256       256         1
  1.000000  1.000000  1.000000
orientation T byte_order littleendian
Reading image: talsrcimg_g11.4dfp.img
dimensions:      256       256       256
mmppix:       1.0000   -1.0000   -1.0000
center:     128.0000 -129.0000 -129.0000
rotation matrix determinant  1.000000
image alignment mode   4355 decimal     1103 hex
   -7.5000  -30.0000  -45.0000 1841.8247   22.8245
    0.0000  -30.0000  -45.0000 1847.6591   22.9158
    7.5000  -30.0000  -45.0000 1834.6270   23.0626
   -7.5000  -22.5000  -45.0000 1970.8629   20.1363
    0.0000  -22.5000  -45.0000 1977.9490   20.2062
    7.5000  -22.5000  -45.0000 1963.3206   20.3032
   -7.5000  -15.0000  -45.0000 2087.1824   18.0022
    0.0000  -15.0000  -45.0000 2097.3008   18.0734
    7.5000  -15.0000  -45.0000 2080.3413   18.1526
   -7.5000   -7.5000  -45.0000 2191.7124   16.3892
    0.0000   -7.5000  -45.0000 2199.6287   16.4276
    7.5000   -7.5000  -45.0000 2182.3962   16.4791
   -7.5000    0.0000  -45.0000 2285.8069   15.1709
    0.0000    0.0000  -45.0000 2294.2354   15.1950
    7.5000    0.0000  -45.0000 2273.6841   15.2585
   -7.5000    7.5000  -45.0000 2346.7168   14.2993
    0.0000    7.5000  -45.0000 2357.1155   14.3148
    7.5000    7.5000  -45.0000 2330.7810   14.3775
   -7.5000   15.0000  -45.0000 2369.6848   13.8007
    0.0000   15.0000  -45.0000 2381.7585   13.8007
    7.5000   15.0000  -45.0000 2354.4238   13.8927
   -7.5000   22.5000  -45.0000 2384.3738   13.5955
    0.0000   22.5000  -45.0000 2397.5625   13.5768
    7.5000   22.5000  -45.0000 2372.3020   13.6723
   -7.5000   30.0000  -45.0000 2385.8916   13.6089
    0.0000   30.0000  -45.0000 2399.9585   13.5706
    7.5000   30.0000  -45.0000 2376.0364   13.6827
   -7.5000   37.5000  -45.0000 2366.9851   13.9758
    0.0000   37.5000  -45.0000 2377.8608   13.9264
    7.5000   37.5000  -45.0000 2355.2744   14.0757
   -7.5000   45.0000  -45.0000 2327.1509   14.6740
    0.0000   45.0000  -45.0000 2340.1528   14.6210
    7.5000   45.0000  -45.0000 2317.1680   14.7781
   -7.5000   52.5000  -45.0000 2247.9187   15.5317
    0.0000   52.5000  -45.0000 2257.0117   15.5010
    7.5000   52.5000  -45.0000 2235.2190   15.6656
   -7.5000   60.0000  -45.0000 2120.3955   16.5249
    0.0000   60.0000  -45.0000 2128.8291   16.4793
    7.5000   60.0000  -45.0000 2106.5789   16.6697
   -7.5000  -30.0000  -37.5000 1898.9890   21.3175
    0.0000  -30.0000  -37.5000 1905.7894   21.3482
    7.5000  -30.0000  -37.5000 1894.7305   21.4667
   -7.5000  -22.5000  -37.5000 2035.8772   18.7390
    0.0000  -22.5000  -37.5000 2046.1664   18.8056
    7.5000  -22.5000  -37.5000 2026.5183   18.8789
   -7.5000  -15.0000  -37.5000 2164.8669   16.7954
    0.0000  -15.0000  -37.5000 2176.7761   16.8345
    7.5000  -15.0000  -37.5000 2153.7581   16.9155
   -7.5000   -7.5000  -37.5000 2277.7375   15.3046
    0.0000   -7.5000  -37.5000 2289.2729   15.3524
    7.5000   -7.5000  -37.5000 2267.5225   15.3889
   -7.5000    0.0000  -37.5000 2373.5474   14.1013
    0.0000    0.0000  -37.5000 2384.8154   14.1487
    7.5000    0.0000  -37.5000 2361.7183   14.2037
   -7.5000    7.5000  -37.5000 2439.4717   13.2714
    0.0000    7.5000  -37.5000 2452.3181   13.2881
    7.5000    7.5000  -37.5000 2424.9661   13.3646
   -7.5000   15.0000  -37.5000 2472.6702   12.7825
    0.0000   15.0000  -37.5000 2484.6736   12.7740
    7.5000   15.0000  -37.5000 2453.1870   12.8763
   -7.5000   22.5000  -37.5000 2489.3750   12.5896
    0.0000   22.5000  -37.5000 2501.1921   12.5548
    7.5000   22.5000  -37.5000 2474.9158   12.6449
   -7.5000   30.0000  -37.5000 2489.9478   12.6135
    0.0000   30.0000  -37.5000 2504.9099   12.5427
    7.5000   30.0000  -37.5000 2478.3411   12.6453
   -7.5000   37.5000  -37.5000 2470.3044   12.9203
    0.0000   37.5000  -37.5000 2485.2224   12.8670
    7.5000   37.5000  -37.5000 2453.1589   12.9915
   -7.5000   45.0000  -37.5000 2429.3818   13.5154
    0.0000   45.0000  -37.5000 2443.5220   13.4859
    7.5000   45.0000  -37.5000 2410.9241   13.6137
   -7.5000   52.5000  -37.5000 2346.4414   14.3032
    0.0000   52.5000  -37.5000 2354.7522   14.2893
    7.5000   52.5000  -37.5000 2327.5322   14.4236
   -7.5000   60.0000  -37.5000 2211.6470   15.2069
    0.0000   60.0000  -37.5000 2220.8899   15.1881
    7.5000   60.0000  -37.5000 2193.7153   15.3538
   -7.5000  -30.0000  -30.0000 1988.7921   20.5879
    0.0000  -30.0000  -30.0000 1997.8135   20.6332
    7.5000  -30.0000  -30.0000 1981.9568   20.8187
   -7.5000  -22.5000  -30.0000 2138.4451   18.1236
    0.0000  -22.5000  -30.0000 2147.0090   18.1487
    7.5000  -22.5000  -30.0000 2125.5271   18.2803
   -7.5000  -15.0000  -30.0000 2280.5715   16.2552
    0.0000  -15.0000  -30.0000 2291.5918   16.2691
    7.5000  -15.0000  -30.0000 2265.0876   16.3523
   -7.5000   -7.5000  -30.0000 2399.0994   14.7787
    0.0000   -7.5000  -30.0000 2410.7710   14.7926
    7.5000   -7.5000  -30.0000 2383.6826   14.8726
   -7.5000    0.0000  -30.0000 2494.0996   13.6287
    0.0000    0.0000  -30.0000 2506.4031   13.6197
    7.5000    0.0000  -30.0000 2479.4236   13.7022
   -7.5000    7.5000  -30.0000 2567.9165   12.7774
    0.0000    7.5000  -30.0000 2580.7156   12.7613
    7.5000    7.5000  -30.0000 2554.6201   12.8641
   -7.5000   15.0000  -30.0000 2610.3638   12.2730
    0.0000   15.0000  -30.0000 2620.0403   12.2430
    7.5000   15.0000  -30.0000 2595.5391   12.3628
   -7.5000   22.5000  -30.0000 2644.1792   12.0513
    0.0000   22.5000  -30.0000 2652.8062   12.0064
    7.5000   22.5000  -30.0000 2626.7996   12.1172
   -7.5000   30.0000  -30.0000 2649.6943   12.0763
    0.0000   30.0000  -30.0000 2659.1550   12.0145
    7.5000   30.0000  -30.0000 2629.4485   12.1099
   -7.5000   37.5000  -30.0000 2619.5654   12.3769
    0.0000   37.5000  -30.0000 2636.3896   12.3267
    7.5000   37.5000  -30.0000 2600.0681   12.4302
   -7.5000   45.0000  -30.0000 2577.2251   12.9610
    0.0000   45.0000  -30.0000 2594.4038   12.9199
    7.5000   45.0000  -30.0000 2556.3914   13.0474
   -7.5000   52.5000  -30.0000 2487.9985   13.7119
    0.0000   52.5000  -30.0000 2498.3386   13.6892
    7.5000   52.5000  -30.0000 2464.8110   13.8208
   -7.5000   60.0000  -30.0000 2344.4146   14.5730
    0.0000   60.0000  -30.0000 2356.1240   14.5513
    7.5000   60.0000  -30.0000 2322.4097   14.6995
   -7.5000  -30.0000  -22.5000 2053.2173   19.8635
    0.0000  -30.0000  -22.5000 2061.2356   19.8671
    7.5000  -30.0000  -22.5000 2043.2610   20.1275
   -7.5000  -22.5000  -22.5000 2207.6562   17.4609
    0.0000  -22.5000  -22.5000 2218.9709   17.4785
    7.5000  -22.5000  -22.5000 2195.8621   17.6771
   -7.5000  -15.0000  -22.5000 2355.6960   15.5993
    0.0000  -15.0000  -22.5000 2368.0125   15.6183
    7.5000  -15.0000  -22.5000 2341.1934   15.8073
   -7.5000   -7.5000  -22.5000 2476.6589   14.1671
    0.0000   -7.5000  -22.5000 2489.0881   14.1457
    7.5000   -7.5000  -22.5000 2461.3904   14.3244
   -7.5000    0.0000  -22.5000 2578.5837   13.0507
    0.0000    0.0000  -22.5000 2589.6262   13.0014
    7.5000    0.0000  -22.5000 2562.7908   13.1377
   -7.5000    7.5000  -22.5000 2660.8784   12.2206
    0.0000    7.5000  -22.5000 2673.1277   12.1783
    7.5000    7.5000  -22.5000 2649.7395   12.3084
   -7.5000   15.0000  -22.5000 2713.5178   11.6989
    0.0000   15.0000  -22.5000 2724.1606   11.6605
    7.5000   15.0000  -22.5000 2699.4841   11.8008
   -7.5000   22.5000  -22.5000 2758.8518   11.4602
    0.0000   22.5000  -22.5000 2769.0864   11.4092
    7.5000   22.5000  -22.5000 2737.6482   11.5235
   -7.5000   30.0000  -22.5000 2772.7261   11.4734
    0.0000   30.0000  -22.5000 2784.1807   11.4172
    7.5000   30.0000  -22.5000 2748.9512   11.5151
   -7.5000   37.5000  -22.5000 2742.6174   11.7687
    0.0000   37.5000  -22.5000 2758.9958   11.7136
    7.5000   37.5000  -22.5000 2725.6201   11.8448
   -7.5000   45.0000  -22.5000 2698.0244   12.3539
    0.0000   45.0000  -22.5000 2713.8418   12.3004
    7.5000   45.0000  -22.5000 2675.7305   12.4515
   -7.5000   52.5000  -22.5000 2596.1008   13.0902
    0.0000   52.5000  -22.5000 2608.9407   13.0453
    7.5000   52.5000  -22.5000 2575.1272   13.1919
   -7.5000   60.0000  -22.5000 2443.8030   13.8887
    0.0000   60.0000  -22.5000 2452.5764   13.8604
    7.5000   60.0000  -22.5000 2423.0471   13.9952
   -7.5000  -30.0000  -15.0000 2087.8162   19.3130
    0.0000  -30.0000  -15.0000 2094.1665   19.3093
    7.5000  -30.0000  -15.0000 2079.4529   19.6095
   -7.5000  -22.5000  -15.0000 2244.1790   16.9394
    0.0000  -22.5000  -15.0000 2255.3291   16.9115
    7.5000  -22.5000  -15.0000 2235.7246   17.1790
   -7.5000  -15.0000  -15.0000 2390.2661   15.0740
    0.0000  -15.0000  -15.0000 2404.7183   15.0658
    7.5000  -15.0000  -15.0000 2384.5906   15.3161
   -7.5000   -7.5000  -15.0000 2511.7952   13.6423
    0.0000   -7.5000  -15.0000 2525.4331   13.5982
    7.5000   -7.5000  -15.0000 2505.4407   13.8216
   -7.5000    0.0000  -15.0000 2623.2698   12.5448
    0.0000    0.0000  -15.0000 2635.7935   12.4867
    7.5000    0.0000  -15.0000 2612.5146   12.6715
   -7.5000    7.5000  -15.0000 2717.7261   11.7278
    0.0000    7.5000  -15.0000 2735.0396   11.6728
    7.5000    7.5000  -15.0000 2711.0173   11.8334
   -7.5000   15.0000  -15.0000 2781.4924   11.1763
    0.0000   15.0000  -15.0000 2796.3638   11.1450
    7.5000   15.0000  -15.0000 2768.3645   11.2980
   -7.5000   22.5000  -15.0000 2839.7205   10.9003
    0.0000   22.5000  -15.0000 2849.2322   10.8544
    7.5000   22.5000  -15.0000 2813.6643   11.0029
   -7.5000   30.0000  -15.0000 2860.2734   10.8970
    0.0000   30.0000  -15.0000 2868.4346   10.8403
    7.5000   30.0000  -15.0000 2832.8311   10.9912
   -7.5000   37.5000  -15.0000 2835.0789   11.2075
    0.0000   37.5000  -15.0000 2854.0393   11.1375
    7.5000   37.5000  -15.0000 2819.5552   11.3036
   -7.5000   45.0000  -15.0000 2783.8555   11.8020
    0.0000   45.0000  -15.0000 2796.6626   11.7337
    7.5000   45.0000  -15.0000 2763.2827   11.8908
   -7.5000   52.5000  -15.0000 2668.1797   12.5395
    0.0000   52.5000  -15.0000 2679.1135   12.4909
    7.5000   52.5000  -15.0000 2649.7627   12.6301
   -7.5000   60.0000  -15.0000 2508.1475   13.3008
    0.0000   60.0000  -15.0000 2515.9229   13.2773
    7.5000   60.0000  -15.0000 2491.2781   13.4174
   -7.5000  -30.0000   -7.5000 2098.7646   18.8933
    0.0000  -30.0000   -7.5000 2108.7830   18.8950
    7.5000  -30.0000   -7.5000 2095.6013   19.2084
   -7.5000  -22.5000   -7.5000 2259.2817   16.5399
    0.0000  -22.5000   -7.5000 2270.8735   16.5300
    7.5000  -22.5000   -7.5000 2253.7976   16.8146
   -7.5000  -15.0000   -7.5000 2408.5432   14.6986
    0.0000  -15.0000   -7.5000 2418.3848   14.6806
    7.5000  -15.0000   -7.5000 2400.7229   14.9277
   -7.5000   -7.5000   -7.5000 2531.9597   13.2561
    0.0000   -7.5000   -7.5000 2541.9771   13.2020
    7.5000   -7.5000   -7.5000 2524.1201   13.4432
   -7.5000    0.0000   -7.5000 2646.1262   12.1516
    0.0000    0.0000   -7.5000 2659.0044   12.0726
    7.5000    0.0000   -7.5000 2634.7185   12.3058
   -7.5000    7.5000   -7.5000 2757.6240   11.3278
    0.0000    7.5000   -7.5000 2772.0583   11.2591
    7.5000    7.5000   -7.5000 2743.5247   11.4435
   -7.5000   15.0000   -7.5000 2837.5496   10.7860
    0.0000   15.0000   -7.5000 2852.2771   10.7366
    7.5000   15.0000   -7.5000 2823.8770   10.9066
   -7.5000   22.5000   -7.5000 2901.8547   10.4738
    0.0000   22.5000   -7.5000 2914.0388   10.4270
    7.5000   22.5000   -7.5000 2874.6965   10.6170
   -7.5000   30.0000   -7.5000 2926.3452   10.4282
    0.0000   30.0000   -7.5000 2934.7065   10.3750
    7.5000   30.0000   -7.5000 2894.0964   10.5871
   -7.5000   37.5000   -7.5000 2903.7334   10.7511
    0.0000   37.5000   -7.5000 2918.2236   10.6767
    7.5000   37.5000   -7.5000 2878.6511   10.8829
   -7.5000   45.0000   -7.5000 2838.7900   11.3240
    0.0000   45.0000   -7.5000 2853.6450   11.2613
    7.5000   45.0000   -7.5000 2820.0720   11.4556
   -7.5000   52.5000   -7.5000 2718.5618   12.0346
    0.0000   52.5000   -7.5000 2729.2437   11.9896
    7.5000   52.5000   -7.5000 2701.1221   12.1807
   -7.5000   60.0000   -7.5000 2550.0454   12.8147
    0.0000   60.0000   -7.5000 2563.6086   12.7763
    7.5000   60.0000   -7.5000 2532.4807   12.9833
   -7.5000  -30.0000    0.0000 2102.1731   18.8232
    0.0000  -30.0000    0.0000 2115.6331   18.7979
    7.5000  -30.0000    0.0000 2099.3618   19.1449
   -7.5000  -22.5000    0.0000 2261.5654   16.3947
    0.0000  -22.5000    0.0000 2274.1931   16.3392
    7.5000  -22.5000    0.0000 2255.8962   16.6483
   -7.5000  -15.0000    0.0000 2405.9492   14.5134
    0.0000  -15.0000    0.0000 2416.5535   14.4358
    7.5000  -15.0000    0.0000 2398.4805   14.7305
   -7.5000   -7.5000    0.0000 2532.5842   13.0458
    0.0000   -7.5000    0.0000 2544.5229   12.9539
    7.5000   -7.5000    0.0000 2522.2991   13.2140
   -7.5000    0.0000    0.0000 2644.8374   11.9215
    0.0000    0.0000    0.0000 2659.8547   11.8357
    7.5000    0.0000    0.0000 2633.9116   12.0809
   -7.5000    7.5000    0.0000 2765.5767   11.1027
    0.0000    7.5000    0.0000 2782.1499   11.0041
    7.5000    7.5000    0.0000 2750.9597   11.2267
   -7.5000   15.0000    0.0000 2871.5349   10.5696
    0.0000   15.0000    0.0000 2888.2263   10.4758
    7.5000   15.0000    0.0000 2851.0908   10.6672
   -7.5000   22.5000    0.0000 2951.1072   10.2777
    0.0000   22.5000    0.0000 2973.1956   10.2038
    7.5000   22.5000    0.0000 2916.7651   10.4104
   -7.5000   30.0000    0.0000 2985.9395   10.2352
    0.0000   30.0000    0.0000 2999.5649   10.1549
    7.5000   30.0000    0.0000 2940.6072   10.3975
   -7.5000   37.5000    0.0000 2954.2925   10.5257
    0.0000   37.5000    0.0000 2968.8330   10.4403
    7.5000   37.5000    0.0000 2917.1846   10.6487
   -7.5000   45.0000    0.0000 2875.4062   11.0334
    0.0000   45.0000    0.0000 2888.5083   10.9612
    7.5000   45.0000    0.0000 2847.3228   11.1607
   -7.5000   52.5000    0.0000 2751.1582   11.7008
    0.0000   52.5000    0.0000 2763.1211   11.6138
    7.5000   52.5000    0.0000 2727.2783   11.8183
   -7.5000   60.0000    0.0000 2574.3113   12.4996
    0.0000   60.0000    0.0000 2587.3157   12.4240
    7.5000   60.0000    0.0000 2554.5708   12.6258
   -7.5000  -30.0000    7.5000 2098.8057   18.8914
    0.0000  -30.0000    7.5000 2113.5474   18.8938
    7.5000  -30.0000    7.5000 2090.5073   19.2136
   -7.5000  -22.5000    7.5000 2254.4260   16.3861
    0.0000  -22.5000    7.5000 2268.9600   16.3462
    7.5000  -22.5000    7.5000 2243.6892   16.6824
   -7.5000  -15.0000    7.5000 2395.4614   14.4778
    0.0000  -15.0000    7.5000 2408.2295   14.3974
    7.5000  -15.0000    7.5000 2388.5938   14.7429
   -7.5000   -7.5000    7.5000 2520.9265   12.9951
    0.0000   -7.5000    7.5000 2533.7910   12.9009
    7.5000   -7.5000    7.5000 2511.6226   13.2137
   -7.5000    0.0000    7.5000 2635.9851   11.8517
    0.0000    0.0000    7.5000 2650.4502   11.7726
    7.5000    0.0000    7.5000 2629.4937   12.0520
   -7.5000    7.5000    7.5000 2762.5745   11.0415
    0.0000    7.5000    7.5000 2777.1804   10.9428
    7.5000    7.5000    7.5000 2752.1797   11.1836
   -7.5000   15.0000    7.5000 2876.6355   10.5286
    0.0000   15.0000    7.5000 2899.6309   10.4303
    7.5000   15.0000    7.5000 2858.6553   10.6069
   -7.5000   22.5000    7.5000 2979.5962   10.2874
    0.0000   22.5000    7.5000 3007.8015   10.2196
    7.5000   22.5000    7.5000 2936.7534   10.3328
   -7.5000   30.0000    7.5000 3029.6633   10.2845
    0.0000   30.0000    7.5000 3053.0452   10.1879
    7.5000   30.0000    7.5000 2965.9250   10.3133
   -7.5000   37.5000    7.5000 2986.4575   10.4708
    0.0000   37.5000    7.5000 3005.8384   10.3837
    7.5000   37.5000    7.5000 2935.7229   10.5386
   -7.5000   45.0000    7.5000 2886.2209   10.8944
    0.0000   45.0000    7.5000 2901.9541   10.7985
    7.5000   45.0000    7.5000 2859.6941   10.9925
   -7.5000   52.5000    7.5000 2757.6187   11.5172
    0.0000   52.5000    7.5000 2769.8904   11.4222
    7.5000   52.5000    7.5000 2739.3069   11.6265
   -7.5000   60.0000    7.5000 2585.1086   12.3003
    0.0000   60.0000    7.5000 2591.3577   12.2349
    7.5000   60.0000    7.5000 2561.9263   12.4190
   -7.5000  -30.0000   15.0000 2076.1851   19.1948
    0.0000  -30.0000   15.0000 2092.5737   19.2102
    7.5000  -30.0000   15.0000 2067.5312   19.5833
   -7.5000  -22.5000   15.0000 2237.3738   16.5276
    0.0000  -22.5000   15.0000 2252.2114   16.5103
    7.5000  -22.5000   15.0000 2228.0198   16.9118
   -7.5000  -15.0000   15.0000 2378.2043   14.5945
    0.0000  -15.0000   15.0000 2394.2961   14.5387
    7.5000  -15.0000   15.0000 2373.8972   14.8934
   -7.5000   -7.5000   15.0000 2502.8235   13.1201
    0.0000   -7.5000   15.0000 2518.7390   13.0540
    7.5000   -7.5000   15.0000 2498.3735   13.3725
   -7.5000    0.0000   15.0000 2618.6399   12.0217
    0.0000    0.0000   15.0000 2632.4468   11.9585
    7.5000    0.0000   15.0000 2613.2473   12.2122
   -7.5000    7.5000   15.0000 2745.7249   11.2325
    0.0000    7.5000   15.0000 2757.9089   11.1665
    7.5000    7.5000   15.0000 2732.0337   11.3635
   -7.5000   15.0000   15.0000 2858.6003   10.6941
    0.0000   15.0000   15.0000 2873.1943   10.6520
    7.5000   15.0000   15.0000 2837.5259   10.7752
   -7.5000   22.5000   15.0000 2955.4163   10.3867
    0.0000   22.5000   15.0000 2983.4536   10.3420
    7.5000   22.5000   15.0000 2915.9700   10.4327
   -7.5000   30.0000   15.0000 3002.8728   10.3533
    0.0000   30.0000   15.0000 3028.3093   10.2677
    7.5000   30.0000   15.0000 2947.0947   10.3893
   -7.5000   37.5000   15.0000 2970.3293   10.5586
    0.0000   37.5000   15.0000 2986.7437   10.4764
    7.5000   37.5000   15.0000 2921.6550   10.5974
   -7.5000   45.0000   15.0000 2869.2556   11.0267
    0.0000   45.0000   15.0000 2884.1489   10.9407
    7.5000   45.0000   15.0000 2844.2930   11.0789
   -7.5000   52.5000   15.0000 2739.0908   11.6385
    0.0000   52.5000   15.0000 2749.9146   11.5518
    7.5000   52.5000   15.0000 2718.4963   11.7327
   -7.5000   60.0000   15.0000 2564.4111   12.3787
    0.0000   60.0000   15.0000 2571.7461   12.2968
    7.5000   60.0000   15.0000 2545.0093   12.4764
   -7.5000  -30.0000   22.5000 2038.3807   19.6630
    0.0000  -30.0000   22.5000 2053.3538   19.7033
    7.5000  -30.0000   22.5000 2034.7213   20.0551
   -7.5000  -22.5000   22.5000 2206.4011   16.9312
    0.0000  -22.5000   22.5000 2220.1335   16.9465
    7.5000  -22.5000   22.5000 2201.5598   17.3074
   -7.5000  -15.0000   22.5000 2352.7917   14.9562
    0.0000  -15.0000   22.5000 2367.0725   14.9413
    7.5000  -15.0000   22.5000 2345.2888   15.2717
   -7.5000   -7.5000   22.5000 2477.2068   13.4783
    0.0000   -7.5000   22.5000 2492.0310   13.4395
    7.5000   -7.5000   22.5000 2470.7844   13.7554
   -7.5000    0.0000   22.5000 2592.6296   12.3987
    0.0000    0.0000   22.5000 2606.3811   12.3447
    7.5000    0.0000   22.5000 2586.3020   12.6151
   -7.5000    7.5000   22.5000 2715.3823   11.5988
    0.0000    7.5000   22.5000 2727.7224   11.5363
    7.5000    7.5000   22.5000 2701.5898   11.7565
   -7.5000   15.0000   22.5000 2822.7148   11.0367
    0.0000   15.0000   22.5000 2834.4465   10.9909
    7.5000   15.0000   22.5000 2802.2896   11.1518
   -7.5000   22.5000   22.5000 2899.5969   10.6818
    0.0000   22.5000   22.5000 2922.5381   10.6026
    7.5000   22.5000   22.5000 2869.3223   10.7823
   -7.5000   30.0000   22.5000 2934.5764   10.6192
    0.0000   30.0000   22.5000 2952.2244   10.5259
    7.5000   30.0000   22.5000 2900.0881   10.7036
   -7.5000   37.5000   22.5000 2912.6292   10.8090
    0.0000   37.5000   22.5000 2928.4915   10.7219
    7.5000   37.5000   22.5000 2879.0076   10.8520
   -7.5000   45.0000   22.5000 2831.1111   11.3304
    0.0000   45.0000   22.5000 2843.4292   11.2254
    7.5000   45.0000   22.5000 2804.3804   11.3499
   -7.5000   52.5000   22.5000 2699.9421   11.9577
    0.0000   52.5000   22.5000 2708.8352   11.8674
    7.5000   52.5000   22.5000 2682.5347   12.0061
   -7.5000   60.0000   22.5000 2530.0911   12.6627
    0.0000   60.0000   22.5000 2537.3755   12.5838
    7.5000   60.0000   22.5000 2510.8682   12.7308
   -7.5000  -30.0000   30.0000 1987.7173   20.4455
    0.0000  -30.0000   30.0000 1997.7572   20.4992
    7.5000  -30.0000   30.0000 1988.2137   20.8721
   -7.5000  -22.5000   30.0000 2160.9700   17.6363
    0.0000  -22.5000   30.0000 2170.4905   17.6418
    7.5000  -22.5000   30.0000 2158.4246   18.0270
   -7.5000  -15.0000   30.0000 2316.9180   15.5614
    0.0000  -15.0000   30.0000 2329.5498   15.5417
    7.5000  -15.0000   30.0000 2306.4866   15.9035
   -7.5000   -7.5000   30.0000 2444.5808   14.0270
    0.0000   -7.5000   30.0000 2460.3113   13.9816
    7.5000   -7.5000   30.0000 2438.1450   14.3271
   -7.5000    0.0000   30.0000 2559.8101   12.9373
    0.0000    0.0000   30.0000 2572.1624   12.8503
    7.5000    0.0000   30.0000 2549.8701   13.1802
   -7.5000    7.5000   30.0000 2674.8386   12.1043
    0.0000    7.5000   30.0000 2686.5310   12.0320
    7.5000    7.5000   30.0000 2663.6646   12.3334
   -7.5000   15.0000   30.0000 2768.0251   11.4951
    0.0000   15.0000   30.0000 2778.1504   11.4200
    7.5000   15.0000   30.0000 2749.2539   11.6915
   -7.5000   22.5000   30.0000 2829.5869   11.1321
    0.0000   22.5000   30.0000 2842.7737   11.0213
    7.5000   22.5000   30.0000 2805.3242   11.3045
   -7.5000   30.0000   30.0000 2848.4622   11.0572
    0.0000   30.0000   30.0000 2861.1545   10.9561
    7.5000   30.0000   30.0000 2828.3179   11.1764
   -7.5000   37.5000   30.0000 2832.0164   11.2472
    0.0000   37.5000   30.0000 2843.2693   11.1466
    7.5000   37.5000   30.0000 2808.5825   11.3083
   -7.5000   45.0000   30.0000 2764.8555   11.7772
    0.0000   45.0000   30.0000 2771.1345   11.6697
    7.5000   45.0000   30.0000 2739.0537   11.8076
   -7.5000   52.5000   30.0000 2642.1873   12.4123
    0.0000   52.5000   30.0000 2647.6199   12.3087
    7.5000   52.5000   30.0000 2626.2241   12.4624
   -7.5000   60.0000   30.0000 2480.4395   13.0921
    0.0000   60.0000   30.0000 2488.1870   13.0220
    7.5000   60.0000   30.0000 2464.9253   13.1699
   -7.5000  -30.0000   37.5000 1939.9636   21.4211
    0.0000  -30.0000   37.5000 1947.3444   21.4566
    7.5000  -30.0000   37.5000 1942.3048   21.9503
   -7.5000  -22.5000   37.5000 2114.0398   18.4775
    0.0000  -22.5000   37.5000 2124.2888   18.4476
    7.5000  -22.5000   37.5000 2110.4434   18.9187
   -7.5000  -15.0000   37.5000 2273.3440   16.3166
    0.0000  -15.0000   37.5000 2283.1367   16.2330
    7.5000  -15.0000   37.5000 2261.2441   16.6911
   -7.5000   -7.5000   37.5000 2402.8406   14.7278
    0.0000   -7.5000   37.5000 2416.7788   14.6288
    7.5000   -7.5000   37.5000 2398.9985   15.0676
   -7.5000    0.0000   37.5000 2514.7996   13.6025
    0.0000    0.0000   37.5000 2526.6279   13.5147
    7.5000    0.0000   37.5000 2507.3252   13.8929
   -7.5000    7.5000   37.5000 2623.2922   12.7682
    0.0000    7.5000   37.5000 2633.4050   12.6824
    7.5000    7.5000   37.5000 2612.1504   13.0245
   -7.5000   15.0000   37.5000 2701.2700   12.1315
    0.0000   15.0000   37.5000 2713.2554   12.0157
    7.5000   15.0000   37.5000 2683.6816   12.3819
   -7.5000   22.5000   37.5000 2754.1123   11.7482
    0.0000   22.5000   37.5000 2763.9956   11.6488
    7.5000   22.5000   37.5000 2735.8313   11.9608
   -7.5000   30.0000   37.5000 2765.7803   11.6714
    0.0000   30.0000   37.5000 2775.2761   11.5603
    7.5000   30.0000   37.5000 2748.7654   11.8179
   -7.5000   37.5000   37.5000 2747.5066   11.8476
    0.0000   37.5000   37.5000 2756.7739   11.7419
    7.5000   37.5000   37.5000 2727.6738   11.9364
   -7.5000   45.0000   37.5000 2683.9285   12.3627
    0.0000   45.0000   37.5000 2688.3303   12.2487
    7.5000   45.0000   37.5000 2661.2314   12.4165
   -7.5000   52.5000   37.5000 2569.9458   12.9746
    0.0000   52.5000   37.5000 2575.7983   12.8802
    7.5000   52.5000   37.5000 2553.7537   13.0590
   -7.5000   60.0000   37.5000 2419.8513   13.6345
    0.0000   60.0000   37.5000 2428.8386   13.5702
    7.5000   60.0000   37.5000 2404.5269   13.7399
   -7.5000  -30.0000   45.0000 1890.5466   22.7047
    0.0000  -30.0000   45.0000 1899.0757   22.6787
    7.5000  -30.0000   45.0000 1886.9854   23.2914
   -7.5000  -22.5000   45.0000 2064.3599   19.5502
    0.0000  -22.5000   45.0000 2072.9958   19.4926
    7.5000  -22.5000   45.0000 2056.1262   20.0480
   -7.5000  -15.0000   45.0000 2225.0610   17.2769
    0.0000  -15.0000   45.0000 2233.7786   17.1709
    7.5000  -15.0000   45.0000 2210.8303   17.6792
   -7.5000   -7.5000   45.0000 2354.2690   15.6115
    0.0000   -7.5000   45.0000 2365.6062   15.5000
    7.5000   -7.5000   45.0000 2344.7776   15.9796
   -7.5000    0.0000   45.0000 2458.8279   14.4400
    0.0000    0.0000   45.0000 2466.5205   14.3416
    7.5000    0.0000   45.0000 2445.4314   14.7590
   -7.5000    7.5000   45.0000 2554.0684   13.5889
    0.0000    7.5000   45.0000 2562.7026   13.4858
    7.5000    7.5000   45.0000 2540.4934   13.8777
   -7.5000   15.0000   45.0000 2620.9060   12.9605
    0.0000   15.0000   45.0000 2633.0713   12.8365
    7.5000   15.0000   45.0000 2604.4426   13.2323
   -7.5000   22.5000   45.0000 2668.8811   12.5535
    0.0000   22.5000   45.0000 2676.3015   12.4649
    7.5000   22.5000   45.0000 2652.3181   12.7894
   -7.5000   30.0000   45.0000 2672.2803   12.4519
    0.0000   30.0000   45.0000 2685.4353   12.3577
    7.5000   30.0000   45.0000 2661.1948   12.6177
   -7.5000   37.5000   45.0000 2656.3052   12.6029
    0.0000   37.5000   45.0000 2664.7361   12.5131
    7.5000   37.5000   45.0000 2639.9841   12.7285
   -7.5000   45.0000   45.0000 2604.8962   13.0703
    0.0000   45.0000   45.0000 2609.8953   12.9841
    7.5000   45.0000   45.0000 2582.7463   13.1788
   -7.5000   52.5000   45.0000 2499.8464   13.6462
    0.0000   52.5000   45.0000 2506.6794   13.5787
    7.5000   52.5000   45.0000 2482.6912   13.7821
   -7.5000   60.0000   45.0000 2354.6501   14.3384
    0.0000   60.0000   45.0000 2358.2732   14.2709
    7.5000   60.0000   45.0000 2336.4666   14.4755

---------------------------------------------------------------------
imgreg_4dfp /opt/freesurfer/average/711-2C_as_mni_average_305 /opt/freesurfer/average/711-2B_as_mni_average_305_mask talsrcimg_g11 none talsrcimg_to_711-2C_as_mni_average_305_t4 1283
---------------------------------------------------------------------

freesurfer imgreg_4dfp.c
/opt/freesurfer/average/711-2C_as_mni_average_305.4dfp.img
       256       256       256         1
  1.000000  1.000000  1.000000
orientation T byte_order littleendian
Reading image: /opt/freesurfer/average/711-2C_as_mni_average_305.4dfp.img
dimensions:      256       256       256
mmppix:       1.0000   -1.0000   -1.0000
center:     128.0000 -129.0000 -129.0000
/opt/freesurfer/average/711-2B_as_mni_average_305_mask.4dfp.img
       256       256       256         1
  1.000000  1.000000  1.000000
orientation T byte_order littleendian
Reading mask: /opt/freesurfer/average/711-2B_as_mni_average_305_mask.4dfp.img (2306576 pixels)
talsrcimg_g11.4dfp.img
       256       256       256         1
  1.000000  1.000000  1.000000
orientation T byte_order littleendian
Reading image: talsrcimg_g11.4dfp.img
dimensions:      256       256       256
mmppix:       1.0000   -1.0000   -1.0000
center:     128.0000 -129.0000 -129.0000
rotation matrix determinant  1.000000
fimgreg.f
image alignment mode   1283 decimal      503 hex
parameters
    0.0000   30.0000    7.5000    0.0000    0.0000    0.0000
eta,q 0.95832 10.16084
niter,ni,del,rscale     5    3   12.0000    1.2000
parameters
   -2.4133   30.0801    9.2062   -2.4506    1.7553   -0.6051
eta,q 0.96239 10.15920
  0.0445  0.0499  0.0498  0.0387  0.0490  0.0408
  0.0396  0.0460  0.0454  0.0390  0.0438  0.0389
  0.0382  0.0417  0.0405  0.0381  0.0407  0.0378
  0.0407  0.0380  0.0378  0.0376  0.0385  0.0377
  0.0472  0.0390  0.0375  0.0401  0.0377  0.0383
  0.0547  0.0441  0.0385  0.0440  0.0386  0.0396
  0.0627  0.0511  0.0417  0.0481  0.0413  0.0426
niter,ni,del,rscale     4    3   12.0000    1.2000
parameters
   -2.7947   30.9664    8.4979   -3.9844    2.2991   -0.9305
eta,q 0.96318 10.16455
  0.0530  0.0502  0.0440  0.0377  0.0449  0.0405
  0.0438  0.0454  0.0393  0.0368  0.0414  0.0381
  0.0386  0.0411  0.0368  0.0371  0.0387  0.0368
  0.0376  0.0375  0.0362  0.0362  0.0371  0.0369
  0.0407  0.0358  0.0379  0.0361  0.0370  0.0376
  0.0473  0.0393  0.0427  0.0391  0.0390  0.0387
  0.0567  0.0460  0.0489  0.0439  0.0431  0.0412
niter,ni,del,rscale     3    3   12.0000    1.2000
parameters
   -3.0000   31.3891    8.3129   -4.0013    2.4401   -0.9715
eta,q 0.96348 10.16576
  0.0542  0.0491  0.0466  0.0394  0.0440  0.0408
  0.0443  0.0437  0.0409  0.0374  0.0407  0.0381
  0.0385  0.0387  0.0373  0.0367  0.0380  0.0365
  0.0368  0.0368  0.0366  0.0366  0.0366  0.0365
  0.0397  0.0367  0.0380  0.0355  0.0368  0.0372
  0.0468  0.0404  0.0418  0.0365  0.0394  0.0383
  0.0560  0.0469  0.0479  0.0404  0.0442  0.0406
niter,ni,del,rscale     2    3   12.0000    1.2000
parameters
   -3.0681   31.4435    8.3083   -3.9611    2.4821   -0.9835
eta,q 0.96353 10.16535
  0.0549  0.0482  0.0472  0.0395  0.0438  0.0409
  0.0446  0.0424  0.0414  0.0374  0.0404  0.0381
  0.0386  0.0381  0.0374  0.0367  0.0378  0.0365
  0.0365  0.0365  0.0365  0.0365  0.0365  0.0365
  0.0390  0.0371  0.0378  0.0354  0.0368  0.0372
  0.0459  0.0416  0.0413  0.0365  0.0396  0.0383
  0.0552  0.0484  0.0472  0.0404  0.0444  0.0406
niter,ni,del,rscale     1    3   12.0000    1.2000
parameters
   -3.0847   31.4432    8.3102   -3.9539    2.4925   -0.9859
eta,q 0.96354 10.16513
  0.0552  0.0480  0.0472  0.0395  0.0438  0.0409
  0.0448  0.0423  0.0414  0.0374  0.0404  0.0381
  0.0386  0.0380  0.0374  0.0367  0.0378  0.0365
  0.0365  0.0365  0.0365  0.0365  0.0365  0.0365
  0.0388  0.0371  0.0377  0.0354  0.0368  0.0372
  0.0456  0.0418  0.0412  0.0365  0.0396  0.0383
  0.0549  0.0486  0.0471  0.0404  0.0445  0.0406
registration optimization eta report
parameter search radius
    6.0000    6.0000    6.0000    6.0000    6.0000    6.0000
100000*second partial in parameter space
       51.       33.       30.       11.       21.       12.
  0.0552  0.0480  0.0472  0.0395  0.0438  0.0409
  0.0448  0.0423  0.0414  0.0374  0.0404  0.0381
  0.0386  0.0380  0.0374  0.0367  0.0378  0.0365
  0.0365  0.0365  0.0365  0.0365  0.0365  0.0365
  0.0388  0.0371  0.0377  0.0354  0.0368  0.0372
  0.0456  0.0418  0.0412  0.0365  0.0396  0.0383
  0.0549  0.0486  0.0471  0.0404  0.0445  0.0406
   -3.0847   31.4432    8.3102   -3.9539    2.4925   -0.9859
eta,q 0.96354 10.16513

---------------------------------------------------------------------
imgreg_4dfp /opt/freesurfer/average/711-2C_as_mni_average_305 /opt/freesurfer/average/711-2B_as_mni_average_305_mask talsrcimg_g11 none talsrcimg_to_711-2C_as_mni_average_305_t4 3335
---------------------------------------------------------------------

freesurfer imgreg_4dfp.c
/opt/freesurfer/average/711-2C_as_mni_average_305.4dfp.img
       256       256       256         1
  1.000000  1.000000  1.000000
orientation T byte_order littleendian
Reading image: /opt/freesurfer/average/711-2C_as_mni_average_305.4dfp.img
dimensions:      256       256       256
mmppix:       1.0000   -1.0000   -1.0000
center:     128.0000 -129.0000 -129.0000
/opt/freesurfer/average/711-2B_as_mni_average_305_mask.4dfp.img
       256       256       256         1
  1.000000  1.000000  1.000000
orientation T byte_order littleendian
Reading mask: /opt/freesurfer/average/711-2B_as_mni_average_305_mask.4dfp.img (2306576 pixels)
talsrcimg_g11.4dfp.img
       256       256       256         1
  1.000000  1.000000  1.000000
orientation T byte_order littleendian
Reading image: talsrcimg_g11.4dfp.img
dimensions:      256       256       256
mmppix:       1.0000   -1.0000   -1.0000
center:     128.0000 -129.0000 -129.0000
fimgreg.f
image alignment mode   3335 decimal      D07 hex
parameters
   -3.0847   31.4432    8.3102   -0.1094   -0.2579   -0.3324
    2.0164   -4.2192   -1.7190    6.9689    4.3488   -6.8888
eta,q 0.96560 10.20745
niter,ni,del,rscale     5    3    5.0000    1.2000
parameter  4  0.740968 ->  0.500000 qaram    1.1500
parameter  5  2.007481 ->  0.500000 qaram    1.1500
parameter  6  0.518104 ->  0.500000 qaram    1.1500
parameters
   -3.0760   31.5442    8.5848   -4.2494   -4.3979   -4.4724
    1.0207   -2.8057    0.8287    4.1474    2.4855  -10.0513
eta,q 0.97458  9.77044
  0.0381  0.0369  0.0371  0.0326  0.0251  0.0270  0.0287  0.0325  0.0307  0.0271  0.0263  0.0259
  0.0361  0.0355  0.0358  0.0322  0.0267  0.0268  0.0275  0.0298  0.0289  0.0261  0.0259  0.0255
  0.0348  0.0347  0.0349  0.0327  0.0292  0.0269  0.0268  0.0278  0.0275  0.0257  0.0257  0.0254
  0.0344  0.0344  0.0344  0.0344  0.0323  0.0273  0.0268  0.0267  0.0266  0.0262  0.0258  0.0257
  0.0348  0.0346  0.0345  0.0371  0.0355  0.0292  0.0274  0.0266  0.0262  0.0278  0.0261  0.0263
  0.0361  0.0352  0.0351  0.0407  0.0393  0.0324  0.0285  0.0275  0.0264  0.0300  0.0266  0.0272
  0.0381  0.0365  0.0362  0.0445  0.0439  0.0365  0.0301  0.0293  0.0274  0.0326  0.0274  0.0282
niter,ni,del,rscale     7    3    5.0000    1.2000
parameter  5  0.900196 ->  0.500000 qaram    1.3225
parameters
   -2.8276   31.2543    8.2038   -5.4143   -9.1589   -5.5148
    0.7890   -2.6649    1.0364    4.3144    2.0191   -9.9290
eta,q 0.97748  9.49518
  0.0299  0.0278  0.0264  0.0280  0.0224  0.0243  0.0249  0.0268  0.0251  0.0264  0.0233  0.0239
  0.0276  0.0262  0.0257  0.0268  0.0223  0.0231  0.0236  0.0245  0.0237  0.0244  0.0229  0.0232
  0.0261  0.0254  0.0253  0.0258  0.0236  0.0226  0.0228  0.0230  0.0229  0.0230  0.0226  0.0227
  0.0254  0.0254  0.0253  0.0253  0.0254  0.0226  0.0225  0.0225  0.0225  0.0225  0.0225  0.0225
  0.0256  0.0261  0.0256  0.0258  0.0283  0.0228  0.0229  0.0230  0.0227  0.0230  0.0226  0.0227
  0.0266  0.0274  0.0264  0.0277  0.0322  0.0236  0.0238  0.0244  0.0235  0.0241  0.0230  0.0231
  0.0284  0.0292  0.0275  0.0311  0.0365  0.0261  0.0252  0.0265  0.0248  0.0260  0.0236  0.0238
niter,ni,del,rscale     7    3    5.0000    1.2000
parameters
   -2.7035   31.2012    8.4345   -4.8026  -12.0067   -5.2620
    0.6697   -2.5527    1.1789    4.5943    2.0786   -9.9001
eta,q 0.97806  9.40971
  0.0262  0.0255  0.0244  0.0255  0.0244  0.0244  0.0243  0.0262  0.0242  0.0258  0.0228  0.0233
  0.0243  0.0239  0.0234  0.0243  0.0229  0.0230  0.0230  0.0240  0.0230  0.0240  0.0224  0.0225
  0.0230  0.0229  0.0228  0.0234  0.0220  0.0222  0.0222  0.0225  0.0222  0.0227  0.0221  0.0221
  0.0225  0.0225  0.0225  0.0225  0.0224  0.0220  0.0220  0.0220  0.0220  0.0220  0.0219  0.0219
  0.0228  0.0229  0.0226  0.0222  0.0241  0.0222  0.0223  0.0224  0.0222  0.0222  0.0220  0.0221
  0.0238  0.0240  0.0230  0.0231  0.0268  0.0226  0.0231  0.0238  0.0229  0.0236  0.0223  0.0225
  0.0255  0.0259  0.0238  0.0254  0.0312  0.0242  0.0244  0.0259  0.0241  0.0254  0.0228  0.0232
niter,ni,del,rscale     6    3    5.0000    1.2000
parameters
   -2.7066   31.1020    8.7930   -4.5979  -12.4283   -4.8416
    0.6597   -2.5465    1.1172    4.6292    2.1266   -9.5874
eta,q 0.97812  9.41879
  0.0252  0.0249  0.0239  0.0245  0.0262  0.0244  0.0243  0.0260  0.0240  0.0256  0.0228  0.0233
  0.0234  0.0232  0.0229  0.0235  0.0241  0.0231  0.0229  0.0238  0.0228  0.0238  0.0223  0.0226
  0.0223  0.0222  0.0223  0.0226  0.0226  0.0222  0.0221  0.0224  0.0221  0.0225  0.0220  0.0221
  0.0219  0.0219  0.0219  0.0219  0.0218  0.0219  0.0219  0.0219  0.0219  0.0219  0.0219  0.0219
  0.0223  0.0224  0.0219  0.0217  0.0225  0.0220  0.0222  0.0224  0.0222  0.0223  0.0220  0.0220
  0.0234  0.0236  0.0223  0.0226  0.0244  0.0224  0.0230  0.0238  0.0229  0.0237  0.0223  0.0224
  0.0252  0.0253  0.0230  0.0250  0.0274  0.0242  0.0243  0.0260  0.0241  0.0256  0.0228  0.0231
niter,ni,del,rscale     5    3    5.0000    1.2000
parameters
   -2.7271   31.0521    8.9343   -4.5575  -12.4893   -4.7814
    0.6442   -2.5545    1.0846    4.5805    2.1642   -9.4239
eta,q 0.97813  9.42005
  0.0251  0.0249  0.0236  0.0245  0.0265  0.0243  0.0243  0.0260  0.0240  0.0255  0.0228  0.0233
  0.0233  0.0232  0.0227  0.0234  0.0243  0.0230  0.0229  0.0238  0.0228  0.0237  0.0223  0.0225
  0.0222  0.0222  0.0221  0.0226  0.0228  0.0221  0.0221  0.0223  0.0221  0.0224  0.0220  0.0220
  0.0219  0.0219  0.0219  0.0219  0.0219  0.0219  0.0219  0.0219  0.0219  0.0219  0.0219  0.0219
  0.0223  0.0223  0.0220  0.0217  0.0223  0.0220  0.0222  0.0224  0.0221  0.0223  0.0220  0.0220
  0.0234  0.0235  0.0224  0.0227  0.0241  0.0225  0.0230  0.0238  0.0229  0.0237  0.0223  0.0225
  0.0252  0.0251  0.0233  0.0252  0.0269  0.0245  0.0243  0.0260  0.0241  0.0257  0.0228  0.0231
niter,ni,del,rscale     4    3    5.0000    1.2000
parameters
   -2.7347   31.0318    8.9659   -4.5499  -12.4962   -4.7688
    0.6385   -2.5558    1.0727    4.5535    2.1875   -9.3664
eta,q 0.97813  9.42043
  0.0251  0.0250  0.0235  0.0245  0.0265  0.0243  0.0243  0.0260  0.0241  0.0255  0.0228  0.0232
  0.0233  0.0232  0.0226  0.0234  0.0243  0.0230  0.0229  0.0238  0.0229  0.0237  0.0223  0.0225
  0.0222  0.0222  0.0221  0.0226  0.0228  0.0221  0.0221  0.0223  0.0221  0.0225  0.0220  0.0220
  0.0219  0.0219  0.0219  0.0219  0.0219  0.0219  0.0219  0.0219  0.0219  0.0219  0.0219  0.0219
  0.0222  0.0223  0.0220  0.0218  0.0223  0.0220  0.0222  0.0224  0.0221  0.0222  0.0219  0.0220
  0.0234  0.0234  0.0225  0.0227  0.0241  0.0225  0.0230  0.0238  0.0229  0.0237  0.0223  0.0225
  0.0252  0.0250  0.0234  0.0252  0.0269  0.0246  0.0243  0.0260  0.0241  0.0257  0.0228  0.0232
niter,ni,del,rscale     3    3    5.0000    1.2000
parameters
   -2.7361   31.0242    8.9729   -4.5506  -12.4991   -4.7719
    0.6365   -2.5568    1.0735    4.5407    2.1963   -9.3450
eta,q 0.97814  9.41995
  0.0252  0.0250  0.0234  0.0245  0.0265  0.0243  0.0243  0.0260  0.0241  0.0255  0.0228  0.0232
  0.0234  0.0233  0.0226  0.0234  0.0243  0.0230  0.0229  0.0238  0.0229  0.0237  0.0223  0.0225
  0.0222  0.0222  0.0221  0.0226  0.0228  0.0221  0.0221  0.0223  0.0221  0.0225  0.0220  0.0220
  0.0219  0.0219  0.0219  0.0219  0.0219  0.0219  0.0219  0.0219  0.0219  0.0219  0.0219  0.0219
  0.0222  0.0223  0.0220  0.0218  0.0223  0.0220  0.0221  0.0224  0.0221  0.0222  0.0220  0.0220
  0.0234  0.0234  0.0226  0.0227  0.0241  0.0225  0.0230  0.0238  0.0229  0.0237  0.0223  0.0225
  0.0252  0.0250  0.0234  0.0252  0.0269  0.0246  0.0243  0.0260  0.0241  0.0256  0.0229  0.0232
registration optimization eta report
parameter search radius
    2.4000    2.4000    2.4000    8.2800    9.5220    8.2800
    7.2000    7.2000    7.2000    7.2000    7.2000    7.2000
100000*second partial in parameter space
       57.       54.       27.        4.        5.        4.
        5.        8.        4.        7.        2.        3.
  0.0252  0.0250  0.0234  0.0245  0.0265  0.0243  0.0243  0.0260  0.0241  0.0255  0.0228  0.0232
  0.0234  0.0233  0.0226  0.0234  0.0243  0.0230  0.0229  0.0238  0.0229  0.0237  0.0223  0.0225
  0.0222  0.0222  0.0221  0.0226  0.0228  0.0221  0.0221  0.0223  0.0221  0.0225  0.0220  0.0220
  0.0219  0.0219  0.0219  0.0219  0.0219  0.0219  0.0219  0.0219  0.0219  0.0219  0.0219  0.0219
  0.0222  0.0223  0.0220  0.0218  0.0223  0.0220  0.0221  0.0224  0.0221  0.0222  0.0220  0.0220
  0.0234  0.0234  0.0226  0.0227  0.0241  0.0225  0.0230  0.0238  0.0229  0.0237  0.0223  0.0225
  0.0252  0.0250  0.0234  0.0252  0.0269  0.0246  0.0243  0.0260  0.0241  0.0256  0.0229  0.0232
   -2.7361   31.0242    8.9729   -4.5506  -12.4991   -4.7719
    0.6365   -2.5568    1.0735    4.5407    2.1963   -9.3450
eta,q 0.97814  9.41995

---------------------------------------------------------------------
imgreg_4dfp /opt/freesurfer/average/711-2C_as_mni_average_305 /opt/freesurfer/average/711-2B_as_mni_average_305_mask talsrcimg_g11 none talsrcimg_to_711-2C_as_mni_average_305_t4 2311
---------------------------------------------------------------------

freesurfer imgreg_4dfp.c
/opt/freesurfer/average/711-2C_as_mni_average_305.4dfp.img
       256       256       256         1
  1.000000  1.000000  1.000000
orientation T byte_order littleendian
Reading image: /opt/freesurfer/average/711-2C_as_mni_average_305.4dfp.img
dimensions:      256       256       256
mmppix:       1.0000   -1.0000   -1.0000
center:     128.0000 -129.0000 -129.0000
/opt/freesurfer/average/711-2B_as_mni_average_305_mask.4dfp.img
       256       256       256         1
  1.000000  1.000000  1.000000
orientation T byte_order littleendian
Reading mask: /opt/freesurfer/average/711-2B_as_mni_average_305_mask.4dfp.img (2306576 pixels)
talsrcimg_g11.4dfp.img
       256       256       256         1
  1.000000  1.000000  1.000000
orientation T byte_order littleendian
Reading image: talsrcimg_g11.4dfp.img
dimensions:      256       256       256
mmppix:       1.0000   -1.0000   -1.0000
center:     128.0000 -129.0000 -129.0000
fimgreg.f
image alignment mode   2311 decimal      907 hex
parameters
   -2.7361   31.0242    8.9729   -4.5506  -12.4991   -4.7719
    0.6365   -2.5568    1.0735    4.5407    2.1963   -9.3450
eta,q 0.97814  9.41995
niter,ni,del,rscale     5    3    5.0000    0.8000
parameters
   -2.7373   30.9900    8.9991   -3.1195  -12.0945   -3.9608
    0.6813   -2.4552    1.0282    4.6717    2.1998   -9.2581
eta,q 0.97836  9.52589
  0.0234  0.0233  0.0226  0.0232  0.0233  0.0226  0.0228  0.0237  0.0227  0.0236  0.0221  0.0223
  0.0225  0.0225  0.0222  0.0227  0.0226  0.0221  0.0222  0.0226  0.0221  0.0226  0.0219  0.0219
  0.0220  0.0220  0.0220  0.0223  0.0221  0.0218  0.0218  0.0219  0.0218  0.0220  0.0217  0.0217
  0.0219  0.0219  0.0219  0.0219  0.0217  0.0217  0.0216  0.0216  0.0216  0.0216  0.0216  0.0216
  0.0220  0.0221  0.0219  0.0217  0.0217  0.0217  0.0218  0.0218  0.0218  0.0218  0.0217  0.0217
  0.0225  0.0226  0.0222  0.0218  0.0222  0.0218  0.0222  0.0225  0.0222  0.0224  0.0218  0.0219
  0.0234  0.0234  0.0226  0.0223  0.0230  0.0221  0.0228  0.0236  0.0228  0.0235  0.0221  0.0222
niter,ni,del,rscale     4    3    5.0000    0.7000
parameters
   -2.8362   31.0097    9.1064   -3.1068  -12.0259   -3.7847
    0.7088   -2.5208    1.0190    4.7160    2.1748   -9.1783
eta,q 0.97839  9.53836
  0.0227  0.0229  0.0223  0.0226  0.0229  0.0222  0.0226  0.0231  0.0225  0.0231  0.0220  0.0221
  0.0221  0.0222  0.0219  0.0222  0.0223  0.0218  0.0220  0.0223  0.0220  0.0224  0.0218  0.0218
  0.0217  0.0218  0.0217  0.0218  0.0219  0.0217  0.0217  0.0218  0.0217  0.0219  0.0217  0.0217
  0.0216  0.0216  0.0216  0.0216  0.0216  0.0216  0.0216  0.0216  0.0216  0.0216  0.0216  0.0216
  0.0218  0.0218  0.0217  0.0217  0.0217  0.0217  0.0217  0.0218  0.0217  0.0217  0.0217  0.0217
  0.0223  0.0221  0.0218  0.0220  0.0222  0.0218  0.0220  0.0223  0.0220  0.0223  0.0218  0.0218
  0.0230  0.0228  0.0221  0.0228  0.0229  0.0221  0.0225  0.0232  0.0225  0.0231  0.0220  0.0221
niter,ni,del,rscale     3    3    5.0000    0.6000
parameters
   -2.8548   31.0108    9.1288   -2.9703  -11.9630   -3.7389
    0.7029   -2.5227    1.0166    4.7398    2.1993   -9.1245
eta,q 0.97840  9.54773
  0.0225  0.0225  0.0220  0.0225  0.0226  0.0220  0.0223  0.0227  0.0222  0.0227  0.0219  0.0220
  0.0220  0.0220  0.0218  0.0221  0.0222  0.0217  0.0219  0.0221  0.0219  0.0222  0.0217  0.0218
  0.0217  0.0217  0.0217  0.0218  0.0218  0.0216  0.0217  0.0217  0.0217  0.0218  0.0216  0.0217
  0.0216  0.0216  0.0216  0.0216  0.0216  0.0216  0.0216  0.0216  0.0216  0.0216  0.0216  0.0216
  0.0217  0.0217  0.0216  0.0216  0.0217  0.0216  0.0217  0.0217  0.0217  0.0217  0.0216  0.0216
  0.0220  0.0220  0.0218  0.0219  0.0220  0.0218  0.0219  0.0221  0.0219  0.0221  0.0217  0.0217
  0.0225  0.0225  0.0220  0.0224  0.0226  0.0219  0.0223  0.0228  0.0222  0.0228  0.0219  0.0219
niter,ni,del,rscale     2    3    5.0000    0.5000
parameters
   -2.8676   31.0142    9.1369   -2.8823  -11.8989   -3.7484
    0.7071   -2.5232    1.0108    4.7645    2.2485   -9.1012
eta,q 0.97841  9.55324
  0.0222  0.0222  0.0219  0.0222  0.0223  0.0218  0.0221  0.0224  0.0221  0.0224  0.0218  0.0218
  0.0219  0.0219  0.0217  0.0219  0.0220  0.0217  0.0218  0.0219  0.0218  0.0220  0.0217  0.0217
  0.0217  0.0217  0.0216  0.0217  0.0217  0.0216  0.0217  0.0217  0.0216  0.0217  0.0216  0.0216
  0.0216  0.0216  0.0216  0.0216  0.0216  0.0216  0.0216  0.0216  0.0216  0.0216  0.0216  0.0216
  0.0217  0.0217  0.0216  0.0216  0.0217  0.0216  0.0216  0.0217  0.0216  0.0217  0.0216  0.0216
  0.0219  0.0219  0.0217  0.0218  0.0219  0.0217  0.0218  0.0219  0.0218  0.0220  0.0217  0.0217
  0.0223  0.0222  0.0219  0.0222  0.0223  0.0218  0.0221  0.0224  0.0221  0.0224  0.0218  0.0218
niter,ni,del,rscale     1    3    5.0000    0.4000
parameters
   -2.8753   31.0190    9.1327   -2.8025  -11.8338   -3.7964
    0.7057   -2.5127    1.0033    4.7799    2.2711   -9.0496
eta,q 0.97841  9.55669
  0.0220  0.0220  0.0218  0.0220  0.0221  0.0217  0.0219  0.0221  0.0219  0.0221  0.0217  0.0218
  0.0218  0.0218  0.0217  0.0218  0.0219  0.0216  0.0217  0.0218  0.0217  0.0219  0.0217  0.0217
  0.0216  0.0216  0.0216  0.0217  0.0217  0.0216  0.0216  0.0216  0.0216  0.0217  0.0216  0.0216
  0.0216  0.0216  0.0216  0.0216  0.0216  0.0216  0.0216  0.0216  0.0216  0.0216  0.0216  0.0216
  0.0217  0.0216  0.0216  0.0216  0.0216  0.0216  0.0216  0.0216  0.0216  0.0216  0.0216  0.0216
  0.0218  0.0218  0.0217  0.0217  0.0218  0.0217  0.0217  0.0218  0.0217  0.0218  0.0216  0.0217
  0.0220  0.0220  0.0218  0.0220  0.0221  0.0217  0.0219  0.0221  0.0219  0.0221  0.0217  0.0217
registration optimization eta report
parameter search radius
    0.8000    0.8000    0.8000    2.4000    2.4000    2.4000
    2.4000    2.4000    2.4000    2.4000    2.4000    2.4000
100000*second partial in parameter space
       64.       64.       30.        7.        9.        3.
        5.        9.        5.       10.        2.        3.
  0.0220  0.0220  0.0218  0.0220  0.0221  0.0217  0.0219  0.0221  0.0219  0.0221  0.0217  0.0218
  0.0218  0.0218  0.0217  0.0218  0.0219  0.0216  0.0217  0.0218  0.0217  0.0219  0.0217  0.0217
  0.0216  0.0216  0.0216  0.0217  0.0217  0.0216  0.0216  0.0216  0.0216  0.0217  0.0216  0.0216
  0.0216  0.0216  0.0216  0.0216  0.0216  0.0216  0.0216  0.0216  0.0216  0.0216  0.0216  0.0216
  0.0217  0.0216  0.0216  0.0216  0.0216  0.0216  0.0216  0.0216  0.0216  0.0216  0.0216  0.0216
  0.0218  0.0218  0.0217  0.0217  0.0218  0.0217  0.0217  0.0218  0.0217  0.0218  0.0216  0.0217
  0.0220  0.0220  0.0218  0.0220  0.0221  0.0217  0.0219  0.0221  0.0219  0.0221  0.0217  0.0217
   -2.8753   31.0190    9.1327   -2.8025  -11.8338   -3.7964
    0.7057   -2.5127    1.0033    4.7799    2.2711   -9.0496
eta,q 0.97841  9.55669

---------------------------------------------------------------------
imgreg_4dfp /opt/freesurfer/average/711-2C_as_mni_average_305 /opt/freesurfer/average/711-2B_as_mni_average_305_mask talsrcimg_g11 none talsrcimg_to_711-2C_as_mni_average_305_t4 2311
---------------------------------------------------------------------

freesurfer imgreg_4dfp.c
/opt/freesurfer/average/711-2C_as_mni_average_305.4dfp.img
       256       256       256         1
  1.000000  1.000000  1.000000
orientation T byte_order littleendian
Reading image: /opt/freesurfer/average/711-2C_as_mni_average_305.4dfp.img
dimensions:      256       256       256
mmppix:       1.0000   -1.0000   -1.0000
center:     128.0000 -129.0000 -129.0000
/opt/freesurfer/average/711-2B_as_mni_average_305_mask.4dfp.img
       256       256       256         1
  1.000000  1.000000  1.000000
orientation T byte_order littleendian
Reading mask: /opt/freesurfer/average/711-2B_as_mni_average_305_mask.4dfp.img (2306576 pixels)
talsrcimg_g11.4dfp.img
       256       256       256         1
  1.000000  1.000000  1.000000
orientation T byte_order littleendian
Reading image: talsrcimg_g11.4dfp.img
dimensions:      256       256       256
mmppix:       1.0000   -1.0000   -1.0000
center:     128.0000 -129.0000 -129.0000
fimgreg.f
image alignment mode   2311 decimal      907 hex
parameters
   -2.8753   31.0190    9.1327   -2.8025  -11.8338   -3.7964
    0.7057   -2.5127    1.0033    4.7799    2.2711   -9.0496
eta,q 0.97841  9.55669
niter,ni,del,rscale     5    3    5.0000    0.8000
parameters
   -2.8561   31.0288    9.1025   -3.2236  -12.0650   -3.8412
    0.6943   -2.5360    1.0070    4.6928    2.1866   -9.2157
eta,q 0.97837  9.53046
  0.0233  0.0232  0.0223  0.0227  0.0230  0.0223  0.0228  0.0236  0.0227  0.0234  0.0221  0.0222
  0.0223  0.0223  0.0219  0.0222  0.0224  0.0219  0.0221  0.0225  0.0221  0.0225  0.0218  0.0219
  0.0218  0.0218  0.0217  0.0218  0.0219  0.0217  0.0218  0.0218  0.0217  0.0219  0.0217  0.0217
  0.0216  0.0216  0.0216  0.0216  0.0216  0.0216  0.0216  0.0216  0.0216  0.0216  0.0216  0.0216
  0.0218  0.0218  0.0217  0.0218  0.0218  0.0217  0.0218  0.0219  0.0217  0.0218  0.0217  0.0217
  0.0223  0.0223  0.0219  0.0224  0.0225  0.0219  0.0222  0.0225  0.0221  0.0226  0.0219  0.0219
  0.0232  0.0231  0.0224  0.0235  0.0234  0.0224  0.0228  0.0236  0.0227  0.0236  0.0221  0.0223
niter,ni,del,rscale     4    3    5.0000    0.7000
parameters
   -2.8427   31.0122    9.1186   -3.1064  -12.0284   -3.7789
    0.6986   -2.5249    1.0094    4.7151    2.1781   -9.1706
eta,q 0.97839  9.53861
  0.0229  0.0228  0.0222  0.0227  0.0229  0.0221  0.0225  0.0232  0.0225  0.0231  0.0220  0.0221
  0.0222  0.0221  0.0219  0.0222  0.0223  0.0218  0.0220  0.0223  0.0220  0.0224  0.0218  0.0218
  0.0218  0.0217  0.0217  0.0218  0.0219  0.0217  0.0217  0.0218  0.0217  0.0218  0.0217  0.0217
  0.0216  0.0216  0.0216  0.0216  0.0216  0.0216  0.0216  0.0216  0.0216  0.0216  0.0216  0.0216
  0.0218  0.0218  0.0217  0.0217  0.0217  0.0217  0.0217  0.0218  0.0217  0.0217  0.0217  0.0217
  0.0222  0.0222  0.0219  0.0220  0.0222  0.0218  0.0220  0.0223  0.0220  0.0223  0.0218  0.0218
  0.0228  0.0228  0.0222  0.0227  0.0229  0.0221  0.0225  0.0232  0.0225  0.0231  0.0220  0.0221
niter,ni,del,rscale     3    3    5.0000    0.6000
parameters
   -2.8543   31.0109    9.1308   -2.9650  -11.9665   -3.7269
    0.7101   -2.5175    1.0122    4.7402    2.1940   -9.1185
eta,q 0.97840  9.54828
  0.0225  0.0225  0.0220  0.0225  0.0226  0.0220  0.0223  0.0228  0.0222  0.0227  0.0219  0.0220
  0.0220  0.0220  0.0218  0.0221  0.0222  0.0218  0.0219  0.0221  0.0219  0.0222  0.0217  0.0218
  0.0217  0.0217  0.0217  0.0218  0.0218  0.0216  0.0217  0.0217  0.0217  0.0218  0.0216  0.0217
  0.0216  0.0216  0.0216  0.0216  0.0216  0.0216  0.0216  0.0216  0.0216  0.0216  0.0216  0.0216
  0.0217  0.0217  0.0217  0.0216  0.0217  0.0216  0.0217  0.0217  0.0217  0.0217  0.0216  0.0216
  0.0220  0.0220  0.0218  0.0219  0.0220  0.0218  0.0219  0.0221  0.0219  0.0221  0.0217  0.0217
  0.0225  0.0225  0.0220  0.0224  0.0226  0.0219  0.0223  0.0227  0.0222  0.0228  0.0219  0.0220
niter,ni,del,rscale     2    3    5.0000    0.5000
parameters
   -2.8668   31.0134    9.1387   -2.8788  -11.8990   -3.7444
    0.7046   -2.5236    1.0138    4.7595    2.2400   -9.0999
eta,q 0.97841  9.55343
  0.0222  0.0222  0.0219  0.0222  0.0223  0.0218  0.0221  0.0224  0.0221  0.0224  0.0218  0.0218
  0.0219  0.0219  0.0217  0.0219  0.0220  0.0217  0.0218  0.0219  0.0218  0.0220  0.0217  0.0217
  0.0217  0.0217  0.0216  0.0217  0.0217  0.0216  0.0217  0.0217  0.0216  0.0217  0.0216  0.0216
  0.0216  0.0216  0.0216  0.0216  0.0216  0.0216  0.0216  0.0216  0.0216  0.0216  0.0216  0.0216
  0.0217  0.0217  0.0216  0.0216  0.0216  0.0216  0.0217  0.0217  0.0216  0.0217  0.0216  0.0216
  0.0219  0.0219  0.0217  0.0218  0.0219  0.0217  0.0218  0.0219  0.0218  0.0220  0.0217  0.0217
  0.0223  0.0222  0.0219  0.0222  0.0223  0.0218  0.0221  0.0224  0.0220  0.0224  0.0218  0.0218
niter,ni,del,rscale     1    3    5.0000    0.4000
parameters
   -2.8768   31.0174    9.1329   -2.8053  -11.8342   -3.7817
    0.7055   -2.5159    1.0060    4.7812    2.2621   -9.0517
eta,q 0.97841  9.55724
  0.0220  0.0220  0.0218  0.0220  0.0221  0.0217  0.0219  0.0221  0.0219  0.0221  0.0217  0.0218
  0.0218  0.0218  0.0217  0.0218  0.0219  0.0216  0.0217  0.0218  0.0217  0.0219  0.0217  0.0217
  0.0216  0.0216  0.0216  0.0217  0.0217  0.0216  0.0216  0.0216  0.0216  0.0217  0.0216  0.0216
  0.0216  0.0216  0.0216  0.0216  0.0216  0.0216  0.0216  0.0216  0.0216  0.0216  0.0216  0.0216
  0.0217  0.0216  0.0216  0.0216  0.0216  0.0216  0.0216  0.0217  0.0216  0.0216  0.0216  0.0216
  0.0218  0.0218  0.0217  0.0217  0.0218  0.0217  0.0217  0.0218  0.0217  0.0218  0.0216  0.0217
  0.0220  0.0220  0.0218  0.0220  0.0221  0.0217  0.0219  0.0221  0.0219  0.0221  0.0217  0.0217
registration optimization eta report
parameter search radius
    0.8000    0.8000    0.8000    2.4000    2.4000    2.4000
    2.4000    2.4000    2.4000    2.4000    2.4000    2.4000
100000*second partial in parameter space
       65.       64.       29.        7.        9.        3.
        5.        9.        5.        9.        2.        3.
  0.0220  0.0220  0.0218  0.0220  0.0221  0.0217  0.0219  0.0221  0.0219  0.0221  0.0217  0.0218
  0.0218  0.0218  0.0217  0.0218  0.0219  0.0216  0.0217  0.0218  0.0217  0.0219  0.0217  0.0217
  0.0216  0.0216  0.0216  0.0217  0.0217  0.0216  0.0216  0.0216  0.0216  0.0217  0.0216  0.0216
  0.0216  0.0216  0.0216  0.0216  0.0216  0.0216  0.0216  0.0216  0.0216  0.0216  0.0216  0.0216
  0.0217  0.0216  0.0216  0.0216  0.0216  0.0216  0.0216  0.0217  0.0216  0.0216  0.0216  0.0216
  0.0218  0.0218  0.0217  0.0217  0.0218  0.0217  0.0217  0.0218  0.0217  0.0218  0.0216  0.0217
  0.0220  0.0220  0.0218  0.0220  0.0221  0.0217  0.0219  0.0221  0.0219  0.0221  0.0217  0.0217
   -2.8768   31.0174    9.1329   -2.8053  -11.8342   -3.7817
    0.7055   -2.5159    1.0060    4.7812    2.2621   -9.0517
eta,q 0.97841  9.55724

---------------------------------------------------------------------
compute_vox2vox talsrcimg talsrcimg_to_711-2C_as_mni_average_305_t4 /opt/freesurfer/average/711-2C_as_mni_average_305
---------------------------------------------------------------------

freesurfer compute_vox2vox.c
Reading: talsrcimg.4dfp.ifh
Reading: talsrcimg_to_711-2C_as_mni_average_305_t4
Reading: /opt/freesurfer/average/711-2C_as_mni_average_305.4dfp.ifh
Writing: talsrcimg_to_711-2C_as_mni_average_305_t4_vox2vox.txt

start time Tue Mar 10 05:23:01 CET 2026
end		time Tue Mar 10 05:24:32 CET 2026

mpr2mni305 success

avi2talxfm orig_nu.mgz /opt/freesurfer/average/mni305.cor.mgz talsrcimg_to_711-2C_as_mni_average_305_t4_vox2vox.txt transforms/talairach.auto.xfm
avi2talxfm done
mv -f /out/sourcedata/freesurfer/sub-v1s6x0051318_ses-1/mri/talsrcimg_to_711-2C_as_mni_average_305_t4_vox2vox.txt /out/sourcedata/freesurfer/sub-v1s6x0051318_ses-1/mri/transforms/talsrcimg_to_711-2C_as_mni_average_305_t4_vox2vox.txt
lta_convert --src orig_nu.mgz --trg /opt/freesurfer/average/mni305.cor.mgz --inxfm transforms/talairach.auto.xfm --outlta transforms/talairach.auto.xfm.lta --subject fsaverage
7.3.2

--src: orig_nu.mgz src image (geometry).
--trg: /opt/freesurfer/average/mni305.cor.mgz trg image (geometry).
--inmni: transforms/talairach.auto.xfm input MNI/XFM transform.
--outlta: transforms/talairach.auto.xfm.lta output LTA.
--s: fsaverage subject name
 LTA read, type : 1
 1.02829   0.02716  -0.00544   0.34859;
-0.02515   1.03336   0.10629  -8.85328;
-0.01037  -0.05635   1.12852  -27.43447;
 0.00000   0.00000   0.00000   1.00000;
setting subject to fsaverage
Writing  LTA to file transforms/talairach.auto.xfm.lta...
lta_convert successful.
 
 
Started at Tue Mar 10 05:23:00 CET 2026
Ended   at Tue Mar 10 05:24:32 CET 2026
talairach_avi done
