/out/sourcedata/freesurfer/sub-v1s6x0051362_ses-1/mri
/opt/freesurfer/bin/talairach_avi
--i orig_nu.mgz --xfm transforms/talairach.auto.xfm
talairach_avi 7.3.2
Linux dna003 5.14.0-427.37.1.el9_4.x86_64 #1 SMP PREEMPT_DYNAMIC Fri Sep 13 12:41:50 EDT 2024 x86_64 x86_64 x86_64 GNU/Linux
Tue Mar 10 05:37:55 CET 2026
mri_convert orig_nu.mgz talsrcimg.img 
reading from orig_nu.mgz...
TR=0.00, TE=0.00, TI=0.00, flip angle=0.00
i_ras = (-1, 0, 0)
j_ras = (0, 0, -1)
k_ras = (0, 1, 0)
writing to talsrcimg.img...
Analyze Output Matrix
-1.00000   0.00000   0.00000   130.85593;
 0.00000   0.00000   1.00000  -130.71187;
 0.00000  -1.00000   0.00000   122.54237;
 0.00000   0.00000   0.00000   1.00000;
--------------------
INFO: set hdr.hist.orient to -1
mpr2mni305 talsrcimg
Tue Mar 10 05:37:56 CET 2026
/opt/freesurfer/bin/mpr2mni305 talsrcimg
mpr2mni305 7.3.2
target=711-2C_as_mni_average_305

---------------------------------------------------------------------
analyzeto4dfp talsrcimg -O0 -y
---------------------------------------------------------------------

freesurfer ifh2hdr.c
Tue Mar 10 05:37:56 2026
Writing: talsrcimg.4dfp.hdr
freesurfer analyzeto4dfp.c
Reading: talsrcimg.hdr
header size 348 bytes
hdr.dime.datatype	offset=70	value=2
hdr.dime.bitpix		offset=72	value=8
hdr.hist.orient		offset=252	value=-1
dimensionality     4
dimensions       256       256       256         1
Reading: talsrcimg.img
Writing: talsrcimg.4dfp.img
Writing: talsrcimg.4dfp.ifh
ifh2hdr talsrcimg -r0to207
ori=2

---------------------------------------------------------------------
gauss_4dfp talsrcimg 1.1
---------------------------------------------------------------------

freesurfer gauss_4dfp.c
Reading: talsrcimg.4dfp.img
Writing: talsrcimg_g11.4dfp.img
image dimensions 256 256 256 padded to 288 288 288
processing volume 1freesurfer ifh2hdr.c
Tue Mar 10 05:37:58 2026
Writing: talsrcimg_g11.4dfp.hdr

Writing: talsrcimg_g11.4dfp.ifh
including: talsrcimg.4dfp.img.rec in talsrcimg_g11.4dfp.img.rec

---------------------------------------------------------------------
imgreg_4dfp /opt/freesurfer/average/711-2C_as_mni_average_305 none talsrcimg_g11 none talsrcimg_to_711-2C_as_mni_average_305_t4 4355
---------------------------------------------------------------------

freesurfer imgreg_4dfp.c
/opt/freesurfer/average/711-2C_as_mni_average_305.4dfp.img
       256       256       256         1
  1.000000  1.000000  1.000000
orientation T byte_order littleendian
Reading image: /opt/freesurfer/average/711-2C_as_mni_average_305.4dfp.img
dimensions:      256       256       256
mmppix:       1.0000   -1.0000   -1.0000
center:     128.0000 -129.0000 -129.0000
talsrcimg_g11.4dfp.img
       256       256       256         1
  1.000000  1.000000  1.000000
orientation T byte_order littleendian
Reading image: talsrcimg_g11.4dfp.img
dimensions:      256       256       256
mmppix:       1.0000   -1.0000   -1.0000
center:     128.0000 -129.0000 -129.0000
t4_read: open error in t4_sub.f l:  41 t4_file(1:l)talsrcimg_to_711-2C_as_mni_average_305_t4 
t4_read: transform initialized to I4
rotation matrix determinant  1.000000
image alignment mode   4355 decimal     1103 hex
   -7.5000  -45.0000  -45.0000 6459.1362   18.8036
    0.0000  -45.0000  -45.0000 6690.2036   18.8562
    7.5000  -45.0000  -45.0000 6445.7188   18.8675
   -7.5000  -37.5000  -45.0000 7064.7041   18.3664
    0.0000  -37.5000  -45.0000 7330.0693   18.4143
    7.5000  -37.5000  -45.0000 7044.6914   18.4170
   -7.5000  -30.0000  -45.0000 7947.2329   18.0540
    0.0000  -30.0000  -45.0000 8273.0166   18.0906
    7.5000  -30.0000  -45.0000 7922.5557   18.0776
   -7.5000  -22.5000  -45.0000 8838.3301   17.8167
    0.0000  -22.5000  -45.0000 9239.9512   17.8486
    7.5000  -22.5000  -45.0000 8814.3018   17.8334
   -7.5000  -15.0000  -45.0000 9792.4648   17.7433
    0.0000  -15.0000  -45.000010228.7295   17.7804
    7.5000  -15.0000  -45.0000 9744.9639   17.7737
   -7.5000   -7.5000  -45.000010690.8076   17.7051
    0.0000   -7.5000  -45.000011169.1533   17.7515
    7.5000   -7.5000  -45.000010656.8193   17.7575
   -7.5000    0.0000  -45.000011602.6670   17.6995
    0.0000    0.0000  -45.000012142.1797   17.7509
    7.5000    0.0000  -45.000011550.5654   17.7611
   -7.5000    7.5000  -45.000011632.1064   17.7063
    0.0000    7.5000  -45.000012171.0801   17.7530
    7.5000    7.5000  -45.000011557.3057   17.7525
   -7.5000   15.0000  -45.000011509.8398   17.7104
    0.0000   15.0000  -45.000012051.1230   17.7471
    7.5000   15.0000  -45.000011418.9023   17.7336
   -7.5000   22.5000  -45.000011283.8770   17.7016
    0.0000   22.5000  -45.000011804.1611   17.7340
    7.5000   22.5000  -45.000011197.3008   17.7183
   -7.5000   30.0000  -45.000010885.6201   17.4634
    0.0000   30.0000  -45.000011392.7217   17.5001
    7.5000   30.0000  -45.000010803.4277   17.4932
   -7.5000   37.5000  -45.000010755.2383   17.4613
    0.0000   37.5000  -45.000011236.9170   17.5072
    7.5000   37.5000  -45.000010643.9072   17.5130
   -7.5000   45.0000  -45.000010216.8281   17.0201
    0.0000   45.0000  -45.000010676.1084   17.0697
    7.5000   45.0000  -45.000010086.0449   17.0794
   -7.5000  -45.0000  -37.5000 6735.4038   18.7920
    0.0000  -45.0000  -37.5000 6991.1392   18.8403
    7.5000  -45.0000  -37.5000 6725.2354   18.8450
   -7.5000  -37.5000  -37.5000 7371.1167   18.3403
    0.0000  -37.5000  -37.5000 7670.3994   18.3846
    7.5000  -37.5000  -37.5000 7364.1279   18.3864
   -7.5000  -30.0000  -37.5000 8315.0859   18.0279
    0.0000  -30.0000  -37.5000 8678.7871   18.0652
    7.5000  -30.0000  -37.5000 8294.5781   18.0590
   -7.5000  -22.5000  -37.5000 9316.4053   17.7983
    0.0000  -22.5000  -37.5000 9745.3301   17.8338
    7.5000  -22.5000  -37.5000 9272.1377   17.8265
   -7.5000  -15.0000  -37.500010314.9941   17.7348
    0.0000  -15.0000  -37.500010786.3691   17.7751
    7.5000  -15.0000  -37.500010266.9570   17.7708
   -7.5000   -7.5000  -37.500011244.0127   17.6955
    0.0000   -7.5000  -37.500011767.6152   17.7412
    7.5000   -7.5000  -37.500011200.6084   17.7430
   -7.5000    0.0000  -37.500012176.3662   17.6823
    0.0000    0.0000  -37.500012729.5840   17.7297
    7.5000    0.0000  -37.500012090.0322   17.7340
   -7.5000    7.5000  -37.500012185.1689   17.6826
    0.0000    7.5000  -37.500012730.0303   17.7260
    7.5000    7.5000  -37.500012065.4521   17.7249
   -7.5000   15.0000  -37.500012052.9922   17.6856
    0.0000   15.0000  -37.500012609.4658   17.7230
    7.5000   15.0000  -37.500011937.0889   17.7159
   -7.5000   22.5000  -37.500011860.3008   17.6844
    0.0000   22.5000  -37.500012387.4238   17.7203
    7.5000   22.5000  -37.500011723.6885   17.7123
   -7.5000   30.0000  -37.500011431.8213   17.4550
    0.0000   30.0000  -37.500011954.5078   17.4948
    7.5000   30.0000  -37.500011266.5059   17.4903
   -7.5000   37.5000  -37.500011268.2920   17.4520
    0.0000   37.5000  -37.500011783.4062   17.4971
    7.5000   37.5000  -37.500011096.2031   17.4989
   -7.5000   45.0000  -37.500010691.0410   17.0036
    0.0000   45.0000  -37.500011189.9395   17.0492
    7.5000   45.0000  -37.500010516.4131   17.0533
   -7.5000  -45.0000  -30.0000 7117.9009   19.5740
    0.0000  -45.0000  -30.0000 7390.2017   19.6204
    7.5000  -45.0000  -30.0000 7115.3823   19.6229
   -7.5000  -37.5000  -30.0000 7793.2305   19.0883
    0.0000  -37.5000  -30.0000 8141.8638   19.1341
    7.5000  -37.5000  -30.0000 7799.0063   19.1375
   -7.5000  -30.0000  -30.0000 8826.5859   18.7514
    0.0000  -30.0000  -30.0000 9244.4824   18.7960
    7.5000  -30.0000  -30.0000 8812.4941   18.7984
   -7.5000  -22.5000  -30.0000 9919.8408   18.5130
    0.0000  -22.5000  -30.000010392.7812   18.5581
    7.5000  -22.5000  -30.0000 9885.2842   18.5621
   -7.5000  -15.0000  -30.000010984.1426   18.4610
    0.0000  -15.0000  -30.000011505.0391   18.5083
    7.5000  -15.0000  -30.000010948.3516   18.5116
   -7.5000   -7.5000  -30.000011977.5312   18.4293
    0.0000   -7.5000  -30.000012539.9492   18.4767
    7.5000   -7.5000  -30.000011919.3564   18.4795
   -7.5000    0.0000  -30.000012917.2217   18.4148
    0.0000    0.0000  -30.000013516.9502   18.4610
    7.5000    0.0000  -30.000012814.3242   18.4632
   -7.5000    7.5000  -30.000012916.8145   18.4046
    0.0000    7.5000  -30.000013494.6445   18.4497
    7.5000    7.5000  -30.000012766.4805   18.4501
   -7.5000   15.0000  -30.000012780.6777   18.3961
    0.0000   15.0000  -30.000013343.4326   18.4404
    7.5000   15.0000  -30.000012611.5537   18.4416
   -7.5000   22.5000  -30.000012542.0293   18.3934
    0.0000   22.5000  -30.000013091.4004   18.4387
    7.5000   22.5000  -30.000012353.1084   18.4420
   -7.5000   30.0000  -30.000012115.3154   18.1709
    0.0000   30.0000  -30.000012649.3018   18.2177
    7.5000   30.0000  -30.000011875.3750   18.2206
   -7.5000   37.5000  -30.000011942.7178   18.1778
    0.0000   37.5000  -30.000012491.3184   18.2246
    7.5000   37.5000  -30.000011701.4570   18.2273
   -7.5000   45.0000  -30.000011316.7354   17.7210
    0.0000   45.0000  -30.000011861.7871   17.7655
    7.5000   45.0000  -30.000011074.9834   17.7676
   -7.5000  -45.0000  -22.5000 7481.6323   20.2564
    0.0000  -45.0000  -22.5000 7797.1611   20.3047
    7.5000  -45.0000  -22.5000 7485.8818   20.3120
   -7.5000  -37.5000  -22.5000 8229.3760   19.7536
    0.0000  -37.5000  -22.5000 8619.9453   19.8052
    7.5000  -37.5000  -22.5000 8236.3809   19.8113
   -7.5000  -30.0000  -22.5000 9355.6826   19.3922
    0.0000  -30.0000  -22.5000 9793.0117   19.4437
    7.5000  -30.0000  -22.5000 9343.8164   19.4484
   -7.5000  -22.5000  -22.500010493.9756   19.1376
    0.0000  -22.5000  -22.500011002.3574   19.1882
    7.5000  -22.5000  -22.500010504.4102   19.1959
   -7.5000  -15.0000  -22.500011610.3857   19.0880
    0.0000  -15.0000  -22.500012189.3594   19.1382
    7.5000  -15.0000  -22.500011626.6387   19.1470
   -7.5000   -7.5000  -22.500012674.8311   19.0671
    0.0000   -7.5000  -22.500013280.5430   19.1158
    7.5000   -7.5000  -22.500012652.7207   19.1242
   -7.5000    0.0000  -22.500013644.7979   19.0602
    0.0000    0.0000  -22.500014274.2070   19.1090
    7.5000    0.0000  -22.500013558.2236   19.1154
   -7.5000    7.5000  -22.500013581.6914   19.0452
    0.0000    7.5000  -22.500014192.5430   19.0956
    7.5000    7.5000  -22.500013462.5303   19.0986
   -7.5000   15.0000  -22.500013384.0088   19.0244
    0.0000   15.0000  -22.500013983.4678   19.0754
    7.5000   15.0000  -22.500013243.8457   19.0788
   -7.5000   22.5000  -22.500013138.4619   19.0121
    0.0000   22.5000  -22.500013718.3242   19.0630
    7.5000   22.5000  -22.500012942.2969   19.0698
   -7.5000   30.0000  -22.500012743.1758   18.7903
    0.0000   30.0000  -22.500013331.8545   18.8400
    7.5000   30.0000  -22.500012497.2109   18.8483
   -7.5000   37.5000  -22.500012621.9795   18.8100
    0.0000   37.5000  -22.500013196.2324   18.8581
    7.5000   37.5000  -22.500012343.0156   18.8664
   -7.5000   45.0000  -22.500011909.1904   18.3559
    0.0000   45.0000  -22.500012479.1406   18.4029
    7.5000   45.0000  -22.500011641.1631   18.4091
   -7.5000  -45.0000  -15.0000 7870.4263   20.7595
    0.0000  -45.0000  -15.0000 8206.0264   20.8142
    7.5000  -45.0000  -15.0000 7861.6895   20.8301
   -7.5000  -37.5000  -15.0000 8674.4912   20.2599
    0.0000  -37.5000  -15.0000 9079.3340   20.3174
    7.5000  -37.5000  -15.0000 8678.8867   20.3253
   -7.5000  -30.0000  -15.0000 9835.1084   19.8875
    0.0000  -30.0000  -15.000010309.0703   19.9400
    7.5000  -30.0000  -15.0000 9840.5967   19.9383
   -7.5000  -22.5000  -15.000011012.4785   19.6165
    0.0000  -22.5000  -15.000011572.2471   19.6647
    7.5000  -22.5000  -15.000011043.6719   19.6653
   -7.5000  -15.0000  -15.000012201.2061   19.5553
    0.0000  -15.0000  -15.000012813.5127   19.6033
    7.5000  -15.0000  -15.000012218.2529   19.6112
   -7.5000   -7.5000  -15.000013348.4473   19.5371
    0.0000   -7.5000  -15.000013977.6250   19.5879
    7.5000   -7.5000  -15.000013309.3818   19.6026
   -7.5000    0.0000  -15.000014357.1797   19.5402
    0.0000    0.0000  -15.000015012.3662   19.5951
    7.5000    0.0000  -15.000014292.0254   19.6092
   -7.5000    7.5000  -15.000014250.4736   19.5316
    0.0000    7.5000  -15.000014884.1973   19.5873
    7.5000    7.5000  -15.000014133.3213   19.5918
   -7.5000   15.0000  -15.000013993.8545   19.5093
    0.0000   15.0000  -15.000014595.1797   19.5613
    7.5000   15.0000  -15.000013869.4111   19.5587
   -7.5000   22.5000  -15.000013742.1143   19.4858
    0.0000   22.5000  -15.000014342.7207   19.5344
    7.5000   22.5000  -15.000013548.3691   19.5343
   -7.5000   30.0000  -15.000013387.2520   19.2530
    0.0000   30.0000  -15.000013950.9990   19.3005
    7.5000   30.0000  -15.000013123.3027   19.3080
   -7.5000   37.5000  -15.000013260.3311   19.2764
    0.0000   37.5000  -15.000013827.6416   19.3265
    7.5000   37.5000  -15.000012964.1953   19.3409
   -7.5000   45.0000  -15.000012493.1855   18.8295
    0.0000   45.0000  -15.000013022.4043   18.8825
    7.5000   45.0000  -15.000012195.4111   18.8960
   -7.5000  -45.0000   -7.5000 8244.6055   21.0067
    0.0000  -45.0000   -7.5000 8607.0039   21.0663
    7.5000  -45.0000   -7.5000 8224.6963   21.0848
   -7.5000  -37.5000   -7.5000 9093.7090   20.5177
    0.0000  -37.5000   -7.5000 9533.0732   20.5756
    7.5000  -37.5000   -7.5000 9082.5576   20.5818
   -7.5000  -30.0000   -7.500010328.8447   20.1542
    0.0000  -30.0000   -7.500010843.3965   20.2009
    7.5000  -30.0000   -7.500010316.4287   20.1895
   -7.5000  -22.5000   -7.500011589.1455   19.8797
    0.0000  -22.5000   -7.500012127.3848   19.9203
    7.5000  -22.5000   -7.500011564.0664   19.9084
   -7.5000  -15.0000   -7.500012857.3184   19.8023
    0.0000  -15.0000   -7.500013417.7480   19.8462
    7.5000  -15.0000   -7.500012789.4121   19.8460
   -7.5000   -7.5000   -7.500014055.7939   19.7728
    0.0000   -7.5000   -7.500014657.6533   19.8254
    7.5000   -7.5000   -7.500013962.6973   19.8392
   -7.5000    0.0000   -7.500015114.5566   19.7761
    0.0000    0.0000   -7.500015761.5176   19.8352
    7.5000    0.0000   -7.500015026.1006   19.8517
   -7.5000    7.5000   -7.500014996.7441   19.7793
    0.0000    7.5000   -7.500015615.9775   19.8355
    7.5000    7.5000   -7.500014885.2432   19.8380
   -7.5000   15.0000   -7.500014745.9941   19.7703
    0.0000   15.0000   -7.500015337.4160   19.8169
    7.5000   15.0000   -7.500014590.2383   19.8048
   -7.5000   22.5000   -7.500014534.5322   19.7445
    0.0000   22.5000   -7.500015058.9453   19.7856
    7.5000   22.5000   -7.500014275.3760   19.7731
   -7.5000   30.0000   -7.500014167.9473   19.4963
    0.0000   30.0000   -7.500014614.9404   19.5398
    7.5000   30.0000   -7.500013860.9473   19.5393
   -7.5000   37.5000   -7.500014032.5879   19.5080
    0.0000   37.5000   -7.500014459.9746   19.5599
    7.5000   37.5000   -7.500013685.1523   19.5734
   -7.5000   45.0000   -7.500013220.3262   19.0604
    0.0000   45.0000   -7.500013635.0811   19.1174
    7.5000   45.0000   -7.500012850.0488   19.1333
   -7.5000  -45.0000    0.0000 8555.2734   21.0417
    0.0000  -45.0000    0.0000 8920.6592   21.1006
    7.5000  -45.0000    0.0000 8512.9980   21.1132
   -7.5000  -37.5000    0.0000 9459.3701   20.5525
    0.0000  -37.5000    0.0000 9877.6328   20.6061
    7.5000  -37.5000    0.0000 9415.6660   20.6091
   -7.5000  -30.0000    0.000010751.9912   20.2029
    0.0000  -30.0000    0.000011257.2285   20.2439
    7.5000  -30.0000    0.000010719.4160   20.2294
   -7.5000  -22.5000    0.000012022.5312   19.9373
    0.0000  -22.5000    0.000012570.5234   19.9731
    7.5000  -22.5000    0.000011975.2969   19.9560
   -7.5000  -15.0000    0.000013309.7100   19.8552
    0.0000  -15.0000    0.000013912.7412   19.8967
    7.5000  -15.0000    0.000013249.2656   19.8893
   -7.5000   -7.5000    0.000014508.0059   19.8125
    0.0000   -7.5000    0.000015177.7695   19.8644
    7.5000   -7.5000    0.000014468.7051   19.8711
   -7.5000    0.0000    0.000015641.8818   19.8062
    0.0000    0.0000    0.000016368.2490   19.8638
    7.5000    0.0000    0.000015644.4404   19.8751
   -7.5000    7.5000    0.000015660.8887   19.8138
    0.0000    7.5000    0.000016353.5352   19.8660
    7.5000    7.5000    0.000015635.6914   19.8655
   -7.5000   15.0000    0.000015565.3584   19.8184
    0.0000   15.0000    0.000016126.2842   19.8595
    7.5000   15.0000    0.000015417.3574   19.8444
   -7.5000   22.5000    0.000015322.8828   19.8022
    0.0000   22.5000    0.000015674.2207   19.8385
    7.5000   22.5000    0.000015055.4219   19.8208
   -7.5000   30.0000    0.000014824.1113   19.5496
    0.0000   30.0000    0.000015154.0303   19.5907
    7.5000   30.0000    0.000014565.7422   19.5830
   -7.5000   37.5000    0.000014642.7568   19.5473
    0.0000   37.5000    0.000015047.5547   19.5986
    7.5000   37.5000    0.000014339.6895   19.6052
   -7.5000   45.0000    0.000013793.2666   19.0909
    0.0000   45.0000    0.000014259.8994   19.1464
    7.5000   45.0000    0.000013430.6143   19.1573
   -7.5000  -45.0000    7.5000 8157.3657   21.0287
    0.0000  -45.0000    7.5000 8510.8496   21.0828
    7.5000  -45.0000    7.5000 8114.2402   21.0880
   -7.5000  -37.5000    7.5000 9060.0059   20.5233
    0.0000  -37.5000    7.5000 9469.1191   20.5728
    7.5000  -37.5000    7.5000 9006.4883   20.5749
   -7.5000  -30.0000    7.500010333.9434   20.1737
    0.0000  -30.0000    7.500010824.0332   20.2155
    7.5000  -30.0000    7.500010295.7461   20.2085
   -7.5000  -22.5000    7.500011564.3701   19.9168
    0.0000  -22.5000    7.500012076.4971   19.9565
    7.5000  -22.5000    7.500011534.6299   19.9483
   -7.5000  -15.0000    7.500012756.6367   19.8457
    0.0000  -15.0000    7.500013324.6621   19.8908
    7.5000  -15.0000    7.500012753.2979   19.8860
   -7.5000   -7.5000    7.500013890.3555   19.8017
    0.0000   -7.5000    7.500014496.1582   19.8529
    7.5000   -7.5000    7.500013902.6455   19.8549
   -7.5000    0.0000    7.500014955.4131   19.7869
    0.0000    0.0000    7.500015633.6260   19.8400
    7.5000    0.0000    7.500015045.9248   19.8448
   -7.5000    7.5000    7.500015044.2051   19.7873
    0.0000    7.5000    7.500015885.4121   19.8359
    7.5000    7.5000    7.500015206.8838   19.8347
   -7.5000   15.0000    7.500015106.0322   19.7906
    0.0000   15.0000    7.500015963.9453   19.8325
    7.5000   15.0000    7.500015239.3750   19.8246
   -7.5000   22.5000    7.500014844.7715   19.7829
    0.0000   22.5000    7.500015491.3135   19.8231
    7.5000   22.5000    7.500014858.9346   19.8142
   -7.5000   30.0000    7.500014306.8936   19.5402
    0.0000   30.0000    7.500014877.1416   19.5848
    7.5000   30.0000    7.500014206.3955   19.5797
   -7.5000   37.5000    7.500014087.3193   19.5368
    0.0000   37.5000    7.500014637.8809   19.5874
    7.5000   37.5000    7.500013880.5098   19.5894
   -7.5000   45.0000    7.500013230.5645   19.0723
    0.0000   45.0000    7.500013796.3994   19.1234
    7.5000   45.0000    7.500012964.3857   19.1281
   -7.5000  -45.0000   15.0000 7638.4023   21.0292
    0.0000  -45.0000   15.0000 7958.8442   21.0791
    7.5000  -45.0000   15.0000 7622.3110   21.0818
   -7.5000  -37.5000   15.0000 8525.2021   20.5073
    0.0000  -37.5000   15.0000 8874.3896   20.5565
    7.5000  -37.5000   15.0000 8511.4121   20.5602
   -7.5000  -30.0000   15.0000 9737.6016   20.1452
    0.0000  -30.0000   15.000010170.9678   20.1932
    7.5000  -30.0000   15.0000 9735.7109   20.1959
   -7.5000  -22.5000   15.000010902.4990   19.8889
    0.0000  -22.5000   15.000011393.0518   19.9373
    7.5000  -22.5000   15.000010897.3486   19.9418
   -7.5000  -15.0000   15.000012051.9492   19.8329
    0.0000  -15.0000   15.000012636.1621   19.8837
    7.5000  -15.0000   15.000012074.8369   19.8874
   -7.5000   -7.5000   15.000013140.1318   19.7988
    0.0000   -7.5000   15.000013811.5801   19.8498
    7.5000   -7.5000   15.000013188.9033   19.8528
   -7.5000    0.0000   15.000014196.9580   19.7832
    0.0000    0.0000   15.000014979.0508   19.8329
    7.5000    0.0000   15.000014296.7646   19.8354
   -7.5000    7.5000   15.000014269.9033   19.7724
    0.0000    7.5000   15.000015207.1289   19.8208
    7.5000    7.5000   15.000014417.2471   19.8214
   -7.5000   15.0000   15.000014241.0352   19.7633
    0.0000   15.0000   15.000015148.3438   19.8110
    7.5000   15.0000   15.000014362.7715   19.8124
   -7.5000   22.5000   15.000013954.6953   19.7560
    0.0000   22.5000   15.000014734.7832   19.8046
    7.5000   22.5000   15.000014020.3389   19.8083
   -7.5000   30.0000   15.000013461.7588   19.5270
    0.0000   30.0000   15.000014169.1797   19.5772
    7.5000   30.0000   15.000013455.5918   19.5805
   -7.5000   37.5000   15.000013221.9268   19.5343
    0.0000   37.5000   15.000013885.6465   19.5847
    7.5000   37.5000   15.000013161.3682   19.5877
   -7.5000   45.0000   15.000012431.1133   19.0688
    0.0000   45.0000   15.000013026.4590   19.1166
    7.5000   45.0000   15.000012343.2676   19.1190
   -7.5000  -45.0000   22.5000 7070.0410   21.0867
    0.0000  -45.0000   22.5000 7338.1709   21.1368
    7.5000  -45.0000   22.5000 7046.9038   21.1450
   -7.5000  -37.5000   22.5000 7915.3018   20.5620
    0.0000  -37.5000   22.5000 8238.7852   20.6155
    7.5000  -37.5000   22.5000 7892.8076   20.6223
   -7.5000  -30.0000   22.5000 9057.9150   20.1848
    0.0000  -30.0000   22.5000 9507.1455   20.2382
    7.5000  -30.0000   22.5000 9046.5498   20.2436
   -7.5000  -22.5000   22.500010178.8193   19.9191
    0.0000  -22.5000   22.500010697.5840   19.9716
    7.5000  -22.5000   22.500010165.6445   19.9801
   -7.5000  -15.0000   22.500011302.1367   19.8673
    0.0000  -15.0000   22.500011892.2666   19.9194
    7.5000  -15.0000   22.500011292.1982   19.9290
   -7.5000   -7.5000   22.500012392.7891   19.8455
    0.0000   -7.5000   22.500013039.1182   19.8959
    7.5000   -7.5000   22.500012391.5654   19.9052
   -7.5000    0.0000   22.500013414.0605   19.8383
    0.0000    0.0000   22.500014113.9209   19.8888
    7.5000    0.0000   22.500013427.1455   19.8960
   -7.5000    7.5000   22.500013402.8564   19.8226
    0.0000    7.5000   22.500014142.5410   19.8749
    7.5000    7.5000   22.500013455.7305   19.8785
   -7.5000   15.0000   22.500013255.6953   19.8010
    0.0000   15.0000   22.500013917.3916   19.8539
    7.5000   15.0000   22.500013321.6289   19.8580
   -7.5000   22.5000   22.500012908.9756   19.7852
    0.0000   22.5000   22.500013491.7686   19.8379
    7.5000   22.5000   22.500012936.2900   19.8455
   -7.5000   30.0000   22.500012432.6934   19.5601
    0.0000   30.0000   22.500012975.1475   19.6116
    7.5000   30.0000   22.500012436.6650   19.6207
   -7.5000   37.5000   22.500012252.6406   19.5806
    0.0000   37.5000   22.500012775.2920   19.6305
    7.5000   37.5000   22.500012254.9111   19.6395
   -7.5000   45.0000   22.500011561.1328   19.1218
    0.0000   45.0000   22.500012055.9775   19.1705
    7.5000   45.0000   22.500011570.8867   19.1775
   -7.5000  -45.0000   30.0000 6460.8848   21.3571
    0.0000  -45.0000   30.0000 6685.0474   21.4127
    7.5000  -45.0000   30.0000 6419.5366   21.4302
   -7.5000  -37.5000   30.0000 7268.6855   20.8351
    0.0000  -37.5000   30.0000 7545.9229   20.8937
    7.5000  -37.5000   30.0000 7216.3237   20.9028
   -7.5000  -30.0000   30.0000 8360.4414   20.4464
    0.0000  -30.0000   30.0000 8748.0664   20.4998
    7.5000  -30.0000   30.0000 8311.3203   20.4988
   -7.5000  -22.5000   30.0000 9442.2012   20.1642
    0.0000  -22.5000   30.0000 9897.4648   20.2132
    7.5000  -22.5000   30.0000 9381.4893   20.2145
   -7.5000  -15.0000   30.000010482.9951   20.1010
    0.0000  -15.0000   30.000010987.2246   20.1498
    7.5000  -15.0000   30.000010423.3809   20.1587
   -7.5000   -7.5000   30.000011485.3457   20.0822
    0.0000   -7.5000   30.000012020.7705   20.1339
    7.5000   -7.5000   30.000011424.3398   20.1499
   -7.5000    0.0000   30.000012434.1104   20.0851
    0.0000    0.0000   30.000013016.7539   20.1411
    7.5000    0.0000   30.000012366.2305   20.1565
   -7.5000    7.5000   30.000012400.5859   20.0756
    0.0000    7.5000   30.000013025.9688   20.1325
    7.5000    7.5000   30.000012394.3633   20.1379
   -7.5000   15.0000   30.000012224.5322   20.0521
    0.0000   15.0000   30.000012794.0771   20.1051
    7.5000   15.0000   30.000012236.1562   20.1030
   -7.5000   22.5000   30.000011897.0186   20.0260
    0.0000   22.5000   30.000012427.8809   20.0754
    7.5000   22.5000   30.000011900.0596   20.0759
   -7.5000   30.0000   30.000011467.6094   19.7896
    0.0000   30.0000   30.000011955.9453   19.8378
    7.5000   30.0000   30.000011461.2988   19.8462
   -7.5000   37.5000   30.000011317.3047   19.8141
    0.0000   37.5000   30.000011780.4521   19.8651
    7.5000   37.5000   30.000011315.2861   19.8808
   -7.5000   45.0000   30.000010715.7734   19.3597
    0.0000   45.0000   30.000011160.7842   19.4137
    7.5000   45.0000   30.000010715.2686   19.4286
   -7.5000  -45.0000   37.5000 6088.9375   21.7373
    0.0000  -45.0000   37.5000 6301.5532   21.7991
    7.5000  -45.0000   37.5000 6016.9404   21.8204
   -7.5000  -37.5000   37.5000 6857.9058   21.2152
    0.0000  -37.5000   37.5000 7099.2524   21.2750
    7.5000  -37.5000   37.5000 6768.8340   21.2830
   -7.5000  -30.0000   37.5000 7917.5928   20.8280
    0.0000  -30.0000   37.5000 8234.6182   20.8759
    7.5000  -30.0000   37.5000 7828.7847   20.8649
   -7.5000  -22.5000   37.5000 8926.1963   20.5365
    0.0000  -22.5000   37.5000 9315.8779   20.5781
    7.5000  -22.5000   37.5000 8853.5635   20.5665
   -7.5000  -15.0000   37.5000 9885.7178   20.4545
    0.0000  -15.0000   37.500010343.2588   20.4998
    7.5000  -15.0000   37.5000 9837.5342   20.5007
   -7.5000   -7.5000   37.500010846.3115   20.4226
    0.0000   -7.5000   37.500011351.1230   20.4770
    7.5000   -7.5000   37.500010770.5137   20.4930
   -7.5000    0.0000   37.500011778.5879   20.4252
    0.0000    0.0000   37.500012342.6514   20.4864
    7.5000    0.0000   37.500011705.4551   20.5054
   -7.5000    7.5000   37.500011805.0732   20.4283
    0.0000    7.5000   37.500012402.9043   20.4862
    7.5000    7.5000   37.500011757.3486   20.4903
   -7.5000   15.0000   37.500011660.3936   20.4192
    0.0000   15.0000   37.500012211.7158   20.4669
    7.5000   15.0000   37.500011612.2607   20.4552
   -7.5000   22.5000   37.500011342.4502   20.3929
    0.0000   22.5000   37.500011851.9092   20.4350
    7.5000   22.5000   37.500011296.5537   20.4227
   -7.5000   30.0000   37.500010919.5645   20.1374
    0.0000   30.0000   37.500011403.9922   20.1822
    7.5000   30.0000   37.500010896.7881   20.1828
   -7.5000   37.5000   37.500010802.8701   20.1493
    0.0000   37.5000   37.500011260.5566   20.2030
    7.5000   37.5000   37.500010805.5244   20.2188
   -7.5000   45.0000   37.500010257.9219   19.6875
    0.0000   45.0000   37.500010699.9111   19.7465
    7.5000   45.0000   37.500010258.1924   19.7649
   -7.5000  -45.0000   45.0000 5464.1147   22.2503
    0.0000  -45.0000   45.0000 5646.7339   22.3125
    7.5000  -45.0000   45.0000 5388.3735   22.3321
   -7.5000  -37.5000   45.0000 6150.4521   21.7076
    0.0000  -37.5000   45.0000 6356.2510   21.7637
    7.5000  -37.5000   45.0000 6070.1909   21.7719
   -7.5000  -30.0000   45.0000 7103.9766   21.3134
    0.0000  -30.0000   45.0000 7366.5493   21.3560
    7.5000  -30.0000   45.0000 7027.2393   21.3451
   -7.5000  -22.5000   45.0000 7998.9355   21.0142
    0.0000  -22.5000   45.0000 8333.7920   21.0518
    7.5000  -22.5000   45.0000 7952.8779   21.0389
   -7.5000  -15.0000   45.0000 8888.5840   20.9220
    0.0000  -15.0000   45.0000 9282.4971   20.9664
    7.5000  -15.0000   45.0000 8852.6387   20.9645
   -7.5000   -7.5000   45.0000 9787.4648   20.8765
    0.0000   -7.5000   45.000010243.1943   20.9318
    7.5000   -7.5000   45.0000 9711.1484   20.9451
   -7.5000    0.0000   45.000010692.4062   20.8720
    0.0000    0.0000   45.000011215.7510   20.9329
    7.5000    0.0000   45.000010621.4893   20.9504
   -7.5000    7.5000   45.000010750.2617   20.8802
    0.0000    7.5000   45.000011304.6963   20.9348
    7.5000    7.5000   45.000010687.2900   20.9388
   -7.5000   15.0000   45.000010620.0254   20.8831
    0.0000   15.0000   45.000011136.1396   20.9259
    7.5000   15.0000   45.000010566.0625   20.9142
   -7.5000   22.5000   45.000010351.9092   20.8636
    0.0000   22.5000   45.000010816.9092   20.9018
    7.5000   22.5000   45.000010283.7158   20.8882
   -7.5000   30.0000   45.0000 9951.9863   20.5951
    0.0000   30.0000   45.000010387.7188   20.6390
    7.5000   30.0000   45.0000 9898.8750   20.6367
   -7.5000   37.5000   45.0000 9878.2461   20.5947
    0.0000   37.5000   45.000010279.4609   20.6494
    7.5000   37.5000   45.0000 9830.6221   20.6625
   -7.5000   45.0000   45.0000 9406.5469   20.1273
    0.0000   45.0000   45.0000 9812.9160   20.1860
    7.5000   45.0000   45.0000 9389.6074   20.2029

---------------------------------------------------------------------
imgreg_4dfp /opt/freesurfer/average/711-2C_as_mni_average_305 /opt/freesurfer/average/711-2B_as_mni_average_305_mask talsrcimg_g11 none talsrcimg_to_711-2C_as_mni_average_305_t4 4355
---------------------------------------------------------------------

freesurfer imgreg_4dfp.c
/opt/freesurfer/average/711-2C_as_mni_average_305.4dfp.img
       256       256       256         1
  1.000000  1.000000  1.000000
orientation T byte_order littleendian
Reading image: /opt/freesurfer/average/711-2C_as_mni_average_305.4dfp.img
dimensions:      256       256       256
mmppix:       1.0000   -1.0000   -1.0000
center:     128.0000 -129.0000 -129.0000
/opt/freesurfer/average/711-2B_as_mni_average_305_mask.4dfp.img
       256       256       256         1
  1.000000  1.000000  1.000000
orientation T byte_order littleendian
Reading mask: /opt/freesurfer/average/711-2B_as_mni_average_305_mask.4dfp.img (2306576 pixels)
talsrcimg_g11.4dfp.img
       256       256       256         1
  1.000000  1.000000  1.000000
orientation T byte_order littleendian
Reading image: talsrcimg_g11.4dfp.img
dimensions:      256       256       256
mmppix:       1.0000   -1.0000   -1.0000
center:     128.0000 -129.0000 -129.0000
rotation matrix determinant  1.000000
image alignment mode   4355 decimal     1103 hex
   -7.5000  -45.0000  -45.0000 1772.3699   27.0835
    0.0000  -45.0000  -45.0000 1774.2816   26.8676
    7.5000  -45.0000  -45.0000 1761.5392   27.1844
   -7.5000  -37.5000  -45.0000 1898.0878   23.9200
    0.0000  -37.5000  -45.0000 1900.3138   23.6540
    7.5000  -37.5000  -45.0000 1882.2451   23.9401
   -7.5000  -30.0000  -45.0000 2005.5114   21.2545
    0.0000  -30.0000  -45.0000 2012.3718   21.1329
    7.5000  -30.0000  -45.0000 1988.3574   21.2646
   -7.5000  -22.5000  -45.0000 2107.6531   19.1252
    0.0000  -22.5000  -45.0000 2118.5776   19.0532
    7.5000  -22.5000  -45.0000 2093.7686   19.1522
   -7.5000  -15.0000  -45.0000 2208.0457   17.5327
    0.0000  -15.0000  -45.0000 2216.6089   17.4729
    7.5000  -15.0000  -45.0000 2191.7656   17.4887
   -7.5000   -7.5000  -45.0000 2280.8276   16.2990
    0.0000   -7.5000  -45.0000 2289.4893   16.2188
    7.5000   -7.5000  -45.0000 2271.7090   16.2251
   -7.5000    0.0000  -45.0000 2337.6343   15.4514
    0.0000    0.0000  -45.0000 2354.8142   15.3849
    7.5000    0.0000  -45.0000 2334.1758   15.4062
   -7.5000    7.5000  -45.0000 2367.2644   15.0901
    0.0000    7.5000  -45.0000 2386.3066   15.0536
    7.5000    7.5000  -45.0000 2362.9624   15.0777
   -7.5000   15.0000  -45.0000 2374.3220   15.0426
    0.0000   15.0000  -45.0000 2392.9717   14.9898
    7.5000   15.0000  -45.0000 2370.4744   15.0057
   -7.5000   22.5000  -45.0000 2356.6758   15.2883
    0.0000   22.5000  -45.0000 2379.4480   15.1828
    7.5000   22.5000  -45.0000 2355.7061   15.2206
   -7.5000   30.0000  -45.0000 2333.0186   15.6004
    0.0000   30.0000  -45.0000 2358.7395   15.5021
    7.5000   30.0000  -45.0000 2341.4001   15.5579
   -7.5000   37.5000  -45.0000 2301.6980   16.2948
    0.0000   37.5000  -45.0000 2324.5659   16.1716
    7.5000   37.5000  -45.0000 2305.6406   16.2210
   -7.5000   45.0000  -45.0000 2244.5618   17.2613
    0.0000   45.0000  -45.0000 2266.4729   17.1583
    7.5000   45.0000  -45.0000 2244.9666   17.2294
   -7.5000  -45.0000  -37.5000 1809.3323   25.6840
    0.0000  -45.0000  -37.5000 1815.4901   25.5421
    7.5000  -45.0000  -37.5000 1799.6600   25.7529
   -7.5000  -37.5000  -37.5000 1937.7559   22.5049
    0.0000  -37.5000  -37.5000 1941.3975   22.3967
    7.5000  -37.5000  -37.5000 1927.3005   22.5822
   -7.5000  -30.0000  -37.5000 2057.2717   20.0178
    0.0000  -30.0000  -37.5000 2063.8411   19.9998
    7.5000  -30.0000  -37.5000 2043.0128   20.0731
   -7.5000  -22.5000  -37.5000 2179.2654   18.1025
    0.0000  -22.5000  -37.5000 2188.2754   18.0949
    7.5000  -22.5000  -37.5000 2162.4580   18.1086
   -7.5000  -15.0000  -37.5000 2281.4546   16.5782
    0.0000  -15.0000  -37.5000 2289.5071   16.5509
    7.5000  -15.0000  -37.5000 2266.7317   16.5256
   -7.5000   -7.5000  -37.5000 2358.6650   15.3342
    0.0000   -7.5000  -37.5000 2370.4854   15.2632
    7.5000   -7.5000  -37.5000 2344.6582   15.2528
   -7.5000    0.0000  -37.5000 2426.4312   14.4030
    0.0000    0.0000  -37.5000 2440.7107   14.3257
    7.5000    0.0000  -37.5000 2412.3818   14.3558
   -7.5000    7.5000  -37.5000 2460.1572   13.9965
    0.0000    7.5000  -37.5000 2479.6392   13.9081
    7.5000    7.5000  -37.5000 2449.5117   13.9425
   -7.5000   15.0000  -37.5000 2473.3953   13.8920
    0.0000   15.0000  -37.5000 2491.7056   13.8041
    7.5000   15.0000  -37.5000 2467.9106   13.8357
   -7.5000   22.5000  -37.5000 2460.4846   14.1485
    0.0000   22.5000  -37.5000 2483.3760   14.0340
    7.5000   22.5000  -37.5000 2465.0413   14.0607
   -7.5000   30.0000  -37.5000 2434.0002   14.4866
    0.0000   30.0000  -37.5000 2458.7336   14.3895
    7.5000   30.0000  -37.5000 2437.6096   14.4088
   -7.5000   37.5000  -37.5000 2399.7847   15.1029
    0.0000   37.5000  -37.5000 2422.2480   15.0421
    7.5000   37.5000  -37.5000 2404.0168   15.0729
   -7.5000   45.0000  -37.5000 2346.5422   15.9702
    0.0000   45.0000  -37.5000 2370.7368   15.9106
    7.5000   45.0000  -37.5000 2349.8950   15.9468
   -7.5000  -45.0000  -30.0000 1872.5431   25.3993
    0.0000  -45.0000  -30.0000 1878.2548   25.2338
    7.5000  -45.0000  -30.0000 1868.2727   25.4563
   -7.5000  -37.5000  -30.0000 2008.5088   22.1755
    0.0000  -37.5000  -30.0000 2017.9541   22.0890
    7.5000  -37.5000  -30.0000 2000.7633   22.2368
   -7.5000  -30.0000  -30.0000 2141.8506   19.6804
    0.0000  -30.0000  -30.0000 2153.4133   19.6084
    7.5000  -30.0000  -30.0000 2129.8159   19.6863
   -7.5000  -22.5000  -30.0000 2271.0042   17.7800
    0.0000  -22.5000  -30.0000 2282.6167   17.7379
    7.5000  -22.5000  -30.0000 2259.6057   17.7627
   -7.5000  -15.0000  -30.0000 2380.1450   16.2281
    0.0000  -15.0000  -30.0000 2391.6277   16.2006
    7.5000  -15.0000  -30.0000 2371.3701   16.1971
   -7.5000   -7.5000  -30.0000 2466.0898   14.9551
    0.0000   -7.5000  -30.0000 2477.8586   14.9198
    7.5000   -7.5000  -30.0000 2456.6309   14.9276
   -7.5000    0.0000  -30.0000 2539.1008   14.0124
    0.0000    0.0000  -30.0000 2554.6758   13.9261
    7.5000    0.0000  -30.0000 2529.8423   13.9469
   -7.5000    7.5000  -30.0000 2592.9197   13.4655
    0.0000    7.5000  -30.0000 2610.3267   13.3711
    7.5000    7.5000  -30.0000 2586.9089   13.4105
   -7.5000   15.0000  -30.0000 2614.1995   13.3289
    0.0000   15.0000  -30.0000 2632.0208   13.2319
    7.5000   15.0000  -30.0000 2614.3401   13.2332
   -7.5000   22.5000  -30.0000 2605.7529   13.5148
    0.0000   22.5000  -30.0000 2625.7834   13.4250
    7.5000   22.5000  -30.0000 2609.1887   13.4241
   -7.5000   30.0000  -30.0000 2576.8103   13.9212
    0.0000   30.0000  -30.0000 2601.6633   13.8694
    7.5000   30.0000  -30.0000 2579.4268   13.8646
   -7.5000   37.5000  -30.0000 2543.3564   14.5560
    0.0000   37.5000  -30.0000 2569.8591   14.5213
    7.5000   37.5000  -30.0000 2550.1367   14.5412
   -7.5000   45.0000  -30.0000 2480.8472   15.3793
    0.0000   45.0000  -30.0000 2511.4597   15.3426
    7.5000   45.0000  -30.0000 2489.9082   15.3567
   -7.5000  -45.0000  -22.5000 1915.1614   25.0680
    0.0000  -45.0000  -22.5000 1920.0826   24.9749
    7.5000  -45.0000  -22.5000 1911.4025   25.2051
   -7.5000  -37.5000  -22.5000 2059.1541   21.8428
    0.0000  -37.5000  -22.5000 2067.5847   21.8344
    7.5000  -37.5000  -22.5000 2050.6848   21.9078
   -7.5000  -30.0000  -22.5000 2196.5544   19.3451
    0.0000  -30.0000  -22.5000 2207.5093   19.2959
    7.5000  -30.0000  -22.5000 2185.3733   19.3523
   -7.5000  -22.5000  -22.5000 2327.3279   17.4130
    0.0000  -22.5000  -22.5000 2342.5332   17.3372
    7.5000  -22.5000  -22.5000 2325.0977   17.4158
   -7.5000  -15.0000  -22.5000 2440.6150   15.8350
    0.0000  -15.0000  -22.5000 2458.7742   15.7302
    7.5000  -15.0000  -22.5000 2441.6565   15.8354
   -7.5000   -7.5000  -22.5000 2535.2197   14.5462
    0.0000   -7.5000  -22.5000 2554.4016   14.4531
    7.5000   -7.5000  -22.5000 2536.7808   14.5431
   -7.5000    0.0000  -22.5000 2618.1194   13.5993
    0.0000    0.0000  -22.5000 2635.5183   13.4964
    7.5000    0.0000  -22.5000 2614.7388   13.5436
   -7.5000    7.5000  -22.5000 2678.7317   12.9656
    0.0000    7.5000  -22.5000 2701.8049   12.8285
    7.5000    7.5000  -22.5000 2686.9937   12.8895
   -7.5000   15.0000  -22.5000 2702.3721   12.7272
    0.0000   15.0000  -22.5000 2732.5574   12.6252
    7.5000   15.0000  -22.5000 2717.7502   12.6612
   -7.5000   22.5000  -22.5000 2709.2163   12.8420
    0.0000   22.5000  -22.5000 2737.2881   12.7556
    7.5000   22.5000  -22.5000 2721.7366   12.7765
   -7.5000   30.0000  -22.5000 2691.4436   13.3002
    0.0000   30.0000  -22.5000 2724.5137   13.2381
    7.5000   30.0000  -22.5000 2701.8689   13.2297
   -7.5000   37.5000  -22.5000 2660.4817   13.9553
    0.0000   37.5000  -22.5000 2692.9033   13.9051
    7.5000   37.5000  -22.5000 2670.6807   13.8980
   -7.5000   45.0000  -22.5000 2590.6550   14.7864
    0.0000   45.0000  -22.5000 2622.1592   14.6998
    7.5000   45.0000  -22.5000 2600.0405   14.7326
   -7.5000  -45.0000  -15.0000 1938.0706   24.9321
    0.0000  -45.0000  -15.0000 1945.8331   24.8653
    7.5000  -45.0000  -15.0000 1925.3199   25.0718
   -7.5000  -37.5000  -15.0000 2083.8560   21.6993
    0.0000  -37.5000  -15.0000 2092.3230   21.6494
    7.5000  -37.5000  -15.0000 2072.6008   21.7820
   -7.5000  -30.0000  -15.0000 2213.0637   19.1323
    0.0000  -30.0000  -15.0000 2222.1936   19.0237
    7.5000  -30.0000  -15.0000 2205.8984   19.1860
   -7.5000  -22.5000  -15.0000 2341.7864   17.0977
    0.0000  -22.5000  -15.0000 2359.5105   17.0082
    7.5000  -22.5000  -15.0000 2341.1460   17.1665
   -7.5000  -15.0000  -15.0000 2461.9839   15.4734
    0.0000  -15.0000  -15.0000 2482.9021   15.3668
    7.5000  -15.0000  -15.0000 2463.8845   15.5281
   -7.5000   -7.5000  -15.0000 2567.8599   14.2108
    0.0000   -7.5000  -15.0000 2588.6858   14.0835
    7.5000   -7.5000  -15.0000 2570.3425   14.2322
   -7.5000    0.0000  -15.0000 2652.0747   13.2425
    0.0000    0.0000  -15.0000 2674.6143   13.1007
    7.5000    0.0000  -15.0000 2659.6809   13.2206
   -7.5000    7.5000  -15.0000 2727.2686   12.5795
    0.0000    7.5000  -15.0000 2758.1743   12.4354
    7.5000    7.5000  -15.0000 2742.5671   12.5351
   -7.5000   15.0000  -15.0000 2760.2336   12.2563
    0.0000   15.0000  -15.0000 2799.5857   12.1220
    7.5000   15.0000  -15.0000 2784.1667   12.2034
   -7.5000   22.5000  -15.0000 2782.5532   12.3149
    0.0000   22.5000  -15.0000 2816.6277   12.2099
    7.5000   22.5000  -15.0000 2799.1606   12.2790
   -7.5000   30.0000  -15.0000 2777.1794   12.7610
    0.0000   30.0000  -15.0000 2809.0327   12.6538
    7.5000   30.0000  -15.0000 2789.7507   12.7106
   -7.5000   37.5000  -15.0000 2739.2693   13.4460
    0.0000   37.5000  -15.0000 2770.8652   13.3204
    7.5000   37.5000  -15.0000 2747.4082   13.3685
   -7.5000   45.0000  -15.0000 2668.0957   14.2760
    0.0000   45.0000  -15.0000 2694.4119   14.1564
    7.5000   45.0000  -15.0000 2667.9321   14.1970
   -7.5000  -45.0000   -7.5000 1940.0198   24.8757
    0.0000  -45.0000   -7.5000 1944.3390   24.8505
    7.5000  -45.0000   -7.5000 1925.8279   25.1134
   -7.5000  -37.5000   -7.5000 2083.6450   21.6354
    0.0000  -37.5000   -7.5000 2093.8247   21.5530
    7.5000  -37.5000   -7.5000 2069.9905   21.7694
   -7.5000  -30.0000   -7.5000 2210.8213   19.0230
    0.0000  -30.0000   -7.5000 2228.5730   18.8865
    7.5000  -30.0000   -7.5000 2202.6248   19.0979
   -7.5000  -22.5000   -7.5000 2342.9346   16.9380
    0.0000  -22.5000   -7.5000 2361.2678   16.7841
    7.5000  -22.5000   -7.5000 2338.9958   17.0021
   -7.5000  -15.0000   -7.5000 2468.4028   15.2779
    0.0000  -15.0000   -7.5000 2480.3362   15.0979
    7.5000  -15.0000   -7.5000 2461.4734   15.3260
   -7.5000   -7.5000   -7.5000 2580.5972   13.9894
    0.0000   -7.5000   -7.5000 2594.2734   13.7920
    7.5000   -7.5000   -7.5000 2574.6550   14.0175
   -7.5000    0.0000   -7.5000 2670.6377   12.9957
    0.0000    0.0000   -7.5000 2689.2495   12.8011
    7.5000    0.0000   -7.5000 2672.9609   13.0209
   -7.5000    7.5000   -7.5000 2753.0464   12.3393
    0.0000    7.5000   -7.5000 2779.9468   12.1473
    7.5000    7.5000   -7.5000 2761.2588   12.3358
   -7.5000   15.0000   -7.5000 2810.1355   11.9585
    0.0000   15.0000   -7.5000 2848.5322   11.7338
    7.5000   15.0000   -7.5000 2823.9475   11.9218
   -7.5000   22.5000   -7.5000 2843.6426   12.0031
    0.0000   22.5000   -7.5000 2872.6182   11.7703
    7.5000   22.5000   -7.5000 2849.5005   11.9488
   -7.5000   30.0000   -7.5000 2844.0100   12.4587
    0.0000   30.0000   -7.5000 2867.0354   12.2058
    7.5000   30.0000   -7.5000 2850.0127   12.3612
   -7.5000   37.5000   -7.5000 2807.8992   13.1131
    0.0000   37.5000   -7.5000 2826.5999   12.8603
    7.5000   37.5000   -7.5000 2802.9365   12.9964
   -7.5000   45.0000   -7.5000 2734.1040   13.8991
    0.0000   45.0000   -7.5000 2747.1462   13.6795
    7.5000   45.0000   -7.5000 2720.2305   13.8111
   -7.5000  -45.0000    0.0000 1924.5933   25.1958
    0.0000  -45.0000    0.0000 1931.2645   25.0529
    7.5000  -45.0000    0.0000 1908.7808   25.4555
   -7.5000  -37.5000    0.0000 2066.1003   21.7647
    0.0000  -37.5000    0.0000 2077.0642   21.6079
    7.5000  -37.5000    0.0000 2055.4646   21.9350
   -7.5000  -30.0000    0.0000 2196.3052   19.1020
    0.0000  -30.0000    0.0000 2210.9304   18.9398
    7.5000  -30.0000    0.0000 2190.0295   19.1864
   -7.5000  -22.5000    0.0000 2318.4417   16.9310
    0.0000  -22.5000    0.0000 2331.6907   16.7678
    7.5000  -22.5000    0.0000 2314.7927   17.0355
   -7.5000  -15.0000    0.0000 2443.1047   15.2067
    0.0000  -15.0000    0.0000 2454.8560   15.0594
    7.5000  -15.0000    0.0000 2436.7869   15.3115
   -7.5000   -7.5000    0.0000 2555.5259   13.8878
    0.0000   -7.5000    0.0000 2571.2085   13.7335
    7.5000   -7.5000    0.0000 2551.5432   13.9891
   -7.5000    0.0000    0.0000 2659.4812   12.8875
    0.0000    0.0000    0.0000 2675.2422   12.7273
    7.5000    0.0000    0.0000 2658.8926   13.0008
   -7.5000    7.5000    0.0000 2754.5642   12.2543
    0.0000    7.5000    0.0000 2772.6533   12.0708
    7.5000    7.5000    0.0000 2758.4609   12.3648
   -7.5000   15.0000    0.0000 2830.2661   11.9558
    0.0000   15.0000    0.0000 2851.5396   11.6924
    7.5000   15.0000    0.0000 2832.1606   11.9893
   -7.5000   22.5000    0.0000 2885.4265   12.0153
    0.0000   22.5000    0.0000 2901.6050   11.6651
    7.5000   22.5000    0.0000 2872.5598   11.9914
   -7.5000   30.0000    0.0000 2889.8667   12.3411
    0.0000   30.0000    0.0000 2901.7073   12.0079
    7.5000   30.0000    0.0000 2876.6831   12.2685
   -7.5000   37.5000    0.0000 2836.0981   12.8396
    0.0000   37.5000    0.0000 2854.4199   12.6060
    7.5000   37.5000    0.0000 2823.8672   12.8005
   -7.5000   45.0000    0.0000 2757.5847   13.5636
    0.0000   45.0000    0.0000 2778.9514   13.4204
    7.5000   45.0000    0.0000 2742.8804   13.5381
   -7.5000  -45.0000    7.5000 1897.9459   25.7967
    0.0000  -45.0000    7.5000 1900.2988   25.6422
    7.5000  -45.0000    7.5000 1883.2550   26.1058
   -7.5000  -37.5000    7.5000 2038.6318   22.2157
    0.0000  -37.5000    7.5000 2047.3019   22.0965
    7.5000  -37.5000    7.5000 2023.9664   22.4725
   -7.5000  -30.0000    7.5000 2167.5479   19.4348
    0.0000  -30.0000    7.5000 2182.2629   19.3068
    7.5000  -30.0000    7.5000 2161.5027   19.6255
   -7.5000  -22.5000    7.5000 2285.4463   17.1332
    0.0000  -22.5000    7.5000 2297.9802   16.9691
    7.5000  -22.5000    7.5000 2284.0286   17.3758
   -7.5000  -15.0000    7.5000 2401.1707   15.3524
    0.0000  -15.0000    7.5000 2413.2280   15.1674
    7.5000  -15.0000    7.5000 2401.9133   15.5866
   -7.5000   -7.5000    7.5000 2518.7102   13.9853
    0.0000   -7.5000    7.5000 2527.7200   13.7996
    7.5000   -7.5000    7.5000 2520.0332   14.2066
   -7.5000    0.0000    7.5000 2626.3340   13.0095
    0.0000    0.0000    7.5000 2639.4214   12.8338
    7.5000    0.0000    7.5000 2630.4033   13.2135
   -7.5000    7.5000    7.5000 2729.6309   12.4366
    0.0000    7.5000    7.5000 2746.5142   12.2701
    7.5000    7.5000    7.5000 2737.0891   12.6373
   -7.5000   15.0000    7.5000 2827.6172   12.2405
    0.0000   15.0000    7.5000 2849.4624   12.1321
    7.5000   15.0000    7.5000 2834.1147   12.3979
   -7.5000   22.5000    7.5000 2883.4561   12.2272
    0.0000   22.5000    7.5000 2913.9873   12.0287
    7.5000   22.5000    7.5000 2875.5686   12.2924
   -7.5000   30.0000    7.5000 2888.9504   12.3513
    0.0000   30.0000    7.5000 2915.6013   12.1167
    7.5000   30.0000    7.5000 2875.2432   12.4065
   -7.5000   37.5000    7.5000 2843.8889   12.7301
    0.0000   37.5000    7.5000 2867.1672   12.5699
    7.5000   37.5000    7.5000 2833.7930   12.7563
   -7.5000   45.0000    7.5000 2755.1055   13.4703
    0.0000   45.0000    7.5000 2782.6501   13.3441
    7.5000   45.0000    7.5000 2745.6685   13.4877
   -7.5000  -45.0000   15.0000 1839.3092   26.8999
    0.0000  -45.0000   15.0000 1847.7501   26.7556
    7.5000  -45.0000   15.0000 1837.0214   27.2867
   -7.5000  -37.5000   15.0000 1991.8263   23.0441
    0.0000  -37.5000   15.0000 1999.5508   22.8689
    7.5000  -37.5000   15.0000 1984.8616   23.4082
   -7.5000  -30.0000   15.0000 2123.9990   20.0320
    0.0000  -30.0000   15.0000 2135.1799   19.8570
    7.5000  -30.0000   15.0000 2123.2668   20.3444
   -7.5000  -22.5000   15.0000 2238.6514   17.6762
    0.0000  -22.5000   15.0000 2246.9705   17.4781
    7.5000  -22.5000   15.0000 2235.8987   17.9818
   -7.5000  -15.0000   15.0000 2351.9583   15.8652
    0.0000  -15.0000   15.0000 2363.9563   15.6912
    7.5000  -15.0000   15.0000 2352.0166   16.1807
   -7.5000   -7.5000   15.0000 2470.2000   14.4839
    0.0000   -7.5000   15.0000 2481.8699   14.3686
    7.5000   -7.5000   15.0000 2467.0405   14.8096
   -7.5000    0.0000   15.0000 2582.6228   13.5446
    0.0000    0.0000   15.0000 2603.0942   13.4752
    7.5000    0.0000   15.0000 2583.4187   13.8454
   -7.5000    7.5000   15.0000 2689.1121   12.9459
    0.0000    7.5000   15.0000 2719.7261   12.8772
    7.5000    7.5000   15.0000 2697.6294   13.1983
   -7.5000   15.0000   15.0000 2780.6689   12.6904
    0.0000   15.0000   15.0000 2810.9209   12.6227
    7.5000   15.0000   15.0000 2783.8462   12.8546
   -7.5000   22.5000   15.0000 2834.6858   12.5589
    0.0000   22.5000   15.0000 2868.9009   12.3996
    7.5000   22.5000   15.0000 2832.8462   12.6789
   -7.5000   30.0000   15.0000 2848.6208   12.7098
    0.0000   30.0000   15.0000 2874.6772   12.5644
    7.5000   30.0000   15.0000 2842.2878   12.8071
   -7.5000   37.5000   15.0000 2809.4810   13.0501
    0.0000   37.5000   15.0000 2835.6685   12.9584
    7.5000   37.5000   15.0000 2804.1414   13.1329
   -7.5000   45.0000   15.0000 2721.2322   13.7285
    0.0000   45.0000   15.0000 2746.1892   13.6371
    7.5000   45.0000   15.0000 2717.0054   13.7821
   -7.5000  -45.0000   22.5000 1773.2816   28.5274
    0.0000  -45.0000   22.5000 1781.1344   28.2380
    7.5000  -45.0000   22.5000 1782.2710   28.9771
   -7.5000  -37.5000   22.5000 1929.5425   24.3296
    0.0000  -37.5000   22.5000 1939.4542   24.0700
    7.5000  -37.5000   22.5000 1935.9108   24.7213
   -7.5000  -30.0000   22.5000 2066.2639   21.1164
    0.0000  -30.0000   22.5000 2081.1274   20.9662
    7.5000  -30.0000   22.5000 2069.6797   21.4797
   -7.5000  -22.5000   22.5000 2188.0913   18.6088
    0.0000  -22.5000   22.5000 2198.7578   18.4967
    7.5000  -22.5000   22.5000 2185.3137   19.0060
   -7.5000  -15.0000   22.5000 2304.2119   16.7983
    0.0000  -15.0000   22.5000 2319.7905   16.7142
    7.5000  -15.0000   22.5000 2298.1416   17.1681
   -7.5000   -7.5000   22.5000 2424.7065   15.4097
    0.0000   -7.5000   22.5000 2444.0090   15.3231
    7.5000   -7.5000   22.5000 2416.5608   15.7327
   -7.5000    0.0000   22.5000 2532.8721   14.3668
    0.0000    0.0000   22.5000 2557.7087   14.2646
    7.5000    0.0000   22.5000 2531.4763   14.6385
   -7.5000    7.5000   22.5000 2630.1206   13.6428
    0.0000    7.5000   22.5000 2657.5808   13.5328
    7.5000    7.5000   22.5000 2634.6980   13.8617
   -7.5000   15.0000   22.5000 2713.4617   13.2680
    0.0000   15.0000   22.5000 2740.9915   13.1263
    7.5000   15.0000   22.5000 2717.8284   13.4329
   -7.5000   22.5000   22.5000 2768.3530   13.0149
    0.0000   22.5000   22.5000 2794.2415   12.8093
    7.5000   22.5000   22.5000 2766.7974   13.1400
   -7.5000   30.0000   22.5000 2773.9849   13.1989
    0.0000   30.0000   22.5000 2797.3350   13.0009
    7.5000   30.0000   22.5000 2775.2812   13.2556
   -7.5000   37.5000   22.5000 2736.6248   13.5921
    0.0000   37.5000   22.5000 2761.2812   13.4116
    7.5000   37.5000   22.5000 2739.2803   13.6546
   -7.5000   45.0000   22.5000 2662.2952   14.2418
    0.0000   45.0000   22.5000 2685.4868   14.1291
    7.5000   45.0000   22.5000 2662.6509   14.3288
   -7.5000  -45.0000   30.0000 1704.0886   30.7679
    0.0000  -45.0000   30.0000 1708.8591   30.4275
    7.5000  -45.0000   30.0000 1712.8837   31.2578
   -7.5000  -37.5000   30.0000 1864.2443   26.1699
    0.0000  -37.5000   30.0000 1869.9375   25.8862
    7.5000  -37.5000   30.0000 1873.2876   26.6090
   -7.5000  -30.0000   30.0000 2000.5721   22.7594
    0.0000  -30.0000   30.0000 2014.0100   22.6914
    7.5000  -30.0000   30.0000 2005.9456   23.1698
   -7.5000  -22.5000   30.0000 2131.1343   20.0974
    0.0000  -22.5000   30.0000 2143.8535   20.0888
    7.5000  -22.5000   30.0000 2125.8135   20.5194
   -7.5000  -15.0000   30.0000 2249.2917   18.1000
    0.0000  -15.0000   30.0000 2263.7568   18.0408
    7.5000  -15.0000   30.0000 2236.5613   18.4391
   -7.5000   -7.5000   30.0000 2365.2148   16.4944
    0.0000   -7.5000   30.0000 2383.4417   16.4128
    7.5000   -7.5000   30.0000 2351.0356   16.8022
   -7.5000    0.0000   30.0000 2473.3672   15.3005
    0.0000    0.0000   30.0000 2494.7998   15.1962
    7.5000    0.0000   30.0000 2460.8044   15.5836
   -7.5000    7.5000   30.0000 2567.8286   14.5232
    0.0000    7.5000   30.0000 2590.5581   14.4078
    7.5000    7.5000   30.0000 2561.2312   14.7460
   -7.5000   15.0000   30.0000 2637.0581   13.9993
    0.0000   15.0000   30.0000 2661.6716   13.8469
    7.5000   15.0000   30.0000 2631.3784   14.2034
   -7.5000   22.5000   30.0000 2683.9436   13.7325
    0.0000   22.5000   30.0000 2702.1150   13.5493
    7.5000   22.5000   30.0000 2674.5706   13.8454
   -7.5000   30.0000   30.0000 2682.6428   13.8784
    0.0000   30.0000   30.0000 2699.6375   13.6734
    7.5000   30.0000   30.0000 2676.1858   13.9451
   -7.5000   37.5000   30.0000 2648.8384   14.3050
    0.0000   37.5000   30.0000 2663.2009   14.1171
    7.5000   37.5000   30.0000 2647.0356   14.3660
   -7.5000   45.0000   30.0000 2585.5151   14.9424
    0.0000   45.0000   30.0000 2606.1621   14.7977
    7.5000   45.0000   30.0000 2581.6646   15.0116
   -7.5000  -45.0000   37.5000 1636.7543   33.7961
    0.0000  -45.0000   37.5000 1636.0702   33.5987
    7.5000  -45.0000   37.5000 1633.5620   34.4194
   -7.5000  -37.5000   37.5000 1792.8290   28.6533
    0.0000  -37.5000   37.5000 1794.3464   28.5029
    7.5000  -37.5000   37.5000 1793.2371   29.1417
   -7.5000  -30.0000   37.5000 1938.9866   24.7936
    0.0000  -30.0000   37.5000 1945.7397   24.7703
    7.5000  -30.0000   37.5000 1938.3003   25.1677
   -7.5000  -22.5000   37.5000 2066.6846   21.8211
    0.0000  -22.5000   37.5000 2076.2341   21.8202
    7.5000  -22.5000   37.5000 2061.0903   22.2658
   -7.5000  -15.0000   37.5000 2178.4971   19.4720
    0.0000  -15.0000   37.5000 2193.2451   19.4912
    7.5000  -15.0000   37.5000 2165.7983   19.9048
   -7.5000   -7.5000   37.5000 2294.4836   17.7292
    0.0000   -7.5000   37.5000 2314.4717   17.6915
    7.5000   -7.5000   37.5000 2275.0500   18.1011
   -7.5000    0.0000   37.5000 2401.9006   16.4493
    0.0000    0.0000   37.5000 2422.5198   16.3990
    7.5000    0.0000   37.5000 2382.6934   16.7577
   -7.5000    7.5000   37.5000 2487.8533   15.6209
    0.0000    7.5000   37.5000 2514.0854   15.5308
    7.5000    7.5000   37.5000 2472.2771   15.8553
   -7.5000   15.0000   37.5000 2556.1106   15.0155
    0.0000   15.0000   37.5000 2577.5000   14.8720
    7.5000   15.0000   37.5000 2536.2771   15.1956
   -7.5000   22.5000   37.5000 2589.7478   14.7193
    0.0000   22.5000   37.5000 2604.1523   14.5642
    7.5000   22.5000   37.5000 2572.6189   14.8341
   -7.5000   30.0000   37.5000 2583.3772   14.7496
    0.0000   30.0000   37.5000 2600.4785   14.5816
    7.5000   30.0000   37.5000 2573.8816   14.8441
   -7.5000   37.5000   37.5000 2554.6733   15.1917
    0.0000   37.5000   37.5000 2568.1833   15.0406
    7.5000   37.5000   37.5000 2551.4097   15.2894
   -7.5000   45.0000   37.5000 2497.0959   15.8522
    0.0000   45.0000   37.5000 2516.2402   15.7274
    7.5000   45.0000   37.5000 2494.8420   15.9553
   -7.5000  -45.0000   45.0000 1552.5398   37.7658
    0.0000  -45.0000   45.0000 1551.2437   37.5724
    7.5000  -45.0000   45.0000 1547.5468   38.5050
   -7.5000  -37.5000   45.0000 1711.0876   31.5565
    0.0000  -37.5000   45.0000 1710.6731   31.4449
    7.5000  -37.5000   45.0000 1703.2454   32.2030
   -7.5000  -30.0000   45.0000 1864.9031   27.0567
    0.0000  -30.0000   45.0000 1868.4388   27.0264
    7.5000  -30.0000   45.0000 1858.4332   27.6024
   -7.5000  -22.5000   45.0000 1991.3756   23.7504
    0.0000  -22.5000   45.0000 1998.3042   23.7445
    7.5000  -22.5000   45.0000 1981.0957   24.2714
   -7.5000  -15.0000   45.0000 2102.6492   21.2141
    0.0000  -15.0000   45.0000 2113.4829   21.2427
    7.5000  -15.0000   45.0000 2089.3376   21.7192
   -7.5000   -7.5000   45.0000 2213.3811   19.3314
    0.0000   -7.5000   45.0000 2230.4014   19.3170
    7.5000   -7.5000   45.0000 2192.7729   19.6955
   -7.5000    0.0000   45.0000 2315.5442   17.9301
    0.0000    0.0000   45.0000 2336.8215   17.9365
    7.5000    0.0000   45.0000 2296.6470   18.2432
   -7.5000    7.5000   45.0000 2398.3745   16.9935
    0.0000    7.5000   45.0000 2427.9983   16.9119
    7.5000    7.5000   45.0000 2380.2734   17.2267
   -7.5000   15.0000   45.0000 2459.2639   16.3127
    0.0000   15.0000   45.0000 2479.5093   16.2208
    7.5000   15.0000   45.0000 2438.9988   16.4768
   -7.5000   22.5000   45.0000 2487.4292   15.9795
    0.0000   22.5000   45.0000 2495.4048   15.8601
    7.5000   22.5000   45.0000 2465.1023   16.0899
   -7.5000   30.0000   45.0000 2477.5266   15.9180
    0.0000   30.0000   45.0000 2492.6401   15.7903
    7.5000   30.0000   45.0000 2464.8311   16.0006
   -7.5000   37.5000   45.0000 2453.6270   16.3505
    0.0000   37.5000   45.0000 2462.8293   16.2206
    7.5000   37.5000   45.0000 2443.6304   16.4351
   -7.5000   45.0000   45.0000 2403.6738   17.0250
    0.0000   45.0000   45.0000 2418.0759   16.9385
    7.5000   45.0000   45.0000 2399.6768   17.1426

---------------------------------------------------------------------
imgreg_4dfp /opt/freesurfer/average/711-2C_as_mni_average_305 /opt/freesurfer/average/711-2B_as_mni_average_305_mask talsrcimg_g11 none talsrcimg_to_711-2C_as_mni_average_305_t4 1283
---------------------------------------------------------------------

freesurfer imgreg_4dfp.c
/opt/freesurfer/average/711-2C_as_mni_average_305.4dfp.img
       256       256       256         1
  1.000000  1.000000  1.000000
orientation T byte_order littleendian
Reading image: /opt/freesurfer/average/711-2C_as_mni_average_305.4dfp.img
dimensions:      256       256       256
mmppix:       1.0000   -1.0000   -1.0000
center:     128.0000 -129.0000 -129.0000
/opt/freesurfer/average/711-2B_as_mni_average_305_mask.4dfp.img
       256       256       256         1
  1.000000  1.000000  1.000000
orientation T byte_order littleendian
Reading mask: /opt/freesurfer/average/711-2B_as_mni_average_305_mask.4dfp.img (2306576 pixels)
talsrcimg_g11.4dfp.img
       256       256       256         1
  1.000000  1.000000  1.000000
orientation T byte_order littleendian
Reading image: talsrcimg_g11.4dfp.img
dimensions:      256       256       256
mmppix:       1.0000   -1.0000   -1.0000
center:     128.0000 -129.0000 -129.0000
rotation matrix determinant  1.000000
fimgreg.f
image alignment mode   1283 decimal      503 hex
parameters
    0.0000   30.0000    7.5000    0.0000    0.0000    0.0000
eta,q 0.91693 12.14054
niter,ni,del,rscale     5    3   12.0000    1.2000
parameter  4  2.311918 ->  0.500000 qaram    1.1500
parameters
   -0.1082   27.1298    6.3235   -3.4500   -1.2738   -1.2535
eta,q 0.92677 11.81976
  0.0894  0.0824  0.0871  0.0727  0.0775  0.0775
  0.0847  0.0811  0.0835  0.0739  0.0755  0.0750
  0.0806  0.0799  0.0796  0.0765  0.0737  0.0735
  0.0811  0.0808  0.0802  0.0792  0.0745  0.0736
  0.0833  0.0865  0.0849  0.0828  0.0764  0.0757
  0.0849  0.0924  0.0892  0.0867  0.0783  0.0788
  0.0893  0.0979  0.0924  0.0898  0.0807  0.0817
niter,ni,del,rscale     5    3   12.0000    1.2000
parameter  4  0.918943 ->  0.500000 qaram    1.3225
parameters
    0.0007   27.4665    5.5471   -7.4175   -1.2105   -1.4231
eta,q 0.92974 11.78313
  0.0830  0.0840  0.0811  0.0693  0.0753  0.0759
  0.0790  0.0776  0.0780  0.0702  0.0738  0.0724
  0.0753  0.0738  0.0744  0.0709  0.0718  0.0703
  0.0732  0.0732  0.0733  0.0731  0.0704  0.0703
  0.0746  0.0744  0.0772  0.0771  0.0711  0.0716
  0.0777  0.0770  0.0813  0.0818  0.0735  0.0735
  0.0830  0.0809  0.0851  0.0870  0.0754  0.0756
niter,ni,del,rscale     5    3   12.0000    1.2000
parameters
   -0.2822   28.6301    4.5232  -11.1907   -1.8965   -1.3186
eta,q 0.93287 11.70583
  0.0788  0.0857  0.0762  0.0706  0.0718  0.0744
  0.0749  0.0772  0.0737  0.0672  0.0696  0.0707
  0.0717  0.0720  0.0711  0.0679  0.0677  0.0681
  0.0703  0.0703  0.0706  0.0704  0.0672  0.0671
  0.0719  0.0712  0.0728  0.0726  0.0689  0.0678
  0.0759  0.0731  0.0769  0.0761  0.0718  0.0706
  0.0808  0.0761  0.0825  0.0818  0.0736  0.0738
niter,ni,del,rscale     4    3   12.0000    1.2000
parameters
   -0.1916   30.1846    3.8018  -12.9437   -1.6786   -1.4352
eta,q 0.93429 11.63927
  0.0780  0.0855  0.0739  0.0713  0.0714  0.0724
  0.0731  0.0771  0.0701  0.0688  0.0690  0.0688
  0.0690  0.0705  0.0676  0.0657  0.0669  0.0666
  0.0671  0.0671  0.0668  0.0667  0.0657  0.0657
  0.0680  0.0671  0.0686  0.0700  0.0662  0.0666
  0.0724  0.0696  0.0727  0.0733  0.0684  0.0695
  0.0778  0.0727  0.0789  0.0765  0.0709  0.0727
niter,ni,del,rscale     3    3   12.0000    1.2000
parameters
   -0.4133   31.0482    3.3039  -14.5052   -1.2291   -1.4483
eta,q 0.93521 11.64304
  0.0765  0.0806  0.0732  0.0699  0.0714  0.0720
  0.0707  0.0730  0.0694  0.0697  0.0689  0.0685
  0.0660  0.0678  0.0666  0.0652  0.0664  0.0662
  0.0657  0.0656  0.0655  0.0655  0.0649  0.0648
  0.0673  0.0665  0.0671  0.0684  0.0654  0.0655
  0.0715  0.0699  0.0705  0.0720  0.0676  0.0688
  0.0782  0.0732  0.0773  0.0760  0.0700  0.0721
niter,ni,del,rscale     2    3   12.0000    1.2000
parameters
   -0.7514   31.9957    2.5598  -16.1684   -1.1981   -1.7771
eta,q 0.93588 11.67956
  0.0751  0.0787  0.0713  0.0687  0.0707  0.0699
  0.0696  0.0728  0.0674  0.0684  0.0674  0.0668
  0.0648  0.0672  0.0653  0.0647  0.0649  0.0650
  0.0648  0.0645  0.0648  0.0647  0.0641  0.0641
  0.0670  0.0662  0.0664  0.0672  0.0653  0.0648
  0.0709  0.0692  0.0695  0.0710  0.0676  0.0680
  0.0777  0.0716  0.0764  0.0756  0.0701  0.0714
niter,ni,del,rscale     1    3   12.0000    1.2000
parameters
   -1.0673   33.1108    1.5993  -17.5429   -1.4506   -2.0202
eta,q 0.93757 11.70019
  0.0739  0.0773  0.0705  0.0690  0.0695  0.0682
  0.0688  0.0724  0.0653  0.0674  0.0656  0.0654
  0.0646  0.0671  0.0632  0.0634  0.0629  0.0635
  0.0641  0.0639  0.0644  0.0635  0.0624  0.0624
  0.0661  0.0653  0.0665  0.0666  0.0639  0.0629
  0.0696  0.0673  0.0695  0.0701  0.0669  0.0657
  0.0764  0.0706  0.0755  0.0748  0.0702  0.0699
registration optimization eta report
parameter search radius
    6.0000    6.0000    6.0000    7.9350    6.0000    6.0000
100000*second partial in parameter space
       31.       26.       25.       13.       20.       19.
  0.0739  0.0773  0.0705  0.0690  0.0695  0.0682
  0.0688  0.0724  0.0653  0.0674  0.0656  0.0654
  0.0646  0.0671  0.0632  0.0634  0.0629  0.0635
  0.0641  0.0639  0.0644  0.0635  0.0624  0.0624
  0.0661  0.0653  0.0665  0.0666  0.0639  0.0629
  0.0696  0.0673  0.0695  0.0701  0.0669  0.0657
  0.0764  0.0706  0.0755  0.0748  0.0702  0.0699
   -1.0673   33.1108    1.5993  -17.5429   -1.4506   -2.0202
eta,q 0.93757 11.70019

---------------------------------------------------------------------
imgreg_4dfp /opt/freesurfer/average/711-2C_as_mni_average_305 /opt/freesurfer/average/711-2B_as_mni_average_305_mask talsrcimg_g11 none talsrcimg_to_711-2C_as_mni_average_305_t4 3335
---------------------------------------------------------------------

freesurfer imgreg_4dfp.c
/opt/freesurfer/average/711-2C_as_mni_average_305.4dfp.img
       256       256       256         1
  1.000000  1.000000  1.000000
orientation T byte_order littleendian
Reading image: /opt/freesurfer/average/711-2C_as_mni_average_305.4dfp.img
dimensions:      256       256       256
mmppix:       1.0000   -1.0000   -1.0000
center:     128.0000 -129.0000 -129.0000
/opt/freesurfer/average/711-2B_as_mni_average_305_mask.4dfp.img
       256       256       256         1
  1.000000  1.000000  1.000000
orientation T byte_order littleendian
Reading mask: /opt/freesurfer/average/711-2B_as_mni_average_305_mask.4dfp.img (2306576 pixels)
talsrcimg_g11.4dfp.img
       256       256       256         1
  1.000000  1.000000  1.000000
orientation T byte_order littleendian
Reading image: talsrcimg_g11.4dfp.img
dimensions:      256       256       256
mmppix:       1.0000   -1.0000   -1.0000
center:     128.0000 -129.0000 -129.0000
fimgreg.f
image alignment mode   3335 decimal      D07 hex
parameters
   -1.0673   33.1108    1.5993   -0.0942   -4.6832   -4.6814
    2.5986    3.4747   -3.5240   30.0381   -2.5314  -30.1323
eta,q 0.93785 11.74556
niter,ni,del,rscale     5    3    5.0000    1.2000
parameter  4  3.419961 ->  0.500000 qaram    1.1500
parameter  5  7.996733 ->  0.500000 qaram    1.1500
parameter  6  1.371238 ->  0.500000 qaram    1.1500
parameter  8  0.703598 ->  0.500000 qaram    1.1500
parameter 12 -1.879566 -> -0.500000 qaram    1.1500
parameters
   -1.6599   33.3417    0.9467   -4.2342   -8.8232   -8.8214
    4.5597   -0.6653   -1.6174   27.2444   -4.8303  -25.9923
eta,q 0.96438 11.54627
  0.0635  0.0643  0.0629  0.0517  0.0426  0.0401  0.0467  0.0411  0.0429  0.0398  0.0395  0.0446
  0.0624  0.0632  0.0621  0.0540  0.0468  0.0420  0.0449  0.0394  0.0411  0.0388  0.0386  0.0423
  0.0620  0.0623  0.0618  0.0574  0.0510  0.0445  0.0435  0.0400  0.0399  0.0386  0.0383  0.0403
  0.0621  0.0620  0.0619  0.0618  0.0548  0.0480  0.0426  0.0424  0.0394  0.0392  0.0386  0.0383
  0.0629  0.0621  0.0626  0.0667  0.0592  0.0528  0.0424  0.0457  0.0393  0.0403  0.0394  0.0366
  0.0641  0.0627  0.0636  0.0712  0.0641  0.0589  0.0428  0.0493  0.0396  0.0425  0.0406  0.0353
  0.0657  0.0636  0.0650  0.0756  0.0689  0.0653  0.0439  0.0529  0.0404  0.0463  0.0421  0.0347
niter,ni,del,rscale     7    3    5.0000    1.2000
parameter  4  0.651803 ->  0.500000 qaram    1.3225
parameter  5  1.862968 ->  0.500000 qaram    1.3225
parameter  6  0.503080 ->  0.500000 qaram    1.3225
parameters
   -1.4026   32.8933    0.6672   -8.9952  -13.5842  -13.5824
    4.4322   -0.0789   -1.4915   26.2311   -5.1098  -22.8793
eta,q 0.97400 11.09975
  0.0420  0.0373  0.0377  0.0339  0.0255  0.0263  0.0291  0.0325  0.0289  0.0290  0.0271  0.0301
  0.0389  0.0362  0.0362  0.0330  0.0267  0.0262  0.0276  0.0292  0.0275  0.0273  0.0266  0.0282
  0.0367  0.0356  0.0355  0.0330  0.0291  0.0267  0.0266  0.0272  0.0266  0.0264  0.0263  0.0269
  0.0356  0.0355  0.0355  0.0354  0.0329  0.0272  0.0263  0.0263  0.0262  0.0262  0.0262  0.0262
  0.0358  0.0362  0.0361  0.0407  0.0373  0.0288  0.0267  0.0264  0.0265  0.0269  0.0263  0.0260
  0.0372  0.0375  0.0372  0.0471  0.0414  0.0339  0.0277  0.0279  0.0273  0.0287  0.0266  0.0262
  0.0399  0.0395  0.0388  0.0529  0.0459  0.0412  0.0294  0.0312  0.0287  0.0312  0.0273  0.0267
niter,ni,del,rscale     7    3    5.0000    1.2000
parameter  5  0.515283 ->  0.500000 qaram    1.5209
parameters
   -1.2657   32.7554    0.2089  -10.1818  -19.0594  -15.6317
    4.3118    0.0919   -1.7281   26.5171   -5.1451  -25.0319
eta,q 0.97575 10.67471
  0.0300  0.0287  0.0270  0.0294  0.0261  0.0270  0.0271  0.0297  0.0266  0.0280  0.0252  0.0253
  0.0279  0.0271  0.0263  0.0277  0.0250  0.0252  0.0257  0.0271  0.0254  0.0262  0.0248  0.0246
  0.0265  0.0262  0.0260  0.0266  0.0249  0.0244  0.0247  0.0253  0.0246  0.0250  0.0245  0.0243
  0.0260  0.0260  0.0260  0.0259  0.0262  0.0249  0.0244  0.0244  0.0244  0.0244  0.0244  0.0244
  0.0263  0.0265  0.0264  0.0259  0.0286  0.0261  0.0248  0.0248  0.0247  0.0247  0.0245  0.0250
  0.0273  0.0276  0.0271  0.0283  0.0327  0.0270  0.0258  0.0265  0.0256  0.0258  0.0248  0.0259
  0.0292  0.0294  0.0282  0.0337  0.0370  0.0304  0.0273  0.0296  0.0269  0.0276  0.0253  0.0271
niter,ni,del,rscale     7    3    5.0000    1.2000
parameters
   -1.2937   32.7608   -0.0151   -9.7985  -19.6324  -15.3623
    4.3722   -0.0213   -1.7661   27.0252   -5.4263  -25.6188
eta,q 0.97578 10.70236
  0.0276  0.0273  0.0257  0.0283  0.0294  0.0282  0.0270  0.0291  0.0265  0.0280  0.0250  0.0259
  0.0257  0.0256  0.0248  0.0265  0.0270  0.0259  0.0256  0.0266  0.0253  0.0262  0.0246  0.0249
  0.0246  0.0246  0.0244  0.0251  0.0251  0.0245  0.0246  0.0250  0.0245  0.0249  0.0243  0.0243
  0.0242  0.0242  0.0242  0.0242  0.0242  0.0242  0.0242  0.0242  0.0243  0.0243  0.0242  0.0242
  0.0247  0.0246  0.0245  0.0239  0.0248  0.0250  0.0245  0.0246  0.0245  0.0245  0.0243  0.0246
  0.0259  0.0256  0.0253  0.0250  0.0270  0.0260  0.0255  0.0265  0.0253  0.0255  0.0246  0.0253
  0.0277  0.0273  0.0264  0.0286  0.0315  0.0274  0.0269  0.0297  0.0266  0.0271  0.0252  0.0264
niter,ni,del,rscale     6    3    5.0000    1.2000
parameters
   -1.2790   32.7826   -0.0540   -9.8023  -19.8210  -15.2298
    4.4069    0.0052   -1.7682   27.1888   -5.5475  -25.7951
eta,q 0.97575 10.70721
  0.0276  0.0273  0.0259  0.0282  0.0298  0.0280  0.0270  0.0292  0.0266  0.0277  0.0250  0.0261
  0.0257  0.0256  0.0250  0.0263  0.0273  0.0258  0.0256  0.0267  0.0253  0.0259  0.0247  0.0251
  0.0246  0.0246  0.0244  0.0250  0.0253  0.0245  0.0246  0.0250  0.0245  0.0247  0.0244  0.0244
  0.0242  0.0242  0.0242  0.0242  0.0242  0.0242  0.0243  0.0243  0.0243  0.0243  0.0242  0.0242
  0.0246  0.0246  0.0244  0.0239  0.0247  0.0251  0.0246  0.0246  0.0245  0.0246  0.0243  0.0245
  0.0257  0.0256  0.0251  0.0253  0.0267  0.0259  0.0255  0.0263  0.0253  0.0257  0.0246  0.0252
  0.0275  0.0272  0.0261  0.0292  0.0310  0.0275  0.0270  0.0295  0.0266  0.0274  0.0252  0.0262
niter,ni,del,rscale     5    3    5.0000    1.2000
parameters
   -1.2739   32.7917   -0.0463   -9.7880  -19.8802  -15.1739
    4.4164    0.0159   -1.7686   27.2384   -5.5684  -25.8392
eta,q 0.97574 10.71026
  0.0276  0.0273  0.0260  0.0282  0.0299  0.0279  0.0270  0.0292  0.0266  0.0276  0.0251  0.0262
  0.0257  0.0257  0.0251  0.0264  0.0274  0.0257  0.0256  0.0266  0.0253  0.0258  0.0247  0.0251
  0.0246  0.0246  0.0245  0.0250  0.0254  0.0244  0.0246  0.0250  0.0245  0.0247  0.0244  0.0245
  0.0243  0.0243  0.0243  0.0243  0.0243  0.0243  0.0243  0.0243  0.0243  0.0243  0.0243  0.0243
  0.0246  0.0246  0.0244  0.0239  0.0247  0.0251  0.0246  0.0246  0.0245  0.0246  0.0243  0.0245
  0.0258  0.0256  0.0250  0.0253  0.0266  0.0258  0.0255  0.0263  0.0253  0.0258  0.0246  0.0252
  0.0276  0.0273  0.0260  0.0293  0.0309  0.0276  0.0270  0.0295  0.0266  0.0275  0.0252  0.0262
registration optimization eta report
parameter search radius
    2.4000    2.4000    2.4000    9.5220   10.9503    9.5220
    7.2000    8.2800    7.2000    7.2000    7.2000    8.2800
100000*second partial in parameter space
       58.       52.       31.        5.        5.        4.
        5.        7.        4.        6.        2.        3.
  0.0276  0.0273  0.0260  0.0282  0.0299  0.0279  0.0270  0.0292  0.0266  0.0276  0.0251  0.0262
  0.0257  0.0257  0.0251  0.0264  0.0274  0.0257  0.0256  0.0266  0.0253  0.0258  0.0247  0.0251
  0.0246  0.0246  0.0245  0.0250  0.0254  0.0244  0.0246  0.0250  0.0245  0.0247  0.0244  0.0245
  0.0243  0.0243  0.0243  0.0243  0.0243  0.0243  0.0243  0.0243  0.0243  0.0243  0.0243  0.0243
  0.0246  0.0246  0.0244  0.0239  0.0247  0.0251  0.0246  0.0246  0.0245  0.0246  0.0243  0.0245
  0.0258  0.0256  0.0250  0.0253  0.0266  0.0258  0.0255  0.0263  0.0253  0.0258  0.0246  0.0252
  0.0276  0.0273  0.0260  0.0293  0.0309  0.0276  0.0270  0.0295  0.0266  0.0275  0.0252  0.0262
   -1.2739   32.7917   -0.0463   -9.7880  -19.8802  -15.1739
    4.4164    0.0159   -1.7686   27.2384   -5.5684  -25.8392
eta,q 0.97574 10.71026

---------------------------------------------------------------------
imgreg_4dfp /opt/freesurfer/average/711-2C_as_mni_average_305 /opt/freesurfer/average/711-2B_as_mni_average_305_mask talsrcimg_g11 none talsrcimg_to_711-2C_as_mni_average_305_t4 2311
---------------------------------------------------------------------

freesurfer imgreg_4dfp.c
/opt/freesurfer/average/711-2C_as_mni_average_305.4dfp.img
       256       256       256         1
  1.000000  1.000000  1.000000
orientation T byte_order littleendian
Reading image: /opt/freesurfer/average/711-2C_as_mni_average_305.4dfp.img
dimensions:      256       256       256
mmppix:       1.0000   -1.0000   -1.0000
center:     128.0000 -129.0000 -129.0000
/opt/freesurfer/average/711-2B_as_mni_average_305_mask.4dfp.img
       256       256       256         1
  1.000000  1.000000  1.000000
orientation T byte_order littleendian
Reading mask: /opt/freesurfer/average/711-2B_as_mni_average_305_mask.4dfp.img (2306576 pixels)
talsrcimg_g11.4dfp.img
       256       256       256         1
  1.000000  1.000000  1.000000
orientation T byte_order littleendian
Reading image: talsrcimg_g11.4dfp.img
dimensions:      256       256       256
mmppix:       1.0000   -1.0000   -1.0000
center:     128.0000 -129.0000 -129.0000
fimgreg.f
image alignment mode   2311 decimal      907 hex
parameters
   -1.2739   32.7917   -0.0463   -9.7880  -19.8802  -15.1739
    4.4164    0.0159   -1.7686   27.2384   -5.5684  -25.8392
eta,q 0.97574 10.71026
niter,ni,del,rscale     5    3    5.0000    0.8000
parameters
   -1.2931   32.7921   -0.0181   -7.5215  -18.9986  -15.2440
    4.6207    0.0810   -1.5620   27.0220   -5.6711  -25.7138
eta,q 0.97614 10.86248
  0.0257  0.0256  0.0251  0.0256  0.0257  0.0248  0.0253  0.0258  0.0250  0.0253  0.0242  0.0246
  0.0249  0.0249  0.0247  0.0250  0.0249  0.0242  0.0246  0.0248  0.0244  0.0245  0.0240  0.0242
  0.0244  0.0244  0.0244  0.0246  0.0243  0.0239  0.0241  0.0241  0.0240  0.0240  0.0239  0.0239
  0.0243  0.0243  0.0243  0.0243  0.0239  0.0239  0.0239  0.0239  0.0239  0.0239  0.0239  0.0239
  0.0244  0.0244  0.0243  0.0240  0.0239  0.0241  0.0240  0.0240  0.0240  0.0241  0.0239  0.0239
  0.0250  0.0249  0.0246  0.0239  0.0242  0.0244  0.0244  0.0246  0.0243  0.0247  0.0240  0.0242
  0.0258  0.0256  0.0251  0.0243  0.0248  0.0247  0.0251  0.0258  0.0249  0.0256  0.0243  0.0245
niter,ni,del,rscale     4    3    5.0000    0.7000
parameters
   -1.1283   32.8556   -0.2505   -7.8349  -18.7870  -15.8690
    4.5912    0.2482   -1.5253   26.8951   -5.7584  -25.9459
eta,q 0.97619 10.82525
  0.0255  0.0250  0.0243  0.0247  0.0250  0.0244  0.0248  0.0253  0.0246  0.0250  0.0241  0.0243
  0.0246  0.0244  0.0240  0.0243  0.0244  0.0240  0.0243  0.0245  0.0242  0.0243  0.0239  0.0240
  0.0241  0.0240  0.0239  0.0240  0.0241  0.0238  0.0239  0.0240  0.0239  0.0239  0.0239  0.0238
  0.0239  0.0239  0.0238  0.0238  0.0239  0.0239  0.0238  0.0238  0.0238  0.0238  0.0238  0.0238
  0.0239  0.0239  0.0240  0.0239  0.0239  0.0241  0.0239  0.0239  0.0239  0.0240  0.0238  0.0239
  0.0242  0.0243  0.0242  0.0243  0.0243  0.0244  0.0243  0.0243  0.0242  0.0244  0.0240  0.0241
  0.0249  0.0248  0.0247  0.0253  0.0248  0.0247  0.0249  0.0251  0.0246  0.0251  0.0241  0.0244
niter,ni,del,rscale     3    3    5.0000    0.6000
parameters
   -1.1256   32.8498   -0.3686   -7.6645  -18.7730  -16.1138
    4.6278    0.2351   -1.4908   26.8591   -5.8853  -26.0846
eta,q 0.97621 10.82039
  0.0248  0.0246  0.0242  0.0245  0.0246  0.0243  0.0246  0.0248  0.0244  0.0247  0.0240  0.0241
  0.0242  0.0242  0.0240  0.0242  0.0242  0.0240  0.0241  0.0242  0.0241  0.0242  0.0239  0.0239
  0.0239  0.0239  0.0238  0.0240  0.0239  0.0238  0.0239  0.0239  0.0239  0.0239  0.0238  0.0238
  0.0238  0.0238  0.0238  0.0238  0.0238  0.0238  0.0238  0.0238  0.0238  0.0238  0.0238  0.0238
  0.0239  0.0239  0.0239  0.0238  0.0239  0.0239  0.0239  0.0239  0.0238  0.0239  0.0238  0.0238
  0.0242  0.0242  0.0241  0.0240  0.0242  0.0242  0.0241  0.0242  0.0240  0.0242  0.0239  0.0240
  0.0247  0.0246  0.0244  0.0245  0.0246  0.0244  0.0245  0.0249  0.0244  0.0247  0.0240  0.0242
niter,ni,del,rscale     2    3    5.0000    0.5000
parameters
   -1.1036   32.8560   -0.4511   -7.4314  -18.7596  -16.2410
    4.6696    0.2294   -1.4731   26.8312   -6.0294  -26.2224
eta,q 0.97624 10.82554
  0.0245  0.0243  0.0240  0.0243  0.0243  0.0242  0.0243  0.0245  0.0242  0.0244  0.0239  0.0240
  0.0241  0.0240  0.0239  0.0241  0.0240  0.0239  0.0240  0.0241  0.0240  0.0240  0.0238  0.0238
  0.0239  0.0239  0.0238  0.0239  0.0238  0.0238  0.0238  0.0238  0.0238  0.0238  0.0238  0.0238
  0.0238  0.0238  0.0238  0.0238  0.0238  0.0238  0.0238  0.0238  0.0238  0.0238  0.0238  0.0238
  0.0238  0.0238  0.0238  0.0238  0.0238  0.0238  0.0238  0.0238  0.0238  0.0238  0.0238  0.0238
  0.0241  0.0240  0.0240  0.0239  0.0240  0.0240  0.0240  0.0241  0.0239  0.0241  0.0238  0.0239
  0.0244  0.0243  0.0241  0.0243  0.0243  0.0242  0.0243  0.0245  0.0242  0.0244  0.0239  0.0240
niter,ni,del,rscale     1    3    5.0000    0.4000
parameters
   -1.0745   32.8609   -0.5115   -7.2254  -18.7530  -16.3020
    4.7212    0.2312   -1.4192   26.8310   -6.1671  -26.2895
eta,q 0.97626 10.83217
  0.0242  0.0241  0.0239  0.0241  0.0241  0.0240  0.0241  0.0242  0.0240  0.0242  0.0238  0.0239
  0.0240  0.0239  0.0238  0.0240  0.0239  0.0239  0.0239  0.0240  0.0239  0.0239  0.0238  0.0238
  0.0238  0.0238  0.0238  0.0239  0.0238  0.0238  0.0238  0.0238  0.0238  0.0238  0.0238  0.0238
  0.0238  0.0238  0.0238  0.0238  0.0237  0.0237  0.0237  0.0237  0.0237  0.0237  0.0237  0.0237
  0.0238  0.0238  0.0238  0.0237  0.0238  0.0238  0.0238  0.0238  0.0238  0.0238  0.0238  0.0238
  0.0239  0.0239  0.0239  0.0238  0.0239  0.0239  0.0239  0.0239  0.0239  0.0239  0.0238  0.0238
  0.0241  0.0241  0.0240  0.0241  0.0241  0.0240  0.0241  0.0242  0.0240  0.0242  0.0239  0.0239
registration optimization eta report
parameter search radius
    0.8000    0.8000    0.8000    2.4000    2.4000    2.4000
    2.4000    2.4000    2.4000    2.4000    2.4000    2.4000
100000*second partial in parameter space
       66.       56.       31.        6.        6.        5.
        6.        8.        5.        7.        2.        3.
  0.0242  0.0241  0.0239  0.0241  0.0241  0.0240  0.0241  0.0242  0.0240  0.0242  0.0238  0.0239
  0.0240  0.0239  0.0238  0.0240  0.0239  0.0239  0.0239  0.0240  0.0239  0.0239  0.0238  0.0238
  0.0238  0.0238  0.0238  0.0239  0.0238  0.0238  0.0238  0.0238  0.0238  0.0238  0.0238  0.0238
  0.0238  0.0238  0.0238  0.0238  0.0237  0.0237  0.0237  0.0237  0.0237  0.0237  0.0237  0.0237
  0.0238  0.0238  0.0238  0.0237  0.0238  0.0238  0.0238  0.0238  0.0238  0.0238  0.0238  0.0238
  0.0239  0.0239  0.0239  0.0238  0.0239  0.0239  0.0239  0.0239  0.0239  0.0239  0.0238  0.0238
  0.0241  0.0241  0.0240  0.0241  0.0241  0.0240  0.0241  0.0242  0.0240  0.0242  0.0239  0.0239
   -1.0745   32.8609   -0.5115   -7.2254  -18.7530  -16.3020
    4.7212    0.2312   -1.4192   26.8310   -6.1671  -26.2895
eta,q 0.97626 10.83217

---------------------------------------------------------------------
imgreg_4dfp /opt/freesurfer/average/711-2C_as_mni_average_305 /opt/freesurfer/average/711-2B_as_mni_average_305_mask talsrcimg_g11 none talsrcimg_to_711-2C_as_mni_average_305_t4 2311
---------------------------------------------------------------------

freesurfer imgreg_4dfp.c
/opt/freesurfer/average/711-2C_as_mni_average_305.4dfp.img
       256       256       256         1
  1.000000  1.000000  1.000000
orientation T byte_order littleendian
Reading image: /opt/freesurfer/average/711-2C_as_mni_average_305.4dfp.img
dimensions:      256       256       256
mmppix:       1.0000   -1.0000   -1.0000
center:     128.0000 -129.0000 -129.0000
/opt/freesurfer/average/711-2B_as_mni_average_305_mask.4dfp.img
       256       256       256         1
  1.000000  1.000000  1.000000
orientation T byte_order littleendian
Reading mask: /opt/freesurfer/average/711-2B_as_mni_average_305_mask.4dfp.img (2306576 pixels)
talsrcimg_g11.4dfp.img
       256       256       256         1
  1.000000  1.000000  1.000000
orientation T byte_order littleendian
Reading image: talsrcimg_g11.4dfp.img
dimensions:      256       256       256
mmppix:       1.0000   -1.0000   -1.0000
center:     128.0000 -129.0000 -129.0000
fimgreg.f
image alignment mode   2311 decimal      907 hex
parameters
   -1.0745   32.8609   -0.5115   -7.2254  -18.7530  -16.3020
    4.7212    0.2312   -1.4192   26.8310   -6.1671  -26.2895
eta,q 0.97626 10.83217
niter,ni,del,rscale     5    3    5.0000    0.8000
parameters
   -1.0585   32.8559   -0.5734   -7.9908  -18.7832  -16.1727
    4.5886    0.1779   -1.5195   26.9201   -6.2392  -26.3218
eta,q 0.97617 10.80755
  0.0255  0.0251  0.0245  0.0247  0.0251  0.0250  0.0251  0.0256  0.0248  0.0255  0.0242  0.0244
  0.0245  0.0244  0.0241  0.0243  0.0245  0.0243  0.0244  0.0246  0.0243  0.0246  0.0240  0.0241
  0.0239  0.0239  0.0238  0.0240  0.0240  0.0239  0.0240  0.0240  0.0239  0.0240  0.0239  0.0239
  0.0237  0.0237  0.0237  0.0237  0.0238  0.0238  0.0238  0.0238  0.0238  0.0238  0.0238  0.0238
  0.0239  0.0239  0.0238  0.0239  0.0240  0.0240  0.0240  0.0240  0.0240  0.0240  0.0239  0.0239
  0.0245  0.0244  0.0241  0.0246  0.0245  0.0243  0.0245  0.0246  0.0243  0.0245  0.0240  0.0241
  0.0254  0.0252  0.0246  0.0261  0.0252  0.0247  0.0253  0.0257  0.0250  0.0253  0.0242  0.0244
niter,ni,del,rscale     4    3    5.0000    0.7000
parameters
   -1.1054   32.8394   -0.4959   -7.8486  -18.8167  -16.1375
    4.6134    0.1975   -1.5008   26.9000   -6.0817  -26.2326
eta,q 0.97619 10.81197
  0.0250  0.0249  0.0245  0.0247  0.0248  0.0246  0.0248  0.0252  0.0246  0.0250  0.0241  0.0243
  0.0243  0.0243  0.0241  0.0243  0.0243  0.0242  0.0243  0.0244  0.0242  0.0244  0.0240  0.0240
  0.0239  0.0239  0.0239  0.0241  0.0239  0.0239  0.0239  0.0240  0.0239  0.0239  0.0238  0.0239
  0.0238  0.0238  0.0238  0.0238  0.0238  0.0238  0.0238  0.0238  0.0238  0.0238  0.0238  0.0238
  0.0240  0.0240  0.0239  0.0238  0.0239  0.0239  0.0239  0.0239  0.0239  0.0240  0.0238  0.0238
  0.0244  0.0243  0.0240  0.0240  0.0243  0.0242  0.0242  0.0244  0.0242  0.0244  0.0239  0.0240
  0.0251  0.0249  0.0244  0.0248  0.0249  0.0245  0.0248  0.0252  0.0246  0.0250  0.0241  0.0243
niter,ni,del,rscale     3    3    5.0000    0.6000
parameters
   -1.1053   32.8447   -0.4726   -7.6263  -18.7921  -16.1828
    4.6441    0.2148   -1.4754   26.8678   -6.0595  -26.2302
eta,q 0.97622 10.81957
  0.0247  0.0246  0.0243  0.0245  0.0246  0.0244  0.0246  0.0248  0.0244  0.0247  0.0240  0.0241
  0.0242  0.0242  0.0240  0.0242  0.0242  0.0240  0.0241  0.0242  0.0241  0.0242  0.0239  0.0239
  0.0239  0.0239  0.0239  0.0240  0.0239  0.0238  0.0239  0.0239  0.0239  0.0239  0.0238  0.0238
  0.0238  0.0238  0.0238  0.0238  0.0238  0.0238  0.0238  0.0238  0.0238  0.0238  0.0238  0.0238
  0.0239  0.0239  0.0238  0.0238  0.0239  0.0239  0.0238  0.0239  0.0238  0.0239  0.0238  0.0238
  0.0242  0.0242  0.0240  0.0239  0.0241  0.0241  0.0241  0.0242  0.0240  0.0242  0.0239  0.0239
  0.0247  0.0246  0.0242  0.0245  0.0246  0.0244  0.0245  0.0248  0.0244  0.0247  0.0240  0.0241
niter,ni,del,rscale     2    3    5.0000    0.5000
parameters
   -1.0896   32.8549   -0.4960   -7.4042  -18.7692  -16.2553
    4.6724    0.2203   -1.4537   26.8478   -6.1167  -26.2645
eta,q 0.97625 10.82659
  0.0244  0.0243  0.0241  0.0243  0.0243  0.0242  0.0243  0.0245  0.0242  0.0244  0.0239  0.0240
  0.0241  0.0240  0.0239  0.0241  0.0240  0.0239  0.0240  0.0241  0.0240  0.0240  0.0238  0.0238
  0.0239  0.0238  0.0238  0.0239  0.0238  0.0238  0.0238  0.0238  0.0238  0.0238  0.0238  0.0238
  0.0238  0.0238  0.0238  0.0238  0.0238  0.0238  0.0238  0.0238  0.0238  0.0238  0.0238  0.0238
  0.0238  0.0238  0.0238  0.0237  0.0238  0.0238  0.0238  0.0238  0.0238  0.0238  0.0238  0.0238
  0.0240  0.0240  0.0239  0.0239  0.0240  0.0240  0.0240  0.0241  0.0239  0.0241  0.0238  0.0239
  0.0244  0.0243  0.0241  0.0243  0.0243  0.0242  0.0243  0.0245  0.0242  0.0244  0.0239  0.0240
niter,ni,del,rscale     1    3    5.0000    0.4000
parameters
   -1.0720   32.8626   -0.5263   -7.2138  -18.7601  -16.3112
    4.7181    0.2202   -1.4214   26.8261   -6.1858  -26.3266
eta,q 0.97626 10.83220
  0.0242  0.0241  0.0239  0.0241  0.0241  0.0240  0.0241  0.0242  0.0240  0.0242  0.0238  0.0239
  0.0240  0.0239  0.0238  0.0240  0.0239  0.0239  0.0239  0.0240  0.0239  0.0239  0.0238  0.0238
  0.0238  0.0238  0.0238  0.0238  0.0238  0.0238  0.0238  0.0238  0.0238  0.0238  0.0237  0.0238
  0.0238  0.0238  0.0238  0.0238  0.0237  0.0237  0.0237  0.0237  0.0237  0.0237  0.0237  0.0237
  0.0238  0.0238  0.0238  0.0237  0.0238  0.0238  0.0238  0.0238  0.0238  0.0238  0.0237  0.0238
  0.0239  0.0239  0.0238  0.0238  0.0239  0.0239  0.0239  0.0239  0.0239  0.0239  0.0238  0.0238
  0.0242  0.0241  0.0240  0.0241  0.0241  0.0240  0.0241  0.0242  0.0240  0.0242  0.0239  0.0239
registration optimization eta report
parameter search radius
    0.8000    0.8000    0.8000    2.4000    2.4000    2.4000
    2.4000    2.4000    2.4000    2.4000    2.4000    2.4000
100000*second partial in parameter space
       66.       56.       31.        6.        6.        5.
        6.        8.        5.        7.        2.        3.
  0.0242  0.0241  0.0239  0.0241  0.0241  0.0240  0.0241  0.0242  0.0240  0.0242  0.0238  0.0239
  0.0240  0.0239  0.0238  0.0240  0.0239  0.0239  0.0239  0.0240  0.0239  0.0239  0.0238  0.0238
  0.0238  0.0238  0.0238  0.0238  0.0238  0.0238  0.0238  0.0238  0.0238  0.0238  0.0237  0.0238
  0.0238  0.0238  0.0238  0.0238  0.0237  0.0237  0.0237  0.0237  0.0237  0.0237  0.0237  0.0237
  0.0238  0.0238  0.0238  0.0237  0.0238  0.0238  0.0238  0.0238  0.0238  0.0238  0.0237  0.0238
  0.0239  0.0239  0.0238  0.0238  0.0239  0.0239  0.0239  0.0239  0.0239  0.0239  0.0238  0.0238
  0.0242  0.0241  0.0240  0.0241  0.0241  0.0240  0.0241  0.0242  0.0240  0.0242  0.0239  0.0239
   -1.0720   32.8626   -0.5263   -7.2138  -18.7601  -16.3112
    4.7181    0.2202   -1.4214   26.8261   -6.1858  -26.3266
eta,q 0.97626 10.83220

---------------------------------------------------------------------
compute_vox2vox talsrcimg talsrcimg_to_711-2C_as_mni_average_305_t4 /opt/freesurfer/average/711-2C_as_mni_average_305
---------------------------------------------------------------------

freesurfer compute_vox2vox.c
Reading: talsrcimg.4dfp.ifh
Reading: talsrcimg_to_711-2C_as_mni_average_305_t4
Reading: /opt/freesurfer/average/711-2C_as_mni_average_305.4dfp.ifh
Writing: talsrcimg_to_711-2C_as_mni_average_305_t4_vox2vox.txt

start time Tue Mar 10 05:37:56 CET 2026
end		time Tue Mar 10 05:39:20 CET 2026

mpr2mni305 success

avi2talxfm orig_nu.mgz /opt/freesurfer/average/mni305.cor.mgz talsrcimg_to_711-2C_as_mni_average_305_t4_vox2vox.txt transforms/talairach.auto.xfm
avi2talxfm done
mv -f /out/sourcedata/freesurfer/sub-v1s6x0051362_ses-1/mri/talsrcimg_to_711-2C_as_mni_average_305_t4_vox2vox.txt /out/sourcedata/freesurfer/sub-v1s6x0051362_ses-1/mri/transforms/talsrcimg_to_711-2C_as_mni_average_305_t4_vox2vox.txt
lta_convert --src orig_nu.mgz --trg /opt/freesurfer/average/mni305.cor.mgz --inxfm transforms/talairach.auto.xfm --outlta transforms/talairach.auto.xfm.lta --subject fsaverage
7.3.2

--src: orig_nu.mgz src image (geometry).
--trg: /opt/freesurfer/average/mni305.cor.mgz trg image (geometry).
--inmni: transforms/talairach.auto.xfm input MNI/XFM transform.
--outlta: transforms/talairach.auto.xfm.lta output LTA.
--s: fsaverage subject name
 LTA read, type : 1
 1.07791   0.01561  -0.05754   0.72490;
 0.07755   1.08358   0.34664  -6.70499;
-0.00675  -0.35754   1.11545  -30.60587;
 0.00000   0.00000   0.00000   1.00000;
setting subject to fsaverage
Writing  LTA to file transforms/talairach.auto.xfm.lta...
lta_convert successful.
 
 
Started at Tue Mar 10 05:37:55 CET 2026
Ended   at Tue Mar 10 05:39:21 CET 2026
talairach_avi done
