/out/sourcedata/freesurfer/sub-v1s6x0051372_ses-1/mri
/opt/freesurfer/bin/talairach_avi
--i orig_nu.mgz --xfm transforms/talairach.auto.xfm
talairach_avi 7.3.2
Linux dna059 5.14.0-427.37.1.el9_4.x86_64 #1 SMP PREEMPT_DYNAMIC Fri Sep 13 12:41:50 EDT 2024 x86_64 x86_64 x86_64 GNU/Linux
Tue Mar 10 06:07:03 CET 2026
mri_convert orig_nu.mgz talsrcimg.img 
reading from orig_nu.mgz...
TR=0.00, TE=0.00, TI=0.00, flip angle=0.00
i_ras = (-1, 0, 0)
j_ras = (0, 0, -1)
k_ras = (0, 1, 0)
writing to talsrcimg.img...
Analyze Output Matrix
-1.00000   0.00000   0.00000   133.56779;
 0.00000   0.00000   1.00000  -128.00000;
 0.00000  -1.00000   0.00000   123.22034;
 0.00000   0.00000   0.00000   1.00000;
--------------------
INFO: set hdr.hist.orient to -1
mpr2mni305 talsrcimg
Tue Mar 10 06:07:03 CET 2026
/opt/freesurfer/bin/mpr2mni305 talsrcimg
mpr2mni305 7.3.2
target=711-2C_as_mni_average_305

---------------------------------------------------------------------
analyzeto4dfp talsrcimg -O0 -y
---------------------------------------------------------------------

freesurfer ifh2hdr.c
Tue Mar 10 06:07:04 2026
Writing: talsrcimg.4dfp.hdr
freesurfer analyzeto4dfp.c
Reading: talsrcimg.hdr
header size 348 bytes
hdr.dime.datatype	offset=70	value=2
hdr.dime.bitpix		offset=72	value=8
hdr.hist.orient		offset=252	value=-1
dimensionality     4
dimensions       256       256       256         1
Reading: talsrcimg.img
Writing: talsrcimg.4dfp.img
Writing: talsrcimg.4dfp.ifh
ifh2hdr talsrcimg -r0to211
ori=2

---------------------------------------------------------------------
gauss_4dfp talsrcimg 1.1
---------------------------------------------------------------------

freesurfer gauss_4dfp.c
Reading: talsrcimg.4dfp.img
Writing: talsrcimg_g11.4dfp.img
image dimensions 256 256 256 padded to 288 288 288
processing volume 1freesurfer ifh2hdr.c
Tue Mar 10 06:07:05 2026
Writing: talsrcimg_g11.4dfp.hdr

Writing: talsrcimg_g11.4dfp.ifh
including: talsrcimg.4dfp.img.rec in talsrcimg_g11.4dfp.img.rec

---------------------------------------------------------------------
imgreg_4dfp /opt/freesurfer/average/711-2C_as_mni_average_305 none talsrcimg_g11 none talsrcimg_to_711-2C_as_mni_average_305_t4 4355
---------------------------------------------------------------------

freesurfer imgreg_4dfp.c
/opt/freesurfer/average/711-2C_as_mni_average_305.4dfp.img
       256       256       256         1
  1.000000  1.000000  1.000000
orientation T byte_order littleendian
Reading image: /opt/freesurfer/average/711-2C_as_mni_average_305.4dfp.img
dimensions:      256       256       256
mmppix:       1.0000   -1.0000   -1.0000
center:     128.0000 -129.0000 -129.0000
talsrcimg_g11.4dfp.img
       256       256       256         1
  1.000000  1.000000  1.000000
orientation T byte_order littleendian
Reading image: talsrcimg_g11.4dfp.img
dimensions:      256       256       256
mmppix:       1.0000   -1.0000   -1.0000
center:     128.0000 -129.0000 -129.0000
t4_read: open error in t4_sub.f l:  41 t4_file(1:l)talsrcimg_to_711-2C_as_mni_average_305_t4 
t4_read: transform initialized to I4
rotation matrix determinant  1.000000
image alignment mode   4355 decimal     1103 hex
   -7.5000  -45.0000  -45.0000 6336.0049   19.6332
    0.0000  -45.0000  -45.0000 6562.6514   19.6782
    7.5000  -45.0000  -45.0000 6261.5083   19.6876
   -7.5000  -37.5000  -45.0000 6937.2451   19.1831
    0.0000  -37.5000  -45.0000 7189.6870   19.2213
    7.5000  -37.5000  -45.0000 6867.6841   19.2374
   -7.5000  -30.0000  -45.0000 7839.1660   18.8340
    0.0000  -30.0000  -45.0000 8121.2422   18.8698
    7.5000  -30.0000  -45.0000 7774.7700   18.8890
   -7.5000  -22.5000  -45.0000 8799.1465   18.5992
    0.0000  -22.5000  -45.0000 9133.1885   18.6376
    7.5000  -22.5000  -45.0000 8704.9082   18.6536
   -7.5000  -15.0000  -45.0000 9799.0791   18.5665
    0.0000  -15.0000  -45.000010163.3408   18.6087
    7.5000  -15.0000  -45.0000 9668.3447   18.6194
   -7.5000   -7.5000  -45.000010778.1592   18.5887
    0.0000   -7.5000  -45.000011184.6836   18.6319
    7.5000   -7.5000  -45.000010633.5137   18.6408
   -7.5000    0.0000  -45.000011679.0752   18.5921
    0.0000    0.0000  -45.000012110.4551   18.6332
    7.5000    0.0000  -45.000011491.1904   18.6437
   -7.5000    7.5000  -45.000011541.5996   18.5700
    0.0000    7.5000  -45.000011983.6396   18.6065
    7.5000    7.5000  -45.000011368.8359   18.6212
   -7.5000   15.0000  -45.000011307.3887   18.5419
    0.0000   15.0000  -45.000011768.7568   18.5766
    7.5000   15.0000  -45.000011140.9668   18.5950
   -7.5000   22.5000  -45.000011085.5107   18.5377
    0.0000   22.5000  -45.000011523.0986   18.5760
    7.5000   22.5000  -45.000010911.8535   18.5920
   -7.5000   30.0000  -45.000010771.0225   18.3176
    0.0000   30.0000  -45.000011215.8701   18.3592
    7.5000   30.0000  -45.000010617.4141   18.3698
   -7.5000   37.5000  -45.000010798.9082   18.3410
    0.0000   37.5000  -45.000011251.3672   18.3836
    7.5000   37.5000  -45.000010651.7246   18.3923
   -7.5000   45.0000  -45.000010333.5811   17.8785
    0.0000   45.0000  -45.000010733.2744   17.9181
    7.5000   45.0000  -45.000010129.6387   17.9281
   -7.5000  -45.0000  -37.5000 6686.7891   19.6143
    0.0000  -45.0000  -37.5000 6926.3481   19.6664
    7.5000  -45.0000  -37.5000 6623.3906   19.6729
   -7.5000  -37.5000  -37.5000 7331.0518   19.1631
    0.0000  -37.5000  -37.5000 7609.7119   19.2071
    7.5000  -37.5000  -37.5000 7269.6655   19.2180
   -7.5000  -30.0000  -37.5000 8294.5342   18.8199
    0.0000  -30.0000  -37.5000 8626.5762   18.8546
    7.5000  -30.0000  -37.5000 8233.4287   18.8670
   -7.5000  -22.5000  -37.5000 9330.0156   18.5897
    0.0000  -22.5000  -37.5000 9693.3877   18.6221
    7.5000  -22.5000  -37.5000 9222.3154   18.6323
   -7.5000  -15.0000  -37.500010370.3730   18.5558
    0.0000  -15.0000  -37.500010783.0605   18.5924
    7.5000  -15.0000  -37.500010221.5205   18.5997
   -7.5000   -7.5000  -37.500011386.8867   18.5723
    0.0000   -7.5000  -37.500011852.8506   18.6161
    7.5000   -7.5000  -37.500011231.2422   18.6232
   -7.5000    0.0000  -37.500012331.8271   18.5716
    0.0000    0.0000  -37.500012817.0889   18.6196
    7.5000    0.0000  -37.500012120.4580   18.6276
   -7.5000    7.5000  -37.500012195.2734   18.5512
    0.0000    7.5000  -37.500012673.7959   18.5932
    7.5000    7.5000  -37.500011990.9561   18.6030
   -7.5000   15.0000  -37.500011950.2334   18.5287
    0.0000   15.0000  -37.500012450.2080   18.5623
    7.5000   15.0000  -37.500011731.1240   18.5740
   -7.5000   22.5000  -37.500011690.8896   18.5284
    0.0000   22.5000  -37.500012195.8105   18.5608
    7.5000   22.5000  -37.500011480.3398   18.5710
   -7.5000   30.0000  -37.500011345.5869   18.3069
    0.0000   30.0000  -37.500011845.3574   18.3431
    7.5000   30.0000  -37.500011142.4766   18.3503
   -7.5000   37.5000  -37.500011358.6367   18.3248
    0.0000   37.5000  -37.500011847.1943   18.3680
    7.5000   37.5000  -37.500011150.8330   18.3750
   -7.5000   45.0000  -37.500010789.1221   17.8588
    0.0000   45.0000  -37.500011233.8662   17.9049
    7.5000   45.0000  -37.500010558.6504   17.9127
   -7.5000  -45.0000  -30.0000 7143.1816   20.4004
    0.0000  -45.0000  -30.0000 7421.8062   20.4552
    7.5000  -45.0000  -30.0000 7070.6196   20.4656
   -7.5000  -37.5000  -30.0000 7851.6792   19.9333
    0.0000  -37.5000  -30.0000 8155.7520   19.9764
    7.5000  -37.5000  -30.0000 7758.2710   19.9870
   -7.5000  -30.0000  -30.0000 8914.5479   19.5819
    0.0000  -30.0000  -30.0000 9265.1230   19.6103
    7.5000  -30.0000  -30.0000 8807.1787   19.6194
   -7.5000  -22.5000  -30.000010015.0811   19.3467
    0.0000  -22.5000  -30.000010412.5508   19.3709
    7.5000  -22.5000  -30.0000 9894.5742   19.3785
   -7.5000  -15.0000  -30.000011092.4854   19.3105
    0.0000  -15.0000  -30.000011558.0967   19.3415
    7.5000  -15.0000  -30.000010956.4209   19.3500
   -7.5000   -7.5000  -30.000012160.4346   19.3232
    0.0000   -7.5000  -30.000012668.8662   19.3670
    7.5000   -7.5000  -30.000012005.6553   19.3787
   -7.5000    0.0000  -30.000013104.1846   19.3184
    0.0000    0.0000  -30.000013645.8564   19.3693
    7.5000    0.0000  -30.000012920.8555   19.3812
   -7.5000    7.5000  -30.000012981.8623   19.2981
    0.0000    7.5000  -30.000013529.5078   19.3393
    7.5000    7.5000  -30.000012778.2588   19.3488
   -7.5000   15.0000  -30.000012757.1875   19.2798
    0.0000   15.0000  -30.000013290.7803   19.3074
    7.5000   15.0000  -30.000012495.0273   19.3158
   -7.5000   22.5000  -30.000012458.2422   19.2812
    0.0000   22.5000  -30.000013012.4414   19.3054
    7.5000   22.5000  -30.000012189.7334   19.3130
   -7.5000   30.0000  -30.000012056.1865   19.0533
    0.0000   30.0000  -30.000012626.4961   19.0839
    7.5000   30.0000  -30.000011835.4805   19.0923
   -7.5000   37.5000  -30.000012061.6816   19.0675
    0.0000   37.5000  -30.000012620.3672   19.1108
    7.5000   37.5000  -30.000011832.0635   19.1223
   -7.5000   45.0000  -30.000011367.1924   18.5906
    0.0000   45.0000  -30.000011876.3350   18.6396
    7.5000   45.0000  -30.000011125.7422   18.6511
   -7.5000  -45.0000  -22.5000 7606.0308   21.0760
    0.0000  -45.0000  -22.5000 7889.3496   21.1231
    7.5000  -45.0000  -22.5000 7505.1230   21.1414
   -7.5000  -37.5000  -22.5000 8377.6230   20.5992
    0.0000  -37.5000  -22.5000 8696.3682   20.6329
    7.5000  -37.5000  -22.5000 8264.7588   20.6481
   -7.5000  -30.0000  -22.5000 9522.0049   20.2380
    0.0000  -30.0000  -22.5000 9878.5195   20.2596
    7.5000  -30.0000  -22.5000 9385.5469   20.2720
   -7.5000  -22.5000  -22.500010676.7275   19.9948
    0.0000  -22.5000  -22.500011080.7900   20.0168
    7.5000  -22.5000  -22.500010532.3838   20.0285
   -7.5000  -15.0000  -22.500011788.3389   19.9567
    0.0000  -15.0000  -22.500012267.3545   19.9878
    7.5000  -15.0000  -22.500011662.3213   20.0027
   -7.5000   -7.5000  -22.500012876.6318   19.9697
    0.0000   -7.5000  -22.500013408.0186   20.0119
    7.5000   -7.5000  -22.500012732.3027   20.0318
   -7.5000    0.0000  -22.500013848.5488   19.9645
    0.0000    0.0000  -22.500014419.7236   20.0087
    7.5000    0.0000  -22.500013664.9844   20.0277
   -7.5000    7.5000  -22.500013733.9150   19.9438
    0.0000    7.5000  -22.500014292.7266   19.9759
    7.5000    7.5000  -22.500013528.0781   19.9902
   -7.5000   15.0000  -22.500013503.5156   19.9258
    0.0000   15.0000  -22.500014069.3164   19.9468
    7.5000   15.0000  -22.500013240.6426   19.9589
   -7.5000   22.5000  -22.500013168.4668   19.9258
    0.0000   22.5000  -22.500013778.2305   19.9477
    7.5000   22.5000  -22.500012909.3145   19.9595
   -7.5000   30.0000  -22.500012790.9746   19.6940
    0.0000   30.0000  -22.500013410.1064   19.7248
    7.5000   30.0000  -22.500012555.3105   19.7395
   -7.5000   37.5000  -22.500012805.4121   19.7085
    0.0000   37.5000  -22.500013399.6201   19.7501
    7.5000   37.5000  -22.500012541.8438   19.7698
   -7.5000   45.0000  -22.500012007.6162   19.2268
    0.0000   45.0000  -22.500012549.4609   19.2693
    7.5000   45.0000  -22.500011739.8682   19.2877
   -7.5000  -45.0000  -15.0000 8070.0933   21.5950
    0.0000  -45.0000  -15.0000 8344.4307   21.6327
    7.5000  -45.0000  -15.0000 7938.5547   21.6558
   -7.5000  -37.5000  -15.0000 8914.2549   21.1087
    0.0000  -37.5000  -15.0000 9234.1406   21.1338
    7.5000  -37.5000  -15.0000 8788.0381   21.1542
   -7.5000  -30.0000  -15.000010092.4580   20.7339
    0.0000  -30.0000  -15.000010464.2041   20.7538
    7.5000  -30.0000  -15.0000 9965.9629   20.7727
   -7.5000  -22.5000  -15.000011298.7744   20.4813
    0.0000  -22.5000  -15.000011738.1650   20.5076
    7.5000  -22.5000  -15.000011169.7578   20.5256
   -7.5000  -15.0000  -15.000012439.5293   20.4439
    0.0000  -15.0000  -15.000012973.2461   20.4800
    7.5000  -15.0000  -15.000012339.4326   20.5001
   -7.5000   -7.5000  -15.000013524.4111   20.4619
    0.0000   -7.5000  -15.000014090.6279   20.5028
    7.5000   -7.5000  -15.000013407.1104   20.5269
   -7.5000    0.0000  -15.000014542.1797   20.4597
    0.0000    0.0000  -15.000015138.6895   20.4953
    7.5000    0.0000  -15.000014386.1299   20.5183
   -7.5000    7.5000  -15.000014465.8779   20.4368
    0.0000    7.5000  -15.000015055.0107   20.4608
    7.5000    7.5000  -15.000014273.4141   20.4800
   -7.5000   15.0000  -15.000014204.3691   20.4133
    0.0000   15.0000  -15.000014825.7803   20.4328
    7.5000   15.0000  -15.000014016.9688   20.4512
   -7.5000   22.5000  -15.000013829.1025   20.4094
    0.0000   22.5000  -15.000014491.2812   20.4357
    7.5000   22.5000  -15.000013678.2363   20.4538
   -7.5000   30.0000  -15.000013463.5596   20.1777
    0.0000   30.0000  -15.000014109.3340   20.2134
    7.5000   30.0000  -15.000013303.1484   20.2332
   -7.5000   37.5000  -15.000013465.8936   20.1970
    0.0000   37.5000  -15.000014098.6035   20.2375
    7.5000   37.5000  -15.000013280.4053   20.2612
   -7.5000   45.0000  -15.000012610.2139   19.7156
    0.0000   45.0000  -15.000013188.3359   19.7499
    7.5000   45.0000  -15.000012383.7656   19.7721
   -7.5000  -45.0000   -7.5000 8520.7637   21.8941
    0.0000  -45.0000   -7.5000 8801.4307   21.9341
    7.5000  -45.0000   -7.5000 8395.8467   21.9532
   -7.5000  -37.5000   -7.5000 9427.9248   21.3966
    0.0000  -37.5000   -7.5000 9783.8428   21.4270
    7.5000  -37.5000   -7.5000 9310.8779   21.4492
   -7.5000  -30.0000   -7.500010671.4463   21.0087
    0.0000  -30.0000   -7.500011087.5518   21.0381
    7.5000  -30.0000   -7.500010553.9316   21.0618
   -7.5000  -22.5000   -7.500011914.0488   20.7479
    0.0000  -22.5000   -7.500012394.0352   20.7844
    7.5000  -22.5000   -7.500011798.6846   20.8052
   -7.5000  -15.0000   -7.500013099.4014   20.7120
    0.0000  -15.0000   -7.500013647.9854   20.7558
    7.5000  -15.0000   -7.500012997.0898   20.7739
   -7.5000   -7.5000   -7.500014178.6191   20.7368
    0.0000   -7.5000   -7.500014761.7725   20.7808
    7.5000   -7.5000   -7.500014098.5527   20.7994
   -7.5000    0.0000   -7.500015233.7480   20.7394
    0.0000    0.0000   -7.500015836.7041   20.7766
    7.5000    0.0000   -7.500015131.4893   20.7959
   -7.5000    7.5000   -7.500015267.9580   20.7140
    0.0000    7.5000   -7.500015922.1758   20.7431
    7.5000    7.5000   -7.500015149.9551   20.7638
   -7.5000   15.0000   -7.500014983.5928   20.6831
    0.0000   15.0000   -7.500015712.7520   20.7117
    7.5000   15.0000   -7.500014944.8789   20.7346
   -7.5000   22.5000   -7.500014560.8496   20.6726
    0.0000   22.5000   -7.500015282.3242   20.7091
    7.5000   22.5000   -7.500014576.6992   20.7300
   -7.5000   30.0000   -7.500014163.4629   20.4419
    0.0000   30.0000   -7.500014839.0371   20.4851
    7.5000   30.0000   -7.500014156.6221   20.5029
   -7.5000   37.5000   -7.500014149.3672   20.4679
    0.0000   37.5000   -7.500014823.6191   20.5113
    7.5000   37.5000   -7.500014116.6729   20.5297
   -7.5000   45.0000   -7.500013213.7959   19.9889
    0.0000   45.0000   -7.500013836.9434   20.0247
    7.5000   45.0000   -7.500013120.7998   20.0433
   -7.5000  -45.0000    0.0000 8922.9414   21.9677
    0.0000  -45.0000    0.0000 9231.3418   22.0181
    7.5000  -45.0000    0.0000 8790.7891   22.0288
   -7.5000  -37.5000    0.0000 9888.6152   21.4641
    0.0000  -37.5000    0.000010278.8750   21.5069
    7.5000  -37.5000    0.0000 9753.7793   21.5251
   -7.5000  -30.0000    0.000011151.9932   21.0735
    0.0000  -30.0000    0.000011629.4863   21.1136
    7.5000  -30.0000    0.000011066.4316   21.1353
   -7.5000  -22.5000    0.000012393.5850   20.8109
    0.0000  -22.5000    0.000012919.8672   20.8538
    7.5000  -22.5000    0.000012344.8340   20.8719
   -7.5000  -15.0000    0.000013589.6201   20.7742
    0.0000  -15.0000    0.000014164.3828   20.8215
    7.5000  -15.0000    0.000013539.0762   20.8337
   -7.5000   -7.5000    0.000014691.3389   20.7991
    0.0000   -7.5000    0.000015278.0605   20.8475
    7.5000   -7.5000    0.000014635.8027   20.8575
   -7.5000    0.0000    0.000015800.3701   20.8029
    0.0000    0.0000    0.000016474.4336   20.8489
    7.5000    0.0000    0.000015778.2734   20.8608
   -7.5000    7.5000    0.000015955.5186   20.7782
    0.0000    7.5000    0.000016726.5898   20.8190
    7.5000    7.5000    0.000015944.0322   20.8357
   -7.5000   15.0000    0.000015714.6064   20.7467
    0.0000   15.0000    0.000016460.5840   20.7856
    7.5000   15.0000    0.000015850.3174   20.8064
   -7.5000   22.5000    0.000015171.5654   20.7354
    0.0000   22.5000    0.000015867.5254   20.7782
    7.5000   22.5000    0.000015401.2969   20.7963
   -7.5000   30.0000    0.000014755.2061   20.5037
    0.0000   30.0000    0.000015428.9346   20.5503
    7.5000   30.0000    0.000014929.9609   20.5624
   -7.5000   37.5000    0.000014817.8760   20.5299
    0.0000   37.5000    0.000015496.1602   20.5777
    7.5000   37.5000    0.000014862.2998   20.5876
   -7.5000   45.0000    0.000013824.4570   20.0516
    0.0000   45.0000    0.000014439.6885   20.0960
    7.5000   45.0000    0.000013735.4062   20.1074
   -7.5000  -45.0000    7.5000 8557.7871   21.9489
    0.0000  -45.0000    7.5000 8862.9043   22.0073
    7.5000  -45.0000    7.5000 8419.8584   22.0145
   -7.5000  -37.5000    7.5000 9507.1221   21.4441
    0.0000  -37.5000    7.5000 9867.8242   21.4932
    7.5000  -37.5000    7.5000 9380.7295   21.5055
   -7.5000  -30.0000    7.500010751.3330   21.0600
    0.0000  -30.0000    7.500011195.4141   21.0988
    7.5000  -30.0000    7.500010689.2188   21.1127
   -7.5000  -22.5000    7.500011973.3066   20.8024
    0.0000  -22.5000    7.500012487.9424   20.8386
    7.5000  -22.5000    7.500011958.2646   20.8500
   -7.5000  -15.0000    7.500013085.6133   20.7644
    0.0000  -15.0000    7.500013664.4639   20.8054
    7.5000  -15.0000    7.500013118.8379   20.8135
   -7.5000   -7.5000    7.500014133.5264   20.7829
    0.0000   -7.5000    7.500014740.2295   20.8319
    7.5000   -7.5000    7.500014209.3867   20.8398
   -7.5000    0.0000    7.500015191.7676   20.7821
    0.0000    0.0000    7.500015887.4258   20.8358
    7.5000    0.0000    7.500015307.1035   20.8448
   -7.5000    7.5000    7.500015310.4434   20.7593
    0.0000    7.5000    7.500015986.8906   20.8063
    7.5000    7.5000    7.500015332.5137   20.8172
   -7.5000   15.0000    7.500015240.8936   20.7342
    0.0000   15.0000    7.500015783.6260   20.7718
    7.5000   15.0000    7.500015182.7393   20.7848
   -7.5000   22.5000    7.500014908.9609   20.7271
    0.0000   22.5000    7.500015377.8330   20.7633
    7.5000   22.5000    7.500014857.6133   20.7747
   -7.5000   30.0000    7.500014523.9395   20.4939
    0.0000   30.0000    7.500015027.1172   20.5344
    7.5000   30.0000    7.500014442.7520   20.5424
   -7.5000   37.5000    7.500014502.0176   20.5139
    0.0000   37.5000    7.500015032.0127   20.5623
    7.5000   37.5000    7.500014357.1279   20.5701
   -7.5000   45.0000    7.500013370.6104   20.0316
    0.0000   45.0000    7.500013871.6904   20.0833
    7.5000   45.0000    7.500013205.5146   20.0920
   -7.5000  -45.0000   15.0000 8046.5469   21.9082
    0.0000  -45.0000   15.0000 8360.2559   21.9671
    7.5000  -45.0000   15.0000 7951.0991   21.9783
   -7.5000  -37.5000   15.0000 8967.1064   21.4065
    0.0000  -37.5000   15.0000 9338.7656   21.4528
    7.5000  -37.5000   15.0000 8887.8594   21.4643
   -7.5000  -30.0000   15.000010190.4248   21.0292
    0.0000  -30.0000   15.000010633.9463   21.0597
    7.5000  -30.0000   15.000010142.0527   21.0694
   -7.5000  -22.5000   15.000011372.1982   20.7766
    0.0000  -22.5000   15.000011877.2939   20.8026
    7.5000  -22.5000   15.000011361.1367   20.8108
   -7.5000  -15.0000   15.000012458.3574   20.7377
    0.0000  -15.0000   15.000013029.6934   20.7710
    7.5000  -15.0000   15.000012458.3213   20.7801
   -7.5000   -7.5000   15.000013486.2422   20.7513
    0.0000   -7.5000   15.000014097.5225   20.7984
    7.5000   -7.5000   15.000013475.1445   20.8110
   -7.5000    0.0000   15.000014600.3633   20.7462
    0.0000    0.0000   15.000015227.5430   20.8008
    7.5000    0.0000   15.000014515.5176   20.8137
   -7.5000    7.5000   15.000014673.6191   20.7244
    0.0000    7.5000   15.000015201.3896   20.7686
    7.5000    7.5000   15.000014477.6055   20.7789
   -7.5000   15.0000   15.000014534.3271   20.7047
    0.0000   15.0000   15.000014960.3281   20.7343
    7.5000   15.0000   15.000014221.5049   20.7434
   -7.5000   22.5000   15.000014267.0723   20.7017
    0.0000   22.5000   15.000014646.9053   20.7276
    7.5000   22.5000   15.000013919.5430   20.7359
   -7.5000   30.0000   15.000013858.3447   20.4676
    0.0000   30.0000   15.000014297.7852   20.5004
    7.5000   30.0000   15.000013552.5029   20.5094
   -7.5000   37.5000   15.000013777.7783   20.4828
    0.0000   37.5000   15.000014251.4355   20.5292
    7.5000   37.5000   15.000013543.5811   20.5417
   -7.5000   45.0000   15.000012685.7373   19.9970
    0.0000   45.0000   15.000013122.9355   20.0496
    7.5000   45.0000   15.000012517.6543   20.0620
   -7.5000  -45.0000   22.5000 7513.3013   21.9226
    0.0000  -45.0000   22.5000 7792.7690   21.9714
    7.5000  -45.0000   22.5000 7429.3462   21.9904
   -7.5000  -37.5000   22.5000 8370.1650   21.4255
    0.0000  -37.5000   22.5000 8674.6992   21.4604
    7.5000  -37.5000   22.5000 8289.0254   21.4762
   -7.5000  -30.0000   22.5000 9544.0635   21.0491
    0.0000  -30.0000   22.5000 9899.6768   21.0714
    7.5000  -30.0000   22.5000 9454.9375   21.0843
   -7.5000  -22.5000   22.500010709.1260   20.7959
    0.0000  -22.5000   22.500011114.9531   20.8186
    7.5000  -22.5000   22.500010597.7676   20.8307
   -7.5000  -15.0000   22.500011802.9629   20.7563
    0.0000  -15.0000   22.500012260.5859   20.7886
    7.5000  -15.0000   22.500011655.7002   20.8039
   -7.5000   -7.5000   22.500012778.4199   20.7698
    0.0000   -7.5000   22.500013313.7598   20.8137
    7.5000   -7.5000   22.500012643.2715   20.8343
   -7.5000    0.0000   22.500013781.7627   20.7643
    0.0000    0.0000   22.500014345.6680   20.8101
    7.5000    0.0000   22.500013624.5986   20.8299
   -7.5000    7.5000   22.500013712.0410   20.7425
    0.0000    7.5000   22.500014217.7256   20.7758
    7.5000    7.5000   22.500013535.6875   20.7906
   -7.5000   15.0000   22.500013434.7529   20.7238
    0.0000   15.0000   22.500013925.0576   20.7455
    7.5000   15.0000   22.500013251.0977   20.7580
   -7.5000   22.5000   22.500013098.8057   20.7208
    0.0000   22.5000   22.500013570.9824   20.7435
    7.5000   22.5000   22.500012930.0615   20.7556
   -7.5000   30.0000   22.500012716.4756   20.4860
    0.0000   30.0000   22.500013180.1094   20.5179
    7.5000   30.0000   22.500012563.0508   20.5330
   -7.5000   37.5000   22.500012753.0693   20.5011
    0.0000   37.5000   22.500013234.0488   20.5443
    7.5000   37.5000   22.500012610.7217   20.5646
   -7.5000   45.0000   22.500011849.7305   20.0144
    0.0000   45.0000   22.500012298.2256   20.0586
    7.5000   45.0000   22.500011728.0732   20.0776
   -7.5000  -45.0000   30.0000 6905.7207   22.1530
    0.0000  -45.0000   30.0000 7158.0737   22.1911
    7.5000  -45.0000   30.0000 6830.1357   22.2147
   -7.5000  -37.5000   30.0000 7703.3613   21.6499
    0.0000  -37.5000   30.0000 7978.6025   21.6751
    7.5000  -37.5000   30.0000 7621.8418   21.6961
   -7.5000  -30.0000   30.0000 8800.7441   21.2631
    0.0000  -30.0000   30.0000 9147.4697   21.2829
    7.5000  -30.0000   30.0000 8708.7012   21.3023
   -7.5000  -22.5000   30.0000 9887.2314   21.0028
    0.0000  -22.5000   30.000010305.0625   21.0292
    7.5000  -22.5000   30.0000 9780.4590   21.0475
   -7.5000  -15.0000   30.000010890.5566   20.9648
    0.0000  -15.0000   30.000011349.4258   21.0013
    7.5000  -15.0000   30.000010775.2549   21.0217
   -7.5000   -7.5000   30.000011800.5977   20.9832
    0.0000   -7.5000   30.000012315.8154   21.0247
    7.5000   -7.5000   30.000011702.9209   21.0493
   -7.5000    0.0000   30.000012710.5420   20.9796
    0.0000    0.0000   30.000013247.2412   21.0157
    7.5000    0.0000   30.000012615.6768   21.0394
   -7.5000    7.5000   30.000012617.0527   20.9549
    0.0000    7.5000   30.000013138.1719   20.9790
    7.5000    7.5000   30.000012525.8662   20.9988
   -7.5000   15.0000   30.000012356.7334   20.9310
    0.0000   15.0000   30.000012860.6504   20.9504
    7.5000   15.0000   30.000012260.4150   20.9692
   -7.5000   22.5000   30.000012048.0068   20.9261
    0.0000   22.5000   30.000012518.1289   20.9524
    7.5000   22.5000   30.000011952.6943   20.9709
   -7.5000   30.0000   30.000011697.4326   20.6918
    0.0000   30.0000   30.000012137.7705   20.7279
    7.5000   30.0000   30.000011623.4570   20.7481
   -7.5000   37.5000   30.000011763.9023   20.7116
    0.0000   37.5000   30.000012208.8135   20.7526
    7.5000   37.5000   30.000011686.7207   20.7769
   -7.5000   45.0000   30.000011002.1641   20.2219
    0.0000   45.0000   30.000011426.5713   20.2568
    7.5000   45.0000   30.000010912.4072   20.2795
   -7.5000  -45.0000   37.5000 6577.9224   22.5191
    0.0000  -45.0000   37.5000 6811.4512   22.5608
    7.5000  -45.0000   37.5000 6516.6665   22.5804
   -7.5000  -37.5000   37.5000 7323.0625   21.9990
    0.0000  -37.5000   37.5000 7593.4111   22.0306
    7.5000  -37.5000   37.5000 7257.1416   22.0538
   -7.5000  -30.0000   37.5000 8366.6436   21.5950
    0.0000  -30.0000   37.5000 8697.9531   21.6257
    7.5000  -30.0000   37.5000 8290.7061   21.6505
   -7.5000  -22.5000   37.5000 9379.0029   21.3254
    0.0000  -22.5000   37.5000 9787.1006   21.3632
    7.5000  -22.5000   37.5000 9306.6934   21.3850
   -7.5000  -15.0000   37.500010338.4180   21.2897
    0.0000  -15.0000   37.500010815.7139   21.3350
    7.5000  -15.0000   37.500010272.7979   21.3535
   -7.5000   -7.5000   37.500011238.4619   21.3152
    0.0000   -7.5000   37.500011769.5771   21.3610
    7.5000   -7.5000   37.500011186.7627   21.3799
   -7.5000    0.0000   37.500012126.7012   21.3152
    0.0000    0.0000   37.500012683.9092   21.3540
    7.5000    0.0000   37.500012044.5068   21.3738
   -7.5000    7.5000   37.500012057.7139   21.2865
    0.0000    7.5000   37.500012577.4131   21.3169
    7.5000    7.5000   37.500011958.5869   21.3384
   -7.5000   15.0000   37.500011812.0098   21.2546
    0.0000   15.0000   37.500012306.2314   21.2844
    7.5000   15.0000   37.500011722.4258   21.3085
   -7.5000   22.5000   37.500011506.1436   21.2463
    0.0000   22.5000   37.500011962.8848   21.2841
    7.5000   22.5000   37.500011409.3652   21.3060
   -7.5000   30.0000   37.500011178.7822   21.0125
    0.0000   30.0000   37.500011590.7061   21.0572
    7.5000   30.0000   37.500011082.3818   21.0755
   -7.5000   37.5000   37.500011266.8379   21.0394
    0.0000   37.5000   37.500011707.8516   21.0846
    7.5000   37.5000   37.500011195.3389   21.1032
   -7.5000   45.0000   37.500010563.2354   20.5454
    0.0000   45.0000   37.500011006.6709   20.5828
    7.5000   45.0000   37.500010517.5469   20.6019
   -7.5000  -45.0000   45.0000 5992.0698   23.0160
    0.0000  -45.0000   45.0000 6194.1860   23.0652
    7.5000  -45.0000   45.0000 5938.8091   23.0736
   -7.5000  -37.5000   45.0000 6673.5830   22.4704
    0.0000  -37.5000   45.0000 6905.8384   22.5115
    7.5000  -37.5000   45.0000 6614.6543   22.5278
   -7.5000  -30.0000   45.0000 7611.9673   22.0533
    0.0000  -30.0000   45.0000 7897.3257   22.0920
    7.5000  -30.0000   45.0000 7539.4526   22.1119
   -7.5000  -22.5000   45.0000 8547.8174   21.7779
    0.0000  -22.5000   45.0000 8889.9307   21.8200
    7.5000  -22.5000   45.0000 8474.2949   21.8363
   -7.5000  -15.0000   45.0000 9425.3076   21.7404
    0.0000  -15.0000   45.0000 9843.0088   21.7872
    7.5000  -15.0000   45.0000 9375.5537   21.7974
   -7.5000   -7.5000   45.000010296.2783   21.7635
    0.0000   -7.5000   45.000010777.7227   21.8113
    7.5000   -7.5000   45.000010253.2744   21.8194
   -7.5000    0.0000   45.000011122.9053   21.7606
    0.0000    0.0000   45.000011609.4971   21.8056
    7.5000    0.0000   45.000011040.0547   21.8155
   -7.5000    7.5000   45.000011048.6289   21.7314
    0.0000    7.5000   45.000011514.6133   21.7708
    7.5000    7.5000   45.000010963.2773   21.7855
   -7.5000   15.0000   45.000010799.5850   21.7009
    0.0000   15.0000   45.000011239.3848   21.7385
    7.5000   15.0000   45.000010729.2412   21.7575
   -7.5000   22.5000   45.000010509.0078   21.6951
    0.0000   22.5000   45.000010927.7637   21.7372
    7.5000   22.5000   45.000010430.5781   21.7536
   -7.5000   30.0000   45.000010211.8623   21.4553
    0.0000   30.0000   45.000010612.9834   21.5016
    7.5000   30.0000   45.000010138.6416   21.5116
   -7.5000   37.5000   45.000010331.0801   21.4800
    0.0000   37.5000   45.000010759.4160   21.5272
    7.5000   37.5000   45.000010273.1689   21.5351
   -7.5000   45.0000   45.0000 9726.1006   20.9842
    0.0000   45.0000   45.000010150.2441   21.0277
    7.5000   45.0000   45.0000 9687.0586   21.0371

---------------------------------------------------------------------
imgreg_4dfp /opt/freesurfer/average/711-2C_as_mni_average_305 /opt/freesurfer/average/711-2B_as_mni_average_305_mask talsrcimg_g11 none talsrcimg_to_711-2C_as_mni_average_305_t4 4355
---------------------------------------------------------------------

freesurfer imgreg_4dfp.c
/opt/freesurfer/average/711-2C_as_mni_average_305.4dfp.img
       256       256       256         1
  1.000000  1.000000  1.000000
orientation T byte_order littleendian
Reading image: /opt/freesurfer/average/711-2C_as_mni_average_305.4dfp.img
dimensions:      256       256       256
mmppix:       1.0000   -1.0000   -1.0000
center:     128.0000 -129.0000 -129.0000
/opt/freesurfer/average/711-2B_as_mni_average_305_mask.4dfp.img
       256       256       256         1
  1.000000  1.000000  1.000000
orientation T byte_order littleendian
Reading mask: /opt/freesurfer/average/711-2B_as_mni_average_305_mask.4dfp.img (2306576 pixels)
talsrcimg_g11.4dfp.img
       256       256       256         1
  1.000000  1.000000  1.000000
orientation T byte_order littleendian
Reading image: talsrcimg_g11.4dfp.img
dimensions:      256       256       256
mmppix:       1.0000   -1.0000   -1.0000
center:     128.0000 -129.0000 -129.0000
rotation matrix determinant  1.000000
image alignment mode   4355 decimal     1103 hex
   -7.5000  -37.5000  -45.0000 1845.8159   25.4782
    0.0000  -37.5000  -45.0000 1848.7527   25.5832
    7.5000  -37.5000  -45.0000 1827.8455   25.9376
   -7.5000  -30.0000  -45.0000 1961.6056   22.5229
    0.0000  -30.0000  -45.0000 1963.6997   22.5600
    7.5000  -30.0000  -45.0000 1948.7277   22.8679
   -7.5000  -22.5000  -45.0000 2077.4829   20.2435
    0.0000  -22.5000  -45.0000 2079.4111   20.2579
    7.5000  -22.5000  -45.0000 2058.3191   20.5001
   -7.5000  -15.0000  -45.0000 2182.0718   18.5482
    0.0000  -15.0000  -45.0000 2183.5471   18.5411
    7.5000  -15.0000  -45.0000 2157.5469   18.7221
   -7.5000   -7.5000  -45.0000 2269.7812   17.2276
    0.0000   -7.5000  -45.0000 2271.1763   17.2262
    7.5000   -7.5000  -45.0000 2243.4607   17.4068
   -7.5000    0.0000  -45.0000 2329.5154   16.3313
    0.0000    0.0000  -45.0000 2324.0615   16.3379
    7.5000    0.0000  -45.0000 2292.9221   16.4859
   -7.5000    7.5000  -45.0000 2346.4912   15.8146
    0.0000    7.5000  -45.0000 2344.4949   15.8137
    7.5000    7.5000  -45.0000 2319.6956   15.9766
   -7.5000   15.0000  -45.0000 2347.7539   15.6581
    0.0000   15.0000  -45.0000 2353.8997   15.6635
    7.5000   15.0000  -45.0000 2323.5315   15.8764
   -7.5000   22.5000  -45.0000 2339.9041   15.7803
    0.0000   22.5000  -45.0000 2346.9717   15.7667
    7.5000   22.5000  -45.0000 2320.2861   15.9944
   -7.5000   30.0000  -45.0000 2316.9092   16.1882
    0.0000   30.0000  -45.0000 2326.9988   16.2140
    7.5000   30.0000  -45.0000 2299.3069   16.4351
   -7.5000   37.5000  -45.0000 2282.3235   16.9313
    0.0000   37.5000  -45.0000 2295.2148   16.9296
    7.5000   37.5000  -45.0000 2266.2102   17.1968
   -7.5000   45.0000  -45.0000 2234.5891   18.0508
    0.0000   45.0000  -45.0000 2244.1045   18.0106
    7.5000   45.0000  -45.0000 2214.2412   18.2935
   -7.5000   52.5000  -45.0000 2141.9055   19.4862
    0.0000   52.5000  -45.0000 2151.0093   19.3951
    7.5000   52.5000  -45.0000 2116.1765   19.7477
   -7.5000  -37.5000  -37.5000 1895.9875   23.8469
    0.0000  -37.5000  -37.5000 1900.6219   23.8443
    7.5000  -37.5000  -37.5000 1885.6227   24.2250
   -7.5000  -30.0000  -37.5000 2020.3734   21.0192
    0.0000  -30.0000  -37.5000 2024.4285   21.0658
    7.5000  -30.0000  -37.5000 2010.4176   21.3502
   -7.5000  -22.5000  -37.5000 2151.7202   18.9068
    0.0000  -22.5000  -37.5000 2152.4294   18.9781
    7.5000  -22.5000  -37.5000 2128.2668   19.1248
   -7.5000  -15.0000  -37.5000 2260.6960   17.3068
    0.0000  -15.0000  -37.5000 2261.7808   17.3205
    7.5000  -15.0000  -37.5000 2230.5701   17.4356
   -7.5000   -7.5000  -37.5000 2354.0520   16.0126
    0.0000   -7.5000  -37.5000 2356.4167   16.0546
    7.5000   -7.5000  -37.5000 2323.4150   16.1272
   -7.5000    0.0000  -37.5000 2417.6914   15.1190
    0.0000    0.0000  -37.5000 2416.0293   15.1709
    7.5000    0.0000  -37.5000 2382.8162   15.2660
   -7.5000    7.5000  -37.5000 2441.6287   14.6559
    0.0000    7.5000  -37.5000 2441.9849   14.6824
    7.5000    7.5000  -37.5000 2414.2131   14.7848
   -7.5000   15.0000  -37.5000 2448.1379   14.4880
    0.0000   15.0000  -37.5000 2457.1978   14.4897
    7.5000   15.0000  -37.5000 2425.2034   14.6506
   -7.5000   22.5000  -37.5000 2448.2258   14.5922
    0.0000   22.5000  -37.5000 2459.9116   14.5905
    7.5000   22.5000  -37.5000 2427.1404   14.7434
   -7.5000   30.0000  -37.5000 2425.9485   15.0191
    0.0000   30.0000  -37.5000 2438.3325   15.0373
    7.5000   30.0000  -37.5000 2405.3862   15.1878
   -7.5000   37.5000  -37.5000 2389.8438   15.6904
    0.0000   37.5000  -37.5000 2400.4355   15.6928
    7.5000   37.5000  -37.5000 2367.6384   15.8751
   -7.5000   45.0000  -37.5000 2336.8337   16.7208
    0.0000   45.0000  -37.5000 2342.8655   16.7120
    7.5000   45.0000  -37.5000 2311.0034   16.9127
   -7.5000   52.5000  -37.5000 2234.1836   18.0423
    0.0000   52.5000  -37.5000 2239.7214   18.0105
    7.5000   52.5000  -37.5000 2208.6292   18.2318
   -7.5000  -37.5000  -30.0000 1973.3901   23.2253
    0.0000  -37.5000  -30.0000 1978.4149   23.3036
    7.5000  -37.5000  -30.0000 1961.6539   23.5820
   -7.5000  -30.0000  -30.0000 2113.1997   20.4807
    0.0000  -30.0000  -30.0000 2114.4014   20.5558
    7.5000  -30.0000  -30.0000 2092.8352   20.7235
   -7.5000  -22.5000  -30.0000 2250.9744   18.3629
    0.0000  -22.5000  -30.0000 2251.4524   18.3705
    7.5000  -22.5000  -30.0000 2223.7234   18.5361
   -7.5000  -15.0000  -30.0000 2363.2297   16.7113
    0.0000  -15.0000  -30.0000 2370.8901   16.7219
    7.5000  -15.0000  -30.0000 2337.1797   16.8526
   -7.5000   -7.5000  -30.0000 2464.4551   15.4897
    0.0000   -7.5000  -30.0000 2470.7563   15.5087
    7.5000   -7.5000  -30.0000 2438.7310   15.6181
   -7.5000    0.0000  -30.0000 2531.6257   14.5669
    0.0000    0.0000  -30.0000 2537.9810   14.6032
    7.5000    0.0000  -30.0000 2506.8328   14.6949
   -7.5000    7.5000  -30.0000 2574.8247   14.0493
    0.0000    7.5000  -30.0000 2583.6108   14.1034
    7.5000    7.5000  -30.0000 2550.7366   14.2186
   -7.5000   15.0000  -30.0000 2594.0435   13.9083
    0.0000   15.0000  -30.0000 2602.7295   13.9142
    7.5000   15.0000  -30.0000 2567.9172   14.0391
   -7.5000   22.5000  -30.0000 2603.1638   13.9853
    0.0000   22.5000  -30.0000 2614.9441   13.9795
    7.5000   22.5000  -30.0000 2575.5044   14.0896
   -7.5000   30.0000  -30.0000 2574.6211   14.4525
    0.0000   30.0000  -30.0000 2590.4697   14.4687
    7.5000   30.0000  -30.0000 2552.6692   14.5677
   -7.5000   37.5000  -30.0000 2534.2639   15.1180
    0.0000   37.5000  -30.0000 2549.3425   15.1253
    7.5000   37.5000  -30.0000 2509.5896   15.2654
   -7.5000   45.0000  -30.0000 2469.3787   16.0789
    0.0000   45.0000  -30.0000 2484.4111   16.1213
    7.5000   45.0000  -30.0000 2443.3872   16.2551
   -7.5000   52.5000  -30.0000 2359.4568   17.3284
    0.0000   52.5000  -30.0000 2372.1560   17.3276
    7.5000   52.5000  -30.0000 2338.2644   17.4953
   -7.5000  -37.5000  -22.5000 2032.0088   22.5732
    0.0000  -37.5000  -22.5000 2034.9226   22.6389
    7.5000  -37.5000  -22.5000 2017.1056   22.9934
   -7.5000  -30.0000  -22.5000 2179.6714   19.8423
    0.0000  -30.0000  -22.5000 2175.1814   19.8654
    7.5000  -30.0000  -22.5000 2153.2661   20.1583
   -7.5000  -22.5000  -22.5000 2318.5271   17.6747
    0.0000  -22.5000  -22.5000 2317.4282   17.7110
    7.5000  -22.5000  -22.5000 2286.6995   17.9581
   -7.5000  -15.0000  -22.5000 2437.6235   16.0574
    0.0000  -15.0000  -22.5000 2441.3140   16.0696
    7.5000  -15.0000  -22.5000 2406.2544   16.2936
   -7.5000   -7.5000  -22.5000 2543.3406   14.8235
    0.0000   -7.5000  -22.5000 2549.7261   14.8536
    7.5000   -7.5000  -22.5000 2515.1628   15.0434
   -7.5000    0.0000  -22.5000 2622.2261   13.9551
    0.0000    0.0000  -22.5000 2630.3147   13.9905
    7.5000    0.0000  -22.5000 2597.7263   14.1480
   -7.5000    7.5000  -22.5000 2678.9888   13.4431
    0.0000    7.5000  -22.5000 2687.9111   13.4625
    7.5000    7.5000  -22.5000 2659.0239   13.6085
   -7.5000   15.0000  -22.5000 2709.0291   13.2307
    0.0000   15.0000  -22.5000 2721.2405   13.2695
    7.5000   15.0000  -22.5000 2685.2229   13.3743
   -7.5000   22.5000  -22.5000 2723.0137   13.2905
    0.0000   22.5000  -22.5000 2740.8857   13.3339
    7.5000   22.5000  -22.5000 2699.7437   13.4426
   -7.5000   30.0000  -22.5000 2694.9658   13.7892
    0.0000   30.0000  -22.5000 2716.6396   13.8352
    7.5000   30.0000  -22.5000 2675.3142   13.9259
   -7.5000   37.5000  -22.5000 2652.0200   14.4655
    0.0000   37.5000  -22.5000 2669.0823   14.5134
    7.5000   37.5000  -22.5000 2628.3662   14.6286
   -7.5000   45.0000  -22.5000 2577.0757   15.4316
    0.0000   45.0000  -22.5000 2594.2224   15.4455
    7.5000   45.0000  -22.5000 2555.6919   15.6046
   -7.5000   52.5000  -22.5000 2456.8174   16.5683
    0.0000   52.5000  -22.5000 2464.1406   16.5416
    7.5000   52.5000  -22.5000 2438.3438   16.7276
   -7.5000  -37.5000  -15.0000 2073.6855   21.9830
    0.0000  -37.5000  -15.0000 2071.0322   22.0503
    7.5000  -37.5000  -15.0000 2052.5842   22.5058
   -7.5000  -30.0000  -15.0000 2215.9536   19.2240
    0.0000  -30.0000  -15.0000 2211.7302   19.2314
    7.5000  -30.0000  -15.0000 2187.6946   19.6643
   -7.5000  -22.5000  -15.0000 2351.1277   17.1070
    0.0000  -22.5000  -15.0000 2350.5554   17.1006
    7.5000  -22.5000  -15.0000 2325.0713   17.4925
   -7.5000  -15.0000  -15.0000 2469.8518   15.5213
    0.0000  -15.0000  -15.0000 2478.9265   15.5317
    7.5000  -15.0000  -15.0000 2446.4375   15.8390
   -7.5000   -7.5000  -15.0000 2582.0139   14.3151
    0.0000   -7.5000  -15.0000 2589.0049   14.3390
    7.5000   -7.5000  -15.0000 2558.0566   14.6142
   -7.5000    0.0000  -15.0000 2678.9092   13.4494
    0.0000    0.0000  -15.0000 2687.2944   13.4681
    7.5000    0.0000  -15.0000 2654.6743   13.6975
   -7.5000    7.5000  -15.0000 2753.1931   12.9383
    0.0000    7.5000  -15.0000 2767.5190   12.9378
    7.5000    7.5000  -15.0000 2732.5466   13.1383
   -7.5000   15.0000  -15.0000 2793.3635   12.6895
    0.0000   15.0000  -15.0000 2806.9270   12.6937
    7.5000   15.0000  -15.0000 2770.7615   12.8478
   -7.5000   22.5000  -15.0000 2810.9509   12.7123
    0.0000   22.5000  -15.0000 2833.2705   12.7647
    7.5000   22.5000  -15.0000 2793.3850   12.9305
   -7.5000   30.0000  -15.0000 2779.0859   13.2112
    0.0000   30.0000  -15.0000 2804.6201   13.2652
    7.5000   30.0000  -15.0000 2770.5083   13.4053
   -7.5000   37.5000  -15.0000 2728.8506   13.8927
    0.0000   37.5000  -15.0000 2744.1626   13.9287
    7.5000   37.5000  -15.0000 2712.3252   14.0898
   -7.5000   45.0000  -15.0000 2644.3674   14.8114
    0.0000   45.0000  -15.0000 2657.6443   14.7822
    7.5000   45.0000  -15.0000 2629.7310   14.9650
   -7.5000   52.5000  -15.0000 2515.9468   15.9604
    0.0000   52.5000  -15.0000 2524.8945   15.8869
    7.5000   52.5000  -15.0000 2498.9382   16.0936
   -7.5000  -37.5000   -7.5000 2090.8496   21.5554
    0.0000  -37.5000   -7.5000 2089.4211   21.5977
    7.5000  -37.5000   -7.5000 2069.0369   22.1429
   -7.5000  -30.0000   -7.5000 2231.3345   18.7958
    0.0000  -30.0000   -7.5000 2230.6929   18.8017
    7.5000  -30.0000   -7.5000 2203.5950   19.2964
   -7.5000  -22.5000   -7.5000 2367.0129   16.6940
    0.0000  -22.5000   -7.5000 2368.6909   16.6908
    7.5000  -22.5000   -7.5000 2341.6389   17.1438
   -7.5000  -15.0000   -7.5000 2491.9495   15.1119
    0.0000  -15.0000   -7.5000 2496.9150   15.1226
    7.5000  -15.0000   -7.5000 2469.7778   15.4989
   -7.5000   -7.5000   -7.5000 2605.5503   13.9413
    0.0000   -7.5000   -7.5000 2611.2175   13.9314
    7.5000   -7.5000   -7.5000 2586.6299   14.2680
   -7.5000    0.0000   -7.5000 2708.3804   13.0822
    0.0000    0.0000   -7.5000 2718.1257   13.0569
    7.5000    0.0000   -7.5000 2691.3638   13.3952
   -7.5000    7.5000   -7.5000 2799.6392   12.5883
    0.0000    7.5000   -7.5000 2816.5471   12.5587
    7.5000    7.5000   -7.5000 2782.5059   12.8514
   -7.5000   15.0000   -7.5000 2854.0178   12.2981
    0.0000   15.0000   -7.5000 2875.9473   12.3007
    7.5000   15.0000   -7.5000 2834.4734   12.5657
   -7.5000   22.5000   -7.5000 2879.8921   12.2790
    0.0000   22.5000   -7.5000 2905.1003   12.3108
    7.5000   22.5000   -7.5000 2861.2632   12.5988
   -7.5000   30.0000   -7.5000 2845.2202   12.7508
    0.0000   30.0000   -7.5000 2868.0562   12.7919
    7.5000   30.0000   -7.5000 2834.9275   13.0502
   -7.5000   37.5000   -7.5000 2777.8101   13.4394
    0.0000   37.5000   -7.5000 2796.3340   13.4386
    7.5000   37.5000   -7.5000 2769.9319   13.6966
   -7.5000   45.0000   -7.5000 2686.8884   14.3355
    0.0000   45.0000   -7.5000 2703.9509   14.2882
    7.5000   45.0000   -7.5000 2679.0034   14.5683
   -7.5000   52.5000   -7.5000 2548.3904   15.4502
    0.0000   52.5000   -7.5000 2564.9583   15.4153
    7.5000   52.5000   -7.5000 2537.4441   15.6988
   -7.5000  -37.5000    0.0000 2089.0833   21.4417
    0.0000  -37.5000    0.0000 2093.6301   21.4800
    7.5000  -37.5000    0.0000 2066.6440   22.0625
   -7.5000  -30.0000    0.0000 2227.4253   18.6290
    0.0000  -30.0000    0.0000 2234.6543   18.6135
    7.5000  -30.0000    0.0000 2210.9390   19.1693
   -7.5000  -22.5000    0.0000 2358.9673   16.5066
    0.0000  -22.5000    0.0000 2367.6448   16.4632
    7.5000  -22.5000    0.0000 2348.0212   16.9663
   -7.5000  -15.0000    0.0000 2485.9646   14.9494
    0.0000  -15.0000    0.0000 2495.0901   14.8896
    7.5000  -15.0000    0.0000 2474.9456   15.3515
   -7.5000   -7.5000    0.0000 2603.8237   13.7609
    0.0000   -7.5000    0.0000 2614.4954   13.7080
    7.5000   -7.5000    0.0000 2591.5605   14.1338
   -7.5000    0.0000    0.0000 2714.8828   12.9101
    0.0000    0.0000    0.0000 2728.4978   12.8511
    7.5000    0.0000    0.0000 2700.8882   13.2630
   -7.5000    7.5000    0.0000 2810.8438   12.4173
    0.0000    7.5000    0.0000 2828.4299   12.3590
    7.5000    7.5000    0.0000 2802.2605   12.7441
   -7.5000   15.0000    0.0000 2877.4006   12.1752
    0.0000   15.0000    0.0000 2908.7756   12.1538
    7.5000   15.0000    0.0000 2866.4104   12.5280
   -7.5000   22.5000    0.0000 2914.7798   12.0740
    0.0000   22.5000    0.0000 2948.9873   12.0481
    7.5000   22.5000    0.0000 2895.6074   12.5689
   -7.5000   30.0000    0.0000 2881.8262   12.5440
    0.0000   30.0000    0.0000 2913.1045   12.4773
    7.5000   30.0000    0.0000 2869.7388   12.9246
   -7.5000   37.5000    0.0000 2802.5374   13.2878
    0.0000   37.5000    0.0000 2829.6550   13.2282
    7.5000   37.5000    0.0000 2794.9451   13.5456
   -7.5000   45.0000    0.0000 2705.9248   14.1177
    0.0000   45.0000    0.0000 2724.7236   14.0712
    7.5000   45.0000    0.0000 2699.3479   14.3291
   -7.5000   52.5000    0.0000 2562.3093   15.1661
    0.0000   52.5000    0.0000 2581.5813   15.1327
    7.5000   52.5000    0.0000 2554.8491   15.3564
   -7.5000  -37.5000    7.5000 2074.4338   21.6391
    0.0000  -37.5000    7.5000 2077.5427   21.5660
    7.5000  -37.5000    7.5000 2056.7805   22.1994
   -7.5000  -30.0000    7.5000 2214.1770   18.7969
    0.0000  -30.0000    7.5000 2218.9243   18.6862
    7.5000  -30.0000    7.5000 2203.3652   19.2822
   -7.5000  -22.5000    7.5000 2347.8481   16.6634
    0.0000  -22.5000    7.5000 2357.1865   16.5406
    7.5000  -22.5000    7.5000 2344.6707   17.0999
   -7.5000  -15.0000    7.5000 2467.6750   15.0516
    0.0000  -15.0000    7.5000 2481.8093   14.9309
    7.5000  -15.0000    7.5000 2466.1614   15.4479
   -7.5000   -7.5000    7.5000 2585.3333   13.8345
    0.0000   -7.5000    7.5000 2599.9131   13.7368
    7.5000   -7.5000    7.5000 2582.7861   14.2457
   -7.5000    0.0000    7.5000 2696.2500   12.9865
    0.0000    0.0000    7.5000 2716.0120   12.8600
    7.5000    0.0000    7.5000 2696.2483   13.3730
   -7.5000    7.5000    7.5000 2791.8647   12.4906
    0.0000    7.5000    7.5000 2816.5325   12.3422
    7.5000    7.5000    7.5000 2796.5571   12.8298
   -7.5000   15.0000    7.5000 2878.1792   12.3400
    0.0000   15.0000    7.5000 2907.7346   12.1479
    7.5000   15.0000    7.5000 2868.3494   12.5740
   -7.5000   22.5000    7.5000 2922.1399   12.4387
    0.0000   22.5000    7.5000 2941.7419   12.1689
    7.5000   22.5000    7.5000 2896.2324   12.6209
   -7.5000   30.0000    7.5000 2896.4746   12.7243
    0.0000   30.0000    7.5000 2924.8965   12.5617
    7.5000   30.0000    7.5000 2872.6060   12.9417
   -7.5000   37.5000    7.5000 2812.4692   13.2902
    0.0000   37.5000    7.5000 2836.7358   13.1894
    7.5000   37.5000    7.5000 2798.3337   13.4903
   -7.5000   45.0000    7.5000 2704.4729   14.0752
    0.0000   45.0000    7.5000 2722.7271   13.9837
    7.5000   45.0000    7.5000 2694.5798   14.2509
   -7.5000   52.5000    7.5000 2562.3809   15.0931
    0.0000   52.5000    7.5000 2573.4932   15.0251
    7.5000   52.5000    7.5000 2552.1201   15.2890
   -7.5000  -37.5000   15.0000 2034.0817   22.1581
    0.0000  -37.5000   15.0000 2043.0067   22.0804
    7.5000  -37.5000   15.0000 2029.8149   22.7382
   -7.5000  -30.0000   15.0000 2184.7773   19.2345
    0.0000  -30.0000   15.0000 2195.7759   19.1091
    7.5000  -30.0000   15.0000 2179.6438   19.7188
   -7.5000  -22.5000   15.0000 2324.4724   17.0209
    0.0000  -22.5000   15.0000 2340.4575   16.8674
    7.5000  -22.5000   15.0000 2324.0032   17.4349
   -7.5000  -15.0000   15.0000 2440.0374   15.4031
    0.0000  -15.0000   15.0000 2460.0178   15.2396
    7.5000  -15.0000   15.0000 2441.9302   15.7587
   -7.5000   -7.5000   15.0000 2550.0339   14.2668
    0.0000   -7.5000   15.0000 2568.9568   14.0961
    7.5000   -7.5000   15.0000 2552.2847   14.5606
   -7.5000    0.0000   15.0000 2667.7285   13.4671
    0.0000    0.0000   15.0000 2686.0833   13.2993
    7.5000    0.0000   15.0000 2667.8430   13.7009
   -7.5000    7.5000   15.0000 2766.9148   12.9493
    0.0000    7.5000   15.0000 2782.6829   12.7734
    7.5000    7.5000   15.0000 2763.1475   13.1413
   -7.5000   15.0000   15.0000 2839.7812   12.7112
    0.0000   15.0000   15.0000 2858.8311   12.4397
    7.5000   15.0000   15.0000 2822.5583   12.7992
   -7.5000   22.5000   15.0000 2874.0588   12.7479
    0.0000   22.5000   15.0000 2889.8628   12.5277
    7.5000   22.5000   15.0000 2854.7048   12.8050
   -7.5000   30.0000   15.0000 2848.3547   13.0412
    0.0000   30.0000   15.0000 2879.4758   12.8753
    7.5000   30.0000   15.0000 2833.6162   13.1137
   -7.5000   37.5000   15.0000 2773.9949   13.5829
    0.0000   37.5000   15.0000 2798.8528   13.4668
    7.5000   37.5000   15.0000 2763.5540   13.7067
   -7.5000   45.0000   15.0000 2677.1418   14.3319
    0.0000   45.0000   15.0000 2685.7251   14.2759
    7.5000   45.0000   15.0000 2659.5640   14.5152
   -7.5000   52.5000   15.0000 2534.1790   15.2925
    0.0000   52.5000   15.0000 2543.3738   15.2456
    7.5000   52.5000   15.0000 2524.3967   15.4943
   -7.5000  -37.5000   22.5000 1994.2026   22.9791
    0.0000  -37.5000   22.5000 2005.6796   22.7435
    7.5000  -37.5000   22.5000 1996.1045   23.5290
   -7.5000  -30.0000   22.5000 2152.9832   19.9772
    0.0000  -30.0000   22.5000 2163.5918   19.7393
    7.5000  -30.0000   22.5000 2149.7754   20.3738
   -7.5000  -22.5000   22.5000 2297.5334   17.7620
    0.0000  -22.5000   22.5000 2310.5752   17.5526
    7.5000  -22.5000   22.5000 2290.7549   18.0738
   -7.5000  -15.0000   22.5000 2411.0684   16.1706
    0.0000  -15.0000   22.5000 2429.5679   15.9691
    7.5000  -15.0000   22.5000 2403.3831   16.3860
   -7.5000   -7.5000   22.5000 2512.7871   14.9864
    0.0000   -7.5000   22.5000 2536.9324   14.8485
    7.5000   -7.5000   22.5000 2507.8472   15.1886
   -7.5000    0.0000   22.5000 2623.6213   14.1190
    0.0000    0.0000   22.5000 2645.5652   13.9826
    7.5000    0.0000   22.5000 2618.8242   14.3060
   -7.5000    7.5000   22.5000 2710.8633   13.4914
    0.0000    7.5000   22.5000 2733.3652   13.2995
    7.5000    7.5000   22.5000 2708.2092   13.6407
   -7.5000   15.0000   22.5000 2769.8765   13.1320
    0.0000   15.0000   22.5000 2795.6643   12.9451
    7.5000   15.0000   22.5000 2759.5571   13.2761
   -7.5000   22.5000   22.5000 2800.8218   13.0770
    0.0000   22.5000   22.5000 2815.9172   12.9831
    7.5000   22.5000   22.5000 2786.2573   13.2379
   -7.5000   30.0000   22.5000 2777.9004   13.3686
    0.0000   30.0000   22.5000 2797.7417   13.2556
    7.5000   30.0000   22.5000 2763.9448   13.5018
   -7.5000   37.5000   22.5000 2715.3796   13.9839
    0.0000   37.5000   22.5000 2736.3157   13.8607
    7.5000   37.5000   22.5000 2703.6548   14.1106
   -7.5000   45.0000   22.5000 2622.3772   14.8268
    0.0000   45.0000   22.5000 2639.1340   14.7417
    7.5000   45.0000   22.5000 2608.6953   14.9596
   -7.5000   52.5000   22.5000 2489.6465   15.8033
    0.0000   52.5000   22.5000 2508.4038   15.7244
    7.5000   52.5000   22.5000 2481.4875   15.9406
   -7.5000  -37.5000   30.0000 1947.3179   24.2273
    0.0000  -37.5000   30.0000 1956.7286   23.9961
    7.5000  -37.5000   30.0000 1948.7939   24.7371
   -7.5000  -30.0000   30.0000 2102.7263   21.1560
    0.0000  -30.0000   30.0000 2118.5271   20.9411
    7.5000  -30.0000   30.0000 2102.5103   21.4887
   -7.5000  -22.5000   30.0000 2244.6047   18.8198
    0.0000  -22.5000   30.0000 2266.3196   18.6505
    7.5000  -22.5000   30.0000 2241.3264   19.0992
   -7.5000  -15.0000   30.0000 2359.3313   17.0926
    0.0000  -15.0000   30.0000 2381.8782   16.9677
    7.5000  -15.0000   30.0000 2356.5317   17.3450
   -7.5000   -7.5000   30.0000 2459.2725   15.8046
    0.0000   -7.5000   30.0000 2485.3191   15.7144
    7.5000   -7.5000   30.0000 2455.8918   16.0235
   -7.5000    0.0000   30.0000 2564.9131   14.8709
    0.0000    0.0000   30.0000 2587.8445   14.7298
    7.5000    0.0000   30.0000 2563.3206   15.0328
   -7.5000    7.5000   30.0000 2640.3479   14.2018
    0.0000    7.5000   30.0000 2671.3118   13.9809
    7.5000    7.5000   30.0000 2641.9871   14.3147
   -7.5000   15.0000   30.0000 2684.5527   13.7976
    0.0000   15.0000   30.0000 2711.2781   13.6526
    7.5000   15.0000   30.0000 2681.4993   13.9613
   -7.5000   22.5000   30.0000 2702.0957   13.7161
    0.0000   22.5000   30.0000 2721.8953   13.6084
    7.5000   22.5000   30.0000 2695.2334   13.8857
   -7.5000   30.0000   30.0000 2682.2644   13.9410
    0.0000   30.0000   30.0000 2700.2437   13.8254
    7.5000   30.0000   30.0000 2680.3394   14.1042
   -7.5000   37.5000   30.0000 2627.5811   14.5610
    0.0000   37.5000   30.0000 2645.4666   14.4488
    7.5000   37.5000   30.0000 2623.0127   14.7139
   -7.5000   45.0000   30.0000 2550.4629   15.4354
    0.0000   45.0000   30.0000 2567.7346   15.2991
    7.5000   45.0000   30.0000 2538.6628   15.5481
   -7.5000   52.5000   30.0000 2434.7573   16.4144
    0.0000   52.5000   30.0000 2453.0383   16.3262
    7.5000   52.5000   30.0000 2428.3762   16.5396
   -7.5000  -37.5000   37.5000 1891.4247   25.8273
    0.0000  -37.5000   37.5000 1903.0934   25.6592
    7.5000  -37.5000   37.5000 1892.9083   26.3320
   -7.5000  -30.0000   37.5000 2047.6417   22.5448
    0.0000  -30.0000   37.5000 2063.0056   22.3626
    7.5000  -30.0000   37.5000 2047.0480   22.8677
   -7.5000  -22.5000   37.5000 2183.9006   20.0893
    0.0000  -22.5000   37.5000 2207.1865   19.9723
    7.5000  -22.5000   37.5000 2186.4321   20.3431
   -7.5000  -15.0000   37.5000 2295.2654   18.1892
    0.0000  -15.0000   37.5000 2322.7632   18.1305
    7.5000  -15.0000   37.5000 2298.5615   18.4445
   -7.5000   -7.5000   37.5000 2395.9263   16.8297
    0.0000   -7.5000   37.5000 2425.0601   16.7733
    7.5000   -7.5000   37.5000 2399.2539   17.0486
   -7.5000    0.0000   37.5000 2490.8135   15.8403
    0.0000    0.0000   37.5000 2518.5776   15.7172
    7.5000    0.0000   37.5000 2493.1521   16.0036
   -7.5000    7.5000   37.5000 2559.0591   15.1318
    0.0000    7.5000   37.5000 2589.2703   14.9778
    7.5000    7.5000   37.5000 2562.1973   15.2646
   -7.5000   15.0000   37.5000 2597.0833   14.7245
    0.0000   15.0000   37.5000 2619.1929   14.6242
    7.5000   15.0000   37.5000 2595.6953   14.8958
   -7.5000   22.5000   37.5000 2603.7615   14.6257
    0.0000   22.5000   37.5000 2625.0151   14.5020
    7.5000   22.5000   37.5000 2598.2253   14.7744
   -7.5000   30.0000   37.5000 2588.4670   14.7786
    0.0000   30.0000   37.5000 2603.1331   14.6567
    7.5000   30.0000   37.5000 2582.1895   14.9155
   -7.5000   37.5000   37.5000 2539.4292   15.4130
    0.0000   37.5000   37.5000 2557.9167   15.3089
    7.5000   37.5000   37.5000 2534.9995   15.5351
   -7.5000   45.0000   37.5000 2472.8137   16.2565
    0.0000   45.0000   37.5000 2495.1890   16.1265
    7.5000   45.0000   37.5000 2471.3120   16.3724
   -7.5000   52.5000   37.5000 2365.5698   17.2514
    0.0000   52.5000   37.5000 2383.3149   17.1080
    7.5000   52.5000   37.5000 2362.1033   17.3571
   -7.5000  -37.5000   45.0000 1830.4561   27.8468
    0.0000  -37.5000   45.0000 1841.0280   27.5704
    7.5000  -37.5000   45.0000 1830.2819   28.3054
   -7.5000  -30.0000   45.0000 1984.4169   24.3137
    0.0000  -30.0000   45.0000 1999.2234   24.0873
    7.5000  -30.0000   45.0000 1984.0923   24.5826
   -7.5000  -22.5000   45.0000 2119.3862   21.6618
    0.0000  -22.5000   45.0000 2138.4324   21.5253
    7.5000  -22.5000   45.0000 2121.3831   21.8588
   -7.5000  -15.0000   45.0000 2223.5784   19.6237
    0.0000  -15.0000   45.0000 2252.3318   19.5327
    7.5000  -15.0000   45.0000 2233.1995   19.7880
   -7.5000   -7.5000   45.0000 2320.5378   18.1463
    0.0000   -7.5000   45.0000 2353.7292   18.0796
    7.5000   -7.5000   45.0000 2333.4456   18.3301
   -7.5000    0.0000   45.0000 2408.8401   17.1048
    0.0000    0.0000   45.0000 2437.2014   16.9888
    7.5000    0.0000   45.0000 2417.7681   17.2403
   -7.5000    7.5000   45.0000 2466.2424   16.3372
    0.0000    7.5000   45.0000 2494.2598   16.2273
    7.5000    7.5000   45.0000 2473.7097   16.5135
   -7.5000   15.0000   45.0000 2493.7083   15.8685
    0.0000   15.0000   45.0000 2513.0627   15.7908
    7.5000   15.0000   45.0000 2498.4709   16.0883
   -7.5000   22.5000   45.0000 2498.5417   15.7115
    0.0000   22.5000   45.0000 2516.1169   15.6254
    7.5000   22.5000   45.0000 2493.1514   15.8948
   -7.5000   30.0000   45.0000 2485.8701   15.8756
    0.0000   30.0000   45.0000 2500.1716   15.8020
    7.5000   30.0000   45.0000 2480.3904   16.0392
   -7.5000   37.5000   45.0000 2446.3523   16.5411
    0.0000   37.5000   45.0000 2470.3135   16.4451
    7.5000   37.5000   45.0000 2447.6323   16.6660
   -7.5000   45.0000   45.0000 2386.7087   17.3797
    0.0000   45.0000   45.0000 2412.6450   17.2830
    7.5000   45.0000   45.0000 2392.1431   17.4657
   -7.5000   52.5000   45.0000 2285.7642   18.3531
    0.0000   52.5000   45.0000 2304.9746   18.2438
    7.5000   52.5000   45.0000 2281.8245   18.4447

---------------------------------------------------------------------
imgreg_4dfp /opt/freesurfer/average/711-2C_as_mni_average_305 /opt/freesurfer/average/711-2B_as_mni_average_305_mask talsrcimg_g11 none talsrcimg_to_711-2C_as_mni_average_305_t4 1283
---------------------------------------------------------------------

freesurfer imgreg_4dfp.c
/opt/freesurfer/average/711-2C_as_mni_average_305.4dfp.img
       256       256       256         1
  1.000000  1.000000  1.000000
orientation T byte_order littleendian
Reading image: /opt/freesurfer/average/711-2C_as_mni_average_305.4dfp.img
dimensions:      256       256       256
mmppix:       1.0000   -1.0000   -1.0000
center:     128.0000 -129.0000 -129.0000
/opt/freesurfer/average/711-2B_as_mni_average_305_mask.4dfp.img
       256       256       256         1
  1.000000  1.000000  1.000000
orientation T byte_order littleendian
Reading mask: /opt/freesurfer/average/711-2B_as_mni_average_305_mask.4dfp.img (2306576 pixels)
talsrcimg_g11.4dfp.img
       256       256       256         1
  1.000000  1.000000  1.000000
orientation T byte_order littleendian
Reading image: talsrcimg_g11.4dfp.img
dimensions:      256       256       256
mmppix:       1.0000   -1.0000   -1.0000
center:     128.0000 -129.0000 -129.0000
rotation matrix determinant  1.000000
fimgreg.f
image alignment mode   1283 decimal      503 hex
parameters
    0.0000   22.5000    0.0000    0.0000    0.0000    0.0000
eta,q 0.92447 12.03083
niter,ni,del,rscale     5    3   12.0000    1.2000
parameters
    0.0365   21.9633    2.1400    0.2546   -1.9985   -0.2448
eta,q 0.92893 11.84122
  0.0825  0.0838  0.0840  0.0786  0.0736  0.0750
  0.0780  0.0769  0.0800  0.0770  0.0718  0.0728
  0.0751  0.0730  0.0769  0.0731  0.0711  0.0713
  0.0744  0.0743  0.0739  0.0724  0.0723  0.0711
  0.0752  0.0777  0.0726  0.0729  0.0735  0.0717
  0.0773  0.0814  0.0738  0.0752  0.0760  0.0733
  0.0827  0.0848  0.0761  0.0783  0.0793  0.0757
niter,ni,del,rscale     4    3   12.0000    1.2000
parameters
    0.4911   22.2016    2.1915   -0.2007   -2.2443    0.0578
eta,q 0.92920 11.87137
  0.0801  0.0834  0.0781  0.0763  0.0751  0.0752
  0.0755  0.0760  0.0750  0.0738  0.0733  0.0731
  0.0723  0.0714  0.0715  0.0708  0.0713  0.0713
  0.0711  0.0708  0.0709  0.0709  0.0708  0.0708
  0.0702  0.0729  0.0724  0.0723  0.0716  0.0711
  0.0728  0.0766  0.0748  0.0750  0.0735  0.0723
  0.0785  0.0798  0.0776  0.0779  0.0761  0.0745
niter,ni,del,rscale     3    3   12.0000    1.2000
parameters
    0.6333   22.5164    2.1845   -0.5983   -2.4380    0.1153
eta,q 0.92937 11.88637
  0.0791  0.0833  0.0777  0.0759  0.0753  0.0747
  0.0752  0.0763  0.0743  0.0737  0.0733  0.0726
  0.0724  0.0714  0.0710  0.0707  0.0713  0.0711
  0.0708  0.0707  0.0707  0.0707  0.0706  0.0706
  0.0702  0.0728  0.0720  0.0719  0.0715  0.0710
  0.0737  0.0763  0.0744  0.0745  0.0735  0.0724
  0.0796  0.0794  0.0773  0.0775  0.0761  0.0746
niter,ni,del,rscale     2    3   12.0000    1.2000
parameters
    0.7040   22.7774    2.1536   -0.9241   -2.6005    0.0611
eta,q 0.92937 11.89745
  0.0788  0.0827  0.0775  0.0758  0.0754  0.0744
  0.0751  0.0759  0.0738  0.0738  0.0734  0.0725
  0.0724  0.0712  0.0708  0.0707  0.0714  0.0710
  0.0706  0.0705  0.0707  0.0707  0.0706  0.0706
  0.0702  0.0730  0.0720  0.0717  0.0715  0.0710
  0.0738  0.0763  0.0741  0.0742  0.0736  0.0724
  0.0798  0.0791  0.0771  0.0771  0.0761  0.0747
niter,ni,del,rscale     1    3   12.0000    1.2000
parameters
    0.7330   22.9666    2.1213   -1.1892   -2.7131    0.0017
eta,q 0.92933 11.90516
  0.0788  0.0823  0.0772  0.0758  0.0755  0.0744
  0.0751  0.0757  0.0734  0.0739  0.0735  0.0724
  0.0724  0.0710  0.0707  0.0707  0.0716  0.0710
  0.0706  0.0706  0.0708  0.0708  0.0707  0.0707
  0.0703  0.0732  0.0719  0.0717  0.0716  0.0710
  0.0739  0.0764  0.0738  0.0740  0.0735  0.0724
  0.0799  0.0791  0.0768  0.0770  0.0761  0.0747
registration optimization eta report
parameter search radius
    6.0000    6.0000    6.0000    6.0000    6.0000    6.0000
100000*second partial in parameter space
       25.       27.       18.       16.       14.       11.
  0.0788  0.0823  0.0772  0.0758  0.0755  0.0744
  0.0751  0.0757  0.0734  0.0739  0.0735  0.0724
  0.0724  0.0710  0.0707  0.0707  0.0716  0.0710
  0.0706  0.0706  0.0708  0.0708  0.0707  0.0707
  0.0703  0.0732  0.0719  0.0717  0.0716  0.0710
  0.0739  0.0764  0.0738  0.0740  0.0735  0.0724
  0.0799  0.0791  0.0768  0.0770  0.0761  0.0747
    0.7330   22.9666    2.1213   -1.1892   -2.7131    0.0017
eta,q 0.92933 11.90516

---------------------------------------------------------------------
imgreg_4dfp /opt/freesurfer/average/711-2C_as_mni_average_305 /opt/freesurfer/average/711-2B_as_mni_average_305_mask talsrcimg_g11 none talsrcimg_to_711-2C_as_mni_average_305_t4 3335
---------------------------------------------------------------------

freesurfer imgreg_4dfp.c
/opt/freesurfer/average/711-2C_as_mni_average_305.4dfp.img
       256       256       256         1
  1.000000  1.000000  1.000000
orientation T byte_order littleendian
Reading image: /opt/freesurfer/average/711-2C_as_mni_average_305.4dfp.img
dimensions:      256       256       256
mmppix:       1.0000   -1.0000   -1.0000
center:     128.0000 -129.0000 -129.0000
/opt/freesurfer/average/711-2B_as_mni_average_305_mask.4dfp.img
       256       256       256         1
  1.000000  1.000000  1.000000
orientation T byte_order littleendian
Reading mask: /opt/freesurfer/average/711-2B_as_mni_average_305_mask.4dfp.img (2306576 pixels)
talsrcimg_g11.4dfp.img
       256       256       256         1
  1.000000  1.000000  1.000000
orientation T byte_order littleendian
Reading image: talsrcimg_g11.4dfp.img
dimensions:      256       256       256
mmppix:       1.0000   -1.0000   -1.0000
center:     128.0000 -129.0000 -129.0000
fimgreg.f
image alignment mode   3335 decimal      D07 hex
parameters
    0.7330   22.9666    2.1213   -0.1121   -0.0215   -0.1336
   -0.1013    4.7325    0.0030    2.0756   -4.7335   -2.0731
eta,q 0.92918 11.98804
niter,ni,del,rscale     5    3    5.0000    1.2000
parameter  4  9.074617 ->  0.500000 qaram    1.1500
parameter  5  7.953443 ->  0.500000 qaram    1.1500
parameter  6  2.896891 ->  0.500000 qaram    1.1500
parameter  8 -0.527966 -> -0.500000 qaram    1.1500
parameter 12  0.780618 ->  0.500000 qaram    1.1500
parameters
    0.6260   23.6914    2.9626   -4.2521   -4.1615   -4.2736
   -0.6890    8.8725   -0.2364    0.2603   -6.0297   -6.2131
eta,q 0.95531 11.80577
  0.0720  0.0726  0.0724  0.0598  0.0504  0.0435  0.0496  0.0549  0.0481  0.0482  0.0469  0.0448
  0.0714  0.0715  0.0717  0.0624  0.0541  0.0464  0.0482  0.0519  0.0470  0.0466  0.0463  0.0446
  0.0710  0.0710  0.0712  0.0662  0.0586  0.0502  0.0475  0.0493  0.0464  0.0459  0.0459  0.0450
  0.0708  0.0708  0.0708  0.0707  0.0633  0.0552  0.0473  0.0473  0.0462  0.0462  0.0459  0.0458
  0.0709  0.0708  0.0707  0.0747  0.0679  0.0609  0.0478  0.0463  0.0465  0.0476  0.0462  0.0472
  0.0714  0.0709  0.0708  0.0786  0.0726  0.0662  0.0489  0.0463  0.0472  0.0492  0.0470  0.0489
  0.0724  0.0711  0.0711  0.0825  0.0777  0.0720  0.0504  0.0473  0.0483  0.0511  0.0482  0.0508
niter,ni,del,rscale     7    3    5.0000    1.2000
parameter  4  1.072724 ->  0.500000 qaram    1.3225
parameter  5  1.520324 ->  0.500000 qaram    1.3225
parameter  6  0.779152 ->  0.500000 qaram    1.3225
parameters
    0.0721   24.4694    3.1204   -9.0131   -8.9225   -9.0346
    1.3780    7.7586   -0.3056    3.2733   -8.4136   -6.7293
eta,q 0.97063 11.45380
  0.0468  0.0487  0.0469  0.0388  0.0314  0.0292  0.0350  0.0352  0.0327  0.0360  0.0300  0.0311
  0.0452  0.0468  0.0455  0.0386  0.0327  0.0302  0.0331  0.0322  0.0313  0.0335  0.0295  0.0301
  0.0445  0.0454  0.0446  0.0402  0.0350  0.0317  0.0316  0.0305  0.0305  0.0316  0.0294  0.0296
  0.0447  0.0445  0.0442  0.0442  0.0388  0.0332  0.0306  0.0303  0.0302  0.0302  0.0295  0.0294
  0.0457  0.0442  0.0444  0.0497  0.0436  0.0367  0.0303  0.0316  0.0305  0.0296  0.0300  0.0296
  0.0476  0.0445  0.0451  0.0557  0.0489  0.0429  0.0307  0.0346  0.0314  0.0297  0.0307  0.0304
  0.0502  0.0454  0.0463  0.0606  0.0540  0.0505  0.0319  0.0388  0.0328  0.0308  0.0317  0.0318
niter,ni,del,rscale     7    3    5.0000    1.2000
parameter  3  0.691977 ->  0.500000 qaram    1.1500
parameter  5  0.666188 ->  0.500000 qaram    1.5209
parameter  6  0.555120 ->  0.500000 qaram    1.5209
parameters
    0.0910   24.9887    1.7404  -11.9573  -14.3976  -14.5097
    1.0017    7.7314   -0.6964    3.7139   -9.3735   -8.3889
eta,q 0.97586 10.65373
  0.0335  0.0336  0.0287  0.0307  0.0268  0.0253  0.0268  0.0296  0.0264  0.0285  0.0251  0.0256
  0.0312  0.0316  0.0284  0.0296  0.0264  0.0244  0.0254  0.0268  0.0251  0.0263  0.0246  0.0247
  0.0299  0.0301  0.0286  0.0287  0.0269  0.0248  0.0246  0.0249  0.0244  0.0249  0.0243  0.0242
  0.0294  0.0294  0.0292  0.0284  0.0287  0.0264  0.0243  0.0243  0.0243  0.0243  0.0243  0.0243
  0.0298  0.0293  0.0302  0.0302  0.0317  0.0284  0.0248  0.0250  0.0247  0.0246  0.0245  0.0249
  0.0311  0.0298  0.0316  0.0345  0.0365  0.0319  0.0258  0.0268  0.0255  0.0257  0.0249  0.0259
  0.0333  0.0311  0.0331  0.0408  0.0417  0.0379  0.0274  0.0297  0.0268  0.0275  0.0256  0.0272
niter,ni,del,rscale     7    3    5.0000    1.2000
parameters
    0.1381   25.0744    1.2139  -12.3293  -16.1218  -15.1586
    0.7806    7.8513   -0.6552    4.2881   -9.4012   -8.8345
eta,q 0.97592 10.49677
  0.0276  0.0274  0.0257  0.0271  0.0281  0.0297  0.0268  0.0296  0.0263  0.0281  0.0251  0.0260
  0.0258  0.0257  0.0246  0.0254  0.0259  0.0269  0.0253  0.0267  0.0251  0.0260  0.0246  0.0249
  0.0246  0.0246  0.0241  0.0245  0.0244  0.0248  0.0244  0.0248  0.0243  0.0246  0.0242  0.0243
  0.0241  0.0241  0.0241  0.0240  0.0241  0.0241  0.0241  0.0241  0.0241  0.0241  0.0241  0.0241
  0.0244  0.0244  0.0248  0.0239  0.0253  0.0253  0.0245  0.0247  0.0244  0.0243  0.0242  0.0244
  0.0255  0.0254  0.0260  0.0252  0.0278  0.0277  0.0256  0.0265  0.0251  0.0253  0.0246  0.0253
  0.0274  0.0270  0.0276  0.0284  0.0325  0.0313  0.0271  0.0292  0.0262  0.0269  0.0252  0.0265
niter,ni,del,rscale     6    3    5.0000    1.2000
parameters
    0.0970   25.2285    1.1305  -12.3164  -16.3126  -15.2220
    0.7509    7.8546   -0.6222    4.5582   -9.4498   -9.0105
eta,q 0.97591 10.48953
  0.0272  0.0273  0.0264  0.0272  0.0291  0.0301  0.0269  0.0294  0.0262  0.0277  0.0251  0.0262
  0.0255  0.0256  0.0251  0.0254  0.0268  0.0273  0.0254  0.0266  0.0250  0.0257  0.0246  0.0250
  0.0244  0.0245  0.0243  0.0244  0.0250  0.0251  0.0244  0.0247  0.0243  0.0245  0.0242  0.0243
  0.0241  0.0241  0.0241  0.0241  0.0241  0.0241  0.0241  0.0241  0.0241  0.0241  0.0241  0.0241
  0.0245  0.0243  0.0244  0.0239  0.0245  0.0249  0.0244  0.0248  0.0243  0.0244  0.0242  0.0244
  0.0256  0.0251  0.0253  0.0249  0.0264  0.0272  0.0254  0.0266  0.0251  0.0255  0.0246  0.0252
  0.0275  0.0265  0.0267  0.0277  0.0301  0.0304  0.0269  0.0294  0.0262  0.0271  0.0252  0.0263
niter,ni,del,rscale     5    3    5.0000    1.2000
parameters
    0.0942   25.2848    1.0897  -12.3223  -16.3450  -15.2492
    0.7359    7.8625   -0.5975    4.6597   -9.4663   -9.0827
eta,q 0.97591 10.48814
  0.0273  0.0270  0.0265  0.0272  0.0292  0.0301  0.0269  0.0294  0.0262  0.0275  0.0252  0.0262
  0.0255  0.0255  0.0252  0.0254  0.0269  0.0273  0.0254  0.0266  0.0250  0.0256  0.0246  0.0251
  0.0245  0.0245  0.0243  0.0245  0.0251  0.0251  0.0244  0.0247  0.0243  0.0244  0.0242  0.0244
  0.0241  0.0241  0.0241  0.0241  0.0241  0.0241  0.0241  0.0241  0.0241  0.0241  0.0241  0.0241
  0.0244  0.0244  0.0244  0.0239  0.0244  0.0249  0.0244  0.0248  0.0244  0.0245  0.0242  0.0244
  0.0255  0.0253  0.0253  0.0249  0.0263  0.0272  0.0254  0.0266  0.0251  0.0256  0.0246  0.0251
  0.0273  0.0268  0.0266  0.0277  0.0298  0.0303  0.0269  0.0293  0.0261  0.0272  0.0252  0.0263
niter,ni,del,rscale     4    3    5.0000    1.2000
parameters
    0.0937   25.3082    1.0720  -12.3226  -16.3573  -15.2607
    0.7310    7.8678   -0.5893    4.7038   -9.4903   -9.1117
eta,q 0.97590 10.48795
  0.0273  0.0269  0.0265  0.0272  0.0292  0.0301  0.0269  0.0294  0.0262  0.0275  0.0252  0.0263
  0.0255  0.0254  0.0252  0.0254  0.0269  0.0273  0.0254  0.0266  0.0250  0.0255  0.0246  0.0251
  0.0245  0.0244  0.0244  0.0245  0.0251  0.0251  0.0244  0.0247  0.0243  0.0244  0.0242  0.0244
  0.0241  0.0241  0.0241  0.0241  0.0241  0.0241  0.0241  0.0241  0.0241  0.0241  0.0241  0.0241
  0.0244  0.0244  0.0244  0.0239  0.0244  0.0249  0.0244  0.0248  0.0244  0.0245  0.0242  0.0244
  0.0255  0.0253  0.0253  0.0249  0.0263  0.0272  0.0254  0.0266  0.0251  0.0256  0.0246  0.0251
  0.0273  0.0268  0.0266  0.0277  0.0298  0.0303  0.0269  0.0293  0.0262  0.0273  0.0252  0.0263
registration optimization eta report
parameter search radius
    2.4000    2.4000    2.7600    9.5220   10.9503   10.9503
    7.2000    8.2800    7.2000    7.2000    7.2000    8.2800
100000*second partial in parameter space
       56.       48.       32.        4.        4.        5.
        5.        8.        4.        6.        2.        3.
  0.0273  0.0269  0.0265  0.0272  0.0292  0.0301  0.0269  0.0294  0.0262  0.0275  0.0252  0.0263
  0.0255  0.0254  0.0252  0.0254  0.0269  0.0273  0.0254  0.0266  0.0250  0.0255  0.0246  0.0251
  0.0245  0.0244  0.0244  0.0245  0.0251  0.0251  0.0244  0.0247  0.0243  0.0244  0.0242  0.0244
  0.0241  0.0241  0.0241  0.0241  0.0241  0.0241  0.0241  0.0241  0.0241  0.0241  0.0241  0.0241
  0.0244  0.0244  0.0244  0.0239  0.0244  0.0249  0.0244  0.0248  0.0244  0.0245  0.0242  0.0244
  0.0255  0.0253  0.0253  0.0249  0.0263  0.0272  0.0254  0.0266  0.0251  0.0256  0.0246  0.0251
  0.0273  0.0268  0.0266  0.0277  0.0298  0.0303  0.0269  0.0293  0.0262  0.0273  0.0252  0.0263
    0.0937   25.3082    1.0720  -12.3226  -16.3573  -15.2607
    0.7310    7.8678   -0.5893    4.7038   -9.4903   -9.1117
eta,q 0.97590 10.48795

---------------------------------------------------------------------
imgreg_4dfp /opt/freesurfer/average/711-2C_as_mni_average_305 /opt/freesurfer/average/711-2B_as_mni_average_305_mask talsrcimg_g11 none talsrcimg_to_711-2C_as_mni_average_305_t4 2311
---------------------------------------------------------------------

freesurfer imgreg_4dfp.c
/opt/freesurfer/average/711-2C_as_mni_average_305.4dfp.img
       256       256       256         1
  1.000000  1.000000  1.000000
orientation T byte_order littleendian
Reading image: /opt/freesurfer/average/711-2C_as_mni_average_305.4dfp.img
dimensions:      256       256       256
mmppix:       1.0000   -1.0000   -1.0000
center:     128.0000 -129.0000 -129.0000
/opt/freesurfer/average/711-2B_as_mni_average_305_mask.4dfp.img
       256       256       256         1
  1.000000  1.000000  1.000000
orientation T byte_order littleendian
Reading mask: /opt/freesurfer/average/711-2B_as_mni_average_305_mask.4dfp.img (2306576 pixels)
talsrcimg_g11.4dfp.img
       256       256       256         1
  1.000000  1.000000  1.000000
orientation T byte_order littleendian
Reading image: talsrcimg_g11.4dfp.img
dimensions:      256       256       256
mmppix:       1.0000   -1.0000   -1.0000
center:     128.0000 -129.0000 -129.0000
fimgreg.f
image alignment mode   2311 decimal      907 hex
parameters
    0.0937   25.3082    1.0720  -12.3226  -16.3573  -15.2607
    0.7310    7.8678   -0.5893    4.7038   -9.4903   -9.1117
eta,q 0.97590 10.48794
niter,ni,del,rscale     5    3    5.0000    0.8000
parameters
    0.1036   25.3108    1.0550  -10.4649  -15.4405  -14.8681
    1.0404    7.8215   -0.4222    4.5299   -9.6437   -9.1401
eta,q 0.97618 10.67505
  0.0256  0.0254  0.0249  0.0249  0.0255  0.0255  0.0254  0.0258  0.0249  0.0253  0.0243  0.0246
  0.0248  0.0247  0.0245  0.0245  0.0248  0.0247  0.0246  0.0246  0.0243  0.0245  0.0240  0.0242
  0.0243  0.0242  0.0242  0.0243  0.0243  0.0241  0.0241  0.0240  0.0240  0.0240  0.0239  0.0239
  0.0241  0.0241  0.0241  0.0241  0.0239  0.0238  0.0238  0.0238  0.0238  0.0238  0.0238  0.0238
  0.0242  0.0242  0.0242  0.0239  0.0239  0.0239  0.0239  0.0241  0.0239  0.0240  0.0239  0.0239
  0.0247  0.0247  0.0245  0.0239  0.0241  0.0244  0.0243  0.0247  0.0242  0.0246  0.0241  0.0242
  0.0255  0.0254  0.0250  0.0242  0.0247  0.0251  0.0250  0.0258  0.0248  0.0255  0.0244  0.0246
niter,ni,del,rscale     4    3    5.0000    0.7000
parameters
    0.1648   25.2603    1.0364  -10.7394  -15.3492  -14.8582
    1.0162    7.7941   -0.4284    4.4689   -9.7557   -9.0919
eta,q 0.97617 10.66351
  0.0251  0.0248  0.0245  0.0243  0.0248  0.0250  0.0249  0.0253  0.0246  0.0250  0.0242  0.0245
  0.0245  0.0242  0.0241  0.0241  0.0243  0.0244  0.0243  0.0244  0.0242  0.0244  0.0240  0.0241
  0.0240  0.0239  0.0239  0.0240  0.0240  0.0240  0.0240  0.0240  0.0239  0.0240  0.0239  0.0239
  0.0238  0.0238  0.0238  0.0238  0.0238  0.0238  0.0238  0.0238  0.0238  0.0238  0.0238  0.0238
  0.0239  0.0240  0.0239  0.0238  0.0239  0.0240  0.0239  0.0240  0.0239  0.0240  0.0239  0.0239
  0.0243  0.0243  0.0241  0.0241  0.0242  0.0244  0.0243  0.0245  0.0242  0.0244  0.0240  0.0241
  0.0250  0.0249  0.0245  0.0247  0.0248  0.0250  0.0249  0.0253  0.0246  0.0251  0.0243  0.0244
niter,ni,del,rscale     3    3    5.0000    0.6000
parameters
    0.1762   25.2516    1.0464  -10.4996  -15.2895  -14.8182
    1.0511    7.7899   -0.4058    4.4479   -9.7213   -9.0488
eta,q 0.97619 10.68185
  0.0247  0.0246  0.0243  0.0243  0.0245  0.0247  0.0246  0.0249  0.0244  0.0247  0.0241  0.0243
  0.0243  0.0242  0.0241  0.0241  0.0242  0.0242  0.0242  0.0243  0.0241  0.0242  0.0239  0.0240
  0.0239  0.0239  0.0239  0.0240  0.0239  0.0239  0.0239  0.0239  0.0239  0.0239  0.0238  0.0239
  0.0238  0.0238  0.0238  0.0238  0.0238  0.0238  0.0238  0.0238  0.0238  0.0238  0.0238  0.0238
  0.0239  0.0239  0.0239  0.0238  0.0239  0.0239  0.0239  0.0240  0.0239  0.0239  0.0238  0.0239
  0.0242  0.0242  0.0240  0.0239  0.0241  0.0242  0.0242  0.0243  0.0241  0.0242  0.0239  0.0240
  0.0247  0.0246  0.0243  0.0243  0.0245  0.0247  0.0246  0.0249  0.0244  0.0247  0.0241  0.0243
niter,ni,del,rscale     2    3    5.0000    0.5000
parameters
    0.1799   25.2493    1.0432  -10.2787  -15.2379  -14.7932
    1.0805    7.7858   -0.4095    4.4367   -9.6980   -9.0000
eta,q 0.97621 10.69807
  0.0244  0.0243  0.0242  0.0242  0.0243  0.0244  0.0244  0.0246  0.0242  0.0244  0.0240  0.0241
  0.0241  0.0240  0.0240  0.0240  0.0240  0.0241  0.0241  0.0241  0.0240  0.0241  0.0239  0.0240
  0.0239  0.0239  0.0238  0.0239  0.0239  0.0239  0.0239  0.0239  0.0238  0.0239  0.0238  0.0238
  0.0238  0.0238  0.0238  0.0238  0.0238  0.0238  0.0238  0.0238  0.0238  0.0238  0.0238  0.0238
  0.0239  0.0239  0.0238  0.0238  0.0238  0.0238  0.0238  0.0239  0.0238  0.0239  0.0238  0.0238
  0.0241  0.0241  0.0240  0.0239  0.0240  0.0241  0.0240  0.0241  0.0240  0.0241  0.0239  0.0239
  0.0244  0.0243  0.0242  0.0242  0.0243  0.0244  0.0244  0.0246  0.0242  0.0244  0.0240  0.0241
niter,ni,del,rscale     1    3    5.0000    0.4000
parameters
    0.1764   25.2464    1.0375  -10.0883  -15.1843  -14.7605
    1.1024    7.7815   -0.4245    4.4408   -9.6575   -8.9566
eta,q 0.97621 10.71321
  0.0242  0.0241  0.0240  0.0241  0.0241  0.0242  0.0242  0.0243  0.0240  0.0242  0.0239  0.0240
  0.0240  0.0239  0.0239  0.0240  0.0239  0.0240  0.0240  0.0240  0.0239  0.0240  0.0238  0.0239
  0.0238  0.0238  0.0238  0.0239  0.0238  0.0238  0.0238  0.0238  0.0238  0.0238  0.0238  0.0238
  0.0238  0.0238  0.0238  0.0238  0.0238  0.0238  0.0238  0.0238  0.0238  0.0238  0.0238  0.0238
  0.0238  0.0238  0.0238  0.0238  0.0238  0.0238  0.0238  0.0238  0.0238  0.0238  0.0238  0.0238
  0.0240  0.0239  0.0239  0.0239  0.0239  0.0240  0.0239  0.0240  0.0239  0.0240  0.0238  0.0239
  0.0242  0.0241  0.0240  0.0240  0.0241  0.0242  0.0241  0.0243  0.0241  0.0242  0.0239  0.0240
registration optimization eta report
parameter search radius
    0.8000    0.8000    0.8000    2.4000    2.4000    2.4000
    2.4000    2.4000    2.4000    2.4000    2.4000    2.4000
100000*second partial in parameter space
       65.       55.       36.        5.        6.        7.
        6.        8.        5.        7.        2.        4.
  0.0242  0.0241  0.0240  0.0241  0.0241  0.0242  0.0242  0.0243  0.0240  0.0242  0.0239  0.0240
  0.0240  0.0239  0.0239  0.0240  0.0239  0.0240  0.0240  0.0240  0.0239  0.0240  0.0238  0.0239
  0.0238  0.0238  0.0238  0.0239  0.0238  0.0238  0.0238  0.0238  0.0238  0.0238  0.0238  0.0238
  0.0238  0.0238  0.0238  0.0238  0.0238  0.0238  0.0238  0.0238  0.0238  0.0238  0.0238  0.0238
  0.0238  0.0238  0.0238  0.0238  0.0238  0.0238  0.0238  0.0238  0.0238  0.0238  0.0238  0.0238
  0.0240  0.0239  0.0239  0.0239  0.0239  0.0240  0.0239  0.0240  0.0239  0.0240  0.0238  0.0239
  0.0242  0.0241  0.0240  0.0240  0.0241  0.0242  0.0241  0.0243  0.0241  0.0242  0.0239  0.0240
    0.1764   25.2464    1.0375  -10.0883  -15.1843  -14.7605
    1.1024    7.7815   -0.4245    4.4408   -9.6575   -8.9566
eta,q 0.97621 10.71321

---------------------------------------------------------------------
imgreg_4dfp /opt/freesurfer/average/711-2C_as_mni_average_305 /opt/freesurfer/average/711-2B_as_mni_average_305_mask talsrcimg_g11 none talsrcimg_to_711-2C_as_mni_average_305_t4 2311
---------------------------------------------------------------------

freesurfer imgreg_4dfp.c
/opt/freesurfer/average/711-2C_as_mni_average_305.4dfp.img
       256       256       256         1
  1.000000  1.000000  1.000000
orientation T byte_order littleendian
Reading image: /opt/freesurfer/average/711-2C_as_mni_average_305.4dfp.img
dimensions:      256       256       256
mmppix:       1.0000   -1.0000   -1.0000
center:     128.0000 -129.0000 -129.0000
/opt/freesurfer/average/711-2B_as_mni_average_305_mask.4dfp.img
       256       256       256         1
  1.000000  1.000000  1.000000
orientation T byte_order littleendian
Reading mask: /opt/freesurfer/average/711-2B_as_mni_average_305_mask.4dfp.img (2306576 pixels)
talsrcimg_g11.4dfp.img
       256       256       256         1
  1.000000  1.000000  1.000000
orientation T byte_order littleendian
Reading image: talsrcimg_g11.4dfp.img
dimensions:      256       256       256
mmppix:       1.0000   -1.0000   -1.0000
center:     128.0000 -129.0000 -129.0000
fimgreg.f
image alignment mode   2311 decimal      907 hex
parameters
    0.1764   25.2464    1.0375  -10.0883  -15.1843  -14.7605
    1.1024    7.7815   -0.4245    4.4408   -9.6575   -8.9566
eta,q 0.97621 10.71321
niter,ni,del,rscale     5    3    5.0000    0.8000
parameters
    0.1380   25.2424    1.0390  -10.8708  -15.3795  -14.8960
    1.0035    7.7976   -0.4203    4.4468   -9.7228   -9.0965
eta,q 0.97616 10.65134
  0.0253  0.0251  0.0247  0.0244  0.0250  0.0253  0.0252  0.0258  0.0249  0.0255  0.0244  0.0246
  0.0245  0.0244  0.0242  0.0241  0.0244  0.0245  0.0244  0.0247  0.0243  0.0246  0.0241  0.0242
  0.0240  0.0239  0.0239  0.0239  0.0240  0.0240  0.0240  0.0240  0.0240  0.0240  0.0239  0.0239
  0.0238  0.0238  0.0238  0.0238  0.0238  0.0238  0.0238  0.0238  0.0238  0.0238  0.0238  0.0238
  0.0240  0.0239  0.0239  0.0239  0.0240  0.0240  0.0240  0.0241  0.0240  0.0240  0.0239  0.0239
  0.0246  0.0244  0.0242  0.0244  0.0245  0.0246  0.0245  0.0247  0.0243  0.0246  0.0241  0.0242
  0.0255  0.0252  0.0247  0.0253  0.0253  0.0254  0.0253  0.0257  0.0249  0.0254  0.0244  0.0247
niter,ni,del,rscale     4    3    5.0000    0.7000
parameters
    0.1687   25.2502    1.0498  -10.7410  -15.3483  -14.8587
    1.0144    7.7917   -0.4134    4.4469   -9.7539   -9.0758
eta,q 0.97617 10.66284
  0.0251  0.0249  0.0245  0.0244  0.0248  0.0250  0.0249  0.0254  0.0246  0.0251  0.0242  0.0245
  0.0244  0.0243  0.0242  0.0242  0.0243  0.0244  0.0243  0.0245  0.0242  0.0244  0.0240  0.0241
  0.0240  0.0240  0.0239  0.0240  0.0240  0.0240  0.0240  0.0240  0.0239  0.0240  0.0239  0.0239
  0.0238  0.0238  0.0238  0.0238  0.0238  0.0238  0.0238  0.0238  0.0238  0.0238  0.0238  0.0238
  0.0239  0.0240  0.0239  0.0238  0.0239  0.0240  0.0239  0.0240  0.0239  0.0240  0.0239  0.0239
  0.0243  0.0243  0.0241  0.0240  0.0242  0.0244  0.0243  0.0245  0.0242  0.0244  0.0240  0.0241
  0.0250  0.0249  0.0245  0.0245  0.0248  0.0250  0.0249  0.0253  0.0246  0.0251  0.0242  0.0245
niter,ni,del,rscale     3    3    5.0000    0.6000
parameters
    0.1781   25.2461    1.0499  -10.4952  -15.2884  -14.8164
    1.0484    7.7897   -0.4062    4.4388   -9.7184   -9.0337
eta,q 0.97619 10.68204
  0.0247  0.0246  0.0243  0.0243  0.0245  0.0247  0.0246  0.0249  0.0244  0.0247  0.0241  0.0243
  0.0243  0.0242  0.0241  0.0241  0.0242  0.0242  0.0242  0.0243  0.0241  0.0242  0.0239  0.0240
  0.0239  0.0239  0.0239  0.0240  0.0239  0.0239  0.0239  0.0239  0.0239  0.0239  0.0238  0.0239
  0.0238  0.0238  0.0238  0.0238  0.0238  0.0238  0.0238  0.0238  0.0238  0.0238  0.0238  0.0238
  0.0239  0.0239  0.0239  0.0238  0.0239  0.0239  0.0239  0.0239  0.0239  0.0239  0.0238  0.0239
  0.0242  0.0242  0.0241  0.0239  0.0241  0.0242  0.0242  0.0243  0.0241  0.0242  0.0239  0.0240
  0.0247  0.0246  0.0243  0.0243  0.0245  0.0247  0.0246  0.0249  0.0244  0.0247  0.0241  0.0243
niter,ni,del,rscale     2    3    5.0000    0.5000
parameters
    0.1789   25.2444    1.0493  -10.2741  -15.2332  -14.7794
    1.0765    7.7845   -0.4088    4.4296   -9.7123   -8.9978
eta,q 0.97621 10.69933
  0.0244  0.0243  0.0242  0.0242  0.0243  0.0244  0.0244  0.0246  0.0242  0.0244  0.0240  0.0241
  0.0241  0.0240  0.0240  0.0240  0.0240  0.0241  0.0241  0.0241  0.0240  0.0241  0.0239  0.0240
  0.0239  0.0239  0.0238  0.0239  0.0239  0.0239  0.0239  0.0239  0.0238  0.0239  0.0238  0.0238
  0.0238  0.0238  0.0238  0.0238  0.0238  0.0238  0.0238  0.0238  0.0238  0.0238  0.0238  0.0238
  0.0239  0.0239  0.0238  0.0238  0.0238  0.0239  0.0238  0.0239  0.0238  0.0239  0.0238  0.0238
  0.0241  0.0240  0.0240  0.0239  0.0240  0.0241  0.0240  0.0241  0.0240  0.0241  0.0239  0.0239
  0.0244  0.0243  0.0242  0.0242  0.0243  0.0244  0.0244  0.0246  0.0242  0.0244  0.0240  0.0241
niter,ni,del,rscale     1    3    5.0000    0.4000
parameters
    0.1776   25.2443    1.0425  -10.0862  -15.1796  -14.7586
    1.1064    7.7785   -0.4178    4.4371   -9.6689   -8.9411
eta,q 0.97622 10.71366
  0.0242  0.0241  0.0240  0.0241  0.0241  0.0242  0.0242  0.0243  0.0241  0.0242  0.0239  0.0240
  0.0240  0.0239  0.0239  0.0240  0.0239  0.0240  0.0240  0.0240  0.0239  0.0240  0.0239  0.0239
  0.0238  0.0238  0.0238  0.0239  0.0238  0.0238  0.0238  0.0238  0.0238  0.0238  0.0238  0.0238
  0.0238  0.0238  0.0238  0.0238  0.0238  0.0238  0.0238  0.0238  0.0238  0.0238  0.0238  0.0238
  0.0238  0.0238  0.0238  0.0238  0.0238  0.0238  0.0238  0.0238  0.0238  0.0238  0.0238  0.0238
  0.0240  0.0239  0.0239  0.0239  0.0239  0.0240  0.0239  0.0240  0.0239  0.0240  0.0238  0.0239
  0.0242  0.0241  0.0240  0.0240  0.0241  0.0242  0.0241  0.0243  0.0241  0.0242  0.0239  0.0240
registration optimization eta report
parameter search radius
    0.8000    0.8000    0.8000    2.4000    2.4000    2.4000
    2.4000    2.4000    2.4000    2.4000    2.4000    2.4000
100000*second partial in parameter space
       65.       54.       36.        4.        6.        7.
        6.        9.        5.        7.        2.        4.
  0.0242  0.0241  0.0240  0.0241  0.0241  0.0242  0.0242  0.0243  0.0241  0.0242  0.0239  0.0240
  0.0240  0.0239  0.0239  0.0240  0.0239  0.0240  0.0240  0.0240  0.0239  0.0240  0.0239  0.0239
  0.0238  0.0238  0.0238  0.0239  0.0238  0.0238  0.0238  0.0238  0.0238  0.0238  0.0238  0.0238
  0.0238  0.0238  0.0238  0.0238  0.0238  0.0238  0.0238  0.0238  0.0238  0.0238  0.0238  0.0238
  0.0238  0.0238  0.0238  0.0238  0.0238  0.0238  0.0238  0.0238  0.0238  0.0238  0.0238  0.0238
  0.0240  0.0239  0.0239  0.0239  0.0239  0.0240  0.0239  0.0240  0.0239  0.0240  0.0238  0.0239
  0.0242  0.0241  0.0240  0.0240  0.0241  0.0242  0.0241  0.0243  0.0241  0.0242  0.0239  0.0240
    0.1776   25.2443    1.0425  -10.0862  -15.1796  -14.7586
    1.1064    7.7785   -0.4178    4.4371   -9.6689   -8.9411
eta,q 0.97622 10.71366

---------------------------------------------------------------------
compute_vox2vox talsrcimg talsrcimg_to_711-2C_as_mni_average_305_t4 /opt/freesurfer/average/711-2C_as_mni_average_305
---------------------------------------------------------------------

freesurfer compute_vox2vox.c
Reading: talsrcimg.4dfp.ifh
Reading: talsrcimg_to_711-2C_as_mni_average_305_t4
Reading: /opt/freesurfer/average/711-2C_as_mni_average_305.4dfp.ifh
Writing: talsrcimg_to_711-2C_as_mni_average_305_t4_vox2vox.txt

start time Tue Mar 10 06:07:03 CET 2026
end		time Tue Mar 10 06:08:29 CET 2026

mpr2mni305 success

avi2talxfm orig_nu.mgz /opt/freesurfer/average/mni305.cor.mgz talsrcimg_to_711-2C_as_mni_average_305_t4_vox2vox.txt transforms/talairach.auto.xfm
avi2talxfm done
mv -f /out/sourcedata/freesurfer/sub-v1s6x0051372_ses-1/mri/talsrcimg_to_711-2C_as_mni_average_305_t4_vox2vox.txt /out/sourcedata/freesurfer/sub-v1s6x0051372_ses-1/mri/transforms/talsrcimg_to_711-2C_as_mni_average_305_t4_vox2vox.txt
lta_convert --src orig_nu.mgz --trg /opt/freesurfer/average/mni305.cor.mgz --inxfm transforms/talairach.auto.xfm --outlta transforms/talairach.auto.xfm.lta --subject fsaverage
7.3.2

--src: orig_nu.mgz src image (geometry).
--trg: /opt/freesurfer/average/mni305.cor.mgz trg image (geometry).
--inmni: transforms/talairach.auto.xfm input MNI/XFM transform.
--outlta: transforms/talairach.auto.xfm.lta output LTA.
--s: fsaverage subject name
 LTA read, type : 1
 1.10139  -0.09921  -0.02482  -4.63991;
 0.12482   1.15549   0.12017  -5.13604;
-0.00110  -0.06094   1.17255  -22.75453;
 0.00000   0.00000   0.00000   1.00000;
setting subject to fsaverage
Writing  LTA to file transforms/talairach.auto.xfm.lta...
lta_convert successful.
 
 
Started at Tue Mar 10 06:07:03 CET 2026
Ended   at Tue Mar 10 06:08:30 CET 2026
talairach_avi done
