status file for recon-all
Tue Mar 10 07:10:41 CET 2026
#@# Tessellate lh Tue Mar 10 07:10:41 CET 2026
#@# Smooth1 lh Tue Mar 10 07:10:45 CET 2026
#@# Inflation1 lh Tue Mar 10 07:10:47 CET 2026
#@# QSphere lh Tue Mar 10 07:10:56 CET 2026
#@# Fix Topology lh Tue Mar 10 07:11:44 CET 2026
#@# Smooth2 lh Tue Mar 10 07:16:05 CET 2026
#@# Inflation2 lh Tue Mar 10 07:16:07 CET 2026
#@# Curv .H and .K lh Tue Mar 10 07:16:16 CET 2026
#@# Sphere lh Tue Mar 10 07:16:57 CET 2026
#@# Surf Reg lh Tue Mar 10 07:18:21 CET 2026
#@# Jacobian white lh Tue Mar 10 07:20:52 CET 2026
#@# AvgCurv lh Tue Mar 10 07:20:53 CET 2026
#@# Cortical Parc lh Tue Mar 10 07:20:54 CET 2026
#@# white curv lh Tue Mar 10 07:25:39 CET 2026
#@# white area lh Tue Mar 10 07:25:40 CET 2026
#@# pial curv lh Tue Mar 10 07:25:41 CET 2026
#@# pial area lh Tue Mar 10 07:25:42 CET 2026
#@# thickness lh Tue Mar 10 07:25:43 CET 2026
#@# area and vertex vol lh Tue Mar 10 07:26:08 CET 2026
#@# Curvature Stats lh Tue Mar 10 07:26:09 CET 2026
#@# Cortical Parc 2 lh Tue Mar 10 07:26:11 CET 2026
#@# Cortical Parc 3 lh Tue Mar 10 07:26:22 CET 2026
#@# WM/GM Contrast lh Tue Mar 10 07:26:31 CET 2026
recon-all -s sub-v1s6x0051362_ses-1 finished without error at Tue Mar 10 07:26:33 CET 2026



#New# invocation of recon-all 



status file for recon-all
Tue Mar 10 07:46:38 CET 2026
#@# white curv lh Tue Mar 10 07:46:38 CET 2026
#@# white area lh Tue Mar 10 07:46:38 CET 2026
#@# pial curv lh Tue Mar 10 07:46:38 CET 2026
#@# pial area lh Tue Mar 10 07:46:38 CET 2026
#@# thickness lh Tue Mar 10 07:46:38 CET 2026
#@# area and vertex vol lh Tue Mar 10 07:46:38 CET 2026
#@# Parcellation Stats lh Tue Mar 10 07:46:38 CET 2026
#@# Parcellation Stats 2 lh Tue Mar 10 07:46:52 CET 2026
#@# Parcellation Stats 3 lh Tue Mar 10 07:47:00 CET 2026
#@# BA_exvivo Labels lh Tue Mar 10 07:47:07 CET 2026
recon-all -s sub-v1s6x0051362_ses-1 finished without error at Tue Mar 10 07:49:12 CET 2026
