status file for recon-all
Tue Mar 10 07:26:35 CET 2026
#@# Tessellate rh Tue Mar 10 07:26:35 CET 2026
#@# Smooth1 rh Tue Mar 10 07:26:39 CET 2026
#@# Inflation1 rh Tue Mar 10 07:26:41 CET 2026
#@# QSphere rh Tue Mar 10 07:26:51 CET 2026
#@# Fix Topology rh Tue Mar 10 07:27:41 CET 2026
#@# Smooth2 rh Tue Mar 10 07:31:54 CET 2026
#@# Inflation2 rh Tue Mar 10 07:31:56 CET 2026
#@# Curv .H and .K rh Tue Mar 10 07:32:05 CET 2026
#@# Sphere rh Tue Mar 10 07:32:47 CET 2026
#@# Surf Reg rh Tue Mar 10 07:33:46 CET 2026
#@# Jacobian white rh Tue Mar 10 07:36:24 CET 2026
#@# AvgCurv rh Tue Mar 10 07:36:24 CET 2026
#@# Cortical Parc rh Tue Mar 10 07:36:25 CET 2026
#@# white curv rh Tue Mar 10 07:41:04 CET 2026
#@# white area rh Tue Mar 10 07:41:06 CET 2026
#@# pial curv rh Tue Mar 10 07:41:06 CET 2026
#@# pial area rh Tue Mar 10 07:41:08 CET 2026
#@# thickness rh Tue Mar 10 07:41:08 CET 2026
#@# area and vertex vol rh Tue Mar 10 07:41:34 CET 2026
#@# Curvature Stats rh Tue Mar 10 07:41:35 CET 2026
#@# Cortical Parc 2 rh Tue Mar 10 07:41:37 CET 2026
#@# Cortical Parc 3 rh Tue Mar 10 07:41:48 CET 2026
#@# WM/GM Contrast rh Tue Mar 10 07:41:57 CET 2026
recon-all -s sub-v1s6x0051362_ses-1 finished without error at Tue Mar 10 07:42:00 CET 2026



#New# invocation of recon-all 



status file for recon-all
Tue Mar 10 07:49:14 CET 2026
#@# white curv rh Tue Mar 10 07:49:14 CET 2026
#@# white area rh Tue Mar 10 07:49:14 CET 2026
#@# pial curv rh Tue Mar 10 07:49:14 CET 2026
#@# pial area rh Tue Mar 10 07:49:14 CET 2026
#@# thickness rh Tue Mar 10 07:49:14 CET 2026
#@# area and vertex vol rh Tue Mar 10 07:49:14 CET 2026
#@# Parcellation Stats rh Tue Mar 10 07:49:14 CET 2026
#@# Parcellation Stats 2 rh Tue Mar 10 07:49:29 CET 2026
#@# Parcellation Stats 3 rh Tue Mar 10 07:49:36 CET 2026
#@# BA_exvivo Labels rh Tue Mar 10 07:49:44 CET 2026
recon-all -s sub-v1s6x0051362_ses-1 finished without error at Tue Mar 10 07:51:48 CET 2026
