/out/sourcedata/freesurfer/sub-v1s6x0051366_ses-1/mri
/opt/freesurfer/bin/talairach_avi
--i orig_nu.mgz --xfm transforms/talairach.auto.xfm
talairach_avi 7.3.2
Linux dna025 5.14.0-427.37.1.el9_4.x86_64 #1 SMP PREEMPT_DYNAMIC Fri Sep 13 12:41:50 EDT 2024 x86_64 x86_64 x86_64 GNU/Linux
Tue Mar 10 05:51:55 CET 2026
mri_convert orig_nu.mgz talsrcimg.img 
reading from orig_nu.mgz...
TR=0.00, TE=0.00, TI=0.00, flip angle=0.00
i_ras = (-1, 0, 0)
j_ras = (0, 0, -1)
k_ras = (0, 1, 0)
writing to talsrcimg.img...
Analyze Output Matrix
-1.00000   0.00000   0.00000   130.17796;
 0.00000   0.00000   1.00000  -124.61017;
 0.00000  -1.00000   0.00000   126.61017;
 0.00000   0.00000   0.00000   1.00000;
--------------------
INFO: set hdr.hist.orient to -1
mpr2mni305 talsrcimg
Tue Mar 10 05:51:55 CET 2026
/opt/freesurfer/bin/mpr2mni305 talsrcimg
mpr2mni305 7.3.2
target=711-2C_as_mni_average_305

---------------------------------------------------------------------
analyzeto4dfp talsrcimg -O0 -y
---------------------------------------------------------------------

freesurfer ifh2hdr.c
Tue Mar 10 05:51:55 2026
Writing: talsrcimg.4dfp.hdr
freesurfer analyzeto4dfp.c
Reading: talsrcimg.hdr
header size 348 bytes
hdr.dime.datatype	offset=70	value=2
hdr.dime.bitpix		offset=72	value=8
hdr.hist.orient		offset=252	value=-1
dimensionality     4
dimensions       256       256       256         1
Reading: talsrcimg.img
Writing: talsrcimg.4dfp.img
Writing: talsrcimg.4dfp.ifh
ifh2hdr talsrcimg -r0to237
ori=2

---------------------------------------------------------------------
gauss_4dfp talsrcimg 1.1
---------------------------------------------------------------------

freesurfer gauss_4dfp.c
Reading: talsrcimg.4dfp.img
Writing: talsrcimg_g11.4dfp.img
image dimensions 256 256 256 padded to 288 288 288
processing volume 1freesurfer ifh2hdr.c
Tue Mar 10 05:51:57 2026
Writing: talsrcimg_g11.4dfp.hdr

Writing: talsrcimg_g11.4dfp.ifh
including: talsrcimg.4dfp.img.rec in talsrcimg_g11.4dfp.img.rec

---------------------------------------------------------------------
imgreg_4dfp /opt/freesurfer/average/711-2C_as_mni_average_305 none talsrcimg_g11 none talsrcimg_to_711-2C_as_mni_average_305_t4 4355
---------------------------------------------------------------------

freesurfer imgreg_4dfp.c
/opt/freesurfer/average/711-2C_as_mni_average_305.4dfp.img
       256       256       256         1
  1.000000  1.000000  1.000000
orientation T byte_order littleendian
Reading image: /opt/freesurfer/average/711-2C_as_mni_average_305.4dfp.img
dimensions:      256       256       256
mmppix:       1.0000   -1.0000   -1.0000
center:     128.0000 -129.0000 -129.0000
talsrcimg_g11.4dfp.img
       256       256       256         1
  1.000000  1.000000  1.000000
orientation T byte_order littleendian
Reading image: talsrcimg_g11.4dfp.img
dimensions:      256       256       256
mmppix:       1.0000   -1.0000   -1.0000
center:     128.0000 -129.0000 -129.0000
t4_read: open error in t4_sub.f l:  41 t4_file(1:l)talsrcimg_to_711-2C_as_mni_average_305_t4 
t4_read: transform initialized to I4
rotation matrix determinant  1.000000
image alignment mode   4355 decimal     1103 hex
   -7.5000  -45.0000  -45.0000 6842.9316   13.8400
    0.0000  -45.0000  -45.0000 7126.2021   13.8746
    7.5000  -45.0000  -45.0000 6788.4727   13.8982
   -7.5000  -37.5000  -45.0000 7426.1147   13.4972
    0.0000  -37.5000  -45.0000 7745.5137   13.5283
    7.5000  -37.5000  -45.0000 7369.7812   13.5469
   -7.5000  -30.0000  -45.0000 8327.0762   13.2321
    0.0000  -30.0000  -45.0000 8686.9639   13.2641
    7.5000  -30.0000  -45.0000 8265.9717   13.2809
   -7.5000  -22.5000  -45.0000 9278.0820   13.0145
    0.0000  -22.5000  -45.0000 9696.4189   13.0486
    7.5000  -22.5000  -45.0000 9197.0000   13.0641
   -7.5000  -15.0000  -45.000010292.3477   12.9137
    0.0000  -15.0000  -45.000010756.9053   12.9494
    7.5000  -15.0000  -45.000010184.1514   12.9666
   -7.5000   -7.5000  -45.000011317.3701   12.8788
    0.0000   -7.5000  -45.000011829.4033   12.9138
    7.5000   -7.5000  -45.000011170.4736   12.9324
   -7.5000    0.0000  -45.000012182.9912   12.8902
    0.0000    0.0000  -45.000012764.1562   12.9229
    7.5000    0.0000  -45.000012027.8154   12.9422
   -7.5000    7.5000  -45.000012142.1836   12.9118
    0.0000    7.5000  -45.000012725.5371   12.9425
    7.5000    7.5000  -45.000011971.3721   12.9607
   -7.5000   15.0000  -45.000011975.2695   12.9242
    0.0000   15.0000  -45.000012539.6777   12.9554
    7.5000   15.0000  -45.000011793.2949   12.9710
   -7.5000   22.5000  -45.000011756.9004   12.9084
    0.0000   22.5000  -45.000012320.2598   12.9423
    7.5000   22.5000  -45.000011590.2939   12.9573
   -7.5000   30.0000  -45.000011363.2148   12.7131
    0.0000   30.0000  -45.000011914.0703   12.7483
    7.5000   30.0000  -45.000011202.5244   12.7649
   -7.5000   37.5000  -45.000011245.1172   12.7053
    0.0000   37.5000  -45.000011763.7354   12.7398
    7.5000   37.5000  -45.000011061.9307   12.7581
   -7.5000   45.0000  -45.000010757.8398   12.3955
    0.0000   45.0000  -45.000011283.3027   12.4269
    7.5000   45.0000  -45.000010605.5986   12.4455
   -7.5000  -45.0000  -37.5000 7173.2671   13.7709
    0.0000  -45.0000  -37.5000 7484.0854   13.8083
    7.5000  -45.0000  -37.5000 7120.0010   13.8373
   -7.5000  -37.5000  -37.5000 7797.4849   13.4252
    0.0000  -37.5000  -37.5000 8130.1694   13.4587
    7.5000  -37.5000  -37.5000 7732.6030   13.4831
   -7.5000  -30.0000  -37.5000 8755.6084   13.1622
    0.0000  -30.0000  -37.5000 9136.7969   13.1948
    7.5000  -30.0000  -37.5000 8681.9541   13.2158
   -7.5000  -22.5000  -37.5000 9795.9170   12.9479
    0.0000  -22.5000  -37.500010218.4502   12.9812
    7.5000  -22.5000  -37.5000 9687.3623   12.9990
   -7.5000  -15.0000  -37.500010864.4648   12.8504
    0.0000  -15.0000  -37.500011340.7100   12.8858
    7.5000  -15.0000  -37.500010737.7607   12.9047
   -7.5000   -7.5000  -37.500011922.2002   12.8176
    0.0000   -7.5000  -37.500012440.8408   12.8536
    7.5000   -7.5000  -37.500011781.0371   12.8754
   -7.5000    0.0000  -37.500012861.9492   12.8285
    0.0000    0.0000  -37.500013449.5781   12.8638
    7.5000    0.0000  -37.500012704.9268   12.8878
   -7.5000    7.5000  -37.500012806.7500   12.8474
    0.0000    7.5000  -37.500013410.0654   12.8805
    7.5000    7.5000  -37.500012632.4893   12.9037
   -7.5000   15.0000  -37.500012636.7852   12.8575
    0.0000   15.0000  -37.500013243.2764   12.8893
    7.5000   15.0000  -37.500012449.4629   12.9089
   -7.5000   22.5000  -37.500012406.4502   12.8428
    0.0000   22.5000  -37.500013024.8818   12.8759
    7.5000   22.5000  -37.500012219.6006   12.8932
   -7.5000   30.0000  -37.500011981.6133   12.6510
    0.0000   30.0000  -37.500012556.5068   12.6857
    7.5000   30.0000  -37.500011790.7988   12.7041
   -7.5000   37.5000  -37.500011811.1064   12.6449
    0.0000   37.5000  -37.500012354.9092   12.6805
    7.5000   37.5000  -37.500011598.4297   12.7019
   -7.5000   45.0000  -37.500011320.8193   12.3362
    0.0000   45.0000  -37.500011837.8750   12.3701
    7.5000   45.0000  -37.500011122.5781   12.3931
   -7.5000  -45.0000  -30.0000 7603.3213   14.3538
    0.0000  -45.0000  -30.0000 7928.1606   14.3963
    7.5000  -45.0000  -30.0000 7550.5713   14.4292
   -7.5000  -37.5000  -30.0000 8287.6123   13.9918
    0.0000  -37.5000  -30.0000 8640.8398   14.0302
    7.5000  -37.5000  -30.0000 8223.1543   14.0584
   -7.5000  -30.0000  -30.0000 9326.1299   13.7160
    0.0000  -30.0000  -30.0000 9745.6260   13.7536
    7.5000  -30.0000  -30.0000 9259.9092   13.7790
   -7.5000  -22.5000  -30.000010455.0088   13.4906
    0.0000  -22.5000  -30.000010915.9521   13.5284
    7.5000  -22.5000  -30.000010360.9521   13.5511
   -7.5000  -15.0000  -30.000011598.2861   13.3894
    0.0000  -15.0000  -30.000012101.6826   13.4287
    7.5000  -15.0000  -30.000011481.2051   13.4524
   -7.5000   -7.5000  -30.000012710.3584   13.3578
    0.0000   -7.5000  -30.000013253.2402   13.3977
    7.5000   -7.5000  -30.000012581.3770   13.4235
   -7.5000    0.0000  -30.000013708.8613   13.3717
    0.0000    0.0000  -30.000014324.6572   13.4113
    7.5000    0.0000  -30.000013575.8350   13.4384
   -7.5000    7.5000  -30.000013644.5752   13.3910
    0.0000    7.5000  -30.000014286.0752   13.4287
    7.5000    7.5000  -30.000013502.6826   13.4552
   -7.5000   15.0000  -30.000013485.3984   13.3989
    0.0000   15.0000  -30.000014132.6318   13.4353
    7.5000   15.0000  -30.000013308.3184   13.4591
   -7.5000   22.5000  -30.000013266.1807   13.3797
    0.0000   22.5000  -30.000013917.3662   13.4173
    7.5000   22.5000  -30.000013063.8594   13.4394
   -7.5000   30.0000  -30.000012820.1631   13.1828
    0.0000   30.0000  -30.000013444.7842   13.2214
    7.5000   30.0000  -30.000012600.6914   13.2445
   -7.5000   37.5000  -30.000012592.6436   13.1791
    0.0000   37.5000  -30.000013197.0938   13.2184
    7.5000   37.5000  -30.000012387.6299   13.2439
   -7.5000   45.0000  -30.000012009.6982   12.8679
    0.0000   45.0000  -30.000012588.3008   12.9060
    7.5000   45.0000  -30.000011820.4268   12.9322
   -7.5000  -45.0000  -22.5000 8053.5630   14.8637
    0.0000  -45.0000  -22.5000 8389.3838   14.9084
    7.5000  -45.0000  -22.5000 7999.0068   14.9397
   -7.5000  -37.5000  -22.5000 8801.6631   14.4932
    0.0000  -37.5000  -22.5000 9169.5732   14.5337
    7.5000  -37.5000  -22.5000 8737.8242   14.5596
   -7.5000  -30.0000  -22.5000 9922.8691   14.2064
    0.0000  -30.0000  -22.500010345.8662   14.2481
    7.5000  -30.0000  -22.5000 9857.6934   14.2734
   -7.5000  -22.5000  -22.500011117.8398   13.9699
    0.0000  -22.5000  -22.500011589.5527   14.0128
    7.5000  -22.5000  -22.500011043.3652   14.0379
   -7.5000  -15.0000  -22.500012324.2314   13.8627
    0.0000  -15.0000  -22.500012855.3633   13.9065
    7.5000  -15.0000  -22.500012229.6338   13.9332
   -7.5000   -7.5000  -22.500013485.0820   13.8303
    0.0000   -7.5000  -22.500014063.0361   13.8730
    7.5000   -7.5000  -22.500013376.6025   13.8998
   -7.5000    0.0000  -22.500014537.9600   13.8469
    0.0000    0.0000  -22.500015197.9902   13.8880
    7.5000    0.0000  -22.500014428.9473   13.9137
   -7.5000    7.5000  -22.500014476.7617   13.8696
    0.0000    7.5000  -22.500015144.3955   13.9091
    7.5000    7.5000  -22.500014358.7402   13.9335
   -7.5000   15.0000  -22.500014308.9043   13.8779
    0.0000   15.0000  -22.500014980.2979   13.9182
    7.5000   15.0000  -22.500014136.5811   13.9416
   -7.5000   22.5000  -22.500014099.9531   13.8541
    0.0000   22.5000  -22.500014769.0703   13.8968
    7.5000   22.5000  -22.500013895.2646   13.9213
   -7.5000   30.0000  -22.500013646.1533   13.6508
    0.0000   30.0000  -22.500014320.2334   13.6939
    7.5000   30.0000  -22.500013448.2061   13.7200
   -7.5000   37.5000  -22.500013393.2900   13.6473
    0.0000   37.5000  -22.500014074.0967   13.6895
    7.5000   37.5000  -22.500013208.4668   13.7159
   -7.5000   45.0000  -22.500012708.1582   13.3352
    0.0000   45.0000  -22.500013314.2705   13.3748
    7.5000   45.0000  -22.500012513.3564   13.3996
   -7.5000  -45.0000  -15.0000 8474.5742   15.2253
    0.0000  -45.0000  -15.0000 8830.8994   15.2682
    7.5000  -45.0000  -15.0000 8428.2646   15.2947
   -7.5000  -37.5000  -15.0000 9258.8584   14.8509
    0.0000  -37.5000  -15.0000 9654.1484   14.8899
    7.5000  -37.5000  -15.0000 9225.5156   14.9110
   -7.5000  -30.0000  -15.000010472.6143   14.5569
    0.0000  -30.0000  -15.000010929.5488   14.5994
    7.5000  -30.0000  -15.000010433.9521   14.6217
   -7.5000  -22.5000  -15.000011766.1699   14.3139
    0.0000  -22.5000  -15.000012272.8203   14.3590
    7.5000  -22.5000  -15.000011690.2949   14.3830
   -7.5000  -15.0000  -15.000013028.7920   14.2023
    0.0000  -15.0000  -15.000013569.9414   14.2477
    7.5000  -15.0000  -15.000012919.0176   14.2737
   -7.5000   -7.5000  -15.000014225.1025   14.1675
    0.0000   -7.5000  -15.000014807.9824   14.2100
    7.5000   -7.5000  -15.000014106.3135   14.2344
   -7.5000    0.0000  -15.000015382.9258   14.1842
    0.0000    0.0000  -15.000016049.1602   14.2236
    7.5000    0.0000  -15.000015278.3232   14.2452
   -7.5000    7.5000  -15.000015360.9912   14.2094
    0.0000    7.5000  -15.000016034.5498   14.2476
    7.5000    7.5000  -15.000015228.1123   14.2678
   -7.5000   15.0000  -15.000015189.5859   14.2201
    0.0000   15.0000  -15.000015844.7148   14.2611
    7.5000   15.0000  -15.000015015.1494   14.2815
   -7.5000   22.5000  -15.000014904.6621   14.1947
    0.0000   22.5000  -15.000015574.9492   14.2395
    7.5000   22.5000  -15.000014735.5879   14.2629
   -7.5000   30.0000  -15.000014445.7725   13.9872
    0.0000   30.0000  -15.000015115.9805   14.0319
    7.5000   30.0000  -15.000014278.1348   14.0572
   -7.5000   37.5000  -15.000014206.7842   13.9820
    0.0000   37.5000  -15.000014889.3193   14.0240
    7.5000   37.5000  -15.000014041.9121   14.0480
   -7.5000   45.0000  -15.000013421.1338   13.6684
    0.0000   45.0000  -15.000014050.5625   13.7063
    7.5000   45.0000  -15.000013229.8467   13.7271
   -7.5000  -45.0000   -7.5000 8890.0049   15.3915
    0.0000  -45.0000   -7.5000 9260.7852   15.4310
    7.5000  -45.0000   -7.5000 8859.2646   15.4547
   -7.5000  -37.5000   -7.5000 9753.0371   15.0136
    0.0000  -37.5000   -7.500010150.6406   15.0496
    7.5000  -37.5000   -7.5000 9729.8037   15.0681
   -7.5000  -30.0000   -7.500011070.6562   14.7171
    0.0000  -30.0000   -7.500011539.0000   14.7566
    7.5000  -30.0000   -7.500011015.3066   14.7756
   -7.5000  -22.5000   -7.500012401.1514   14.4734
    0.0000  -22.5000   -7.500012938.3652   14.5159
    7.5000  -22.5000   -7.500012307.2822   14.5361
   -7.5000  -15.0000   -7.500013689.7510   14.3610
    0.0000  -15.0000   -7.500014279.1592   14.4042
    7.5000  -15.0000   -7.500013571.3066   14.4263
   -7.5000   -7.5000   -7.500014945.8193   14.3243
    0.0000   -7.5000   -7.500015610.3213   14.3647
    7.5000   -7.5000   -7.500014845.1270   14.3857
   -7.5000    0.0000   -7.500016235.0312   14.3393
    0.0000    0.0000   -7.500016970.4863   14.3760
    7.5000    0.0000   -7.500016113.7744   14.3952
   -7.5000    7.5000   -7.500016297.4121   14.3641
    0.0000    7.5000   -7.500017025.6582   14.3996
    7.5000    7.5000   -7.500016142.6006   14.4175
   -7.5000   15.0000   -7.500016161.6914   14.3764
    0.0000   15.0000   -7.500016843.2031   14.4147
    7.5000   15.0000   -7.500015987.1543   14.4321
   -7.5000   22.5000   -7.500015817.9229   14.3514
    0.0000   22.5000   -7.500016489.8672   14.3936
    7.5000   22.5000   -7.500015673.1514   14.4131
   -7.5000   30.0000   -7.500015351.5869   14.1432
    0.0000   30.0000   -7.500016034.6357   14.1857
    7.5000   30.0000   -7.500015189.1973   14.2071
   -7.5000   37.5000   -7.500015089.2422   14.1364
    0.0000   37.5000   -7.500015837.0615   14.1763
    7.5000   37.5000   -7.500014904.0713   14.1970
   -7.5000   45.0000   -7.500014186.2373   13.8204
    0.0000   45.0000   -7.500014896.5566   13.8558
    7.5000   45.0000   -7.500013947.8281   13.8743
   -7.5000  -45.0000    0.0000 9193.4990   15.4036
    0.0000  -45.0000    0.0000 9576.6318   15.4425
    7.5000  -45.0000    0.0000 9143.7041   15.4688
   -7.5000  -37.5000    0.000010146.8086   15.0223
    0.0000  -37.5000    0.000010588.3545   15.0572
    7.5000  -37.5000    0.000010110.0811   15.0781
   -7.5000  -30.0000    0.000011540.6582   14.7279
    0.0000  -30.0000    0.000012066.6807   14.7639
    7.5000  -30.0000    0.000011497.0986   14.7827
   -7.5000  -22.5000    0.000012900.1191   14.4874
    0.0000  -22.5000    0.000013488.1973   14.5256
    7.5000  -22.5000    0.000012856.2891   14.5429
   -7.5000  -15.0000    0.000014225.5605   14.3764
    0.0000  -15.0000    0.000014884.0029   14.4165
    7.5000  -15.0000    0.000014178.3086   14.4356
   -7.5000   -7.5000    0.000015551.0068   14.3382
    0.0000   -7.5000    0.000016258.1719   14.3775
    7.5000   -7.5000    0.000015501.9160   14.3982
   -7.5000    0.0000    0.000016876.4023   14.3506
    0.0000    0.0000    0.000017619.5449   14.3873
    7.5000    0.0000    0.000016793.6426   14.4089
   -7.5000    7.5000    0.000017072.5020   14.3738
    0.0000    7.5000    0.000017876.8945   14.4083
    7.5000    7.5000    0.000016852.1582   14.4286
   -7.5000   15.0000    0.000017192.5352   14.3871
    0.0000   15.0000    0.000018020.7578   14.4221
    7.5000   15.0000    0.000016847.7930   14.4395
   -7.5000   22.5000    0.000016938.0938   14.3652
    0.0000   22.5000    0.000017773.5488   14.4032
    7.5000   22.5000    0.000016607.0938   14.4199
   -7.5000   30.0000    0.000016363.5820   14.1588
    0.0000   30.0000    0.000017196.1309   14.1983
    7.5000   30.0000    0.000016072.1113   14.2168
   -7.5000   37.5000    0.000015963.6455   14.1506
    0.0000   37.5000    0.000016824.9648   14.1893
    7.5000   37.5000    0.000015707.1602   14.2097
   -7.5000   45.0000    0.000014889.9922   13.8324
    0.0000   45.0000    0.000015680.2490   13.8677
    7.5000   45.0000    0.000014624.8740   13.8885
   -7.5000  -45.0000    7.5000 8782.5791   15.3991
    0.0000  -45.0000    7.5000 9166.2891   15.4410
    7.5000  -45.0000    7.5000 8733.4268   15.4734
   -7.5000  -37.5000    7.5000 9758.2129   15.0128
    0.0000  -37.5000    7.500010201.5557   15.0504
    7.5000  -37.5000    7.5000 9710.9307   15.0776
   -7.5000  -30.0000    7.500011096.6182   14.7191
    0.0000  -30.0000    7.500011626.8291   14.7557
    7.5000  -30.0000    7.500011066.7090   14.7790
   -7.5000  -22.5000    7.500012380.6963   14.4798
    0.0000  -22.5000    7.500012968.6611   14.5171
    7.5000  -22.5000    7.500012360.0527   14.5370
   -7.5000  -15.0000    7.500013675.7686   14.3709
    0.0000  -15.0000    7.500014302.4297   14.4105
    7.5000  -15.0000    7.500013659.1387   14.4316
   -7.5000   -7.5000    7.500015020.2939   14.3340
    0.0000   -7.5000    7.500015718.8896   14.3744
    7.5000   -7.5000    7.500014974.7842   14.3987
   -7.5000    0.0000    7.500016280.1816   14.3460
    0.0000    0.0000    7.500017049.0273   14.3855
    7.5000    0.0000    7.500016201.5176   14.4123
   -7.5000    7.5000    7.500016406.2988   14.3671
    0.0000    7.5000    7.500017295.7910   14.4042
    7.5000    7.5000    7.500016225.4258   14.4301
   -7.5000   15.0000    7.500016542.8535   14.3786
    0.0000   15.0000    7.500017525.0098   14.4143
    7.5000   15.0000    7.500016201.0635   14.4361
   -7.5000   22.5000    7.500016382.5264   14.3577
    0.0000   22.5000    7.500017344.5918   14.3948
    7.5000   22.5000    7.500016019.4570   14.4140
   -7.5000   30.0000    7.500015820.8975   14.1533
    0.0000   30.0000    7.500016769.4277   14.1923
    7.5000   30.0000    7.500015538.3135   14.2128
   -7.5000   37.5000    7.500015427.2646   14.1464
    0.0000   37.5000    7.500016352.1719   14.1863
    7.5000   37.5000    7.500015213.7129   14.2102
   -7.5000   45.0000    7.500014301.6143   13.8279
    0.0000   45.0000    7.500015128.0039   13.8660
    7.5000   45.0000    7.500014139.4316   13.8918
   -7.5000  -45.0000   15.0000 8273.6855   15.4320
    0.0000  -45.0000   15.0000 8656.5254   15.4775
    7.5000  -45.0000   15.0000 8235.8232   15.5128
   -7.5000  -37.5000   15.0000 9229.6768   15.0425
    0.0000  -37.5000   15.0000 9692.8154   15.0838
    7.5000  -37.5000   15.0000 9191.3379   15.1140
   -7.5000  -30.0000   15.000010523.6045   14.7458
    0.0000  -30.0000   15.000011080.5752   14.7862
    7.5000  -30.0000   15.000010488.7734   14.8134
   -7.5000  -22.5000   15.000011782.0342   14.5032
    0.0000  -22.5000   15.000012377.4395   14.5438
    7.5000  -22.5000   15.000011740.0029   14.5682
   -7.5000  -15.0000   15.000013051.6836   14.3943
    0.0000  -15.0000   15.000013689.4785   14.4365
    7.5000  -15.0000   15.000012987.7852   14.4620
   -7.5000   -7.5000   15.000014289.0752   14.3603
    0.0000   -7.5000   15.000015009.5098   14.4032
    7.5000   -7.5000   15.000014228.3506   14.4309
   -7.5000    0.0000   15.000015425.4072   14.3753
    0.0000    0.0000   15.000016208.5166   14.4178
    7.5000    0.0000   15.000015362.5293   14.4469
   -7.5000    7.5000   15.000015481.7334   14.3961
    0.0000    7.5000   15.000016335.5254   14.4365
    7.5000    7.5000   15.000015370.7012   14.4650
   -7.5000   15.0000   15.000015478.7510   14.4045
    0.0000   15.0000   15.000016287.2832   14.4436
    7.5000   15.0000   15.000015297.7129   14.4691
   -7.5000   22.5000   15.000015233.6270   14.3807
    0.0000   22.5000   15.000015965.4092   14.4211
    7.5000   22.5000   15.000015082.1807   14.4448
   -7.5000   30.0000   15.000014796.8633   14.1763
    0.0000   30.0000   15.000015552.7666   14.2179
    7.5000   30.0000   15.000014687.7754   14.2427
   -7.5000   37.5000   15.000014563.4805   14.1723
    0.0000   37.5000   15.000015359.6484   14.2146
    7.5000   37.5000   15.000014460.7461   14.2419
   -7.5000   45.0000   15.000013553.8682   13.8561
    0.0000   45.0000   15.000014268.0596   13.8971
    7.5000   45.0000   15.000013452.7500   13.9252
   -7.5000  -45.0000   22.5000 7713.8359   15.5758
    0.0000  -45.0000   22.5000 8108.8872   15.6226
    7.5000  -45.0000   22.5000 7689.4717   15.6555
   -7.5000  -37.5000   22.5000 8625.0879   15.1852
    0.0000  -37.5000   22.5000 9088.6670   15.2276
    7.5000  -37.5000   22.5000 8579.2168   15.2549
   -7.5000  -30.0000   22.5000 9854.2920   14.8823
    0.0000  -30.0000   22.500010399.8018   14.9260
    7.5000  -30.0000   22.5000 9820.3340   14.9526
   -7.5000  -22.5000   22.500011050.2793   14.6328
    0.0000  -22.5000   22.500011632.7803   14.6777
    7.5000  -22.5000   22.500010991.5098   14.7042
   -7.5000  -15.0000   22.500012228.1875   14.5198
    0.0000  -15.0000   22.500012859.6943   14.5656
    7.5000  -15.0000   22.500012158.7988   14.5937
   -7.5000   -7.5000   22.500013373.2607   14.4862
    0.0000   -7.5000   22.500014041.6992   14.5309
    7.5000   -7.5000   22.500013301.5254   14.5591
   -7.5000    0.0000   22.500014433.8398   14.5041
    0.0000    0.0000   22.500015151.6680   14.5472
    7.5000    0.0000   22.500014386.3623   14.5742
   -7.5000    7.5000   22.500014483.2119   14.5278
    0.0000    7.5000   22.500015221.1279   14.5693
    7.5000    7.5000   22.500014418.0488   14.5950
   -7.5000   15.0000   22.500014389.8018   14.5360
    0.0000   15.0000   22.500015035.8672   14.5781
    7.5000   15.0000   22.500014300.4004   14.6028
   -7.5000   22.5000   22.500014096.7061   14.5083
    0.0000   22.5000   22.500014703.5869   14.5530
    7.5000   22.5000   22.500014040.7803   14.5787
   -7.5000   30.0000   22.500013772.1221   14.2996
    0.0000   30.0000   22.500014372.6855   14.3447
    7.5000   30.0000   22.500013706.0303   14.3721
   -7.5000   37.5000   22.500013626.2207   14.2965
    0.0000   37.5000   22.500014283.0469   14.3407
    7.5000   37.5000   22.500013550.1182   14.3684
   -7.5000   45.0000   22.500012734.0703   13.9803
    0.0000   45.0000   22.500013347.5742   14.0218
    7.5000   45.0000   22.500012654.1553   14.0479
   -7.5000  -45.0000   30.0000 7135.6182   15.8054
    0.0000  -45.0000   30.0000 7486.0684   15.8501
    7.5000  -45.0000   30.0000 7112.6899   15.8780
   -7.5000  -37.5000   30.0000 7960.3389   15.4100
    0.0000  -37.5000   30.0000 8367.3262   15.4507
    7.5000  -37.5000   30.0000 7926.5176   15.4729
   -7.5000  -30.0000   30.0000 9111.2822   15.0990
    0.0000  -30.0000   30.0000 9594.9688   15.1434
    7.5000  -30.0000   30.0000 9076.9150   15.1670
   -7.5000  -22.5000   30.000010216.1904   14.8431
    0.0000  -22.5000   30.000010741.9902   14.8902
    7.5000  -22.5000   30.000010161.0469   14.9157
   -7.5000  -15.0000   30.000011298.7871   14.7257
    0.0000  -15.0000   30.000011857.5996   14.7731
    7.5000  -15.0000   30.000011240.3203   14.8005
   -7.5000   -7.5000   30.000012364.6318   14.6903
    0.0000   -7.5000   30.000012950.7412   14.7347
    7.5000   -7.5000   30.000012310.9736   14.7603
   -7.5000    0.0000   30.000013406.5293   14.7089
    0.0000    0.0000   30.000014035.2705   14.7500
    7.5000    0.0000   30.000013358.9805   14.7727
   -7.5000    7.5000   30.000013456.0205   14.7347
    0.0000    7.5000   30.000014077.4570   14.7745
    7.5000    7.5000   30.000013410.6279   14.7958
   -7.5000   15.0000   30.000013301.8936   14.7443
    0.0000   15.0000   30.000013841.5791   14.7870
    7.5000   15.0000   30.000013233.9463   14.8087
   -7.5000   22.5000   30.000012998.8164   14.7153
    0.0000   22.5000   30.000013520.7676   14.7620
    7.5000   22.5000   30.000012961.8057   14.7868
   -7.5000   30.0000   30.000012707.9805   14.5019
    0.0000   30.0000   30.000013229.9990   14.5485
    7.5000   30.0000   30.000012648.0029   14.5753
   -7.5000   37.5000   30.000012638.5244   14.4980
    0.0000   37.5000   30.000013179.5449   14.5418
    7.5000   37.5000   30.000012538.5508   14.5670
   -7.5000   45.0000   30.000011828.7852   14.1777
    0.0000   45.0000   30.000012361.9980   14.2173
    7.5000   45.0000   30.000011739.4727   14.2391
   -7.5000  -45.0000   37.5000 6846.7295   16.1850
    0.0000  -45.0000   37.5000 7166.3643   16.2273
    7.5000  -45.0000   37.5000 6823.7764   16.2533
   -7.5000  -37.5000   37.5000 7609.5996   15.7728
    0.0000  -37.5000   37.5000 7974.9482   15.8107
    7.5000  -37.5000   37.5000 7596.0596   15.8306
   -7.5000  -30.0000   37.5000 8716.6357   15.4507
    0.0000  -30.0000   37.5000 9153.4150   15.4921
    7.5000  -30.0000   37.5000 8696.0000   15.5123
   -7.5000  -22.5000   37.5000 9783.1504   15.1890
    0.0000  -22.5000   37.500010247.8428   15.2339
    7.5000  -22.5000   37.5000 9742.2109   15.2556
   -7.5000  -15.0000   37.500010836.5557   15.0678
    0.0000  -15.0000   37.500011340.4375   15.1139
    7.5000  -15.0000   37.500010777.1514   15.1380
   -7.5000   -7.5000   37.500011871.1699   15.0289
    0.0000   -7.5000   37.500012403.2217   15.0722
    7.5000   -7.5000   37.500011819.9170   15.0955
   -7.5000    0.0000   37.500012894.4590   15.0449
    0.0000    0.0000   37.500013466.4717   15.0842
    7.5000    0.0000   37.500012845.4727   15.1052
   -7.5000    7.5000   37.500012930.2051   15.0699
    0.0000    7.5000   37.500013482.7617   15.1073
    7.5000    7.5000   37.500012873.2080   15.1266
   -7.5000   15.0000   37.500012748.3076   15.0816
    0.0000   15.0000   37.500013236.4971   15.1217
    7.5000   15.0000   37.500012690.2275   15.1402
   -7.5000   22.5000   37.500012448.9307   15.0554
    0.0000   22.5000   37.500012935.1562   15.0999
    7.5000   22.5000   37.500012391.2695   15.1208
   -7.5000   30.0000   37.500012158.1738   14.8381
    0.0000   30.0000   37.500012674.7002   14.8834
    7.5000   30.0000   37.500012108.0908   14.9068
   -7.5000   37.5000   37.500012111.4160   14.8321
    0.0000   37.5000   37.500012632.7920   14.8748
    7.5000   37.5000   37.500012039.3447   14.8977
   -7.5000   45.0000   37.500011369.0176   14.5016
    0.0000   45.0000   37.500011868.7764   14.5394
    7.5000   45.0000   37.500011293.5605   14.5597
   -7.5000  -45.0000   45.0000 6291.7793   16.6324
    0.0000  -45.0000   45.0000 6567.4243   16.6748
    7.5000  -45.0000   45.0000 6270.4570   16.7049
   -7.5000  -37.5000   45.0000 6983.3696   16.1898
    0.0000  -37.5000   45.0000 7306.1787   16.2265
    7.5000  -37.5000   45.0000 6971.3467   16.2496
   -7.5000  -30.0000   45.0000 7994.6396   15.8533
    0.0000  -30.0000   45.0000 8357.7539   15.8901
    7.5000  -30.0000   45.0000 7966.4395   15.9110
   -7.5000  -22.5000   45.0000 8984.4365   15.5864
    0.0000  -22.5000   45.0000 9384.3066   15.6256
    7.5000  -22.5000   45.0000 8934.9990   15.6458
   -7.5000  -15.0000   45.0000 9980.4258   15.4649
    0.0000  -15.0000   45.000010407.8594   15.5072
    7.5000  -15.0000   45.0000 9905.5732   15.5301
   -7.5000   -7.5000   45.000010942.4121   15.4234
    0.0000   -7.5000   45.000011400.1533   15.4659
    7.5000   -7.5000   45.000010870.7178   15.4904
   -7.5000    0.0000   45.000011866.0146   15.4338
    0.0000    0.0000   45.000012372.9824   15.4737
    7.5000    0.0000   45.000011801.7832   15.4981
   -7.5000    7.5000   45.000011874.9355   15.4537
    0.0000    7.5000   45.000012355.3193   15.4902
    7.5000    7.5000   45.000011803.8125   15.5125
   -7.5000   15.0000   45.000011693.4160   15.4658
    0.0000   15.0000   45.000012138.6396   15.5016
    7.5000   15.0000   45.000011629.3457   15.5210
   -7.5000   22.5000   45.000011430.6074   15.4450
    0.0000   22.5000   45.000011871.0186   15.4839
    7.5000   22.5000   45.000011363.7188   15.5034
   -7.5000   30.0000   45.000011149.5293   15.2266
    0.0000   30.0000   45.000011613.1504   15.2682
    7.5000   30.0000   45.000011094.1377   15.2905
   -7.5000   37.5000   45.000011120.2402   15.2200
    0.0000   37.5000   45.000011594.8369   15.2620
    7.5000   37.5000   45.000011069.0029   15.2861
   -7.5000   45.0000   45.000010451.4111   14.8831
    0.0000   45.0000   45.000010914.2314   14.9216
    7.5000   45.0000   45.000010399.2568   14.9451

---------------------------------------------------------------------
imgreg_4dfp /opt/freesurfer/average/711-2C_as_mni_average_305 /opt/freesurfer/average/711-2B_as_mni_average_305_mask talsrcimg_g11 none talsrcimg_to_711-2C_as_mni_average_305_t4 4355
---------------------------------------------------------------------

freesurfer imgreg_4dfp.c
/opt/freesurfer/average/711-2C_as_mni_average_305.4dfp.img
       256       256       256         1
  1.000000  1.000000  1.000000
orientation T byte_order littleendian
Reading image: /opt/freesurfer/average/711-2C_as_mni_average_305.4dfp.img
dimensions:      256       256       256
mmppix:       1.0000   -1.0000   -1.0000
center:     128.0000 -129.0000 -129.0000
/opt/freesurfer/average/711-2B_as_mni_average_305_mask.4dfp.img
       256       256       256         1
  1.000000  1.000000  1.000000
orientation T byte_order littleendian
Reading mask: /opt/freesurfer/average/711-2B_as_mni_average_305_mask.4dfp.img (2306576 pixels)
talsrcimg_g11.4dfp.img
       256       256       256         1
  1.000000  1.000000  1.000000
orientation T byte_order littleendian
Reading image: talsrcimg_g11.4dfp.img
dimensions:      256       256       256
mmppix:       1.0000   -1.0000   -1.0000
center:     128.0000 -129.0000 -129.0000
rotation matrix determinant  1.000000
image alignment mode   4355 decimal     1103 hex
   -7.5000  -30.0000  -45.0000 2164.7390   16.6008
    0.0000  -30.0000  -45.0000 2173.3811   16.5934
    7.5000  -30.0000  -45.0000 2160.7483   16.6643
   -7.5000  -22.5000  -45.0000 2270.5527   15.0137
    0.0000  -22.5000  -45.0000 2281.4910   15.0108
    7.5000  -22.5000  -45.0000 2265.0527   15.0395
   -7.5000  -15.0000  -45.0000 2367.1296   13.7670
    0.0000  -15.0000  -45.0000 2377.5334   13.7858
    7.5000  -15.0000  -45.0000 2359.4666   13.7940
   -7.5000   -7.5000  -45.0000 2449.7795   12.9272
    0.0000   -7.5000  -45.0000 2462.9717   12.9616
    7.5000   -7.5000  -45.0000 2439.1650   12.9837
   -7.5000    0.0000  -45.0000 2485.9648   12.4515
    0.0000    0.0000  -45.0000 2498.1565   12.4754
    7.5000    0.0000  -45.0000 2472.6731   12.5418
   -7.5000    7.5000  -45.0000 2502.9111   12.2639
    0.0000    7.5000  -45.0000 2514.7068   12.2633
    7.5000    7.5000  -45.0000 2487.6985   12.3337
   -7.5000   15.0000  -45.0000 2500.3926   12.1773
    0.0000   15.0000  -45.0000 2514.9849   12.1687
    7.5000   15.0000  -45.0000 2489.5374   12.2358
   -7.5000   22.5000  -45.0000 2489.3967   12.2637
    0.0000   22.5000  -45.0000 2502.5459   12.2320
    7.5000   22.5000  -45.0000 2480.5884   12.3546
   -7.5000   30.0000  -45.0000 2468.2493   12.5114
    0.0000   30.0000  -45.0000 2483.5889   12.5345
    7.5000   30.0000  -45.0000 2452.2463   12.6863
   -7.5000   37.5000  -45.0000 2432.8008   12.9988
    0.0000   37.5000  -45.0000 2448.1414   13.0137
    7.5000   37.5000  -45.0000 2415.4097   13.1890
   -7.5000   45.0000  -45.0000 2384.7266   13.6977
    0.0000   45.0000  -45.0000 2402.8169   13.7112
    7.5000   45.0000  -45.0000 2368.0881   13.9067
   -7.5000   52.5000  -45.0000 2292.4871   14.5888
    0.0000   52.5000  -45.0000 2306.1831   14.5934
    7.5000   52.5000  -45.0000 2277.7065   14.7841
   -7.5000   60.0000  -45.0000 2156.1829   15.5666
    0.0000   60.0000  -45.0000 2167.0557   15.5464
    7.5000   60.0000  -45.0000 2140.9597   15.7758
   -7.5000  -30.0000  -37.5000 2219.7517   15.6268
    0.0000  -30.0000  -37.5000 2230.6895   15.6397
    7.5000  -30.0000  -37.5000 2215.1855   15.7380
   -7.5000  -22.5000  -37.5000 2338.8118   14.1160
    0.0000  -22.5000  -37.5000 2352.9990   14.1217
    7.5000  -22.5000  -37.5000 2328.8752   14.1992
   -7.5000  -15.0000  -37.5000 2445.7056   12.9516
    0.0000  -15.0000  -37.5000 2455.6370   12.9394
    7.5000  -15.0000  -37.5000 2433.8560   13.0382
   -7.5000   -7.5000  -37.5000 2525.3474   12.1356
    0.0000   -7.5000  -37.5000 2538.4773   12.1350
    7.5000   -7.5000  -37.5000 2516.1528   12.2015
   -7.5000    0.0000  -37.5000 2569.1396   11.6268
    0.0000    0.0000  -37.5000 2582.6501   11.6448
    7.5000    0.0000  -37.5000 2558.5569   11.7121
   -7.5000    7.5000  -37.5000 2598.4282   11.3784
    0.0000    7.5000  -37.5000 2606.2021   11.3731
    7.5000    7.5000  -37.5000 2579.8193   11.4425
   -7.5000   15.0000  -37.5000 2604.4126   11.2600
    0.0000   15.0000  -37.5000 2612.9536   11.2608
    7.5000   15.0000  -37.5000 2585.8093   11.3151
   -7.5000   22.5000  -37.5000 2592.4060   11.3864
    0.0000   22.5000  -37.5000 2604.2378   11.3867
    7.5000   22.5000  -37.5000 2576.4683   11.4649
   -7.5000   30.0000  -37.5000 2567.4084   11.6322
    0.0000   30.0000  -37.5000 2581.0957   11.6491
    7.5000   30.0000  -37.5000 2548.3989   11.7661
   -7.5000   37.5000  -37.5000 2532.2151   12.0563
    0.0000   37.5000  -37.5000 2546.2046   12.0722
    7.5000   37.5000  -37.5000 2510.1306   12.2176
   -7.5000   45.0000  -37.5000 2482.7603   12.6994
    0.0000   45.0000  -37.5000 2495.1663   12.7096
    7.5000   45.0000  -37.5000 2463.6648   12.8753
   -7.5000   52.5000  -37.5000 2389.7537   13.4953
    0.0000   52.5000  -37.5000 2402.2683   13.4979
    7.5000   52.5000  -37.5000 2369.9131   13.6802
   -7.5000   60.0000  -37.5000 2242.8967   14.4015
    0.0000   60.0000  -37.5000 2254.2449   14.3817
    7.5000   60.0000  -37.5000 2224.0237   14.5897
   -7.5000  -30.0000  -30.0000 2306.2566   15.3700
    0.0000  -30.0000  -30.0000 2318.0591   15.3679
    7.5000  -30.0000  -30.0000 2300.8916   15.5210
   -7.5000  -22.5000  -30.0000 2439.7788   13.8610
    0.0000  -22.5000  -30.0000 2453.6089   13.8719
    7.5000  -22.5000  -30.0000 2428.2781   14.0229
   -7.5000  -15.0000  -30.0000 2549.6157   12.6567
    0.0000  -15.0000  -30.0000 2564.1763   12.6660
    7.5000  -15.0000  -30.0000 2536.9922   12.8202
   -7.5000   -7.5000  -30.0000 2634.5078   11.8143
    0.0000   -7.5000  -30.0000 2648.1780   11.7863
    7.5000   -7.5000  -30.0000 2623.7646   11.9394
   -7.5000    0.0000  -30.0000 2684.1689   11.2710
    0.0000    0.0000  -30.0000 2698.8967   11.2502
    7.5000    0.0000  -30.0000 2675.0984   11.3648
   -7.5000    7.5000  -30.0000 2719.1780   10.9588
    0.0000    7.5000  -30.0000 2731.2236   10.9474
    7.5000    7.5000  -30.0000 2705.6484   11.0366
   -7.5000   15.0000  -30.0000 2740.7483   10.8152
    0.0000   15.0000  -30.0000 2752.4890   10.8102
    7.5000   15.0000  -30.0000 2720.7710   10.8765
   -7.5000   22.5000  -30.0000 2733.1064   10.9526
    0.0000   22.5000  -30.0000 2745.3953   10.9654
    7.5000   22.5000  -30.0000 2713.4609   11.0301
   -7.5000   30.0000  -30.0000 2711.6064   11.2016
    0.0000   30.0000  -30.0000 2725.6934   11.2076
    7.5000   30.0000  -30.0000 2688.8894   11.3122
   -7.5000   37.5000  -30.0000 2679.6233   11.6364
    0.0000   37.5000  -30.0000 2690.8708   11.6243
    7.5000   37.5000  -30.0000 2654.7278   11.7542
   -7.5000   45.0000  -30.0000 2623.9229   12.2465
    0.0000   45.0000  -30.0000 2636.1597   12.2330
    7.5000   45.0000  -30.0000 2599.0085   12.3910
   -7.5000   52.5000  -30.0000 2520.2969   13.0149
    0.0000   52.5000  -30.0000 2530.8972   13.0038
    7.5000   52.5000  -30.0000 2498.8726   13.1622
   -7.5000   60.0000  -30.0000 2366.6057   13.9224
    0.0000   60.0000  -30.0000 2377.0935   13.8922
    7.5000   60.0000  -30.0000 2346.4126   14.0646
   -7.5000  -30.0000  -22.5000 2361.4697   15.1231
    0.0000  -30.0000  -22.5000 2376.5361   15.0592
    7.5000  -30.0000  -22.5000 2357.1528   15.2797
   -7.5000  -22.5000  -22.5000 2497.3599   13.5760
    0.0000  -22.5000  -22.5000 2510.3125   13.5345
    7.5000  -22.5000  -22.5000 2492.2434   13.7632
   -7.5000  -15.0000  -22.5000 2609.4192   12.3534
    0.0000  -15.0000  -22.5000 2624.8127   12.3251
    7.5000  -15.0000  -22.5000 2603.4829   12.5170
   -7.5000   -7.5000  -22.5000 2702.8621   11.4530
    0.0000   -7.5000  -22.5000 2717.3220   11.4135
    7.5000   -7.5000  -22.5000 2697.3340   11.6022
   -7.5000    0.0000  -22.5000 2763.6050   10.8572
    0.0000    0.0000  -22.5000 2780.5906   10.8200
    7.5000    0.0000  -22.5000 2755.7102   10.9617
   -7.5000    7.5000  -22.5000 2803.6458   10.5145
    0.0000    7.5000  -22.5000 2821.3054   10.4807
    7.5000    7.5000  -22.5000 2795.2200   10.6007
   -7.5000   15.0000  -22.5000 2834.7566   10.3321
    0.0000   15.0000  -22.5000 2854.4385   10.3213
    7.5000   15.0000  -22.5000 2819.7766   10.4259
   -7.5000   22.5000  -22.5000 2837.2983   10.4445
    0.0000   22.5000  -22.5000 2854.2185   10.4412
    7.5000   22.5000  -22.5000 2819.4661   10.5362
   -7.5000   30.0000  -22.5000 2824.7258   10.7064
    0.0000   30.0000  -22.5000 2843.6753   10.6927
    7.5000   30.0000  -22.5000 2806.5732   10.8063
   -7.5000   37.5000  -22.5000 2788.1914   11.1501
    0.0000   37.5000  -22.5000 2807.0596   11.1305
    7.5000   37.5000  -22.5000 2769.9651   11.2461
   -7.5000   45.0000  -22.5000 2726.9900   11.7434
    0.0000   45.0000  -22.5000 2743.0754   11.7121
    7.5000   45.0000  -22.5000 2707.4385   11.8607
   -7.5000   52.5000  -22.5000 2613.7344   12.5003
    0.0000   52.5000  -22.5000 2629.3923   12.4851
    7.5000   52.5000  -22.5000 2600.2759   12.6318
   -7.5000   60.0000  -22.5000 2456.0852   13.3970
    0.0000   60.0000  -22.5000 2465.5291   13.3648
    7.5000   60.0000  -22.5000 2438.2043   13.5084
   -7.5000  -30.0000  -15.0000 2382.3889   14.8907
    0.0000  -30.0000  -15.0000 2396.7668   14.8097
    7.5000  -30.0000  -15.0000 2381.8433   15.0846
   -7.5000  -22.5000  -15.0000 2518.1799   13.3456
    0.0000  -22.5000  -15.0000 2532.9221   13.2802
    7.5000  -22.5000  -15.0000 2515.6396   13.5117
   -7.5000  -15.0000  -15.0000 2629.0247   12.0921
    0.0000  -15.0000  -15.0000 2643.9307   12.0400
    7.5000  -15.0000  -15.0000 2622.3879   12.2374
   -7.5000   -7.5000  -15.0000 2726.4309   11.1592
    0.0000   -7.5000  -15.0000 2736.2200   11.0747
    7.5000   -7.5000  -15.0000 2718.6316   11.2788
   -7.5000    0.0000  -15.0000 2807.1423   10.5084
    0.0000    0.0000  -15.0000 2821.7483   10.4659
    7.5000    0.0000  -15.0000 2795.8433   10.6211
   -7.5000    7.5000  -15.0000 2857.8811   10.1297
    0.0000    7.5000  -15.0000 2879.8518   10.0642
    7.5000    7.5000  -15.0000 2851.2568   10.2254
   -7.5000   15.0000  -15.0000 2898.5271    9.9362
    0.0000   15.0000  -15.0000 2917.7131    9.8739
    7.5000   15.0000  -15.0000 2883.6023   10.0435
   -7.5000   22.5000  -15.0000 2907.5715    9.9729
    0.0000   22.5000  -15.0000 2927.9963    9.9407
    7.5000   22.5000  -15.0000 2889.2925   10.1138
   -7.5000   30.0000  -15.0000 2895.0122   10.2378
    0.0000   30.0000  -15.0000 2918.3843   10.2084
    7.5000   30.0000  -15.0000 2880.7185   10.3841
   -7.5000   37.5000  -15.0000 2858.5613   10.6853
    0.0000   37.5000  -15.0000 2881.3230   10.6381
    7.5000   37.5000  -15.0000 2846.9160   10.8032
   -7.5000   45.0000  -15.0000 2793.6572   11.2779
    0.0000   45.0000  -15.0000 2812.5027   11.2422
    7.5000   45.0000  -15.0000 2780.0007   11.4195
   -7.5000   52.5000  -15.0000 2674.8135   12.0171
    0.0000   52.5000  -15.0000 2692.4204   11.9911
    7.5000   52.5000  -15.0000 2662.9211   12.1673
   -7.5000   60.0000  -15.0000 2514.2400   12.8946
    0.0000   60.0000  -15.0000 2527.5090   12.8579
    7.5000   60.0000  -15.0000 2500.6006   13.0413
   -7.5000  -30.0000   -7.5000 2391.1943   14.8028
    0.0000  -30.0000   -7.5000 2400.0305   14.6434
    7.5000  -30.0000   -7.5000 2390.4756   14.9291
   -7.5000  -22.5000   -7.5000 2516.2075   13.2033
    0.0000  -22.5000   -7.5000 2525.9456   13.0910
    7.5000  -22.5000   -7.5000 2511.2849   13.3054
   -7.5000  -15.0000   -7.5000 2618.6560   11.8969
    0.0000  -15.0000   -7.5000 2629.3318   11.8141
    7.5000  -15.0000   -7.5000 2611.3962   12.0167
   -7.5000   -7.5000   -7.5000 2718.3879   10.9297
    0.0000   -7.5000   -7.5000 2731.2903   10.8489
    7.5000   -7.5000   -7.5000 2712.6536   11.0480
   -7.5000    0.0000   -7.5000 2815.4028   10.2677
    0.0000    0.0000   -7.5000 2834.0730   10.1867
    7.5000    0.0000   -7.5000 2809.0918   10.3512
   -7.5000    7.5000   -7.5000 2887.7549    9.8600
    0.0000    7.5000   -7.5000 2908.8862    9.7522
    7.5000    7.5000   -7.5000 2882.9385    9.9086
   -7.5000   15.0000   -7.5000 2937.4812    9.6880
    0.0000   15.0000   -7.5000 2959.4517    9.5714
    7.5000   15.0000   -7.5000 2928.8398    9.7564
   -7.5000   22.5000   -7.5000 2963.3467    9.6612
    0.0000   22.5000   -7.5000 2987.0750    9.5783
    7.5000   22.5000   -7.5000 2939.6711    9.8038
   -7.5000   30.0000   -7.5000 2953.6338    9.8903
    0.0000   30.0000   -7.5000 2975.0317    9.8348
    7.5000   30.0000   -7.5000 2931.4648   10.0439
   -7.5000   37.5000   -7.5000 2908.0156   10.3082
    0.0000   37.5000   -7.5000 2930.1570   10.2607
    7.5000   37.5000   -7.5000 2892.5903   10.4295
   -7.5000   45.0000   -7.5000 2836.3279   10.8757
    0.0000   45.0000   -7.5000 2855.9011   10.8450
    7.5000   45.0000   -7.5000 2822.3206   10.9903
   -7.5000   52.5000   -7.5000 2712.1116   11.6196
    0.0000   52.5000   -7.5000 2732.5176   11.5772
    7.5000   52.5000   -7.5000 2703.0500   11.7113
   -7.5000   60.0000   -7.5000 2543.5920   12.4997
    0.0000   60.0000   -7.5000 2560.8730   12.4476
    7.5000   60.0000   -7.5000 2536.5415   12.6016
   -7.5000  -30.0000    0.0000 2379.6790   14.8990
    0.0000  -30.0000    0.0000 2391.0632   14.7591
    7.5000  -30.0000    0.0000 2374.3191   14.9946
   -7.5000  -22.5000    0.0000 2492.9072   13.1868
    0.0000  -22.5000    0.0000 2503.1970   13.0719
    7.5000  -22.5000    0.0000 2488.8325   13.3195
   -7.5000  -15.0000    0.0000 2589.3440   11.8419
    0.0000  -15.0000    0.0000 2603.4009   11.7583
    7.5000  -15.0000    0.0000 2586.4595   12.0015
   -7.5000   -7.5000    0.0000 2697.4893   10.8486
    0.0000   -7.5000    0.0000 2711.6362   10.7458
    7.5000   -7.5000    0.0000 2696.0984   10.9710
   -7.5000    0.0000    0.0000 2798.0515   10.1474
    0.0000    0.0000    0.0000 2814.8577   10.0332
    7.5000    0.0000    0.0000 2799.8015   10.2327
   -7.5000    7.5000    0.0000 2890.3828    9.7548
    0.0000    7.5000    0.0000 2912.4648    9.6258
    7.5000    7.5000    0.0000 2886.1609    9.7893
   -7.5000   15.0000    0.0000 2964.2097    9.6415
    0.0000   15.0000    0.0000 2985.5613    9.5232
    7.5000   15.0000    0.0000 2948.6243    9.6227
   -7.5000   22.5000    0.0000 3008.6575    9.6165
    0.0000   22.5000    0.0000 3040.1160    9.5454
    7.5000   22.5000    0.0000 2976.5105    9.6469
   -7.5000   30.0000    0.0000 3000.8784    9.7373
    0.0000   30.0000    0.0000 3032.9946    9.6855
    7.5000   30.0000    0.0000 2970.0400    9.8502
   -7.5000   37.5000    0.0000 2938.3523   10.0726
    0.0000   37.5000    0.0000 2967.3083   10.0367
    7.5000   37.5000    0.0000 2924.5166   10.1884
   -7.5000   45.0000    0.0000 2861.2458   10.6361
    0.0000   45.0000    0.0000 2881.1287   10.5937
    7.5000   45.0000    0.0000 2848.9346   10.7494
   -7.5000   52.5000    0.0000 2735.9680   11.4054
    0.0000   52.5000    0.0000 2752.6763   11.3449
    7.5000   52.5000    0.0000 2723.9441   11.4985
   -7.5000   60.0000    0.0000 2562.3083   12.3012
    0.0000   60.0000    0.0000 2577.9065   12.2588
    7.5000   60.0000    0.0000 2551.0781   12.3991
   -7.5000  -30.0000    7.5000 2358.9751   15.0945
    0.0000  -30.0000    7.5000 2376.4731   14.9646
    7.5000  -30.0000    7.5000 2357.7302   15.2043
   -7.5000  -22.5000    7.5000 2462.7922   13.3282
    0.0000  -22.5000    7.5000 2479.5481   13.1982
    7.5000  -22.5000    7.5000 2465.6270   13.4829
   -7.5000  -15.0000    7.5000 2558.4373   12.0018
    0.0000  -15.0000    7.5000 2570.8992   11.8831
    7.5000  -15.0000    7.5000 2560.4502   12.1544
   -7.5000   -7.5000    7.5000 2672.9348   10.9924
    0.0000   -7.5000    7.5000 2685.1152   10.9024
    7.5000   -7.5000    7.5000 2671.7148   11.1334
   -7.5000    0.0000    7.5000 2781.0869   10.2635
    0.0000    0.0000    7.5000 2795.8352   10.1804
    7.5000    0.0000    7.5000 2773.4011   10.3555
   -7.5000    7.5000    7.5000 2875.9685    9.8100
    0.0000    7.5000    7.5000 2898.8108    9.7543
    7.5000    7.5000    7.5000 2865.3474    9.8792
   -7.5000   15.0000    7.5000 2957.9856    9.6739
    0.0000   15.0000    7.5000 2984.1562    9.6141
    7.5000   15.0000    7.5000 2940.5117    9.6756
   -7.5000   22.5000    7.5000 3023.7300    9.6398
    0.0000   22.5000    7.5000 3058.7148    9.6004
    7.5000   22.5000    7.5000 2989.8696    9.6422
   -7.5000   30.0000    7.5000 3013.1294    9.7872
    0.0000   30.0000    7.5000 3054.8525    9.7248
    7.5000   30.0000    7.5000 2985.1406    9.8431
   -7.5000   37.5000    7.5000 2946.5417   10.1050
    0.0000   37.5000    7.5000 2982.3989   10.0386
    7.5000   37.5000    7.5000 2928.3965   10.2124
   -7.5000   45.0000    7.5000 2862.6584   10.6437
    0.0000   45.0000    7.5000 2884.7112   10.5890
    7.5000   45.0000    7.5000 2848.4263   10.7762
   -7.5000   52.5000    7.5000 2737.1484   11.3754
    0.0000   52.5000    7.5000 2751.9502   11.3134
    7.5000   52.5000    7.5000 2725.8916   11.4925
   -7.5000   60.0000    7.5000 2565.5703   12.2150
    0.0000   60.0000    7.5000 2579.6135   12.1608
    7.5000   60.0000    7.5000 2556.7429   12.3254
   -7.5000  -30.0000   15.0000 2330.8657   15.4927
    0.0000  -30.0000   15.0000 2352.5593   15.3872
    7.5000  -30.0000   15.0000 2327.3823   15.6239
   -7.5000  -22.5000   15.0000 2433.1243   13.6879
    0.0000  -22.5000   15.0000 2449.5830   13.6031
    7.5000  -22.5000   15.0000 2434.0359   13.8559
   -7.5000  -15.0000   15.0000 2530.3638   12.3370
    0.0000  -15.0000   15.0000 2542.3779   12.2507
    7.5000  -15.0000   15.0000 2529.5073   12.4986
   -7.5000   -7.5000   15.0000 2641.2283   11.2883
    0.0000   -7.5000   15.0000 2656.7090   11.2260
    7.5000   -7.5000   15.0000 2642.0056   11.4383
   -7.5000    0.0000   15.0000 2744.4937   10.5122
    0.0000    0.0000   15.0000 2761.1941   10.4512
    7.5000    0.0000   15.0000 2742.7346   10.6259
   -7.5000    7.5000   15.0000 2844.7444   10.0280
    0.0000    7.5000   15.0000 2863.5051    9.9791
    7.5000    7.5000   15.0000 2834.6826   10.1163
   -7.5000   15.0000   15.0000 2927.3369    9.8149
    0.0000   15.0000   15.0000 2955.7551    9.7537
    7.5000   15.0000   15.0000 2914.1204    9.8556
   -7.5000   22.5000   15.0000 2991.7224    9.7011
    0.0000   22.5000   15.0000 3023.8574    9.6109
    7.5000   22.5000   15.0000 2970.7283    9.7593
   -7.5000   30.0000   15.0000 2979.9209    9.8964
    0.0000   30.0000   15.0000 3014.4163    9.7573
    7.5000   30.0000   15.0000 2963.6550    9.9796
   -7.5000   37.5000   15.0000 2926.8572   10.2796
    0.0000   37.5000   15.0000 2960.3682   10.1716
    7.5000   37.5000   15.0000 2912.6296   10.3855
   -7.5000   45.0000   15.0000 2843.2175   10.8628
    0.0000   45.0000   15.0000 2862.0156   10.8070
    7.5000   45.0000   15.0000 2831.1738   10.9759
   -7.5000   52.5000   15.0000 2717.8901   11.5730
    0.0000   52.5000   15.0000 2730.6934   11.5205
    7.5000   52.5000   15.0000 2705.3682   11.6946
   -7.5000   60.0000   15.0000 2548.8137   12.3685
    0.0000   60.0000   15.0000 2557.1870   12.3161
    7.5000   60.0000   15.0000 2538.7273   12.4990
   -7.5000  -30.0000   22.5000 2285.1951   16.1041
    0.0000  -30.0000   22.5000 2305.2844   16.0225
    7.5000  -30.0000   22.5000 2284.2002   16.2194
   -7.5000  -22.5000   22.5000 2395.7856   14.2303
    0.0000  -22.5000   22.5000 2407.9209   14.1355
    7.5000  -22.5000   22.5000 2392.2126   14.3902
   -7.5000  -15.0000   22.5000 2497.1084   12.8126
    0.0000  -15.0000   22.5000 2511.9636   12.7274
    7.5000  -15.0000   22.5000 2491.8953   12.9717
   -7.5000   -7.5000   22.5000 2607.1028   11.7191
    0.0000   -7.5000   22.5000 2625.8076   11.6235
    7.5000   -7.5000   22.5000 2605.4004   11.8576
   -7.5000    0.0000   22.5000 2709.1716   10.8991
    0.0000    0.0000   22.5000 2724.0466   10.8027
    7.5000    0.0000   22.5000 2707.5723   11.0181
   -7.5000    7.5000   22.5000 2803.5081   10.3907
    0.0000    7.5000   22.5000 2820.2976   10.2963
    7.5000    7.5000   22.5000 2801.1235   10.5000
   -7.5000   15.0000   22.5000 2880.0059   10.1140
    0.0000   15.0000   22.5000 2901.4949   10.0202
    7.5000   15.0000   22.5000 2872.1152   10.1974
   -7.5000   22.5000   22.5000 2929.6252    9.9643
    0.0000   22.5000   22.5000 2952.5251    9.8437
    7.5000   22.5000   22.5000 2917.0491   10.0738
   -7.5000   30.0000   22.5000 2925.9521   10.1740
    0.0000   30.0000   22.5000 2944.4822   10.0555
    7.5000   30.0000   22.5000 2910.5024   10.2829
   -7.5000   37.5000   22.5000 2883.8054   10.5947
    0.0000   37.5000   22.5000 2909.1072   10.4960
    7.5000   37.5000   22.5000 2868.4319   10.6833
   -7.5000   45.0000   22.5000 2807.7468   11.2160
    0.0000   45.0000   22.5000 2827.3533   11.1258
    7.5000   45.0000   22.5000 2797.1609   11.3023
   -7.5000   52.5000   22.5000 2684.2534   11.9469
    0.0000   52.5000   22.5000 2696.7976   11.8833
    7.5000   52.5000   22.5000 2674.0867   12.0425
   -7.5000   60.0000   22.5000 2516.8115   12.7104
    0.0000   60.0000   22.5000 2527.5430   12.6581
    7.5000   60.0000   22.5000 2509.3516   12.8167
   -7.5000  -30.0000   30.0000 2230.1118   16.8350
    0.0000  -30.0000   30.0000 2248.6206   16.6885
    7.5000  -30.0000   30.0000 2232.7803   16.9292
   -7.5000  -22.5000   30.0000 2345.7314   14.9043
    0.0000  -22.5000   30.0000 2363.7898   14.7676
    7.5000  -22.5000   30.0000 2344.5449   15.0254
   -7.5000  -15.0000   30.0000 2451.9639   13.3971
    0.0000  -15.0000   30.0000 2472.3567   13.2760
    7.5000  -15.0000   30.0000 2450.0896   13.5398
   -7.5000   -7.5000   30.0000 2564.3818   12.2728
    0.0000   -7.5000   30.0000 2581.6653   12.1234
    7.5000   -7.5000   30.0000 2561.9607   12.4002
   -7.5000    0.0000   30.0000 2670.4563   11.4351
    0.0000    0.0000   30.0000 2685.0667   11.2937
    7.5000    0.0000   30.0000 2668.0383   11.5533
   -7.5000    7.5000   30.0000 2759.9526   10.9153
    0.0000    7.5000   30.0000 2773.3887   10.7690
    7.5000    7.5000   30.0000 2756.3020   11.0163
   -7.5000   15.0000   30.0000 2823.6282   10.5750
    0.0000   15.0000   30.0000 2844.4785   10.4103
    7.5000   15.0000   30.0000 2816.7151   10.6540
   -7.5000   22.5000   30.0000 2863.4326   10.4077
    0.0000   22.5000   30.0000 2877.0044   10.2613
    7.5000   22.5000   30.0000 2854.1887   10.5267
   -7.5000   30.0000   30.0000 2853.1011   10.6002
    0.0000   30.0000   30.0000 2868.0413   10.5100
    7.5000   30.0000   30.0000 2839.4768   10.7241
   -7.5000   37.5000   30.0000 2817.0354   11.0258
    0.0000   37.5000   30.0000 2837.1677   10.9409
    7.5000   37.5000   30.0000 2802.6279   11.1126
   -7.5000   45.0000   30.0000 2748.6741   11.6550
    0.0000   45.0000   30.0000 2769.1104   11.5772
    7.5000   45.0000   30.0000 2739.6877   11.7524
   -7.5000   52.5000   30.0000 2633.9016   12.3917
    0.0000   52.5000   30.0000 2647.6130   12.3217
    7.5000   52.5000   30.0000 2624.7456   12.4929
   -7.5000   60.0000   30.0000 2468.8674   13.1695
    0.0000   60.0000   30.0000 2485.8066   13.1109
    7.5000   60.0000   30.0000 2464.5354   13.2636
   -7.5000  -30.0000   37.5000 2171.9460   17.6941
    0.0000  -30.0000   37.5000 2192.1653   17.5231
    7.5000  -30.0000   37.5000 2179.1721   17.7541
   -7.5000  -22.5000   37.5000 2292.2100   15.6896
    0.0000  -22.5000   37.5000 2313.8828   15.5231
    7.5000  -22.5000   37.5000 2297.8977   15.7877
   -7.5000  -15.0000   37.5000 2406.6929   14.1296
    0.0000  -15.0000   37.5000 2430.1975   13.9561
    7.5000  -15.0000   37.5000 2403.7449   14.2468
   -7.5000   -7.5000   37.5000 2517.7371   12.9727
    0.0000   -7.5000   37.5000 2534.6116   12.7944
    7.5000   -7.5000   37.5000 2513.2305   13.0816
   -7.5000    0.0000   37.5000 2621.0525   12.1291
    0.0000    0.0000   37.5000 2635.7112   11.9636
    7.5000    0.0000   37.5000 2616.2278   12.2256
   -7.5000    7.5000   37.5000 2705.5190   11.5674
    0.0000    7.5000   37.5000 2722.1179   11.3811
    7.5000    7.5000   37.5000 2698.7227   11.6279
   -7.5000   15.0000   37.5000 2760.4897   11.1863
    0.0000   15.0000   37.5000 2779.6533   10.9858
    7.5000   15.0000   37.5000 2754.0583   11.2561
   -7.5000   22.5000   37.5000 2787.7495   11.0171
    0.0000   22.5000   37.5000 2798.1389   10.8853
    7.5000   22.5000   37.5000 2776.2974   11.1480
   -7.5000   30.0000   37.5000 2773.9287   11.1800
    0.0000   30.0000   37.5000 2795.1877   11.0939
    7.5000   30.0000   37.5000 2765.3882   11.3087
   -7.5000   37.5000   37.5000 2740.6858   11.5942
    0.0000   37.5000   37.5000 2761.3892   11.5144
    7.5000   37.5000   37.5000 2731.4321   11.6909
   -7.5000   45.0000   37.5000 2677.8440   12.2211
    0.0000   45.0000   37.5000 2698.1089   12.1487
    7.5000   45.0000   37.5000 2673.3071   12.3167
   -7.5000   52.5000   37.5000 2568.0820   12.9425
    0.0000   52.5000   37.5000 2582.4932   12.8651
    7.5000   52.5000   37.5000 2560.2227   13.0469
   -7.5000   60.0000   37.5000 2411.1357   13.6940
    0.0000   60.0000   37.5000 2426.9451   13.6393
    7.5000   60.0000   37.5000 2407.7166   13.8100
   -7.5000  -30.0000   45.0000 2117.5244   18.7697
    0.0000  -30.0000   45.0000 2135.2373   18.5747
    7.5000  -30.0000   45.0000 2118.6243   18.7793
   -7.5000  -22.5000   45.0000 2239.2498   16.6844
    0.0000  -22.5000   45.0000 2259.9871   16.4604
    7.5000  -22.5000   45.0000 2240.0405   16.6634
   -7.5000  -15.0000   45.0000 2354.1719   15.0535
    0.0000  -15.0000   45.0000 2372.4697   14.8533
    7.5000  -15.0000   45.0000 2346.8936   15.0808
   -7.5000   -7.5000   45.0000 2459.9814   13.8389
    0.0000   -7.5000   45.0000 2475.4670   13.6533
    7.5000   -7.5000   45.0000 2453.2810   13.9091
   -7.5000    0.0000   45.0000 2556.6174   12.9759
    0.0000    0.0000   45.0000 2575.4402   12.7935
    7.5000    0.0000   45.0000 2551.1226   13.0450
   -7.5000    7.5000   45.0000 2633.8533   12.3457
    0.0000    7.5000   45.0000 2652.4167   12.1411
    7.5000    7.5000   45.0000 2627.5593   12.4046
   -7.5000   15.0000   45.0000 2682.2937   11.9458
    0.0000   15.0000   45.0000 2698.5671   11.7598
    7.5000   15.0000   45.0000 2676.5967   12.0351
   -7.5000   22.5000   45.0000 2699.8948   11.8036
    0.0000   22.5000   45.0000 2709.5012   11.6812
    7.5000   22.5000   45.0000 2691.8066   11.9343
   -7.5000   30.0000   45.0000 2681.9126   11.9433
    0.0000   30.0000   45.0000 2705.3203   11.8625
    7.5000   30.0000   45.0000 2679.2051   12.0492
   -7.5000   37.5000   45.0000 2650.7925   12.3499
    0.0000   37.5000   45.0000 2673.2119   12.2654
    7.5000   37.5000   45.0000 2647.4888   12.4443
   -7.5000   45.0000   45.0000 2597.0142   12.9238
    0.0000   45.0000   45.0000 2623.8430   12.8371
    7.5000   45.0000   45.0000 2596.5474   13.0250
   -7.5000   52.5000   45.0000 2497.0127   13.6314
    0.0000   52.5000   45.0000 2516.6414   13.5561
    7.5000   52.5000   45.0000 2490.1372   13.7517
   -7.5000   60.0000   45.0000 2341.3367   14.3969
    0.0000   60.0000   45.0000 2357.8516   14.3153
    7.5000   60.0000   45.0000 2337.2258   14.4803

---------------------------------------------------------------------
imgreg_4dfp /opt/freesurfer/average/711-2C_as_mni_average_305 /opt/freesurfer/average/711-2B_as_mni_average_305_mask talsrcimg_g11 none talsrcimg_to_711-2C_as_mni_average_305_t4 1283
---------------------------------------------------------------------

freesurfer imgreg_4dfp.c
/opt/freesurfer/average/711-2C_as_mni_average_305.4dfp.img
       256       256       256         1
  1.000000  1.000000  1.000000
orientation T byte_order littleendian
Reading image: /opt/freesurfer/average/711-2C_as_mni_average_305.4dfp.img
dimensions:      256       256       256
mmppix:       1.0000   -1.0000   -1.0000
center:     128.0000 -129.0000 -129.0000
/opt/freesurfer/average/711-2B_as_mni_average_305_mask.4dfp.img
       256       256       256         1
  1.000000  1.000000  1.000000
orientation T byte_order littleendian
Reading mask: /opt/freesurfer/average/711-2B_as_mni_average_305_mask.4dfp.img (2306576 pixels)
talsrcimg_g11.4dfp.img
       256       256       256         1
  1.000000  1.000000  1.000000
orientation T byte_order littleendian
Reading image: talsrcimg_g11.4dfp.img
dimensions:      256       256       256
mmppix:       1.0000   -1.0000   -1.0000
center:     128.0000 -129.0000 -129.0000
rotation matrix determinant  1.000000
fimgreg.f
image alignment mode   1283 decimal      503 hex
parameters
    0.0000   22.5000    7.5000    0.0000    0.0000    0.0000
eta,q 0.95854  9.64257
niter,ni,del,rscale     5    3   12.0000    1.2000
parameter  2 -0.622440 -> -0.500000 qaram    1.1500
parameter  4  1.186660 ->  0.500000 qaram    1.1500
parameters
   -1.3084   25.9500    5.9950   -3.4500   -1.4560   -1.4182
eta,q 0.96540  9.63162
  0.0501  0.0553  0.0424  0.0357  0.0401  0.0384
  0.0440  0.0493  0.0402  0.0351  0.0371  0.0360
  0.0421  0.0447  0.0394  0.0367  0.0353  0.0347
  0.0428  0.0418  0.0394  0.0395  0.0353  0.0351
  0.0466  0.0399  0.0409  0.0421  0.0381  0.0373
  0.0521  0.0391  0.0442  0.0450  0.0428  0.0399
  0.0584  0.0402  0.0488  0.0485  0.0491  0.0424
niter,ni,del,rscale     6    3   12.0000    1.2000
parameter  4  0.709988 ->  0.500000 qaram    1.3225
parameters
   -0.9051   27.1896    4.8575   -7.4175   -2.1440   -1.3880
eta,q 0.96878  9.65993
  0.0516  0.0495  0.0395  0.0320  0.0394  0.0376
  0.0446  0.0427  0.0355  0.0317  0.0354  0.0345
  0.0378  0.0377  0.0337  0.0318  0.0320  0.0323
  0.0346  0.0346  0.0339  0.0335  0.0315  0.0312
  0.0360  0.0340  0.0364  0.0370  0.0343  0.0319
  0.0406  0.0361  0.0404  0.0411  0.0384  0.0346
  0.0486  0.0424  0.0449  0.0451  0.0435  0.0375
niter,ni,del,rscale     6    3   12.0000    1.2000
parameters
   -0.6805   28.3898    4.5533   -8.1665   -2.4514   -1.0841
eta,q 0.97016  9.67359
  0.0516  0.0503  0.0384  0.0384  0.0390  0.0374
  0.0422  0.0418  0.0338  0.0322  0.0347  0.0338
  0.0340  0.0363  0.0306  0.0306  0.0312  0.0310
  0.0312  0.0313  0.0299  0.0299  0.0299  0.0299
  0.0336  0.0298  0.0317  0.0318  0.0319  0.0307
  0.0395  0.0334  0.0351  0.0358  0.0361  0.0331
  0.0491  0.0420  0.0401  0.0414  0.0409  0.0358
niter,ni,del,rscale     5    3   12.0000    1.2000
parameters
   -0.5458   28.4927    4.4589   -8.1758   -2.5788   -0.9818
eta,q 0.97017  9.67465
  0.0498  0.0466  0.0384  0.0405  0.0392  0.0370
  0.0401  0.0392  0.0339  0.0335  0.0348  0.0333
  0.0323  0.0337  0.0309  0.0310  0.0314  0.0307
  0.0298  0.0299  0.0298  0.0298  0.0298  0.0298
  0.0322  0.0310  0.0310  0.0310  0.0314  0.0309
  0.0385  0.0374  0.0343  0.0348  0.0353  0.0333
  0.0483  0.0472  0.0390  0.0397  0.0402  0.0362
niter,ni,del,rscale     4    3   12.0000    1.2000
parameters
   -0.5032   28.4904    4.4312   -8.1692   -2.6206   -0.9567
eta,q 0.97016  9.67462
  0.0492  0.0461  0.0386  0.0406  0.0394  0.0369
  0.0395  0.0391  0.0340  0.0336  0.0350  0.0332
  0.0320  0.0335  0.0310  0.0310  0.0315  0.0306
  0.0298  0.0298  0.0298  0.0298  0.0298  0.0298
  0.0323  0.0312  0.0310  0.0310  0.0312  0.0311
  0.0388  0.0378  0.0341  0.0348  0.0350  0.0334
  0.0487  0.0478  0.0388  0.0397  0.0399  0.0364
registration optimization eta report
parameter search radius
    6.0000    6.9000    6.0000    7.9350    6.0000    6.0000
100000*second partial in parameter space
       53.       35.       24.       16.       27.       18.
  0.0492  0.0461  0.0386  0.0406  0.0394  0.0369
  0.0395  0.0391  0.0340  0.0336  0.0350  0.0332
  0.0320  0.0335  0.0310  0.0310  0.0315  0.0306
  0.0298  0.0298  0.0298  0.0298  0.0298  0.0298
  0.0323  0.0312  0.0310  0.0310  0.0312  0.0311
  0.0388  0.0378  0.0341  0.0348  0.0350  0.0334
  0.0487  0.0478  0.0388  0.0397  0.0399  0.0364
   -0.5032   28.4904    4.4312   -8.1692   -2.6206   -0.9567
eta,q 0.97016  9.67462

---------------------------------------------------------------------
imgreg_4dfp /opt/freesurfer/average/711-2C_as_mni_average_305 /opt/freesurfer/average/711-2B_as_mni_average_305_mask talsrcimg_g11 none talsrcimg_to_711-2C_as_mni_average_305_t4 3335
---------------------------------------------------------------------

freesurfer imgreg_4dfp.c
/opt/freesurfer/average/711-2C_as_mni_average_305.4dfp.img
       256       256       256         1
  1.000000  1.000000  1.000000
orientation T byte_order littleendian
Reading image: /opt/freesurfer/average/711-2C_as_mni_average_305.4dfp.img
dimensions:      256       256       256
mmppix:       1.0000   -1.0000   -1.0000
center:     128.0000 -129.0000 -129.0000
/opt/freesurfer/average/711-2B_as_mni_average_305_mask.4dfp.img
       256       256       256         1
  1.000000  1.000000  1.000000
orientation T byte_order littleendian
Reading mask: /opt/freesurfer/average/711-2B_as_mni_average_305_mask.4dfp.img (2306576 pixels)
talsrcimg_g11.4dfp.img
       256       256       256         1
  1.000000  1.000000  1.000000
orientation T byte_order littleendian
Reading image: talsrcimg_g11.4dfp.img
dimensions:      256       256       256
mmppix:       1.0000   -1.0000   -1.0000
center:     128.0000 -129.0000 -129.0000
fimgreg.f
image alignment mode   3335 decimal      D07 hex
parameters
   -0.5032   28.4904    4.4312   -0.1185   -1.0177   -1.1182
    1.0032    4.7625   -1.6680   14.1321   -4.5722  -14.1948
eta,q 0.97161  9.70761
niter,ni,del,rscale     5    3    5.0000    1.2000
parameter  4  1.596813 ->  0.500000 qaram    1.1500
parameter  5  0.955811 ->  0.500000 qaram    1.1500
parameter  6 -0.544944 -> -0.500000 qaram    1.1500
parameters
   -0.6425   28.9157    4.6960   -4.2585   -5.1577    3.0218
    0.4129    4.8407   -0.1426   14.4183   -4.7082  -12.5637
eta,q 0.97950  9.69292
  0.0313  0.0323  0.0300  0.0231  0.0217  0.0257  0.0239  0.0271  0.0242  0.0253  0.0219  0.0231
  0.0296  0.0304  0.0291  0.0238  0.0218  0.0242  0.0220  0.0239  0.0225  0.0229  0.0212  0.0219
  0.0286  0.0290  0.0286  0.0256  0.0227  0.0230  0.0210  0.0216  0.0213  0.0213  0.0207  0.0210
  0.0284  0.0284  0.0283  0.0283  0.0242  0.0220  0.0207  0.0207  0.0207  0.0206  0.0206  0.0206
  0.0289  0.0284  0.0284  0.0314  0.0266  0.0211  0.0214  0.0214  0.0206  0.0210  0.0207  0.0205
  0.0301  0.0291  0.0287  0.0347  0.0297  0.0207  0.0229  0.0236  0.0211  0.0224  0.0212  0.0209
  0.0320  0.0302  0.0294  0.0383  0.0327  0.0219  0.0250  0.0269  0.0221  0.0247  0.0220  0.0215
niter,ni,del,rscale     7    3    5.0000    1.2000
parameters
   -0.6420   28.9255    5.2759   -7.6612   -7.0185    1.8227
    0.6769    4.6178    0.3153   14.0140   -6.0783  -11.7298
eta,q 0.98044  9.53446
  0.0251  0.0238  0.0237  0.0215  0.0221  0.0224  0.0230  0.0242  0.0222  0.0228  0.0202  0.0213
  0.0226  0.0220  0.0221  0.0202  0.0205  0.0211  0.0213  0.0217  0.0209  0.0210  0.0198  0.0204
  0.0210  0.0209  0.0211  0.0196  0.0195  0.0201  0.0202  0.0202  0.0200  0.0200  0.0196  0.0199
  0.0205  0.0205  0.0205  0.0204  0.0197  0.0194  0.0197  0.0197  0.0197  0.0196  0.0196  0.0196
  0.0210  0.0208  0.0204  0.0227  0.0209  0.0198  0.0199  0.0203  0.0198  0.0201  0.0199  0.0196
  0.0226  0.0219  0.0208  0.0260  0.0230  0.0221  0.0209  0.0220  0.0205  0.0216  0.0203  0.0200
  0.0250  0.0238  0.0216  0.0300  0.0264  0.0263  0.0227  0.0248  0.0217  0.0237  0.0209  0.0207
niter,ni,del,rscale     6    3    5.0000    1.2000
parameters
   -0.4921   28.9308    5.6538   -8.1409   -7.1737    1.7321
    0.6008    4.6259    0.3337   13.7956   -6.2644  -11.3918
eta,q 0.98044  9.50385
  0.0243  0.0228  0.0218  0.0231  0.0234  0.0231  0.0227  0.0243  0.0219  0.0229  0.0205  0.0211
  0.0219  0.0210  0.0207  0.0215  0.0216  0.0214  0.0211  0.0217  0.0206  0.0211  0.0200  0.0203
  0.0202  0.0199  0.0199  0.0202  0.0202  0.0203  0.0200  0.0201  0.0199  0.0200  0.0196  0.0198
  0.0196  0.0195  0.0195  0.0195  0.0195  0.0195  0.0196  0.0196  0.0196  0.0196  0.0196  0.0196
  0.0199  0.0199  0.0195  0.0199  0.0201  0.0194  0.0199  0.0201  0.0198  0.0200  0.0197  0.0197
  0.0211  0.0210  0.0200  0.0217  0.0216  0.0207  0.0211  0.0217  0.0206  0.0213  0.0201  0.0201
  0.0233  0.0227  0.0208  0.0246  0.0239  0.0242  0.0229  0.0243  0.0219  0.0234  0.0206  0.0208
niter,ni,del,rscale     5    3    5.0000    1.2000
parameters
   -0.4566   28.9395    5.7429   -8.1967   -7.1924    1.7161
    0.5766    4.6321    0.3263   13.7294   -6.2619  -11.3257
eta,q 0.98044  9.49904
  0.0238  0.0228  0.0214  0.0234  0.0235  0.0232  0.0227  0.0243  0.0219  0.0231  0.0206  0.0210
  0.0216  0.0210  0.0205  0.0217  0.0216  0.0215  0.0211  0.0217  0.0206  0.0212  0.0200  0.0202
  0.0201  0.0199  0.0198  0.0204  0.0202  0.0203  0.0200  0.0201  0.0198  0.0200  0.0197  0.0198
  0.0196  0.0196  0.0195  0.0195  0.0196  0.0196  0.0196  0.0196  0.0196  0.0196  0.0196  0.0196
  0.0200  0.0199  0.0197  0.0198  0.0200  0.0194  0.0199  0.0201  0.0198  0.0199  0.0197  0.0197
  0.0214  0.0210  0.0203  0.0213  0.0215  0.0207  0.0210  0.0217  0.0206  0.0212  0.0200  0.0202
  0.0236  0.0227  0.0212  0.0240  0.0237  0.0240  0.0229  0.0243  0.0219  0.0233  0.0206  0.0209
niter,ni,del,rscale     4    3    5.0000    1.2000
parameters
   -0.4506   28.9409    5.7598   -8.2069   -7.1951    1.7151
    0.5743    4.6327    0.3193   13.7152   -6.2793  -11.3058
eta,q 0.98044  9.49831
  0.0237  0.0228  0.0214  0.0234  0.0235  0.0232  0.0228  0.0243  0.0219  0.0231  0.0206  0.0209
  0.0215  0.0210  0.0204  0.0218  0.0216  0.0215  0.0211  0.0217  0.0206  0.0212  0.0200  0.0202
  0.0201  0.0200  0.0198  0.0204  0.0202  0.0203  0.0200  0.0201  0.0198  0.0200  0.0197  0.0198
  0.0196  0.0196  0.0196  0.0196  0.0196  0.0196  0.0196  0.0196  0.0196  0.0196  0.0196  0.0196
  0.0200  0.0199  0.0198  0.0198  0.0200  0.0194  0.0199  0.0201  0.0198  0.0199  0.0197  0.0197
  0.0214  0.0210  0.0203  0.0212  0.0215  0.0207  0.0210  0.0218  0.0206  0.0212  0.0200  0.0202
  0.0237  0.0228  0.0213  0.0240  0.0237  0.0240  0.0228  0.0243  0.0219  0.0232  0.0206  0.0210
registration optimization eta report
parameter search radius
    2.4000    2.4000    2.4000    8.2800    8.2800    8.2800
    7.2000    7.2000    7.2000    7.2000    7.2000    7.2000
100000*second partial in parameter space
       72.       55.       31.        6.        6.        6.
        6.        9.        4.        7.        2.        3.
  0.0237  0.0228  0.0214  0.0234  0.0235  0.0232  0.0228  0.0243  0.0219  0.0231  0.0206  0.0209
  0.0215  0.0210  0.0204  0.0218  0.0216  0.0215  0.0211  0.0217  0.0206  0.0212  0.0200  0.0202
  0.0201  0.0200  0.0198  0.0204  0.0202  0.0203  0.0200  0.0201  0.0198  0.0200  0.0197  0.0198
  0.0196  0.0196  0.0196  0.0196  0.0196  0.0196  0.0196  0.0196  0.0196  0.0196  0.0196  0.0196
  0.0200  0.0199  0.0198  0.0198  0.0200  0.0194  0.0199  0.0201  0.0198  0.0199  0.0197  0.0197
  0.0214  0.0210  0.0203  0.0212  0.0215  0.0207  0.0210  0.0218  0.0206  0.0212  0.0200  0.0202
  0.0237  0.0228  0.0213  0.0240  0.0237  0.0240  0.0228  0.0243  0.0219  0.0232  0.0206  0.0210
   -0.4506   28.9409    5.7598   -8.2069   -7.1951    1.7151
    0.5743    4.6327    0.3193   13.7152   -6.2793  -11.3058
eta,q 0.98044  9.49831

---------------------------------------------------------------------
imgreg_4dfp /opt/freesurfer/average/711-2C_as_mni_average_305 /opt/freesurfer/average/711-2B_as_mni_average_305_mask talsrcimg_g11 none talsrcimg_to_711-2C_as_mni_average_305_t4 2311
---------------------------------------------------------------------

freesurfer imgreg_4dfp.c
/opt/freesurfer/average/711-2C_as_mni_average_305.4dfp.img
       256       256       256         1
  1.000000  1.000000  1.000000
orientation T byte_order littleendian
Reading image: /opt/freesurfer/average/711-2C_as_mni_average_305.4dfp.img
dimensions:      256       256       256
mmppix:       1.0000   -1.0000   -1.0000
center:     128.0000 -129.0000 -129.0000
/opt/freesurfer/average/711-2B_as_mni_average_305_mask.4dfp.img
       256       256       256         1
  1.000000  1.000000  1.000000
orientation T byte_order littleendian
Reading mask: /opt/freesurfer/average/711-2B_as_mni_average_305_mask.4dfp.img (2306576 pixels)
talsrcimg_g11.4dfp.img
       256       256       256         1
  1.000000  1.000000  1.000000
orientation T byte_order littleendian
Reading image: talsrcimg_g11.4dfp.img
dimensions:      256       256       256
mmppix:       1.0000   -1.0000   -1.0000
center:     128.0000 -129.0000 -129.0000
fimgreg.f
image alignment mode   2311 decimal      907 hex
parameters
   -0.4506   28.9409    5.7598   -8.2069   -7.1951    1.7151
    0.5743    4.6327    0.3193   13.7152   -6.2793  -11.3058
eta,q 0.98044  9.49830
niter,ni,del,rscale     5    3    5.0000    0.8000
parameters
   -0.4398   28.9482    5.7772   -7.5578   -7.0815    2.9256
    0.6089    4.7661    0.3275   13.9623   -6.2241  -11.4861
eta,q 0.98069  9.56654
  0.0215  0.0210  0.0204  0.0214  0.0211  0.0211  0.0209  0.0218  0.0204  0.0212  0.0198  0.0199
  0.0205  0.0202  0.0199  0.0206  0.0203  0.0204  0.0201  0.0205  0.0198  0.0203  0.0195  0.0196
  0.0198  0.0197  0.0197  0.0200  0.0198  0.0199  0.0195  0.0196  0.0195  0.0196  0.0194  0.0194
  0.0196  0.0196  0.0196  0.0196  0.0195  0.0195  0.0193  0.0193  0.0193  0.0193  0.0193  0.0193
  0.0198  0.0197  0.0196  0.0195  0.0196  0.0193  0.0195  0.0195  0.0194  0.0194  0.0194  0.0194
  0.0204  0.0202  0.0199  0.0199  0.0202  0.0194  0.0200  0.0203  0.0198  0.0200  0.0195  0.0197
  0.0215  0.0210  0.0204  0.0207  0.0210  0.0201  0.0209  0.0215  0.0204  0.0209  0.0198  0.0201
niter,ni,del,rscale     4    3    5.0000    0.7000
parameters
   -0.4803   28.9267    5.6622   -7.3604   -7.0871    2.9123
    0.6305    4.7983    0.3586   14.0477   -6.1542  -11.5696
eta,q 0.98070  9.57378
  0.0207  0.0204  0.0199  0.0207  0.0206  0.0203  0.0205  0.0211  0.0201  0.0207  0.0197  0.0198
  0.0199  0.0198  0.0195  0.0200  0.0199  0.0199  0.0199  0.0201  0.0197  0.0200  0.0195  0.0195
  0.0195  0.0194  0.0194  0.0196  0.0195  0.0195  0.0195  0.0195  0.0194  0.0195  0.0193  0.0194
  0.0193  0.0193  0.0193  0.0193  0.0193  0.0193  0.0193  0.0193  0.0193  0.0193  0.0193  0.0193
  0.0195  0.0195  0.0194  0.0194  0.0194  0.0193  0.0194  0.0195  0.0194  0.0194  0.0193  0.0194
  0.0201  0.0199  0.0197  0.0198  0.0199  0.0197  0.0198  0.0201  0.0197  0.0198  0.0195  0.0195
  0.0209  0.0205  0.0201  0.0205  0.0206  0.0206  0.0205  0.0211  0.0201  0.0206  0.0196  0.0199
niter,ni,del,rscale     3    3    5.0000    0.6000
parameters
   -0.4945   28.9272    5.6392   -7.2777   -7.0658    3.1069
    0.6248    4.8268    0.3704   14.1090   -6.1961  -11.6505
eta,q 0.98072  9.58371
  0.0204  0.0202  0.0198  0.0203  0.0203  0.0201  0.0202  0.0207  0.0199  0.0203  0.0195  0.0196
  0.0198  0.0197  0.0195  0.0198  0.0198  0.0198  0.0197  0.0199  0.0196  0.0198  0.0194  0.0195
  0.0194  0.0194  0.0193  0.0195  0.0194  0.0195  0.0194  0.0194  0.0194  0.0194  0.0193  0.0193
  0.0193  0.0193  0.0193  0.0193  0.0193  0.0193  0.0193  0.0193  0.0193  0.0193  0.0193  0.0193
  0.0194  0.0194  0.0194  0.0194  0.0194  0.0193  0.0194  0.0194  0.0193  0.0194  0.0193  0.0193
  0.0198  0.0197  0.0195  0.0197  0.0197  0.0195  0.0197  0.0199  0.0195  0.0197  0.0194  0.0195
  0.0204  0.0202  0.0198  0.0203  0.0203  0.0201  0.0202  0.0206  0.0199  0.0203  0.0195  0.0197
niter,ni,del,rscale     2    3    5.0000    0.5000
parameters
   -0.5001   28.9308    5.6242   -7.2253   -7.0611    3.2761
    0.6230    4.8583    0.3836   14.1731   -6.1775  -11.7359
eta,q 0.98074  9.59130
  0.0201  0.0199  0.0196  0.0200  0.0200  0.0199  0.0199  0.0202  0.0197  0.0200  0.0194  0.0195
  0.0196  0.0196  0.0194  0.0196  0.0196  0.0196  0.0195  0.0197  0.0195  0.0196  0.0193  0.0194
  0.0194  0.0193  0.0193  0.0194  0.0194  0.0194  0.0193  0.0194  0.0193  0.0194  0.0193  0.0193
  0.0193  0.0193  0.0193  0.0193  0.0193  0.0193  0.0193  0.0193  0.0193  0.0193  0.0193  0.0193
  0.0194  0.0193  0.0193  0.0193  0.0193  0.0193  0.0193  0.0193  0.0193  0.0193  0.0193  0.0193
  0.0196  0.0195  0.0194  0.0196  0.0196  0.0194  0.0195  0.0197  0.0194  0.0195  0.0193  0.0194
  0.0201  0.0199  0.0196  0.0200  0.0200  0.0199  0.0199  0.0202  0.0197  0.0200  0.0194  0.0195
niter,ni,del,rscale     1    3    5.0000    0.4000
parameters
   -0.5068   28.9335    5.6116   -7.1856   -7.0622    3.4374
    0.6193    4.8820    0.3902   14.2436   -6.1998  -11.8394
eta,q 0.98075  9.59799
  0.0197  0.0196  0.0195  0.0197  0.0197  0.0197  0.0197  0.0199  0.0195  0.0197  0.0194  0.0194
  0.0195  0.0194  0.0194  0.0195  0.0195  0.0195  0.0194  0.0195  0.0194  0.0195  0.0193  0.0193
  0.0193  0.0193  0.0193  0.0193  0.0193  0.0194  0.0193  0.0193  0.0193  0.0193  0.0193  0.0193
  0.0193  0.0193  0.0193  0.0193  0.0193  0.0193  0.0192  0.0192  0.0192  0.0192  0.0192  0.0192
  0.0193  0.0193  0.0193  0.0193  0.0193  0.0192  0.0193  0.0193  0.0193  0.0193  0.0193  0.0193
  0.0195  0.0194  0.0194  0.0195  0.0195  0.0194  0.0194  0.0195  0.0194  0.0194  0.0193  0.0193
  0.0198  0.0196  0.0195  0.0197  0.0197  0.0197  0.0197  0.0199  0.0195  0.0197  0.0194  0.0194
registration optimization eta report
parameter search radius
    0.8000    0.8000    0.8000    2.4000    2.4000    2.4000
    2.4000    2.4000    2.4000    2.4000    2.4000    2.4000
100000*second partial in parameter space
       78.       61.       35.        8.        8.        7.
        7.       11.        5.        8.        2.        3.
  0.0197  0.0196  0.0195  0.0197  0.0197  0.0197  0.0197  0.0199  0.0195  0.0197  0.0194  0.0194
  0.0195  0.0194  0.0194  0.0195  0.0195  0.0195  0.0194  0.0195  0.0194  0.0195  0.0193  0.0193
  0.0193  0.0193  0.0193  0.0193  0.0193  0.0194  0.0193  0.0193  0.0193  0.0193  0.0193  0.0193
  0.0193  0.0193  0.0193  0.0193  0.0193  0.0193  0.0192  0.0192  0.0192  0.0192  0.0192  0.0192
  0.0193  0.0193  0.0193  0.0193  0.0193  0.0192  0.0193  0.0193  0.0193  0.0193  0.0193  0.0193
  0.0195  0.0194  0.0194  0.0195  0.0195  0.0194  0.0194  0.0195  0.0194  0.0194  0.0193  0.0193
  0.0198  0.0196  0.0195  0.0197  0.0197  0.0197  0.0197  0.0199  0.0195  0.0197  0.0194  0.0194
   -0.5068   28.9335    5.6116   -7.1856   -7.0622    3.4374
    0.6193    4.8820    0.3902   14.2436   -6.1998  -11.8394
eta,q 0.98075  9.59799

---------------------------------------------------------------------
imgreg_4dfp /opt/freesurfer/average/711-2C_as_mni_average_305 /opt/freesurfer/average/711-2B_as_mni_average_305_mask talsrcimg_g11 none talsrcimg_to_711-2C_as_mni_average_305_t4 2311
---------------------------------------------------------------------

freesurfer imgreg_4dfp.c
/opt/freesurfer/average/711-2C_as_mni_average_305.4dfp.img
       256       256       256         1
  1.000000  1.000000  1.000000
orientation T byte_order littleendian
Reading image: /opt/freesurfer/average/711-2C_as_mni_average_305.4dfp.img
dimensions:      256       256       256
mmppix:       1.0000   -1.0000   -1.0000
center:     128.0000 -129.0000 -129.0000
/opt/freesurfer/average/711-2B_as_mni_average_305_mask.4dfp.img
       256       256       256         1
  1.000000  1.000000  1.000000
orientation T byte_order littleendian
Reading mask: /opt/freesurfer/average/711-2B_as_mni_average_305_mask.4dfp.img (2306576 pixels)
talsrcimg_g11.4dfp.img
       256       256       256         1
  1.000000  1.000000  1.000000
orientation T byte_order littleendian
Reading image: talsrcimg_g11.4dfp.img
dimensions:      256       256       256
mmppix:       1.0000   -1.0000   -1.0000
center:     128.0000 -129.0000 -129.0000
fimgreg.f
image alignment mode   2311 decimal      907 hex
parameters
   -0.5068   28.9335    5.6116   -7.1856   -7.0622    3.4374
    0.6193    4.8820    0.3902   14.2436   -6.1998  -11.8394
eta,q 0.98075  9.59799
niter,ni,del,rscale     5    3    5.0000    0.8000
parameters
   -0.5069   28.9299    5.6178   -7.3971   -7.1553    2.8412
    0.6346    4.7812    0.3756   14.0586   -6.1101  -11.6447
eta,q 0.98069  9.56951
  0.0212  0.0208  0.0202  0.0208  0.0209  0.0204  0.0209  0.0216  0.0204  0.0209  0.0198  0.0200
  0.0201  0.0199  0.0197  0.0200  0.0200  0.0199  0.0200  0.0203  0.0198  0.0201  0.0195  0.0197
  0.0195  0.0194  0.0193  0.0195  0.0195  0.0195  0.0195  0.0196  0.0194  0.0195  0.0194  0.0194
  0.0192  0.0192  0.0192  0.0192  0.0192  0.0192  0.0193  0.0193  0.0193  0.0193  0.0193  0.0193
  0.0195  0.0194  0.0193  0.0195  0.0195  0.0194  0.0195  0.0196  0.0194  0.0195  0.0194  0.0194
  0.0201  0.0199  0.0197  0.0201  0.0201  0.0202  0.0200  0.0204  0.0198  0.0202  0.0195  0.0196
  0.0212  0.0208  0.0201  0.0213  0.0210  0.0216  0.0209  0.0218  0.0204  0.0213  0.0198  0.0199
niter,ni,del,rscale     4    3    5.0000    0.7000
parameters
   -0.4920   28.9277    5.6420   -7.3351   -7.0934    2.9463
    0.6254    4.7952    0.3618   14.0731   -6.1414  -11.6039
eta,q 0.98070  9.57596
  0.0209  0.0205  0.0200  0.0206  0.0206  0.0204  0.0205  0.0211  0.0201  0.0206  0.0197  0.0198
  0.0200  0.0198  0.0196  0.0200  0.0200  0.0199  0.0198  0.0201  0.0197  0.0199  0.0194  0.0195
  0.0195  0.0194  0.0194  0.0195  0.0195  0.0196  0.0194  0.0195  0.0194  0.0195  0.0193  0.0194
  0.0193  0.0193  0.0193  0.0193  0.0193  0.0193  0.0193  0.0193  0.0193  0.0193  0.0193  0.0193
  0.0195  0.0194  0.0194  0.0194  0.0194  0.0193  0.0194  0.0195  0.0194  0.0194  0.0193  0.0193
  0.0200  0.0198  0.0196  0.0199  0.0199  0.0196  0.0198  0.0201  0.0197  0.0199  0.0195  0.0195
  0.0208  0.0205  0.0199  0.0206  0.0206  0.0205  0.0205  0.0211  0.0201  0.0207  0.0197  0.0198
niter,ni,del,rscale     3    3    5.0000    0.6000
parameters
   -0.4974   28.9294    5.6344   -7.2775   -7.0670    3.1103
    0.6264    4.8298    0.3793   14.1170   -6.1767  -11.6572
eta,q 0.98073  9.58392
  0.0204  0.0202  0.0198  0.0203  0.0203  0.0201  0.0202  0.0207  0.0199  0.0203  0.0195  0.0196
  0.0198  0.0197  0.0195  0.0198  0.0198  0.0198  0.0197  0.0199  0.0196  0.0198  0.0194  0.0194
  0.0194  0.0194  0.0193  0.0194  0.0194  0.0195  0.0194  0.0194  0.0194  0.0194  0.0193  0.0193
  0.0193  0.0193  0.0193  0.0193  0.0193  0.0193  0.0193  0.0193  0.0193  0.0193  0.0193  0.0193
  0.0194  0.0194  0.0194  0.0194  0.0194  0.0193  0.0194  0.0194  0.0193  0.0194  0.0193  0.0193
  0.0198  0.0197  0.0195  0.0197  0.0197  0.0195  0.0197  0.0199  0.0195  0.0197  0.0194  0.0195
  0.0204  0.0202  0.0198  0.0203  0.0203  0.0201  0.0202  0.0206  0.0199  0.0203  0.0195  0.0197
niter,ni,del,rscale     2    3    5.0000    0.5000
parameters
   -0.5021   28.9315    5.6249   -7.2220   -7.0692    3.2778
    0.6233    4.8561    0.3956   14.1761   -6.1906  -11.7348
eta,q 0.98074  9.59120
  0.0201  0.0199  0.0196  0.0200  0.0200  0.0199  0.0199  0.0202  0.0197  0.0200  0.0194  0.0195
  0.0196  0.0195  0.0194  0.0196  0.0196  0.0196  0.0195  0.0197  0.0195  0.0196  0.0193  0.0194
  0.0194  0.0193  0.0193  0.0194  0.0194  0.0194  0.0193  0.0194  0.0193  0.0194  0.0193  0.0193
  0.0193  0.0193  0.0193  0.0193  0.0193  0.0193  0.0193  0.0193  0.0193  0.0193  0.0193  0.0193
  0.0194  0.0193  0.0193  0.0193  0.0193  0.0193  0.0193  0.0194  0.0193  0.0193  0.0193  0.0193
  0.0196  0.0195  0.0194  0.0196  0.0196  0.0194  0.0195  0.0197  0.0194  0.0195  0.0193  0.0194
  0.0201  0.0199  0.0196  0.0200  0.0200  0.0199  0.0199  0.0202  0.0197  0.0200  0.0194  0.0195
niter,ni,del,rscale     1    3    5.0000    0.4000
parameters
   -0.5077   28.9351    5.6140   -7.1769   -7.0633    3.4350
    0.6185    4.8893    0.3900   14.2371   -6.2078  -11.8344
eta,q 0.98076  9.59815
  0.0198  0.0197  0.0195  0.0197  0.0197  0.0197  0.0197  0.0199  0.0195  0.0197  0.0194  0.0194
  0.0195  0.0194  0.0194  0.0195  0.0195  0.0195  0.0194  0.0195  0.0194  0.0195  0.0193  0.0193
  0.0193  0.0193  0.0193  0.0193  0.0193  0.0194  0.0193  0.0193  0.0193  0.0193  0.0193  0.0193
  0.0193  0.0193  0.0193  0.0193  0.0193  0.0193  0.0192  0.0192  0.0192  0.0192  0.0192  0.0192
  0.0193  0.0193  0.0193  0.0193  0.0193  0.0192  0.0193  0.0193  0.0193  0.0193  0.0193  0.0193
  0.0195  0.0194  0.0194  0.0194  0.0195  0.0194  0.0194  0.0195  0.0194  0.0194  0.0193  0.0193
  0.0198  0.0196  0.0195  0.0197  0.0197  0.0196  0.0197  0.0199  0.0195  0.0197  0.0194  0.0194
registration optimization eta report
parameter search radius
    0.8000    0.8000    0.8000    2.4000    2.4000    2.4000
    2.4000    2.4000    2.4000    2.4000    2.4000    2.4000
100000*second partial in parameter space
       79.       61.       35.        8.        8.        7.
        7.       11.        5.        8.        2.        3.
  0.0198  0.0197  0.0195  0.0197  0.0197  0.0197  0.0197  0.0199  0.0195  0.0197  0.0194  0.0194
  0.0195  0.0194  0.0194  0.0195  0.0195  0.0195  0.0194  0.0195  0.0194  0.0195  0.0193  0.0193
  0.0193  0.0193  0.0193  0.0193  0.0193  0.0194  0.0193  0.0193  0.0193  0.0193  0.0193  0.0193
  0.0193  0.0193  0.0193  0.0193  0.0193  0.0193  0.0192  0.0192  0.0192  0.0192  0.0192  0.0192
  0.0193  0.0193  0.0193  0.0193  0.0193  0.0192  0.0193  0.0193  0.0193  0.0193  0.0193  0.0193
  0.0195  0.0194  0.0194  0.0194  0.0195  0.0194  0.0194  0.0195  0.0194  0.0194  0.0193  0.0193
  0.0198  0.0196  0.0195  0.0197  0.0197  0.0196  0.0197  0.0199  0.0195  0.0197  0.0194  0.0194
   -0.5077   28.9351    5.6140   -7.1769   -7.0633    3.4350
    0.6185    4.8893    0.3900   14.2371   -6.2078  -11.8344
eta,q 0.98076  9.59815

---------------------------------------------------------------------
compute_vox2vox talsrcimg talsrcimg_to_711-2C_as_mni_average_305_t4 /opt/freesurfer/average/711-2C_as_mni_average_305
---------------------------------------------------------------------

freesurfer compute_vox2vox.c
Reading: talsrcimg.4dfp.ifh
Reading: talsrcimg_to_711-2C_as_mni_average_305_t4
Reading: /opt/freesurfer/average/711-2C_as_mni_average_305.4dfp.ifh
Writing: talsrcimg_to_711-2C_as_mni_average_305_t4_vox2vox.txt

start time Tue Mar 10 05:51:55 CET 2026
end		time Tue Mar 10 05:53:24 CET 2026

mpr2mni305 success

avi2talxfm orig_nu.mgz /opt/freesurfer/average/mni305.cor.mgz talsrcimg_to_711-2C_as_mni_average_305_t4_vox2vox.txt transforms/talairach.auto.xfm
avi2talxfm done
mv -f /out/sourcedata/freesurfer/sub-v1s6x0051366_ses-1/mri/talsrcimg_to_711-2C_as_mni_average_305_t4_vox2vox.txt /out/sourcedata/freesurfer/sub-v1s6x0051366_ses-1/mri/transforms/talsrcimg_to_711-2C_as_mni_average_305_t4_vox2vox.txt
lta_convert --src orig_nu.mgz --trg /opt/freesurfer/average/mni305.cor.mgz --inxfm transforms/talairach.auto.xfm --outlta transforms/talairach.auto.xfm.lta --subject fsaverage
7.3.2

--src: orig_nu.mgz src image (geometry).
--trg: /opt/freesurfer/average/mni305.cor.mgz trg image (geometry).
--inmni: transforms/talairach.auto.xfm input MNI/XFM transform.
--outlta: transforms/talairach.auto.xfm.lta output LTA.
--s: fsaverage subject name
 LTA read, type : 1
 1.07410  -0.04893  -0.01338   0.07581;
 0.06285   0.94727   0.12021  -12.76209;
-0.01414  -0.14491   1.05764  -26.76128;
 0.00000   0.00000   0.00000   1.00000;
setting subject to fsaverage
Writing  LTA to file transforms/talairach.auto.xfm.lta...
lta_convert successful.
 
 
Started at Tue Mar 10 05:51:55 CET 2026
Ended   at Tue Mar 10 05:53:24 CET 2026
talairach_avi done
