/out/sourcedata/freesurfer/sub-v1s6x0051319_ses-1/mri
/opt/freesurfer/bin/talairach_avi
--i orig_nu.mgz --xfm transforms/talairach.auto.xfm
talairach_avi 7.3.2
Linux dna078 5.14.0-427.37.1.el9_4.x86_64 #1 SMP PREEMPT_DYNAMIC Fri Sep 13 12:41:50 EDT 2024 x86_64 x86_64 x86_64 GNU/Linux
Tue Mar 10 05:22:12 CET 2026
mri_convert orig_nu.mgz talsrcimg.img 
reading from orig_nu.mgz...
TR=0.00, TE=0.00, TI=0.00, flip angle=0.00
i_ras = (-1, 0, 0)
j_ras = (0, 0, -1)
k_ras = (0, 1, 0)
writing to talsrcimg.img...
Analyze Output Matrix
-1.00000   0.00000   0.00000   129.50000;
 0.00000   0.00000   1.00000  -125.28814;
 0.00000  -1.00000   0.00000   132.03391;
 0.00000   0.00000   0.00000   1.00000;
--------------------
INFO: set hdr.hist.orient to -1
mpr2mni305 talsrcimg
Tue Mar 10 05:22:12 CET 2026
/opt/freesurfer/bin/mpr2mni305 talsrcimg
mpr2mni305 7.3.2
target=711-2C_as_mni_average_305

---------------------------------------------------------------------
analyzeto4dfp talsrcimg -O0 -y
---------------------------------------------------------------------

freesurfer ifh2hdr.c
Tue Mar 10 05:22:12 2026
Writing: talsrcimg.4dfp.hdr
freesurfer analyzeto4dfp.c
Reading: talsrcimg.hdr
header size 348 bytes
hdr.dime.datatype	offset=70	value=2
hdr.dime.bitpix		offset=72	value=8
hdr.hist.orient		offset=252	value=-1
dimensionality     4
dimensions       256       256       256         1
Reading: talsrcimg.img
Writing: talsrcimg.4dfp.img
Writing: talsrcimg.4dfp.ifh
ifh2hdr talsrcimg -r0to212
ori=2

---------------------------------------------------------------------
gauss_4dfp talsrcimg 1.1
---------------------------------------------------------------------

freesurfer gauss_4dfp.c
Reading: talsrcimg.4dfp.img
Writing: talsrcimg_g11.4dfp.img
image dimensions 256 256 256 padded to 288 288 288
processing volume 1freesurfer ifh2hdr.c
Tue Mar 10 05:22:14 2026
Writing: talsrcimg_g11.4dfp.hdr

Writing: talsrcimg_g11.4dfp.ifh
including: talsrcimg.4dfp.img.rec in talsrcimg_g11.4dfp.img.rec

---------------------------------------------------------------------
imgreg_4dfp /opt/freesurfer/average/711-2C_as_mni_average_305 none talsrcimg_g11 none talsrcimg_to_711-2C_as_mni_average_305_t4 4355
---------------------------------------------------------------------

freesurfer imgreg_4dfp.c
/opt/freesurfer/average/711-2C_as_mni_average_305.4dfp.img
       256       256       256         1
  1.000000  1.000000  1.000000
orientation T byte_order littleendian
Reading image: /opt/freesurfer/average/711-2C_as_mni_average_305.4dfp.img
dimensions:      256       256       256
mmppix:       1.0000   -1.0000   -1.0000
center:     128.0000 -129.0000 -129.0000
talsrcimg_g11.4dfp.img
       256       256       256         1
  1.000000  1.000000  1.000000
orientation T byte_order littleendian
Reading image: talsrcimg_g11.4dfp.img
dimensions:      256       256       256
mmppix:       1.0000   -1.0000   -1.0000
center:     128.0000 -129.0000 -129.0000
t4_read: open error in t4_sub.f l:  41 t4_file(1:l)talsrcimg_to_711-2C_as_mni_average_305_t4 
t4_read: transform initialized to I4
rotation matrix determinant  1.000000
image alignment mode   4355 decimal     1103 hex
   -7.5000  -45.0000  -45.0000 6521.7290   15.7721
    0.0000  -45.0000  -45.0000 6787.8970   15.8164
    7.5000  -45.0000  -45.0000 6474.9116   15.8077
   -7.5000  -37.5000  -45.0000 7143.3438   15.3354
    0.0000  -37.5000  -45.0000 7428.3267   15.3694
    7.5000  -37.5000  -45.0000 7089.3569   15.3538
   -7.5000  -30.0000  -45.0000 8074.0903   15.0094
    0.0000  -30.0000  -45.0000 8399.3955   15.0324
    7.5000  -30.0000  -45.0000 8021.7266   15.0060
   -7.5000  -22.5000  -45.0000 9067.7871   14.7949
    0.0000  -22.5000  -45.0000 9446.3467   14.8115
    7.5000  -22.5000  -45.0000 8991.0566   14.7800
   -7.5000  -15.0000  -45.000010088.0566   14.7321
    0.0000  -15.0000  -45.000010533.9121   14.7531
    7.5000  -15.0000  -45.000010009.4541   14.7257
   -7.5000   -7.5000  -45.000011154.4736   14.7226
    0.0000   -7.5000  -45.000011658.9961   14.7570
    7.5000   -7.5000  -45.000011084.2656   14.7416
   -7.5000    0.0000  -45.000012118.0312   14.7200
    0.0000    0.0000  -45.000012667.7324   14.7620
    7.5000    0.0000  -45.000012022.9590   14.7537
   -7.5000    7.5000  -45.000012109.0176   14.7255
    0.0000    7.5000  -45.000012627.2939   14.7603
    7.5000    7.5000  -45.000011961.5684   14.7457
   -7.5000   15.0000  -45.000011909.9727   14.7308
    0.0000   15.0000  -45.000012425.5576   14.7537
    7.5000   15.0000  -45.000011745.1494   14.7280
   -7.5000   22.5000  -45.000011673.4932   14.7307
    0.0000   22.5000  -45.000012182.6377   14.7475
    7.5000   22.5000  -45.000011537.2041   14.7161
   -7.5000   30.0000  -45.000011372.9990   14.5338
    0.0000   30.0000  -45.000011883.0791   14.5546
    7.5000   30.0000  -45.000011244.4160   14.5275
   -7.5000   37.5000  -45.000011466.3018   14.5265
    0.0000   37.5000  -45.000011987.2627   14.5604
    7.5000   37.5000  -45.000011346.4600   14.5451
   -7.5000   45.0000  -45.000010972.1709   14.1551
    0.0000   45.0000  -45.000011465.1592   14.1954
    7.5000   45.0000  -45.000010855.1748   14.1875
   -7.5000  -45.0000  -37.5000 6844.2759   15.7271
    0.0000  -45.0000  -37.5000 7130.1323   15.7605
    7.5000  -45.0000  -37.5000 6806.7554   15.7403
   -7.5000  -37.5000  -37.5000 7490.3301   15.2926
    0.0000  -37.5000  -37.5000 7810.5225   15.3176
    7.5000  -37.5000  -37.5000 7468.0752   15.2942
   -7.5000  -30.0000  -37.5000 8486.6309   14.9686
    0.0000  -30.0000  -37.5000 8854.1846   14.9862
    7.5000  -30.0000  -37.5000 8452.7617   14.9556
   -7.5000  -22.5000  -37.5000 9546.8447   14.7565
    0.0000  -22.5000  -37.5000 9971.4658   14.7697
    7.5000  -22.5000  -37.5000 9501.8740   14.7345
   -7.5000  -15.0000  -37.500010639.2656   14.6944
    0.0000  -15.0000  -37.500011128.8525   14.7109
    7.5000  -15.0000  -37.500010589.8994   14.6775
   -7.5000   -7.5000  -37.500011747.6553   14.6846
    0.0000   -7.5000  -37.500012283.9629   14.7113
    7.5000   -7.5000  -37.500011682.0420   14.6864
   -7.5000    0.0000  -37.500012773.5840   14.6799
    0.0000    0.0000  -37.500013350.8672   14.7121
    7.5000    0.0000  -37.500012688.1846   14.6935
   -7.5000    7.5000  -37.500012789.8076   14.6840
    0.0000    7.5000  -37.500013323.0518   14.7104
    7.5000    7.5000  -37.500012608.1611   14.6885
   -7.5000   15.0000  -37.500012588.4482   14.6903
    0.0000   15.0000  -37.500013138.6855   14.7081
    7.5000   15.0000  -37.500012402.6943   14.6783
   -7.5000   22.5000  -37.500012310.9512   14.6921
    0.0000   22.5000  -37.500012850.4551   14.7055
    7.5000   22.5000  -37.500012155.8701   14.6703
   -7.5000   30.0000  -37.500011960.0381   14.4966
    0.0000   30.0000  -37.500012481.8965   14.5130
    7.5000   30.0000  -37.500011815.3818   14.4800
   -7.5000   37.5000  -37.500012032.2891   14.4889
    0.0000   37.5000  -37.500012578.2432   14.5152
    7.5000   37.5000  -37.500011909.9268   14.4907
   -7.5000   45.0000  -37.500011500.0674   14.1165
    0.0000   45.0000  -37.500012009.7852   14.1474
    7.5000   45.0000  -37.500011372.2930   14.1295
   -7.5000  -45.0000  -30.0000 7281.5371   16.3830
    0.0000  -45.0000  -30.0000 7594.2715   16.4041
    7.5000  -45.0000  -30.0000 7255.7280   16.3713
   -7.5000  -37.5000  -30.0000 8000.7432   15.9250
    0.0000  -37.5000  -30.0000 8344.2646   15.9393
    7.5000  -37.5000  -30.0000 7988.6519   15.9084
   -7.5000  -30.0000  -30.0000 9095.7070   15.5858
    0.0000  -30.0000  -30.0000 9481.3965   15.5965
    7.5000  -30.0000  -30.0000 9055.5107   15.5621
   -7.5000  -22.5000  -30.000010256.7588   15.3670
    0.0000  -22.5000  -30.000010700.9707   15.3766
    7.5000  -22.5000  -30.000010189.0146   15.3376
   -7.5000  -15.0000  -30.000011410.6465   15.3060
    0.0000  -15.0000  -30.000011907.5244   15.3191
    7.5000  -15.0000  -30.000011328.6436   15.2791
   -7.5000   -7.5000  -30.000012558.5303   15.2994
    0.0000   -7.5000  -30.000013114.9873   15.3189
    7.5000   -7.5000  -30.000012496.3594   15.2836
   -7.5000    0.0000  -30.000013668.3877   15.2932
    0.0000    0.0000  -30.000014266.6133   15.3145
    7.5000    0.0000  -30.000013562.7666   15.2851
   -7.5000    7.5000  -30.000013670.7070   15.2924
    0.0000    7.5000  -30.000014224.6211   15.3087
    7.5000    7.5000  -30.000013482.4990   15.2798
   -7.5000   15.0000  -30.000013454.5615   15.2968
    0.0000   15.0000  -30.000014040.9971   15.3080
    7.5000   15.0000  -30.000013264.0078   15.2743
   -7.5000   22.5000  -30.000013166.4062   15.2986
    0.0000   22.5000  -30.000013736.1533   15.3084
    7.5000   22.5000  -30.000013011.1963   15.2696
   -7.5000   30.0000  -30.000012756.4404   15.1015
    0.0000   30.0000  -30.000013343.2432   15.1144
    7.5000   30.0000  -30.000012625.2881   15.0749
   -7.5000   37.5000  -30.000012827.6787   15.0969
    0.0000   37.5000  -30.000013422.4316   15.1162
    7.5000   37.5000  -30.000012695.6338   15.0813
   -7.5000   45.0000  -30.000012191.5947   14.7170
    0.0000   45.0000  -30.000012755.0508   14.7376
    7.5000   45.0000  -30.000012060.8438   14.7092
   -7.5000  -45.0000  -22.5000 7733.8994   16.9394
    0.0000  -45.0000  -22.5000 8057.9536   16.9601
    7.5000  -45.0000  -22.5000 7693.2539   16.9274
   -7.5000  -37.5000  -22.5000 8506.7266   16.4597
    0.0000  -37.5000  -22.5000 8886.6309   16.4728
    7.5000  -37.5000  -22.5000 8489.7305   16.4438
   -7.5000  -30.0000  -22.5000 9679.5527   16.1080
    0.0000  -30.0000  -22.500010101.8584   16.1169
    7.5000  -30.0000  -22.5000 9635.3311   16.0842
   -7.5000  -22.5000  -22.500010902.1514   15.8828
    0.0000  -22.5000  -22.500011363.7764   15.8917
    7.5000  -22.5000  -22.500010839.4121   15.8539
   -7.5000  -15.0000  -22.500012102.1475   15.8223
    0.0000  -15.0000  -22.500012609.9297   15.8365
    7.5000  -15.0000  -22.500012024.1445   15.7971
   -7.5000   -7.5000  -22.500013304.0918   15.8181
    0.0000   -7.5000  -22.500013886.5312   15.8390
    7.5000   -7.5000  -22.500013270.7236   15.8036
   -7.5000    0.0000  -22.500014491.3359   15.8114
    0.0000    0.0000  -22.500015155.9980   15.8328
    7.5000    0.0000  -22.500014446.0713   15.8039
   -7.5000    7.5000  -22.500014515.5166   15.8073
    0.0000    7.5000  -22.500015152.5596   15.8222
    7.5000    7.5000  -22.500014380.8711   15.7948
   -7.5000   15.0000  -22.500014294.0176   15.8100
    0.0000   15.0000  -22.500014962.8213   15.8192
    7.5000   15.0000  -22.500014148.8115   15.7872
   -7.5000   22.5000  -22.500013983.5117   15.8112
    0.0000   22.5000  -22.500014657.0713   15.8204
    7.5000   22.5000  -22.500013862.3232   15.7827
   -7.5000   30.0000  -22.500013553.9609   15.6133
    0.0000   30.0000  -22.500014218.9814   15.6273
    7.5000   30.0000  -22.500013451.4258   15.5884
   -7.5000   37.5000  -22.500013594.4170   15.6112
    0.0000   37.5000  -22.500014270.5107   15.6318
    7.5000   37.5000  -22.500013512.3008   15.5969
   -7.5000   45.0000  -22.500012865.9922   15.2272
    0.0000   45.0000  -22.500013497.5713   15.2478
    7.5000   45.0000  -22.500012791.2568   15.2199
   -7.5000  -45.0000  -15.0000 8138.5410   17.3404
    0.0000  -45.0000  -15.0000 8469.6299   17.3726
    7.5000  -45.0000  -15.0000 8090.4478   17.3508
   -7.5000  -37.5000  -15.0000 8983.8623   16.8483
    0.0000  -37.5000  -15.0000 9390.3955   16.8702
    7.5000  -37.5000  -15.0000 8982.1758   16.8484
   -7.5000  -30.0000  -15.000010239.9277   16.4886
    0.0000  -30.0000  -15.000010686.4395   16.5017
    7.5000  -30.0000  -15.000010209.1367   16.4725
   -7.5000  -22.5000  -15.000011515.1025   16.2572
    0.0000  -22.5000  -15.000012035.6182   16.2681
    7.5000  -22.5000  -15.000011474.7510   16.2335
   -7.5000  -15.0000  -15.000012716.4805   16.1946
    0.0000  -15.0000  -15.000013299.9746   16.2125
    7.5000  -15.0000  -15.000012706.5986   16.1791
   -7.5000   -7.5000  -15.000013992.4795   16.1899
    0.0000   -7.5000  -15.000014623.1006   16.2187
    7.5000   -7.5000  -15.000013993.1182   16.1927
   -7.5000    0.0000  -15.000015285.4102   16.1839
    0.0000    0.0000  -15.000016000.8135   16.2156
    7.5000    0.0000  -15.000015253.7041   16.1966
   -7.5000    7.5000  -15.000015361.3281   16.1809
    0.0000    7.5000  -15.000016110.6240   16.2040
    7.5000    7.5000  -15.000015272.2275   16.1832
   -7.5000   15.0000  -15.000015128.2822   16.1835
    0.0000   15.0000  -15.000015921.9697   16.1967
    7.5000   15.0000  -15.000015076.4609   16.1680
   -7.5000   22.5000  -15.000014745.6748   16.1833
    0.0000   22.5000  -15.000015537.2949   16.1944
    7.5000   22.5000  -15.000014725.7383   16.1599
   -7.5000   30.0000  -15.000014286.2969   15.9829
    0.0000   30.0000  -15.000015038.4062   16.0006
    7.5000   30.0000  -15.000014278.2715   15.9676
   -7.5000   37.5000  -15.000014347.0264   15.9804
    0.0000   37.5000  -15.000015087.2891   16.0088
    7.5000   37.5000  -15.000014325.5488   15.9831
   -7.5000   45.0000  -15.000013558.9521   15.5953
    0.0000   45.0000  -15.000014260.0635   15.6259
    7.5000   45.0000  -15.000013497.6406   15.6075
   -7.5000  -45.0000   -7.5000 8532.1484   17.5489
    0.0000  -45.0000   -7.5000 8912.6035   17.5949
    7.5000  -45.0000   -7.5000 8499.9023   17.5845
   -7.5000  -37.5000   -7.5000 9452.6152   17.0564
    0.0000  -37.5000   -7.5000 9903.5791   17.0906
    7.5000  -37.5000   -7.5000 9453.2402   17.0743
   -7.5000  -30.0000   -7.500010785.6094   16.6932
    0.0000  -30.0000   -7.500011274.0723   16.7149
    7.5000  -30.0000   -7.500010773.7637   16.6871
   -7.5000  -22.5000   -7.500012093.3643   16.4564
    0.0000  -22.5000   -7.500012637.3359   16.4725
    7.5000  -22.5000   -7.500012107.1611   16.4393
   -7.5000  -15.0000   -7.500013364.7588   16.3893
    0.0000  -15.0000   -7.500013958.9434   16.4119
    7.5000  -15.0000   -7.500013401.6826   16.3829
   -7.5000   -7.5000   -7.500014668.6992   16.3817
    0.0000   -7.5000   -7.500015306.5938   16.4188
    7.5000   -7.5000   -7.500014700.4424   16.4017
   -7.5000    0.0000   -7.500015986.1230   16.3776
    0.0000    0.0000   -7.500016693.4434   16.4215
    7.5000    0.0000   -7.500015995.6572   16.4122
   -7.5000    7.5000   -7.500016187.5469   16.3794
    0.0000    7.5000   -7.500017027.4570   16.4143
    7.5000    7.5000   -7.500016145.1875   16.3989
   -7.5000   15.0000   -7.500016008.8623   16.3835
    0.0000   15.0000   -7.500017003.8906   16.4051
    7.5000   15.0000   -7.500016013.5000   16.3779
   -7.5000   22.5000   -7.500015602.9268   16.3794
    0.0000   22.5000   -7.500016527.1074   16.3957
    7.5000   22.5000   -7.500015639.6982   16.3626
   -7.5000   30.0000   -7.500015122.5127   16.1746
    0.0000   30.0000   -7.500015929.8633   16.1969
    7.5000   30.0000   -7.500015133.4297   16.1683
   -7.5000   37.5000   -7.500015229.0801   16.1693
    0.0000   37.5000   -7.500015973.0918   16.2059
    7.5000   37.5000   -7.500015136.4453   16.1890
   -7.5000   45.0000   -7.500014371.4229   15.7849
    0.0000   45.0000   -7.500015062.3760   15.8273
    7.5000   45.0000   -7.500014202.0176   15.8183
   -7.5000  -45.0000    0.0000 8841.7529   17.5930
    0.0000  -45.0000    0.0000 9217.7627   17.6429
    7.5000  -45.0000    0.0000 8798.0078   17.6332
   -7.5000  -37.5000    0.0000 9831.5254   17.1064
    0.0000  -37.5000    0.000010296.9014   17.1448
    7.5000  -37.5000    0.0000 9831.5586   17.1274
   -7.5000  -30.0000    0.000011208.2432   16.7437
    0.0000  -30.0000    0.000011759.9014   16.7697
    7.5000  -30.0000    0.000011232.8340   16.7403
   -7.5000  -22.5000    0.000012560.1680   16.5048
    0.0000  -22.5000    0.000013171.2041   16.5238
    7.5000  -22.5000    0.000012629.0605   16.4886
   -7.5000  -15.0000    0.000013892.5947   16.4343
    0.0000  -15.0000    0.000014535.7861   16.4581
    7.5000  -15.0000    0.000013967.9912   16.4275
   -7.5000   -7.5000    0.000015195.5400   16.4233
    0.0000   -7.5000    0.000015862.4131   16.4620
    7.5000   -7.5000    0.000015302.2217   16.4447
   -7.5000    0.0000    0.000016522.1973   16.4198
    0.0000    0.0000    0.000017229.9258   16.4669
    7.5000    0.0000    0.000016618.0332   16.4576
   -7.5000    7.5000    0.000016785.3301   16.4259
    0.0000    7.5000    0.000017667.0137   16.4650
    7.5000    7.5000    0.000016858.9668   16.4487
   -7.5000   15.0000    0.000016839.9551   16.4324
    0.0000   15.0000    0.000017806.7852   16.4583
    7.5000   15.0000    0.000016805.8613   16.4295
   -7.5000   22.5000    0.000016630.5156   16.4275
    0.0000   22.5000    0.000017473.9688   16.4465
    7.5000   22.5000    0.000016457.5273   16.4115
   -7.5000   30.0000    0.000016088.8154   16.2195
    0.0000   30.0000    0.000016819.8359   16.2430
    7.5000   30.0000    0.000015876.6836   16.2127
   -7.5000   37.5000    0.000016067.1465   16.2107
    0.0000   37.5000    0.000016770.6953   16.2489
    7.5000   37.5000    0.000015822.2363   16.2319
   -7.5000   45.0000    0.000015007.7852   15.8268
    0.0000   45.0000    0.000015706.8701   15.8722
    7.5000   45.0000    0.000014791.5791   15.8633
   -7.5000  -45.0000    7.5000 8413.7305   17.5952
    0.0000  -45.0000    7.5000 8810.6104   17.6328
    7.5000  -45.0000    7.5000 8414.5107   17.6102
   -7.5000  -37.5000    7.5000 9396.7373   17.1094
    0.0000  -37.5000    7.5000 9883.6611   17.1375
    7.5000  -37.5000    7.5000 9434.3604   17.1112
   -7.5000  -30.0000    7.500010729.7686   16.7469
    0.0000  -30.0000    7.500011274.0928   16.7667
    7.5000  -30.0000    7.500010779.1826   16.7325
   -7.5000  -22.5000    7.500012054.6787   16.5096
    0.0000  -22.5000    7.500012624.0693   16.5245
    7.5000  -22.5000    7.500012123.3174   16.4850
   -7.5000  -15.0000    7.500013344.2500   16.4400
    0.0000  -15.0000    7.500013942.0566   16.4587
    7.5000  -15.0000    7.500013405.6631   16.4213
   -7.5000   -7.5000    7.500014594.5098   16.4291
    0.0000   -7.5000    7.500015230.4307   16.4591
    7.5000   -7.5000    7.500014696.5996   16.4312
   -7.5000    0.0000    7.500015882.8291   16.4239
    0.0000    0.0000    7.500016626.9355   16.4600
    7.5000    0.0000    7.500015979.8350   16.4392
   -7.5000    7.5000    7.500016167.1445   16.4286
    0.0000    7.5000    7.500016986.1875   16.4582
    7.5000    7.5000    7.500016226.9512   16.4337
   -7.5000   15.0000    7.500016186.5791   16.4356
    0.0000   15.0000    7.500016992.7676   16.4557
    7.5000   15.0000    7.500016143.3125   16.4223
   -7.5000   22.5000    7.500015919.4619   16.4323
    0.0000   22.5000    7.500016657.6680   16.4473
    7.5000   22.5000    7.500015837.6201   16.4080
   -7.5000   30.0000    7.500015403.6875   16.2251
    0.0000   30.0000    7.500016131.9189   16.2435
    7.5000   30.0000    7.500015345.6074   16.2066
   -7.5000   37.5000    7.500015369.8779   16.2164
    0.0000   37.5000    7.500016093.0117   16.2461
    7.5000   37.5000    7.500015270.1074   16.2186
   -7.5000   45.0000    7.500014309.2510   15.8308
    0.0000   45.0000    7.500015023.8232   15.8655
    7.5000   45.0000    7.500014241.3291   15.8455
   -7.5000  -45.0000   15.0000 7908.3760   17.6164
    0.0000  -45.0000   15.0000 8302.4307   17.6390
    7.5000  -45.0000   15.0000 7935.4575   17.6038
   -7.5000  -37.5000   15.0000 8854.4062   17.1236
    0.0000  -37.5000   15.0000 9321.5830   17.1390
    7.5000  -37.5000   15.0000 8879.0859   17.1058
   -7.5000  -30.0000   15.000010147.7803   16.7586
    0.0000  -30.0000   15.000010653.5293   16.7702
    7.5000  -30.0000   15.000010136.4482   16.7332
   -7.5000  -22.5000   15.000011432.9502   16.5232
    0.0000  -22.5000   15.000011990.5713   16.5336
    7.5000  -22.5000   15.000011418.3711   16.4917
   -7.5000  -15.0000   15.000012669.7900   16.4577
    0.0000  -15.0000   15.000013262.5000   16.4718
    7.5000  -15.0000   15.000012658.0205   16.4288
   -7.5000   -7.5000   15.000013846.8125   16.4505
    0.0000   -7.5000   15.000014516.5918   16.4715
    7.5000   -7.5000   15.000013892.1602   16.4335
   -7.5000    0.0000   15.000015064.4834   16.4437
    0.0000    0.0000   15.000015784.0879   16.4667
    7.5000    0.0000   15.000015112.7539   16.4350
   -7.5000    7.5000   15.000015214.0605   16.4427
    0.0000    7.5000   15.000015909.5088   16.4603
    7.5000    7.5000   15.000015213.9434   16.4292
   -7.5000   15.0000   15.000015094.0918   16.4475
    0.0000   15.0000   15.000015745.1357   16.4595
    7.5000   15.0000   15.000015021.6152   16.4233
   -7.5000   22.5000   15.000014796.5830   16.4459
    0.0000   22.5000   15.000015381.4570   16.4566
    7.5000   22.5000   15.000014763.8408   16.4148
   -7.5000   30.0000   15.000014374.3359   16.2426
    0.0000   30.0000   15.000015004.1045   16.2565
    7.5000   30.0000   15.000014396.4473   16.2140
   -7.5000   37.5000   15.000014429.4219   16.2376
    0.0000   37.5000   15.000015047.0713   16.2583
    7.5000   37.5000   15.000014422.4873   16.2208
   -7.5000   45.0000   15.000013484.5723   15.8498
    0.0000   45.0000   15.000014106.5996   15.8720
    7.5000   45.0000   15.000013502.0830   15.8415
   -7.5000  -45.0000   22.5000 7366.0581   17.7846
    0.0000  -45.0000   22.5000 7741.9121   17.8060
    7.5000  -45.0000   22.5000 7395.1021   17.7710
   -7.5000  -37.5000   22.5000 8247.3613   17.2776
    0.0000  -37.5000   22.5000 8681.1162   17.2910
    7.5000  -37.5000   22.5000 8264.5430   17.2600
   -7.5000  -30.0000   22.5000 9484.1143   16.9069
    0.0000  -30.0000   22.5000 9960.6650   16.9158
    7.5000  -30.0000   22.5000 9456.3145   16.8810
   -7.5000  -22.5000   22.500010693.8516   16.6698
    0.0000  -22.5000   22.500011224.0381   16.6786
    7.5000  -22.5000   22.500010658.0498   16.6382
   -7.5000  -15.0000   22.500011834.8945   16.6064
    0.0000  -15.0000   22.500012421.3047   16.6208
    7.5000  -15.0000   22.500011826.1270   16.5786
   -7.5000   -7.5000   22.500012930.5020   16.6012
    0.0000   -7.5000   22.500013588.0098   16.6227
    7.5000   -7.5000   22.500012980.3564   16.5849
   -7.5000    0.0000   22.500014046.9902   16.5927
    0.0000    0.0000   22.500014720.5801   16.6149
    7.5000    0.0000   22.500014081.0869   16.5839
   -7.5000    7.5000   22.500014150.1230   16.5877
    0.0000    7.5000   22.500014733.5244   16.6031
    7.5000    7.5000   22.500014109.2129   16.5738
   -7.5000   15.0000   22.500013981.1650   16.5912
    0.0000   15.0000   22.500014507.7314   16.6005
    7.5000   15.0000   22.500013903.8955   16.5663
   -7.5000   22.5000   22.500013707.4805   16.5914
    0.0000   22.5000   22.500014212.4111   16.6005
    7.5000   22.5000   22.500013653.5713   16.5603
   -7.5000   30.0000   22.500013375.6367   16.3893
    0.0000   30.0000   22.500013894.1240   16.4035
    7.5000   30.0000   22.500013354.7920   16.3619
   -7.5000   37.5000   22.500013491.0791   16.3864
    0.0000   37.5000   22.500014009.7070   16.4076
    7.5000   37.5000   22.500013442.1631   16.3702
   -7.5000   45.0000   22.500012649.3770   15.9935
    0.0000   45.0000   22.500013185.8223   16.0148
    7.5000   45.0000   22.500012628.5020   15.9850
   -7.5000  -45.0000   30.0000 6801.4863   18.0894
    0.0000  -45.0000   30.0000 7140.7231   18.1221
    7.5000  -45.0000   30.0000 6848.3247   18.0972
   -7.5000  -37.5000   30.0000 7607.5278   17.5675
    0.0000  -37.5000   30.0000 7991.7534   17.5894
    7.5000  -37.5000   30.0000 7645.8081   17.5646
   -7.5000  -30.0000   30.0000 8729.1162   17.1882
    0.0000  -30.0000   30.0000 9169.0479   17.2010
    7.5000  -30.0000   30.0000 8746.7334   17.1684
   -7.5000  -22.5000   30.0000 9858.4219   16.9447
    0.0000  -22.5000   30.000010349.8311   16.9554
    7.5000  -22.5000   30.0000 9872.5088   16.9172
   -7.5000  -15.0000   30.000010931.8643   16.8787
    0.0000  -15.0000   30.000011484.6729   16.8968
    7.5000  -15.0000   30.000010974.3770   16.8599
   -7.5000   -7.5000   30.000011962.0029   16.8724
    0.0000   -7.5000   30.000012572.2998   16.9017
    7.5000   -7.5000   30.000012029.9023   16.8727
   -7.5000    0.0000   30.000012974.8232   16.8636
    0.0000    0.0000   30.000013597.5088   16.8959
    7.5000    0.0000   30.000012999.1289   16.8742
   -7.5000    7.5000   30.000013037.8662   16.8596
    0.0000    7.5000   30.000013576.9990   16.8828
    7.5000    7.5000   30.000013002.8350   16.8592
   -7.5000   15.0000   30.000012871.3291   16.8637
    0.0000   15.0000   30.000013363.8311   16.8767
    7.5000   15.0000   30.000012817.1738   16.8446
   -7.5000   22.5000   30.000012631.4219   16.8639
    0.0000   22.5000   30.000013094.3359   16.8747
    7.5000   22.5000   30.000012593.1533   16.8367
   -7.5000   30.0000   30.000012318.1562   16.6580
    0.0000   30.0000   30.000012785.1826   16.6759
    7.5000   30.0000   30.000012309.9248   16.6395
   -7.5000   37.5000   30.000012476.6328   16.6540
    0.0000   37.5000   30.000012947.7930   16.6830
    7.5000   37.5000   30.000012422.8398   16.6544
   -7.5000   45.0000   30.000011731.8047   16.2545
    0.0000   45.0000   30.000012225.9326   16.2857
    7.5000   45.0000   30.000011697.5449   16.2648
   -7.5000  -45.0000   37.5000 6536.6816   18.5432
    0.0000  -45.0000   37.5000 6852.2949   18.5892
    7.5000  -45.0000   37.5000 6591.9390   18.5751
   -7.5000  -37.5000   37.5000 7289.6436   18.0074
    0.0000  -37.5000   37.5000 7630.8916   18.0408
    7.5000  -37.5000   37.5000 7326.5273   18.0205
   -7.5000  -30.0000   37.5000 8349.7012   17.6180
    0.0000  -30.0000   37.5000 8756.6064   17.6382
    7.5000  -30.0000   37.5000 8369.4873   17.6052
   -7.5000  -22.5000   37.5000 9426.3311   17.3656
    0.0000  -22.5000   37.5000 9918.5361   17.3796
    7.5000  -22.5000   37.5000 9474.7061   17.3405
   -7.5000  -15.0000   37.500010471.6045   17.2913
    0.0000  -15.0000   37.500011026.1172   17.3119
    7.5000  -15.0000   37.500010557.1533   17.2774
   -7.5000   -7.5000   37.500011461.9912   17.2773
    0.0000   -7.5000   37.500012045.9668   17.3136
    7.5000   -7.5000   37.500011548.6123   17.2924
   -7.5000    0.0000   37.500012417.6748   17.2673
    0.0000    0.0000   37.500013019.5879   17.3113
    7.5000    0.0000   37.500012474.9883   17.2986
   -7.5000    7.5000   37.500012443.0889   17.2701
    0.0000    7.5000   37.500012987.7227   17.3044
    7.5000    7.5000   37.500012438.4258   17.2852
   -7.5000   15.0000   37.500012280.5498   17.2799
    0.0000   15.0000   37.500012766.4189   17.3000
    7.5000   15.0000   37.500012240.1299   17.2678
   -7.5000   22.5000   37.500012048.1865   17.2806
    0.0000   22.5000   37.500012499.5938   17.2947
    7.5000   22.5000   37.500012002.3320   17.2559
   -7.5000   30.0000   37.500011766.6816   17.0651
    0.0000   30.0000   37.500012215.8965   17.0855
    7.5000   30.0000   37.500011746.1201   17.0514
   -7.5000   37.5000   37.500011912.0381   17.0537
    0.0000   37.5000   37.500012395.6025   17.0896
    7.5000   37.5000   37.500011902.1787   17.0686
   -7.5000   45.0000   37.500011228.8398   16.6437
    0.0000   45.0000   37.500011730.3867   16.6861
    7.5000   45.0000   37.500011224.8613   16.6739
   -7.5000  -45.0000   45.0000 6020.8364   19.0673
    0.0000  -45.0000   45.0000 6287.1343   19.1119
    7.5000  -45.0000   45.0000 6062.5576   19.0965
   -7.5000  -37.5000   45.0000 6702.4819   18.5194
    0.0000  -37.5000   45.0000 7000.3374   18.5510
    7.5000  -37.5000   45.0000 6733.4043   18.5267
   -7.5000  -30.0000   45.0000 7665.7979   18.1179
    0.0000  -30.0000   45.0000 8016.0469   18.1350
    7.5000  -30.0000   45.0000 7682.6421   18.0962
   -7.5000  -22.5000   45.0000 8659.5566   17.8509
    0.0000  -22.5000   45.0000 9093.7598   17.8599
    7.5000  -22.5000   45.0000 8717.2246   17.8140
   -7.5000  -15.0000   45.0000 9607.5176   17.7603
    0.0000  -15.0000   45.000010122.2793   17.7749
    7.5000  -15.0000   45.0000 9707.7197   17.7344
   -7.5000   -7.5000   45.000010519.7461   17.7350
    0.0000   -7.5000   45.000011058.0635   17.7672
    7.5000   -7.5000   45.000010615.9316   17.7429
   -7.5000    0.0000   45.000011378.5156   17.7270
    0.0000    0.0000   45.000011947.1396   17.7694
    7.5000    0.0000   45.000011442.9062   17.7549
   -7.5000    7.5000   45.000011375.5088   17.7429
    0.0000    7.5000   45.000011894.7705   17.7760
    7.5000    7.5000   45.000011391.6631   17.7533
   -7.5000   15.0000   45.000011229.2441   17.7621
    0.0000   15.0000   45.000011698.4854   17.7793
    7.5000   15.0000   45.000011205.2773   17.7416
   -7.5000   22.5000   45.000011004.5938   17.7606
    0.0000   22.5000   45.000011442.8604   17.7697
    7.5000   22.5000   45.000010963.6592   17.7240
   -7.5000   30.0000   45.000010743.9385   17.5264
    0.0000   30.0000   45.000011176.9150   17.5409
    7.5000   30.0000   45.000010730.4658   17.5008
   -7.5000   37.5000   45.000010884.0527   17.5039
    0.0000   37.5000   45.000011352.0146   17.5357
    7.5000   37.5000   45.000010893.3486   17.5117
   -7.5000   45.0000   45.000010300.5312   17.0945
    0.0000   45.0000   45.000010756.1982   17.1354
    7.5000   45.0000   45.000010282.5098   17.1214

---------------------------------------------------------------------
imgreg_4dfp /opt/freesurfer/average/711-2C_as_mni_average_305 /opt/freesurfer/average/711-2B_as_mni_average_305_mask talsrcimg_g11 none talsrcimg_to_711-2C_as_mni_average_305_t4 4355
---------------------------------------------------------------------

freesurfer imgreg_4dfp.c
/opt/freesurfer/average/711-2C_as_mni_average_305.4dfp.img
       256       256       256         1
  1.000000  1.000000  1.000000
orientation T byte_order littleendian
Reading image: /opt/freesurfer/average/711-2C_as_mni_average_305.4dfp.img
dimensions:      256       256       256
mmppix:       1.0000   -1.0000   -1.0000
center:     128.0000 -129.0000 -129.0000
/opt/freesurfer/average/711-2B_as_mni_average_305_mask.4dfp.img
       256       256       256         1
  1.000000  1.000000  1.000000
orientation T byte_order littleendian
Reading mask: /opt/freesurfer/average/711-2B_as_mni_average_305_mask.4dfp.img (2306576 pixels)
talsrcimg_g11.4dfp.img
       256       256       256         1
  1.000000  1.000000  1.000000
orientation T byte_order littleendian
Reading image: talsrcimg_g11.4dfp.img
dimensions:      256       256       256
mmppix:       1.0000   -1.0000   -1.0000
center:     128.0000 -129.0000 -129.0000
rotation matrix determinant  1.000000
image alignment mode   4355 decimal     1103 hex
   -7.5000  -30.0000  -45.0000 2060.9612   19.3933
    0.0000  -30.0000  -45.0000 2068.1094   19.3455
    7.5000  -30.0000  -45.0000 2057.1721   19.4820
   -7.5000  -22.5000  -45.0000 2191.9700   17.4335
    0.0000  -22.5000  -45.0000 2195.1548   17.3666
    7.5000  -22.5000  -45.0000 2175.0740   17.4486
   -7.5000  -15.0000  -45.0000 2301.6265   15.9670
    0.0000  -15.0000  -45.0000 2305.8564   15.9033
    7.5000  -15.0000  -45.0000 2283.3054   15.9459
   -7.5000   -7.5000  -45.0000 2401.8953   14.8511
    0.0000   -7.5000  -45.0000 2403.6152   14.7773
    7.5000   -7.5000  -45.0000 2380.6392   14.8173
   -7.5000    0.0000  -45.0000 2462.5964   14.0527
    0.0000    0.0000  -45.0000 2463.6711   13.9730
    7.5000    0.0000  -45.0000 2436.4275   14.0233
   -7.5000    7.5000  -45.0000 2493.6191   13.5429
    0.0000    7.5000  -45.0000 2501.4038   13.4441
    7.5000    7.5000  -45.0000 2476.6018   13.5026
   -7.5000   15.0000  -45.0000 2502.2649   13.2808
    0.0000   15.0000  -45.0000 2514.7166   13.1704
    7.5000   15.0000  -45.0000 2497.0706   13.2768
   -7.5000   22.5000  -45.0000 2506.1838   13.2196
    0.0000   22.5000  -45.0000 2516.5107   13.1147
    7.5000   22.5000  -45.0000 2505.6235   13.2431
   -7.5000   30.0000  -45.0000 2483.7893   13.4544
    0.0000   30.0000  -45.0000 2501.7349   13.3343
    7.5000   30.0000  -45.0000 2486.2197   13.5019
   -7.5000   37.5000  -45.0000 2452.6826   13.8866
    0.0000   37.5000  -45.0000 2470.7913   13.7940
    7.5000   37.5000  -45.0000 2453.8005   13.9796
   -7.5000   45.0000  -45.0000 2407.8604   14.6107
    0.0000   45.0000  -45.0000 2421.9941   14.5173
    7.5000   45.0000  -45.0000 2407.1372   14.7450
   -7.5000   52.5000  -45.0000 2322.9951   15.5605
    0.0000   52.5000  -45.0000 2335.0532   15.4527
    7.5000   52.5000  -45.0000 2320.8438   15.6828
   -7.5000   60.0000  -45.0000 2187.5869   16.6245
    0.0000   60.0000  -45.0000 2196.2363   16.5232
    7.5000   60.0000  -45.0000 2178.3633   16.7472
   -7.5000  -30.0000  -37.5000 2115.9619   18.2649
    0.0000  -30.0000  -37.5000 2120.8286   18.2030
    7.5000  -30.0000  -37.5000 2109.0117   18.3968
   -7.5000  -22.5000  -37.5000 2254.1006   16.3809
    0.0000  -22.5000  -37.5000 2259.8865   16.3407
    7.5000  -22.5000  -37.5000 2239.3064   16.4433
   -7.5000  -15.0000  -37.5000 2369.5215   14.9728
    0.0000  -15.0000  -37.5000 2376.9341   14.9237
    7.5000  -15.0000  -37.5000 2349.2620   14.9760
   -7.5000   -7.5000  -37.5000 2468.0146   13.9042
    0.0000   -7.5000  -37.5000 2476.1367   13.8253
    7.5000   -7.5000  -37.5000 2447.8325   13.8771
   -7.5000    0.0000  -37.5000 2533.1267   13.1132
    0.0000    0.0000  -37.5000 2543.8789   13.0200
    7.5000    0.0000  -37.5000 2519.8870   13.0754
   -7.5000    7.5000  -37.5000 2574.9658   12.6307
    0.0000    7.5000  -37.5000 2587.4651   12.5027
    7.5000    7.5000  -37.5000 2564.7217   12.5889
   -7.5000   15.0000  -37.5000 2596.6570   12.3521
    0.0000   15.0000  -37.5000 2610.9480   12.2370
    7.5000   15.0000  -37.5000 2590.3657   12.3180
   -7.5000   22.5000  -37.5000 2603.4412   12.2837
    0.0000   22.5000  -37.5000 2616.1699   12.1759
    7.5000   22.5000  -37.5000 2600.3037   12.2724
   -7.5000   30.0000  -37.5000 2579.8799   12.5112
    0.0000   30.0000  -37.5000 2596.4290   12.4003
    7.5000   30.0000  -37.5000 2581.2578   12.5237
   -7.5000   37.5000  -37.5000 2549.8542   12.9084
    0.0000   37.5000  -37.5000 2565.4990   12.8056
    7.5000   37.5000  -37.5000 2551.7080   12.9825
   -7.5000   45.0000  -37.5000 2504.6396   13.5975
    0.0000   45.0000  -37.5000 2515.3855   13.4732
    7.5000   45.0000  -37.5000 2501.1587   13.6845
   -7.5000   52.5000  -37.5000 2408.0779   14.4935
    0.0000   52.5000  -37.5000 2420.1453   14.3639
    7.5000   52.5000  -37.5000 2407.3120   14.5747
   -7.5000   60.0000  -37.5000 2266.1748   15.4937
    0.0000   60.0000  -37.5000 2277.3691   15.3895
    7.5000   60.0000  -37.5000 2263.4858   15.5895
   -7.5000  -30.0000  -30.0000 2205.0325   17.9073
    0.0000  -30.0000  -30.0000 2206.1174   17.8681
    7.5000  -30.0000  -30.0000 2190.2327   18.0826
   -7.5000  -22.5000  -30.0000 2348.9675   16.0386
    0.0000  -22.5000  -30.0000 2355.3992   15.9881
    7.5000  -22.5000  -30.0000 2330.1111   16.1406
   -7.5000  -15.0000  -30.0000 2467.3843   14.6164
    0.0000  -15.0000  -30.0000 2472.2849   14.5298
    7.5000  -15.0000  -30.0000 2445.7332   14.6339
   -7.5000   -7.5000  -30.0000 2569.0430   13.5127
    0.0000   -7.5000  -30.0000 2577.7837   13.4240
    7.5000   -7.5000  -30.0000 2555.3848   13.4981
   -7.5000    0.0000  -30.0000 2649.5916   12.6893
    0.0000    0.0000  -30.0000 2659.5588   12.5987
    7.5000    0.0000  -30.0000 2639.7678   12.6936
   -7.5000    7.5000  -30.0000 2696.6570   12.1869
    0.0000    7.5000  -30.0000 2708.3704   12.0782
    7.5000    7.5000  -30.0000 2693.3770   12.1759
   -7.5000   15.0000  -30.0000 2732.2449   11.8597
    0.0000   15.0000  -30.0000 2748.6147   11.7756
    7.5000   15.0000  -30.0000 2729.8691   11.8630
   -7.5000   22.5000  -30.0000 2748.1077   11.7856
    0.0000   22.5000  -30.0000 2758.7798   11.6953
    7.5000   22.5000  -30.0000 2742.7625   11.8100
   -7.5000   30.0000  -30.0000 2723.9070   12.0020
    0.0000   30.0000  -30.0000 2740.3618   11.9075
    7.5000   30.0000  -30.0000 2725.9861   12.0507
   -7.5000   37.5000  -30.0000 2696.9722   12.4281
    0.0000   37.5000  -30.0000 2712.7212   12.3276
    7.5000   37.5000  -30.0000 2694.0457   12.5004
   -7.5000   45.0000  -30.0000 2644.0085   13.0948
    0.0000   45.0000  -30.0000 2658.5161   12.9788
    7.5000   45.0000  -30.0000 2642.7559   13.1611
   -7.5000   52.5000  -30.0000 2536.7996   13.9814
    0.0000   52.5000  -30.0000 2550.5574   13.8416
    7.5000   52.5000  -30.0000 2538.3533   14.0166
   -7.5000   60.0000  -30.0000 2379.4312   15.0035
    0.0000   60.0000  -30.0000 2394.9902   14.8427
    7.5000   60.0000  -30.0000 2381.4197   15.0360
   -7.5000  -30.0000  -22.5000 2257.4912   17.5002
    0.0000  -30.0000  -22.5000 2258.9756   17.4939
    7.5000  -30.0000  -22.5000 2245.5842   17.7139
   -7.5000  -22.5000  -22.5000 2402.8164   15.6248
    0.0000  -22.5000  -22.5000 2405.6731   15.5564
    7.5000  -22.5000  -22.5000 2387.5081   15.7250
   -7.5000  -15.0000  -22.5000 2522.3892   14.1495
    0.0000  -15.0000  -22.5000 2525.5066   14.0565
    7.5000  -15.0000  -22.5000 2504.7280   14.2162
   -7.5000   -7.5000  -22.5000 2635.9031   13.0511
    0.0000   -7.5000  -22.5000 2642.2246   12.9290
    7.5000   -7.5000  -22.5000 2626.4946   13.0920
   -7.5000    0.0000  -22.5000 2727.9814   12.2250
    0.0000    0.0000  -22.5000 2739.8423   12.1612
    7.5000    0.0000  -22.5000 2724.5371   12.2772
   -7.5000    7.5000  -22.5000 2789.5303   11.6809
    0.0000    7.5000  -22.5000 2803.6191   11.5935
    7.5000    7.5000  -22.5000 2786.1345   11.7157
   -7.5000   15.0000  -22.5000 2834.7400   11.3213
    0.0000   15.0000  -22.5000 2856.0884   11.2713
    7.5000   15.0000  -22.5000 2829.7285   11.3891
   -7.5000   22.5000  -22.5000 2859.6230   11.2349
    0.0000   22.5000  -22.5000 2878.7217   11.1649
    7.5000   22.5000  -22.5000 2853.5879   11.3138
   -7.5000   30.0000  -22.5000 2842.6851   11.4530
    0.0000   30.0000  -22.5000 2862.5701   11.3870
    7.5000   30.0000  -22.5000 2841.9846   11.5355
   -7.5000   37.5000  -22.5000 2806.1206   11.8819
    0.0000   37.5000  -22.5000 2831.8906   11.8076
    7.5000   37.5000  -22.5000 2812.4111   11.9619
   -7.5000   45.0000  -22.5000 2742.4124   12.5611
    0.0000   45.0000  -22.5000 2764.7744   12.4517
    7.5000   45.0000  -22.5000 2750.7458   12.6219
   -7.5000   52.5000  -22.5000 2627.0884   13.4292
    0.0000   52.5000  -22.5000 2644.5977   13.2763
    7.5000   52.5000  -22.5000 2633.0730   13.4669
   -7.5000   60.0000  -22.5000 2464.4321   14.4243
    0.0000   60.0000  -22.5000 2482.3928   14.2806
    7.5000   60.0000  -22.5000 2465.0896   14.4781
   -7.5000  -30.0000  -15.0000 2278.9238   17.2102
    0.0000  -30.0000  -15.0000 2281.7305   17.1918
    7.5000  -30.0000  -15.0000 2271.0481   17.5147
   -7.5000  -22.5000  -15.0000 2422.9468   15.3054
    0.0000  -22.5000  -15.0000 2426.1375   15.2426
    7.5000  -22.5000  -15.0000 2409.0557   15.4868
   -7.5000  -15.0000  -15.0000 2538.0283   13.8048
    0.0000  -15.0000  -15.0000 2545.8032   13.7215
    7.5000  -15.0000  -15.0000 2528.0503   13.9478
   -7.5000   -7.5000  -15.0000 2660.3093   12.6735
    0.0000   -7.5000  -15.0000 2668.6287   12.5818
    7.5000   -7.5000  -15.0000 2655.1604   12.7763
   -7.5000    0.0000  -15.0000 2764.0999   11.8512
    0.0000    0.0000  -15.0000 2779.3105   11.7694
    7.5000    0.0000  -15.0000 2766.2610   11.9236
   -7.5000    7.5000  -15.0000 2844.3315   11.2902
    0.0000    7.5000  -15.0000 2862.1809   11.2188
    7.5000    7.5000  -15.0000 2844.9602   11.3329
   -7.5000   15.0000  -15.0000 2899.3882   10.9058
    0.0000   15.0000  -15.0000 2924.5137   10.8646
    7.5000   15.0000  -15.0000 2902.4595   10.9699
   -7.5000   22.5000  -15.0000 2933.1877   10.7734
    0.0000   22.5000  -15.0000 2956.9478   10.7041
    7.5000   22.5000  -15.0000 2933.5220   10.8735
   -7.5000   30.0000  -15.0000 2918.0181   10.9586
    0.0000   30.0000  -15.0000 2940.5273   10.9270
    7.5000   30.0000  -15.0000 2920.0908   11.0964
   -7.5000   37.5000  -15.0000 2872.1172   11.4323
    0.0000   37.5000  -15.0000 2899.3020   11.3625
    7.5000   37.5000  -15.0000 2879.4075   11.5360
   -7.5000   45.0000  -15.0000 2803.9502   12.1255
    0.0000   45.0000  -15.0000 2827.8523   12.0240
    7.5000   45.0000  -15.0000 2811.1787   12.1881
   -7.5000   52.5000  -15.0000 2682.4111   12.9829
    0.0000   52.5000  -15.0000 2701.4465   12.8661
    7.5000   52.5000  -15.0000 2683.3672   13.0292
   -7.5000   60.0000  -15.0000 2511.8931   14.0063
    0.0000   60.0000  -15.0000 2531.6445   13.8665
    7.5000   60.0000  -15.0000 2512.2803   14.0282
   -7.5000  -30.0000   -7.5000 2282.6782   17.0745
    0.0000  -30.0000   -7.5000 2290.1548   16.9515
    7.5000  -30.0000   -7.5000 2280.6208   17.3311
   -7.5000  -22.5000   -7.5000 2416.4297   15.0962
    0.0000  -22.5000   -7.5000 2422.0637   14.9667
    7.5000  -22.5000   -7.5000 2415.1104   15.2984
   -7.5000  -15.0000   -7.5000 2534.1743   13.5858
    0.0000  -15.0000   -7.5000 2541.6917   13.4454
    7.5000  -15.0000   -7.5000 2534.5337   13.7352
   -7.5000   -7.5000   -7.5000 2660.2725   12.4416
    0.0000   -7.5000   -7.5000 2667.8704   12.3148
    7.5000   -7.5000   -7.5000 2661.9180   12.5543
   -7.5000    0.0000   -7.5000 2770.1472   11.5806
    0.0000    0.0000   -7.5000 2783.8391   11.4843
    7.5000    0.0000   -7.5000 2777.3765   11.6650
   -7.5000    7.5000   -7.5000 2868.1902   11.0119
    0.0000    7.5000   -7.5000 2886.3616   10.9298
    7.5000    7.5000   -7.5000 2876.9443   11.0554
   -7.5000   15.0000   -7.5000 2937.2749   10.6571
    0.0000   15.0000   -7.5000 2968.2627   10.5904
    7.5000   15.0000   -7.5000 2943.5742   10.7010
   -7.5000   22.5000   -7.5000 2983.0796   10.5167
    0.0000   22.5000   -7.5000 3013.5557   10.4873
    7.5000   22.5000   -7.5000 2985.1841   10.6118
   -7.5000   30.0000   -7.5000 2969.2380   10.6717
    0.0000   30.0000   -7.5000 2993.3071   10.6355
    7.5000   30.0000   -7.5000 2968.0854   10.8044
   -7.5000   37.5000   -7.5000 2914.5786   11.1486
    0.0000   37.5000   -7.5000 2940.3462   11.0370
    7.5000   37.5000   -7.5000 2920.7393   11.1896
   -7.5000   45.0000   -7.5000 2833.0796   11.8463
    0.0000   45.0000   -7.5000 2859.1707   11.7016
    7.5000   45.0000   -7.5000 2841.4177   11.8534
   -7.5000   52.5000   -7.5000 2703.4441   12.7341
    0.0000   52.5000   -7.5000 2729.0337   12.5846
    7.5000   52.5000   -7.5000 2712.6550   12.7372
   -7.5000   60.0000   -7.5000 2530.3909   13.7574
    0.0000   60.0000   -7.5000 2552.0393   13.6045
    7.5000   60.0000   -7.5000 2536.6592   13.7269
   -7.5000  -30.0000    0.0000 2272.3513   17.1456
    0.0000  -30.0000    0.0000 2281.7510   16.9633
    7.5000  -30.0000    0.0000 2274.0310   17.3720
   -7.5000  -22.5000    0.0000 2400.2959   15.1012
    0.0000  -22.5000    0.0000 2409.6968   14.9380
    7.5000  -22.5000    0.0000 2406.9595   15.3151
   -7.5000  -15.0000    0.0000 2524.0557   13.5413
    0.0000  -15.0000    0.0000 2531.7239   13.3694
    7.5000  -15.0000    0.0000 2529.9919   13.6911
   -7.5000   -7.5000    0.0000 2646.4084   12.3615
    0.0000   -7.5000    0.0000 2657.2732   12.1968
    7.5000   -7.5000    0.0000 2658.1218   12.4829
   -7.5000    0.0000    0.0000 2757.2522   11.4923
    0.0000    0.0000    0.0000 2771.8516   11.3288
    7.5000    0.0000    0.0000 2776.3672   11.5925
   -7.5000    7.5000    0.0000 2864.0186   10.9418
    0.0000    7.5000    0.0000 2885.2202   10.8072
    7.5000    7.5000    0.0000 2884.3936   10.9770
   -7.5000   15.0000    0.0000 2955.9304   10.6577
    0.0000   15.0000    0.0000 2985.6426   10.5720
    7.5000   15.0000    0.0000 2961.6165   10.6531
   -7.5000   22.5000    0.0000 3012.9993   10.5958
    0.0000   22.5000    0.0000 3043.2805   10.4670
    7.5000   22.5000    0.0000 3011.4055   10.5338
   -7.5000   30.0000    0.0000 2992.3079   10.7327
    0.0000   30.0000    0.0000 3020.0771   10.6019
    7.5000   30.0000    0.0000 2988.0225   10.6782
   -7.5000   37.5000    0.0000 2930.8403   11.0881
    0.0000   37.5000    0.0000 2962.1353   10.9325
    7.5000   37.5000    0.0000 2940.7642   11.0459
   -7.5000   45.0000    0.0000 2841.6338   11.7126
    0.0000   45.0000    0.0000 2870.5439   11.5679
    7.5000   45.0000    0.0000 2856.6794   11.7012
   -7.5000   52.5000    0.0000 2702.2070   12.5879
    0.0000   52.5000    0.0000 2732.2837   12.4509
    7.5000   52.5000    0.0000 2724.8030   12.5778
   -7.5000   60.0000    0.0000 2531.6411   13.6116
    0.0000   60.0000    0.0000 2554.5618   13.4560
    7.5000   60.0000    0.0000 2545.5874   13.5798
   -7.5000  -30.0000    7.5000 2255.7773   17.3096
    0.0000  -30.0000    7.5000 2265.9509   17.1461
    7.5000  -30.0000    7.5000 2261.0049   17.5552
   -7.5000  -22.5000    7.5000 2390.1001   15.2516
    0.0000  -22.5000    7.5000 2394.5564   15.0358
    7.5000  -22.5000    7.5000 2396.9373   15.4124
   -7.5000  -15.0000    7.5000 2510.1975   13.6860
    0.0000  -15.0000    7.5000 2519.5532   13.4716
    7.5000  -15.0000    7.5000 2524.1030   13.8007
   -7.5000   -7.5000    7.5000 2626.2288   12.5445
    0.0000   -7.5000    7.5000 2641.8789   12.3302
    7.5000   -7.5000    7.5000 2651.3435   12.5886
   -7.5000    0.0000    7.5000 2739.3401   11.6936
    0.0000    0.0000    7.5000 2757.5461   11.5036
    7.5000    0.0000    7.5000 2762.9175   11.7065
   -7.5000    7.5000    7.5000 2851.9487   11.1207
    0.0000    7.5000    7.5000 2870.3726   10.9850
    7.5000    7.5000    7.5000 2871.8704   11.1051
   -7.5000   15.0000    7.5000 2943.2544   10.7877
    0.0000   15.0000    7.5000 2967.2578   10.6811
    7.5000   15.0000    7.5000 2954.2197   10.7731
   -7.5000   22.5000    7.5000 2998.0942   10.7076
    0.0000   22.5000    7.5000 3032.2471   10.5315
    7.5000   22.5000    7.5000 3010.0439   10.6049
   -7.5000   30.0000    7.5000 2982.5103   10.8207
    0.0000   30.0000    7.5000 3016.1494   10.6562
    7.5000   30.0000    7.5000 2995.4602   10.7376
   -7.5000   37.5000    7.5000 2921.9907   11.1826
    0.0000   37.5000    7.5000 2953.0532   11.0301
    7.5000   37.5000    7.5000 2936.8547   11.1407
   -7.5000   45.0000    7.5000 2830.6147   11.7995
    0.0000   45.0000    7.5000 2858.2019   11.6576
    7.5000   45.0000    7.5000 2850.6555   11.7831
   -7.5000   52.5000    7.5000 2695.7566   12.6326
    0.0000   52.5000    7.5000 2721.4998   12.5040
    7.5000   52.5000    7.5000 2715.4358   12.6322
   -7.5000   60.0000    7.5000 2523.8303   13.6249
    0.0000   60.0000    7.5000 2544.6814   13.4629
    7.5000   60.0000    7.5000 2537.8884   13.5971
   -7.5000  -30.0000   15.0000 2230.3757   17.7224
    0.0000  -30.0000   15.0000 2238.3950   17.5399
    7.5000  -30.0000   15.0000 2236.8057   17.8166
   -7.5000  -22.5000   15.0000 2371.7476   15.6514
    0.0000  -22.5000   15.0000 2382.2209   15.4349
    7.5000  -22.5000   15.0000 2379.1199   15.6789
   -7.5000  -15.0000   15.0000 2486.9932   14.0895
    0.0000  -15.0000   15.0000 2503.9744   13.8726
    7.5000  -15.0000   15.0000 2501.2449   14.0929
   -7.5000   -7.5000   15.0000 2599.7227   12.9387
    0.0000   -7.5000   15.0000 2625.3206   12.7172
    7.5000   -7.5000   15.0000 2626.7266   12.9016
   -7.5000    0.0000   15.0000 2713.0288   12.0494
    0.0000    0.0000   15.0000 2738.8091   11.8445
    7.5000    0.0000   15.0000 2742.4565   12.0046
   -7.5000    7.5000   15.0000 2820.2729   11.4218
    0.0000    7.5000   15.0000 2842.9690   11.2248
    7.5000    7.5000   15.0000 2845.7253   11.3828
   -7.5000   15.0000   15.0000 2900.0774   11.0108
    0.0000   15.0000   15.0000 2925.6262   10.8383
    7.5000   15.0000   15.0000 2920.5095   10.9530
   -7.5000   22.5000   15.0000 2941.2642   10.9076
    0.0000   22.5000   15.0000 2976.6230   10.6753
    7.5000   22.5000   15.0000 2970.3875   10.7840
   -7.5000   30.0000   15.0000 2932.0959   11.0429
    0.0000   30.0000   15.0000 2971.2952   10.8561
    7.5000   30.0000   15.0000 2960.3000   10.9594
   -7.5000   37.5000   15.0000 2887.6172   11.4344
    0.0000   37.5000   15.0000 2913.2874   11.3033
    7.5000   37.5000   15.0000 2901.5745   11.4246
   -7.5000   45.0000   15.0000 2800.1614   12.0785
    0.0000   45.0000   15.0000 2825.6843   11.9423
    7.5000   45.0000   15.0000 2824.7952   12.0659
   -7.5000   52.5000   15.0000 2667.9363   12.9104
    0.0000   52.5000   15.0000 2690.8491   12.7631
    7.5000   52.5000   15.0000 2688.1272   12.9018
   -7.5000   60.0000   15.0000 2495.7166   13.8129
    0.0000   60.0000   15.0000 2519.4058   13.6611
    7.5000   60.0000   15.0000 2513.5325   13.7993
   -7.5000  -30.0000   22.5000 2196.4331   18.4060
    0.0000  -30.0000   22.5000 2206.0356   18.2157
    7.5000  -30.0000   22.5000 2199.5486   18.3940
   -7.5000  -22.5000   22.5000 2341.7356   16.2658
    0.0000  -22.5000   22.5000 2358.3047   16.0355
    7.5000  -22.5000   22.5000 2347.7881   16.1936
   -7.5000  -15.0000   22.5000 2455.0225   14.6495
    0.0000  -15.0000   22.5000 2481.4058   14.4049
    7.5000  -15.0000   22.5000 2474.8655   14.5668
   -7.5000   -7.5000   22.5000 2568.6724   13.4647
    0.0000   -7.5000   22.5000 2601.7625   13.2173
    7.5000   -7.5000   22.5000 2596.8447   13.3826
   -7.5000    0.0000   22.5000 2680.8921   12.5604
    0.0000    0.0000   22.5000 2709.4485   12.3190
    7.5000    0.0000   22.5000 2710.4492   12.4835
   -7.5000    7.5000   22.5000 2779.7654   11.8927
    0.0000    7.5000   22.5000 2803.6321   11.6282
    7.5000    7.5000   22.5000 2807.5586   11.7766
   -7.5000   15.0000   22.5000 2840.9307   11.4573
    0.0000   15.0000   22.5000 2869.5283   11.2059
    7.5000   15.0000   22.5000 2873.1392   11.3502
   -7.5000   22.5000   22.5000 2876.2146   11.3243
    0.0000   22.5000   22.5000 2911.2190   11.0704
    7.5000   22.5000   22.5000 2909.1367   11.2027
   -7.5000   30.0000   22.5000 2870.8225   11.4491
    0.0000   30.0000   22.5000 2907.3777   11.2474
    7.5000   30.0000   22.5000 2907.2954   11.3827
   -7.5000   37.5000   22.5000 2828.5813   11.8861
    0.0000   37.5000   22.5000 2852.9724   11.7301
    7.5000   37.5000   22.5000 2850.8210   11.8538
   -7.5000   45.0000   22.5000 2749.7188   12.5446
    0.0000   45.0000   22.5000 2774.4988   12.4012
    7.5000   45.0000   22.5000 2773.5286   12.5195
   -7.5000   52.5000   22.5000 2622.2278   13.3449
    0.0000   52.5000   22.5000 2649.3728   13.1807
    7.5000   52.5000   22.5000 2647.2429   13.3133
   -7.5000   60.0000   22.5000 2456.3445   14.2187
    0.0000   60.0000   22.5000 2479.9785   14.0512
    7.5000   60.0000   22.5000 2476.5774   14.1982
   -7.5000  -30.0000   30.0000 2150.1672   19.2205
    0.0000  -30.0000   30.0000 2167.1687   19.0032
    7.5000  -30.0000   30.0000 2161.3447   19.1574
   -7.5000  -22.5000   30.0000 2295.1572   17.0127
    0.0000  -22.5000   30.0000 2319.5210   16.7569
    7.5000  -22.5000   30.0000 2312.7253   16.9011
   -7.5000  -15.0000   30.0000 2419.6150   15.3268
    0.0000  -15.0000   30.0000 2448.3728   15.0793
    7.5000  -15.0000   30.0000 2441.7988   15.2335
   -7.5000   -7.5000   30.0000 2529.0044   14.1007
    0.0000   -7.5000   30.0000 2564.8879   13.8471
    7.5000   -7.5000   30.0000 2560.1375   14.0197
   -7.5000    0.0000   30.0000 2633.2229   13.1967
    0.0000    0.0000   30.0000 2668.6895   12.9038
    7.5000    0.0000   30.0000 2667.7578   13.0465
   -7.5000    7.5000   30.0000 2720.2905   12.5256
    0.0000    7.5000   30.0000 2753.6743   12.1900
    7.5000    7.5000   30.0000 2755.0823   12.3690
   -7.5000   15.0000   30.0000 2774.4111   12.1011
    0.0000   15.0000   30.0000 2806.1167   11.7865
    7.5000   15.0000   30.0000 2806.6777   11.9417
   -7.5000   22.5000   30.0000 2806.3589   11.9328
    0.0000   22.5000   30.0000 2838.8230   11.6484
    7.5000   22.5000   30.0000 2837.8950   11.8006
   -7.5000   30.0000   30.0000 2793.1592   12.0228
    0.0000   30.0000   30.0000 2826.3379   11.8150
    7.5000   30.0000   30.0000 2832.0161   11.9746
   -7.5000   37.5000   30.0000 2754.5728   12.4557
    0.0000   37.5000   30.0000 2778.4209   12.3156
    7.5000   37.5000   30.0000 2778.5964   12.4518
   -7.5000   45.0000   30.0000 2680.1040   13.1493
    0.0000   45.0000   30.0000 2707.2422   13.0050
    7.5000   45.0000   30.0000 2704.7148   13.1195
   -7.5000   52.5000   30.0000 2564.4417   13.9486
    0.0000   52.5000   30.0000 2592.9346   13.7885
    7.5000   52.5000   30.0000 2588.9177   13.9096
   -7.5000   60.0000   30.0000 2404.6270   14.8375
    0.0000   60.0000   30.0000 2426.4031   14.6690
    7.5000   60.0000   30.0000 2421.9304   14.7707
   -7.5000  -30.0000   37.5000 2099.5916   20.2929
    0.0000  -30.0000   37.5000 2122.0715   19.9771
    7.5000  -30.0000   37.5000 2117.4087   20.0718
   -7.5000  -22.5000   37.5000 2244.1909   17.9644
    0.0000  -22.5000   37.5000 2278.0237   17.6843
    7.5000  -22.5000   37.5000 2274.2021   17.7713
   -7.5000  -15.0000   37.5000 2371.2690   16.1873
    0.0000  -15.0000   37.5000 2410.7656   15.9256
    7.5000  -15.0000   37.5000 2404.2153   16.0420
   -7.5000   -7.5000   37.5000 2479.9155   14.9053
    0.0000   -7.5000   37.5000 2519.7190   14.6277
    7.5000   -7.5000   37.5000 2515.3396   14.7643
   -7.5000    0.0000   37.5000 2576.0308   13.9936
    0.0000    0.0000   37.5000 2614.8264   13.6651
    7.5000    0.0000   37.5000 2615.4482   13.8044
   -7.5000    7.5000   37.5000 2647.8845   13.3162
    0.0000    7.5000   37.5000 2687.8977   12.9693
    7.5000    7.5000   37.5000 2690.4045   13.1267
   -7.5000   15.0000   37.5000 2699.7004   12.8723
    0.0000   15.0000   37.5000 2733.4312   12.5581
    7.5000   15.0000   37.5000 2730.5085   12.6948
   -7.5000   22.5000   37.5000 2724.4131   12.6914
    0.0000   22.5000   37.5000 2752.7014   12.4286
    7.5000   22.5000   37.5000 2752.6851   12.5550
   -7.5000   30.0000   37.5000 2709.8225   12.8048
    0.0000   30.0000   37.5000 2738.8579   12.5874
    7.5000   30.0000   37.5000 2748.2131   12.7156
   -7.5000   37.5000   37.5000 2672.9143   13.2358
    0.0000   37.5000   37.5000 2698.8994   13.0804
    7.5000   37.5000   37.5000 2703.2480   13.2049
   -7.5000   45.0000   37.5000 2603.7119   13.8823
    0.0000   45.0000   37.5000 2636.1848   13.7509
    7.5000   45.0000   37.5000 2630.1233   13.8634
   -7.5000   52.5000   37.5000 2496.9644   14.6970
    0.0000   52.5000   37.5000 2524.7981   14.5190
    7.5000   52.5000   37.5000 2516.5059   14.6381
   -7.5000   60.0000   37.5000 2338.7524   15.6089
    0.0000   60.0000   37.5000 2361.1167   15.4409
    7.5000   60.0000   37.5000 2354.8850   15.5119
   -7.5000  -30.0000   45.0000 2042.6066   21.6028
    0.0000  -30.0000   45.0000 2069.7400   21.1815
    7.5000  -30.0000   45.0000 2065.3777   21.2926
   -7.5000  -22.5000   45.0000 2190.2393   19.0886
    0.0000  -22.5000   45.0000 2225.1226   18.7825
    7.5000  -22.5000   45.0000 2224.0134   18.8608
   -7.5000  -15.0000   45.0000 2312.7935   17.2134
    0.0000  -15.0000   45.0000 2354.1914   16.9450
    7.5000  -15.0000   45.0000 2356.1184   17.0243
   -7.5000   -7.5000   45.0000 2418.0139   15.8702
    0.0000   -7.5000   45.0000 2456.7781   15.6066
    7.5000   -7.5000   45.0000 2461.8057   15.6861
   -7.5000    0.0000   45.0000 2506.2390   14.9486
    0.0000    0.0000   45.0000 2547.9731   14.6185
    7.5000    0.0000   45.0000 2552.3201   14.7415
   -7.5000    7.5000   45.0000 2570.7166   14.2485
    0.0000    7.5000   45.0000 2607.0845   13.9359
    7.5000    7.5000   45.0000 2614.4958   14.0595
   -7.5000   15.0000   45.0000 2615.4900   13.8073
    0.0000   15.0000   45.0000 2644.5063   13.5211
    7.5000   15.0000   45.0000 2643.5127   13.6486
   -7.5000   22.5000   45.0000 2632.8926   13.5844
    0.0000   22.5000   45.0000 2656.8323   13.3586
    7.5000   22.5000   45.0000 2660.2903   13.4823
   -7.5000   30.0000   45.0000 2619.3596   13.6861
    0.0000   30.0000   45.0000 2649.5208   13.4817
    7.5000   30.0000   45.0000 2658.6990   13.5864
   -7.5000   37.5000   45.0000 2582.5483   14.1579
    0.0000   37.5000   45.0000 2617.2327   13.9915
    7.5000   37.5000   45.0000 2623.4626   14.0601
   -7.5000   45.0000   45.0000 2521.6802   14.7796
    0.0000   45.0000   45.0000 2554.3562   14.6587
    7.5000   45.0000   45.0000 2550.9492   14.7177
   -7.5000   52.5000   45.0000 2417.5325   15.6001
    0.0000   52.5000   45.0000 2444.5627   15.4509
    7.5000   52.5000   45.0000 2437.4553   15.5141
   -7.5000   60.0000   45.0000 2261.1196   16.5201
    0.0000   60.0000   45.0000 2287.1001   16.3996
    7.5000   60.0000   45.0000 2281.3242   16.3975

---------------------------------------------------------------------
imgreg_4dfp /opt/freesurfer/average/711-2C_as_mni_average_305 /opt/freesurfer/average/711-2B_as_mni_average_305_mask talsrcimg_g11 none talsrcimg_to_711-2C_as_mni_average_305_t4 1283
---------------------------------------------------------------------

freesurfer imgreg_4dfp.c
/opt/freesurfer/average/711-2C_as_mni_average_305.4dfp.img
       256       256       256         1
  1.000000  1.000000  1.000000
orientation T byte_order littleendian
Reading image: /opt/freesurfer/average/711-2C_as_mni_average_305.4dfp.img
dimensions:      256       256       256
mmppix:       1.0000   -1.0000   -1.0000
center:     128.0000 -129.0000 -129.0000
/opt/freesurfer/average/711-2B_as_mni_average_305_mask.4dfp.img
       256       256       256         1
  1.000000  1.000000  1.000000
orientation T byte_order littleendian
Reading mask: /opt/freesurfer/average/711-2B_as_mni_average_305_mask.4dfp.img (2306576 pixels)
talsrcimg_g11.4dfp.img
       256       256       256         1
  1.000000  1.000000  1.000000
orientation T byte_order littleendian
Reading image: talsrcimg_g11.4dfp.img
dimensions:      256       256       256
mmppix:       1.0000   -1.0000   -1.0000
center:     128.0000 -129.0000 -129.0000
rotation matrix determinant  1.000000
fimgreg.f
image alignment mode   1283 decimal      503 hex
parameters
    0.0000   22.5000    0.0000    0.0000    0.0000    0.0000
eta,q 0.95465 10.48451
niter,ni,del,rscale     5    3   12.0000    1.2000
parameter  5  4.623538 ->  0.500000 qaram    1.1500
parameters
    0.3584   23.4118    2.2352    0.0401   -3.4500   -2.3242
eta,q 0.96454 10.30293
  0.0538  0.0591  0.0524  0.0521  0.0335  0.0381
  0.0495  0.0531  0.0496  0.0484  0.0355  0.0362
  0.0472  0.0481  0.0476  0.0449  0.0397  0.0355
  0.0463  0.0460  0.0458  0.0447  0.0448  0.0365
  0.0466  0.0463  0.0449  0.0472  0.0500  0.0391
  0.0484  0.0492  0.0454  0.0496  0.0547  0.0434
  0.0522  0.0529  0.0470  0.0503  0.0588  0.0485
niter,ni,del,rscale     5    3   12.0000    1.2000
parameter  5  0.609165 ->  0.500000 qaram    1.3225
parameters
    1.1962   24.1611    2.8040   -0.3258   -7.4175   -2.6288
eta,q 0.96899 10.39862
  0.0543  0.0495  0.0444  0.0430  0.0336  0.0373
  0.0452  0.0418  0.0401  0.0364  0.0312  0.0342
  0.0389  0.0364  0.0366  0.0336  0.0315  0.0319
  0.0355  0.0349  0.0350  0.0350  0.0346  0.0310
  0.0352  0.0353  0.0358  0.0374  0.0397  0.0322
  0.0393  0.0378  0.0380  0.0398  0.0459  0.0348
  0.0464  0.0434  0.0415  0.0424  0.0521  0.0389
niter,ni,del,rscale     5    3   12.0000    1.2000
parameters
    2.3383   24.3479    2.9011   -0.1933   -7.5648   -2.5889
eta,q 0.96894 10.40078
  0.0537  0.0437  0.0410  0.0409  0.0452  0.0381
  0.0429  0.0355  0.0361  0.0337  0.0360  0.0350
  0.0346  0.0317  0.0325  0.0306  0.0316  0.0325
  0.0310  0.0311  0.0310  0.0310  0.0311  0.0311
  0.0319  0.0313  0.0321  0.0329  0.0332  0.0321
  0.0354  0.0352  0.0354  0.0353  0.0378  0.0346
  0.0408  0.0417  0.0406  0.0379  0.0452  0.0382
niter,ni,del,rscale     4    3   12.0000    1.2000
parameters
    2.4405   24.3109    2.9110   -0.1504   -7.6242   -2.5674
eta,q 0.96886 10.39939
  0.0474  0.0426  0.0408  0.0406  0.0456  0.0381
  0.0378  0.0348  0.0359  0.0335  0.0363  0.0351
  0.0319  0.0316  0.0324  0.0307  0.0318  0.0325
  0.0311  0.0311  0.0311  0.0311  0.0312  0.0311
  0.0337  0.0316  0.0324  0.0331  0.0332  0.0322
  0.0382  0.0358  0.0356  0.0354  0.0375  0.0347
  0.0450  0.0424  0.0409  0.0381  0.0450  0.0383
niter,ni,del,rscale     3    3   12.0000    1.2000
parameters
    2.4601   24.2974    2.9114   -0.1331   -7.6383   -2.5592
eta,q 0.96884 10.39901
  0.0470  0.0427  0.0407  0.0405  0.0458  0.0381
  0.0375  0.0348  0.0359  0.0334  0.0364  0.0351
  0.0318  0.0317  0.0324  0.0307  0.0318  0.0325
  0.0311  0.0312  0.0312  0.0312  0.0312  0.0312
  0.0339  0.0316  0.0324  0.0331  0.0332  0.0322
  0.0384  0.0357  0.0356  0.0355  0.0374  0.0347
  0.0454  0.0423  0.0409  0.0382  0.0448  0.0384
registration optimization eta report
parameter search radius
    6.0000    6.0000    6.0000    6.0000    7.9350    6.0000
100000*second partial in parameter space
       42.       33.       27.       23.       23.       19.
  0.0470  0.0427  0.0407  0.0405  0.0458  0.0381
  0.0375  0.0348  0.0359  0.0334  0.0364  0.0351
  0.0318  0.0317  0.0324  0.0307  0.0318  0.0325
  0.0311  0.0312  0.0312  0.0312  0.0312  0.0312
  0.0339  0.0316  0.0324  0.0331  0.0332  0.0322
  0.0384  0.0357  0.0356  0.0355  0.0374  0.0347
  0.0454  0.0423  0.0409  0.0382  0.0448  0.0384
    2.4601   24.2974    2.9114   -0.1331   -7.6383   -2.5592
eta,q 0.96884 10.39901

---------------------------------------------------------------------
imgreg_4dfp /opt/freesurfer/average/711-2C_as_mni_average_305 /opt/freesurfer/average/711-2B_as_mni_average_305_mask talsrcimg_g11 none talsrcimg_to_711-2C_as_mni_average_305_t4 3335
---------------------------------------------------------------------

freesurfer imgreg_4dfp.c
/opt/freesurfer/average/711-2C_as_mni_average_305.4dfp.img
       256       256       256         1
  1.000000  1.000000  1.000000
orientation T byte_order littleendian
Reading image: /opt/freesurfer/average/711-2C_as_mni_average_305.4dfp.img
dimensions:      256       256       256
mmppix:       1.0000   -1.0000   -1.0000
center:     128.0000 -129.0000 -129.0000
/opt/freesurfer/average/711-2B_as_mni_average_305_mask.4dfp.img
       256       256       256         1
  1.000000  1.000000  1.000000
orientation T byte_order littleendian
Reading mask: /opt/freesurfer/average/711-2B_as_mni_average_305_mask.4dfp.img (2306576 pixels)
talsrcimg_g11.4dfp.img
       256       256       256         1
  1.000000  1.000000  1.000000
orientation T byte_order littleendian
Reading image: talsrcimg_g11.4dfp.img
dimensions:      256       256       256
mmppix:       1.0000   -1.0000   -1.0000
center:     128.0000 -129.0000 -129.0000
fimgreg.f
image alignment mode   3335 decimal      D07 hex
parameters
    2.4601   24.2974    2.9114   -0.9862   -0.0986   -0.8876
    4.4343   13.2889   -4.4256   -0.3614  -13.2918   -0.2303
eta,q 0.96908 10.50799
niter,ni,del,rscale     5    3    5.0000    1.2000
parameter  4  1.405478 ->  0.500000 qaram    1.1500
parameter  5  1.812499 ->  0.500000 qaram    1.1500
parameter 12  0.887638 ->  0.500000 qaram    1.1500
parameters
    2.2212   24.6906    3.3564   -5.1262   -4.2386   -1.2568
    4.7171   12.3239   -4.1970   -0.1723  -11.9994   -4.3703
eta,q 0.97616 10.27988
  0.0333  0.0339  0.0329  0.0271  0.0234  0.0273  0.0276  0.0282  0.0269  0.0288  0.0266  0.0238
  0.0319  0.0325  0.0319  0.0276  0.0245  0.0261  0.0261  0.0262  0.0258  0.0268  0.0257  0.0238
  0.0311  0.0315  0.0312  0.0289  0.0259  0.0252  0.0252  0.0250  0.0251  0.0255  0.0251  0.0241
  0.0309  0.0309  0.0308  0.0307  0.0279  0.0249  0.0249  0.0249  0.0248  0.0248  0.0248  0.0248
  0.0315  0.0309  0.0308  0.0332  0.0303  0.0253  0.0251  0.0259  0.0250  0.0251  0.0248  0.0256
  0.0327  0.0314  0.0311  0.0361  0.0329  0.0264  0.0259  0.0279  0.0256  0.0264  0.0251  0.0268
  0.0346  0.0325  0.0318  0.0388  0.0359  0.0278  0.0272  0.0305  0.0267  0.0285  0.0256  0.0282
niter,ni,del,rscale     7    3    5.0000    1.2000
parameter  5  0.730910 ->  0.500000 qaram    1.3225
parameters
    2.2461   24.1488    3.2201   -8.6061   -8.9996    0.0630
    4.5099   12.3672   -4.3542    0.5227  -12.3305   -5.8122
eta,q 0.97924 10.11942
  0.0276  0.0254  0.0254  0.0245  0.0216  0.0244  0.0243  0.0255  0.0233  0.0258  0.0223  0.0225
  0.0256  0.0243  0.0244  0.0233  0.0210  0.0230  0.0224  0.0232  0.0220  0.0233  0.0215  0.0215
  0.0243  0.0237  0.0238  0.0229  0.0216  0.0219  0.0212  0.0215  0.0211  0.0216  0.0210  0.0208
  0.0238  0.0238  0.0237  0.0237  0.0229  0.0211  0.0209  0.0209  0.0209  0.0209  0.0209  0.0209
  0.0242  0.0247  0.0240  0.0256  0.0250  0.0209  0.0215  0.0213  0.0212  0.0212  0.0211  0.0216
  0.0255  0.0261  0.0247  0.0281  0.0278  0.0217  0.0228  0.0230  0.0221  0.0223  0.0217  0.0226
  0.0275  0.0279  0.0258  0.0314  0.0308  0.0228  0.0247  0.0255  0.0234  0.0241  0.0226  0.0241
niter,ni,del,rscale     7    3    5.0000    1.2000
parameters
    2.2926   24.0704    3.6913   -8.3329   -9.8543    0.7485
    4.4629   12.5013   -4.2719    0.6849  -12.3089   -5.8185
eta,q 0.97952 10.12836
  0.0249  0.0236  0.0236  0.0250  0.0253  0.0238  0.0242  0.0253  0.0230  0.0248  0.0220  0.0230
  0.0227  0.0220  0.0223  0.0231  0.0228  0.0224  0.0222  0.0229  0.0216  0.0224  0.0212  0.0217
  0.0213  0.0210  0.0213  0.0216  0.0209  0.0213  0.0209  0.0212  0.0208  0.0209  0.0207  0.0208
  0.0208  0.0208  0.0208  0.0207  0.0206  0.0205  0.0205  0.0205  0.0205  0.0205  0.0205  0.0205
  0.0211  0.0212  0.0207  0.0209  0.0218  0.0207  0.0210  0.0209  0.0207  0.0210  0.0206  0.0209
  0.0224  0.0223  0.0212  0.0224  0.0241  0.0216  0.0224  0.0225  0.0216  0.0223  0.0212  0.0218
  0.0246  0.0240  0.0220  0.0248  0.0272  0.0229  0.0243  0.0251  0.0229  0.0243  0.0220  0.0230
niter,ni,del,rscale     6    3    5.0000    1.2000
parameters
    2.3378   24.0883    3.8360   -8.1710  -10.1328    0.9322
    4.4405   12.5466   -4.2542    0.6734  -12.3002   -5.8009
eta,q 0.97959 10.13078
  0.0246  0.0236  0.0229  0.0248  0.0257  0.0235  0.0242  0.0251  0.0229  0.0246  0.0219  0.0230
  0.0224  0.0219  0.0216  0.0229  0.0232  0.0221  0.0222  0.0228  0.0215  0.0222  0.0211  0.0217
  0.0210  0.0208  0.0208  0.0213  0.0211  0.0210  0.0209  0.0211  0.0207  0.0208  0.0206  0.0207
  0.0205  0.0205  0.0205  0.0205  0.0204  0.0204  0.0204  0.0204  0.0204  0.0204  0.0204  0.0204
  0.0208  0.0208  0.0206  0.0207  0.0214  0.0208  0.0209  0.0209  0.0207  0.0210  0.0206  0.0208
  0.0222  0.0219  0.0213  0.0223  0.0234  0.0218  0.0223  0.0225  0.0215  0.0224  0.0211  0.0217
  0.0244  0.0235  0.0223  0.0248  0.0265  0.0233  0.0242  0.0252  0.0229  0.0244  0.0220  0.0229
niter,ni,del,rscale     5    3    5.0000    1.2000
parameters
    2.3489   24.0900    3.8793   -8.1095  -10.2136    0.9865
    4.4380   12.5602   -4.2464    0.6600  -12.2936   -5.7936
eta,q 0.97961 10.13177
  0.0245  0.0235  0.0226  0.0247  0.0259  0.0234  0.0242  0.0251  0.0229  0.0246  0.0219  0.0230
  0.0223  0.0218  0.0214  0.0228  0.0233  0.0220  0.0222  0.0227  0.0215  0.0222  0.0211  0.0216
  0.0209  0.0208  0.0207  0.0212  0.0212  0.0209  0.0209  0.0211  0.0207  0.0208  0.0206  0.0207
  0.0204  0.0204  0.0204  0.0204  0.0204  0.0204  0.0204  0.0204  0.0204  0.0204  0.0204  0.0204
  0.0208  0.0208  0.0206  0.0207  0.0213  0.0208  0.0209  0.0209  0.0207  0.0210  0.0205  0.0208
  0.0222  0.0218  0.0213  0.0224  0.0232  0.0218  0.0223  0.0226  0.0215  0.0224  0.0211  0.0217
  0.0245  0.0235  0.0225  0.0249  0.0262  0.0235  0.0242  0.0252  0.0229  0.0244  0.0220  0.0229
niter,ni,del,rscale     4    3    5.0000    1.2000
parameters
    2.3518   24.0892    3.8922   -8.0887  -10.2386    0.9984
    4.4347   12.5623   -4.2475    0.6569  -12.2894   -5.7924
eta,q 0.97961 10.13200
  0.0244  0.0235  0.0226  0.0246  0.0259  0.0234  0.0242  0.0251  0.0229  0.0246  0.0219  0.0229
  0.0223  0.0218  0.0214  0.0227  0.0234  0.0220  0.0222  0.0227  0.0215  0.0222  0.0211  0.0216
  0.0209  0.0207  0.0206  0.0212  0.0212  0.0209  0.0209  0.0211  0.0207  0.0208  0.0206  0.0207
  0.0204  0.0204  0.0204  0.0204  0.0204  0.0204  0.0204  0.0204  0.0204  0.0204  0.0204  0.0204
  0.0208  0.0208  0.0206  0.0207  0.0212  0.0208  0.0209  0.0209  0.0207  0.0210  0.0205  0.0208
  0.0222  0.0218  0.0214  0.0224  0.0232  0.0218  0.0223  0.0226  0.0215  0.0224  0.0211  0.0217
  0.0245  0.0235  0.0225  0.0250  0.0262  0.0235  0.0242  0.0252  0.0229  0.0244  0.0219  0.0229
registration optimization eta report
parameter search radius
    2.4000    2.4000    2.4000    8.2800    9.5220    7.2000
    7.2000    7.2000    7.2000    7.2000    7.2000    8.2800
100000*second partial in parameter space
       70.       54.       37.        6.        6.        6.
        7.        9.        5.        8.        3.        4.
  0.0244  0.0235  0.0226  0.0246  0.0259  0.0234  0.0242  0.0251  0.0229  0.0246  0.0219  0.0229
  0.0223  0.0218  0.0214  0.0227  0.0234  0.0220  0.0222  0.0227  0.0215  0.0222  0.0211  0.0216
  0.0209  0.0207  0.0206  0.0212  0.0212  0.0209  0.0209  0.0211  0.0207  0.0208  0.0206  0.0207
  0.0204  0.0204  0.0204  0.0204  0.0204  0.0204  0.0204  0.0204  0.0204  0.0204  0.0204  0.0204
  0.0208  0.0208  0.0206  0.0207  0.0212  0.0208  0.0209  0.0209  0.0207  0.0210  0.0205  0.0208
  0.0222  0.0218  0.0214  0.0224  0.0232  0.0218  0.0223  0.0226  0.0215  0.0224  0.0211  0.0217
  0.0245  0.0235  0.0225  0.0250  0.0262  0.0235  0.0242  0.0252  0.0229  0.0244  0.0219  0.0229
    2.3518   24.0892    3.8922   -8.0887  -10.2386    0.9984
    4.4347   12.5623   -4.2475    0.6569  -12.2894   -5.7924
eta,q 0.97961 10.13200

---------------------------------------------------------------------
imgreg_4dfp /opt/freesurfer/average/711-2C_as_mni_average_305 /opt/freesurfer/average/711-2B_as_mni_average_305_mask talsrcimg_g11 none talsrcimg_to_711-2C_as_mni_average_305_t4 2311
---------------------------------------------------------------------

freesurfer imgreg_4dfp.c
/opt/freesurfer/average/711-2C_as_mni_average_305.4dfp.img
       256       256       256         1
  1.000000  1.000000  1.000000
orientation T byte_order littleendian
Reading image: /opt/freesurfer/average/711-2C_as_mni_average_305.4dfp.img
dimensions:      256       256       256
mmppix:       1.0000   -1.0000   -1.0000
center:     128.0000 -129.0000 -129.0000
/opt/freesurfer/average/711-2B_as_mni_average_305_mask.4dfp.img
       256       256       256         1
  1.000000  1.000000  1.000000
orientation T byte_order littleendian
Reading mask: /opt/freesurfer/average/711-2B_as_mni_average_305_mask.4dfp.img (2306576 pixels)
talsrcimg_g11.4dfp.img
       256       256       256         1
  1.000000  1.000000  1.000000
orientation T byte_order littleendian
Reading image: talsrcimg_g11.4dfp.img
dimensions:      256       256       256
mmppix:       1.0000   -1.0000   -1.0000
center:     128.0000 -129.0000 -129.0000
fimgreg.f
image alignment mode   2311 decimal      907 hex
parameters
    2.3518   24.0892    3.8922   -8.0887  -10.2386    0.9984
    4.4347   12.5623   -4.2475    0.6569  -12.2894   -5.7924
eta,q 0.97961 10.13199
niter,ni,del,rscale     5    3    5.0000    0.8000
parameters
    2.3692   24.0792    3.8885   -7.6870  -10.2517    1.1176
    4.3823   12.7154   -4.2468    0.5088  -12.1373   -5.8503
eta,q 0.97966 10.14494
  0.0223  0.0218  0.0214  0.0223  0.0221  0.0220  0.0222  0.0228  0.0215  0.0222  0.0211  0.0213
  0.0213  0.0210  0.0208  0.0214  0.0212  0.0212  0.0212  0.0215  0.0209  0.0211  0.0207  0.0208
  0.0206  0.0205  0.0205  0.0208  0.0205  0.0206  0.0206  0.0207  0.0205  0.0205  0.0204  0.0204
  0.0204  0.0204  0.0204  0.0204  0.0204  0.0204  0.0204  0.0203  0.0203  0.0203  0.0203  0.0203
  0.0206  0.0206  0.0205  0.0204  0.0206  0.0205  0.0206  0.0205  0.0205  0.0207  0.0204  0.0205
  0.0212  0.0210  0.0208  0.0209  0.0212  0.0211  0.0212  0.0213  0.0209  0.0214  0.0206  0.0208
  0.0222  0.0218  0.0214  0.0219  0.0221  0.0218  0.0222  0.0225  0.0215  0.0224  0.0210  0.0213
niter,ni,del,rscale     4    3    5.0000    0.7000
parameters
    2.3731   24.0466    3.9063   -7.6075  -10.3141    1.1573
    4.3966   12.7547   -4.2655    0.4476  -12.1022   -5.8357
eta,q 0.97967 10.14641
  0.0218  0.0214  0.0211  0.0217  0.0217  0.0216  0.0218  0.0221  0.0212  0.0218  0.0209  0.0211
  0.0210  0.0208  0.0207  0.0210  0.0209  0.0210  0.0210  0.0212  0.0207  0.0210  0.0206  0.0207
  0.0205  0.0204  0.0204  0.0206  0.0204  0.0205  0.0205  0.0206  0.0204  0.0205  0.0204  0.0204
  0.0203  0.0203  0.0203  0.0203  0.0203  0.0203  0.0203  0.0203  0.0203  0.0203  0.0203  0.0203
  0.0205  0.0205  0.0204  0.0204  0.0206  0.0205  0.0205  0.0205  0.0204  0.0206  0.0204  0.0204
  0.0210  0.0209  0.0207  0.0209  0.0211  0.0210  0.0210  0.0211  0.0207  0.0211  0.0206  0.0207
  0.0218  0.0215  0.0211  0.0217  0.0217  0.0216  0.0218  0.0221  0.0212  0.0219  0.0209  0.0211
niter,ni,del,rscale     3    3    5.0000    0.6000
parameters
    2.3776   24.0383    3.9163   -7.5302  -10.3768    1.1620
    4.4015   12.7822   -4.2595    0.3915  -12.0716   -5.8372
eta,q 0.97968 10.14657
  0.0214  0.0211  0.0209  0.0214  0.0214  0.0213  0.0214  0.0217  0.0210  0.0215  0.0207  0.0209
  0.0208  0.0207  0.0206  0.0209  0.0208  0.0208  0.0208  0.0209  0.0206  0.0208  0.0205  0.0206
  0.0205  0.0204  0.0204  0.0205  0.0204  0.0205  0.0204  0.0205  0.0204  0.0204  0.0204  0.0204
  0.0203  0.0203  0.0203  0.0203  0.0203  0.0203  0.0203  0.0203  0.0203  0.0203  0.0203  0.0203
  0.0204  0.0204  0.0204  0.0204  0.0205  0.0204  0.0204  0.0205  0.0204  0.0205  0.0204  0.0204
  0.0208  0.0207  0.0206  0.0207  0.0209  0.0208  0.0208  0.0209  0.0206  0.0209  0.0205  0.0206
  0.0214  0.0212  0.0209  0.0214  0.0214  0.0213  0.0214  0.0216  0.0210  0.0215  0.0207  0.0209
niter,ni,del,rscale     2    3    5.0000    0.5000
parameters
    2.3795   24.0365    3.9250   -7.4648  -10.4544    1.1767
    4.4012   12.8012   -4.2562    0.3489  -12.0429   -5.8268
eta,q 0.97969 10.14639
  0.0211  0.0209  0.0207  0.0211  0.0211  0.0211  0.0211  0.0213  0.0208  0.0211  0.0206  0.0207
  0.0207  0.0206  0.0205  0.0207  0.0206  0.0207  0.0207  0.0207  0.0205  0.0206  0.0204  0.0205
  0.0204  0.0204  0.0204  0.0204  0.0204  0.0204  0.0204  0.0204  0.0204  0.0204  0.0203  0.0204
  0.0203  0.0203  0.0203  0.0203  0.0203  0.0203  0.0203  0.0203  0.0203  0.0203  0.0203  0.0203
  0.0204  0.0204  0.0204  0.0204  0.0204  0.0204  0.0204  0.0204  0.0204  0.0204  0.0203  0.0204
  0.0206  0.0206  0.0205  0.0206  0.0207  0.0207  0.0207  0.0207  0.0205  0.0207  0.0204  0.0205
  0.0211  0.0209  0.0207  0.0210  0.0211  0.0211  0.0211  0.0212  0.0208  0.0211  0.0206  0.0207
niter,ni,del,rscale     1    3    5.0000    0.4000
parameters
    2.3832   24.0349    3.9278   -7.4001  -10.5162    1.2058
    4.4139   12.8188   -4.2606    0.3206  -12.0089   -5.8341
eta,q 0.97969 10.14712
  0.0208  0.0207  0.0206  0.0208  0.0208  0.0208  0.0208  0.0209  0.0206  0.0208  0.0205  0.0206
  0.0205  0.0205  0.0204  0.0206  0.0205  0.0206  0.0205  0.0206  0.0204  0.0205  0.0204  0.0204
  0.0204  0.0204  0.0203  0.0204  0.0203  0.0204  0.0204  0.0204  0.0203  0.0204  0.0203  0.0203
  0.0203  0.0203  0.0203  0.0203  0.0203  0.0203  0.0203  0.0203  0.0203  0.0203  0.0203  0.0203
  0.0204  0.0204  0.0203  0.0203  0.0204  0.0204  0.0204  0.0204  0.0203  0.0204  0.0203  0.0203
  0.0205  0.0205  0.0204  0.0205  0.0206  0.0205  0.0205  0.0206  0.0204  0.0206  0.0204  0.0204
  0.0208  0.0207  0.0206  0.0208  0.0208  0.0208  0.0208  0.0209  0.0206  0.0208  0.0205  0.0206
registration optimization eta report
parameter search radius
    0.8000    0.8000    0.8000    2.4000    2.4000    2.4000
    2.4000    2.4000    2.4000    2.4000    2.4000    2.4000
100000*second partial in parameter space
       75.       59.       40.        8.        9.        9.
        9.       10.        5.        9.        3.        5.
  0.0208  0.0207  0.0206  0.0208  0.0208  0.0208  0.0208  0.0209  0.0206  0.0208  0.0205  0.0206
  0.0205  0.0205  0.0204  0.0206  0.0205  0.0206  0.0205  0.0206  0.0204  0.0205  0.0204  0.0204
  0.0204  0.0204  0.0203  0.0204  0.0203  0.0204  0.0204  0.0204  0.0203  0.0204  0.0203  0.0203
  0.0203  0.0203  0.0203  0.0203  0.0203  0.0203  0.0203  0.0203  0.0203  0.0203  0.0203  0.0203
  0.0204  0.0204  0.0203  0.0203  0.0204  0.0204  0.0204  0.0204  0.0203  0.0204  0.0203  0.0203
  0.0205  0.0205  0.0204  0.0205  0.0206  0.0205  0.0205  0.0206  0.0204  0.0206  0.0204  0.0204
  0.0208  0.0207  0.0206  0.0208  0.0208  0.0208  0.0208  0.0209  0.0206  0.0208  0.0205  0.0206
    2.3832   24.0349    3.9278   -7.4001  -10.5162    1.2058
    4.4139   12.8188   -4.2606    0.3206  -12.0089   -5.8341
eta,q 0.97969 10.14712

---------------------------------------------------------------------
imgreg_4dfp /opt/freesurfer/average/711-2C_as_mni_average_305 /opt/freesurfer/average/711-2B_as_mni_average_305_mask talsrcimg_g11 none talsrcimg_to_711-2C_as_mni_average_305_t4 2311
---------------------------------------------------------------------

freesurfer imgreg_4dfp.c
/opt/freesurfer/average/711-2C_as_mni_average_305.4dfp.img
       256       256       256         1
  1.000000  1.000000  1.000000
orientation T byte_order littleendian
Reading image: /opt/freesurfer/average/711-2C_as_mni_average_305.4dfp.img
dimensions:      256       256       256
mmppix:       1.0000   -1.0000   -1.0000
center:     128.0000 -129.0000 -129.0000
/opt/freesurfer/average/711-2B_as_mni_average_305_mask.4dfp.img
       256       256       256         1
  1.000000  1.000000  1.000000
orientation T byte_order littleendian
Reading mask: /opt/freesurfer/average/711-2B_as_mni_average_305_mask.4dfp.img (2306576 pixels)
talsrcimg_g11.4dfp.img
       256       256       256         1
  1.000000  1.000000  1.000000
orientation T byte_order littleendian
Reading image: talsrcimg_g11.4dfp.img
dimensions:      256       256       256
mmppix:       1.0000   -1.0000   -1.0000
center:     128.0000 -129.0000 -129.0000
fimgreg.f
image alignment mode   2311 decimal      907 hex
parameters
    2.3832   24.0349    3.9278   -7.4001  -10.5162    1.2058
    4.4139   12.8188   -4.2606    0.3206  -12.0089   -5.8341
eta,q 0.97969 10.14712
niter,ni,del,rscale     5    3    5.0000    0.8000
parameters
    2.3699   24.0388    3.9476   -7.5793  -10.3349    1.2113
    4.4147   12.7301   -4.3027    0.4637  -12.0963   -5.8200
eta,q 0.97968 10.14833
  0.0222  0.0218  0.0213  0.0219  0.0223  0.0219  0.0222  0.0225  0.0215  0.0225  0.0210  0.0213
  0.0211  0.0210  0.0208  0.0211  0.0213  0.0211  0.0212  0.0214  0.0208  0.0213  0.0206  0.0208
  0.0205  0.0205  0.0204  0.0205  0.0205  0.0206  0.0205  0.0206  0.0205  0.0205  0.0204  0.0204
  0.0203  0.0203  0.0203  0.0203  0.0203  0.0203  0.0203  0.0203  0.0203  0.0203  0.0203  0.0203
  0.0205  0.0205  0.0204  0.0205  0.0206  0.0206  0.0205  0.0206  0.0205  0.0206  0.0204  0.0205
  0.0212  0.0210  0.0207  0.0212  0.0211  0.0212  0.0212  0.0214  0.0209  0.0212  0.0207  0.0208
  0.0222  0.0218  0.0213  0.0223  0.0220  0.0219  0.0222  0.0228  0.0215  0.0222  0.0211  0.0213
niter,ni,del,rscale     4    3    5.0000    0.7000
parameters
    2.3742   24.0377    3.9273   -7.5815  -10.3425    1.1826
    4.4179   12.7557   -4.2837    0.4238  -12.0843   -5.8224
eta,q 0.97968 10.14698
  0.0218  0.0214  0.0211  0.0217  0.0218  0.0216  0.0218  0.0221  0.0212  0.0219  0.0209  0.0211
  0.0210  0.0208  0.0206  0.0210  0.0210  0.0210  0.0210  0.0212  0.0207  0.0210  0.0206  0.0207
  0.0205  0.0204  0.0204  0.0205  0.0204  0.0205  0.0205  0.0205  0.0204  0.0205  0.0204  0.0204
  0.0203  0.0203  0.0203  0.0203  0.0203  0.0203  0.0203  0.0203  0.0203  0.0203  0.0203  0.0203
  0.0205  0.0205  0.0204  0.0204  0.0205  0.0205  0.0205  0.0205  0.0204  0.0205  0.0204  0.0204
  0.0210  0.0208  0.0207  0.0209  0.0210  0.0210  0.0210  0.0211  0.0207  0.0211  0.0206  0.0207
  0.0218  0.0214  0.0211  0.0218  0.0217  0.0216  0.0218  0.0221  0.0212  0.0219  0.0209  0.0211
niter,ni,del,rscale     3    3    5.0000    0.6000
parameters
    2.3756   24.0385    3.9239   -7.5275  -10.3873    1.1646
    4.4083   12.7822   -4.2734    0.3815  -12.0678   -5.8280
eta,q 0.97969 10.14640
  0.0214  0.0211  0.0209  0.0214  0.0214  0.0213  0.0214  0.0217  0.0210  0.0215  0.0207  0.0209
  0.0208  0.0207  0.0206  0.0208  0.0208  0.0208  0.0208  0.0209  0.0206  0.0208  0.0205  0.0206
  0.0204  0.0204  0.0204  0.0205  0.0204  0.0205  0.0204  0.0205  0.0204  0.0204  0.0204  0.0204
  0.0203  0.0203  0.0203  0.0203  0.0203  0.0203  0.0203  0.0203  0.0203  0.0203  0.0203  0.0203
  0.0204  0.0204  0.0204  0.0204  0.0205  0.0204  0.0204  0.0205  0.0204  0.0205  0.0204  0.0204
  0.0208  0.0207  0.0206  0.0207  0.0209  0.0208  0.0208  0.0209  0.0206  0.0209  0.0205  0.0206
  0.0214  0.0211  0.0209  0.0214  0.0214  0.0213  0.0214  0.0216  0.0210  0.0215  0.0207  0.0209
niter,ni,del,rscale     2    3    5.0000    0.5000
parameters
    2.3808   24.0354    3.9240   -7.4600  -10.4566    1.1735
    4.4076   12.8030   -4.2634    0.3498  -12.0348   -5.8305
eta,q 0.97969 10.14636
  0.0211  0.0209  0.0207  0.0211  0.0211  0.0211  0.0211  0.0213  0.0208  0.0211  0.0206  0.0207
  0.0207  0.0206  0.0205  0.0207  0.0206  0.0207  0.0207  0.0207  0.0205  0.0207  0.0204  0.0205
  0.0204  0.0204  0.0204  0.0204  0.0204  0.0204  0.0204  0.0204  0.0204  0.0204  0.0203  0.0204
  0.0203  0.0203  0.0203  0.0203  0.0203  0.0203  0.0203  0.0203  0.0203  0.0203  0.0203  0.0203
  0.0204  0.0204  0.0204  0.0204  0.0204  0.0204  0.0204  0.0204  0.0204  0.0204  0.0203  0.0204
  0.0206  0.0206  0.0205  0.0206  0.0207  0.0207  0.0207  0.0207  0.0205  0.0207  0.0204  0.0205
  0.0211  0.0209  0.0207  0.0210  0.0211  0.0211  0.0211  0.0212  0.0208  0.0211  0.0206  0.0207
niter,ni,del,rscale     1    3    5.0000    0.4000
parameters
    2.3835   24.0353    3.9276   -7.3967  -10.5168    1.2019
    4.4110   12.8181   -4.2614    0.3199  -12.0109   -5.8335
eta,q 0.97969 10.14707
  0.0208  0.0207  0.0206  0.0208  0.0208  0.0208  0.0208  0.0209  0.0206  0.0208  0.0205  0.0206
  0.0205  0.0205  0.0204  0.0206  0.0205  0.0206  0.0205  0.0206  0.0205  0.0205  0.0204  0.0204
  0.0204  0.0204  0.0203  0.0204  0.0203  0.0204  0.0204  0.0204  0.0203  0.0204  0.0203  0.0203
  0.0203  0.0203  0.0203  0.0203  0.0203  0.0203  0.0203  0.0203  0.0203  0.0203  0.0203  0.0203
  0.0204  0.0204  0.0203  0.0203  0.0204  0.0203  0.0204  0.0204  0.0203  0.0204  0.0203  0.0203
  0.0205  0.0205  0.0204  0.0205  0.0206  0.0205  0.0205  0.0206  0.0204  0.0206  0.0204  0.0204
  0.0208  0.0207  0.0206  0.0208  0.0208  0.0208  0.0208  0.0209  0.0206  0.0208  0.0205  0.0206
registration optimization eta report
parameter search radius
    0.8000    0.8000    0.8000    2.4000    2.4000    2.4000
    2.4000    2.4000    2.4000    2.4000    2.4000    2.4000
100000*second partial in parameter space
       74.       58.       39.        8.        9.        9.
        9.       10.        5.        9.        3.        5.
  0.0208  0.0207  0.0206  0.0208  0.0208  0.0208  0.0208  0.0209  0.0206  0.0208  0.0205  0.0206
  0.0205  0.0205  0.0204  0.0206  0.0205  0.0206  0.0205  0.0206  0.0205  0.0205  0.0204  0.0204
  0.0204  0.0204  0.0203  0.0204  0.0203  0.0204  0.0204  0.0204  0.0203  0.0204  0.0203  0.0203
  0.0203  0.0203  0.0203  0.0203  0.0203  0.0203  0.0203  0.0203  0.0203  0.0203  0.0203  0.0203
  0.0204  0.0204  0.0203  0.0203  0.0204  0.0203  0.0204  0.0204  0.0203  0.0204  0.0203  0.0203
  0.0205  0.0205  0.0204  0.0205  0.0206  0.0205  0.0205  0.0206  0.0204  0.0206  0.0204  0.0204
  0.0208  0.0207  0.0206  0.0208  0.0208  0.0208  0.0208  0.0209  0.0206  0.0208  0.0205  0.0206
    2.3835   24.0353    3.9276   -7.3967  -10.5168    1.2019
    4.4110   12.8181   -4.2614    0.3199  -12.0109   -5.8335
eta,q 0.97969 10.14707

---------------------------------------------------------------------
compute_vox2vox talsrcimg talsrcimg_to_711-2C_as_mni_average_305_t4 /opt/freesurfer/average/711-2C_as_mni_average_305
---------------------------------------------------------------------

freesurfer compute_vox2vox.c
Reading: talsrcimg.4dfp.ifh
Reading: talsrcimg_to_711-2C_as_mni_average_305_t4
Reading: /opt/freesurfer/average/711-2C_as_mni_average_305.4dfp.ifh
Writing: talsrcimg_to_711-2C_as_mni_average_305_t4_vox2vox.txt

start time Tue Mar 10 05:22:12 CET 2026
end		time Tue Mar 10 05:22:26 CET 2026

mpr2mni305 success

avi2talxfm orig_nu.mgz /opt/freesurfer/average/mni305.cor.mgz talsrcimg_to_711-2C_as_mni_average_305_t4_vox2vox.txt transforms/talairach.auto.xfm
avi2talxfm done
mv -f /out/sourcedata/freesurfer/sub-v1s6x0051319_ses-1/mri/talsrcimg_to_711-2C_as_mni_average_305_t4_vox2vox.txt /out/sourcedata/freesurfer/sub-v1s6x0051319_ses-1/mri/transforms/talsrcimg_to_711-2C_as_mni_average_305_t4_vox2vox.txt
lta_convert --src orig_nu.mgz --trg /opt/freesurfer/average/mni305.cor.mgz --inxfm transforms/talairach.auto.xfm --outlta transforms/talairach.auto.xfm.lta --subject fsaverage
7.3.2

--src: orig_nu.mgz src image (geometry).
--trg: /opt/freesurfer/average/mni305.cor.mgz trg image (geometry).
--inmni: transforms/talairach.auto.xfm input MNI/XFM transform.
--outlta: transforms/talairach.auto.xfm.lta output LTA.
--s: fsaverage subject name
 LTA read, type : 1
 1.05969  -0.13403  -0.06097  -0.51523;
 0.12865   0.97165   0.05700  -9.36520;
 0.05001  -0.00986   1.11442  -30.24519;
 0.00000   0.00000   0.00000   1.00000;
setting subject to fsaverage
Writing  LTA to file transforms/talairach.auto.xfm.lta...
lta_convert successful.
 
 
Started at Tue Mar 10 05:22:12 CET 2026
Ended   at Tue Mar 10 05:22:26 CET 2026
talairach_avi done
