status file for recon-all
Tue Mar 10 07:32:09 CET 2026
#@# Tessellate rh Tue Mar 10 07:32:09 CET 2026
#@# Smooth1 rh Tue Mar 10 07:32:11 CET 2026
#@# Inflation1 rh Tue Mar 10 07:32:13 CET 2026
#@# QSphere rh Tue Mar 10 07:32:27 CET 2026
#@# Fix Topology rh Tue Mar 10 07:33:33 CET 2026
#@# Smooth2 rh Tue Mar 10 07:38:03 CET 2026
#@# Inflation2 rh Tue Mar 10 07:38:05 CET 2026
#@# Curv .H and .K rh Tue Mar 10 07:38:18 CET 2026
#@# Sphere rh Tue Mar 10 07:38:55 CET 2026
#@# Surf Reg rh Tue Mar 10 07:42:18 CET 2026
#@# Jacobian white rh Tue Mar 10 07:46:25 CET 2026
#@# AvgCurv rh Tue Mar 10 07:46:25 CET 2026
#@# Cortical Parc rh Tue Mar 10 07:46:26 CET 2026
#@# white curv rh Tue Mar 10 07:52:34 CET 2026
#@# white area rh Tue Mar 10 07:52:35 CET 2026
#@# pial curv rh Tue Mar 10 07:52:36 CET 2026
#@# pial area rh Tue Mar 10 07:52:37 CET 2026
#@# thickness rh Tue Mar 10 07:52:38 CET 2026
#@# area and vertex vol rh Tue Mar 10 07:52:56 CET 2026
#@# Curvature Stats rh Tue Mar 10 07:52:57 CET 2026
#@# Cortical Parc 2 rh Tue Mar 10 07:52:59 CET 2026
#@# Cortical Parc 3 rh Tue Mar 10 07:53:09 CET 2026
#@# WM/GM Contrast rh Tue Mar 10 07:53:17 CET 2026
recon-all -s sub-v1s6x0051368_ses-1 finished without error at Tue Mar 10 07:53:19 CET 2026



#New# invocation of recon-all 



status file for recon-all
Tue Mar 10 07:59:01 CET 2026
#@# white curv rh Tue Mar 10 07:59:02 CET 2026
#@# white area rh Tue Mar 10 07:59:02 CET 2026
#@# pial curv rh Tue Mar 10 07:59:02 CET 2026
#@# pial area rh Tue Mar 10 07:59:02 CET 2026
#@# thickness rh Tue Mar 10 07:59:02 CET 2026
#@# area and vertex vol rh Tue Mar 10 07:59:02 CET 2026
#@# Parcellation Stats rh Tue Mar 10 07:59:02 CET 2026
#@# Parcellation Stats 2 rh Tue Mar 10 07:59:17 CET 2026
#@# Parcellation Stats 3 rh Tue Mar 10 07:59:24 CET 2026
#@# BA_exvivo Labels rh Tue Mar 10 07:59:31 CET 2026
recon-all -s sub-v1s6x0051368_ses-1 finished without error at Tue Mar 10 08:01:32 CET 2026
