status file for recon-all
Tue Mar 10 05:49:32 CET 2026
#@# MotionCor Tue Mar 10 05:49:33 CET 2026
#@# Talairach Tue Mar 10 05:49:39 CET 2026
#@# Talairach Failure Detection Tue Mar 10 05:52:30 CET 2026
#@# Nu Intensity Correction Tue Mar 10 05:52:30 CET 2026
#@# Intensity Normalization Tue Mar 10 05:55:16 CET 2026
recon-all -s sub-v1s6x0051368_ses-1 finished without error at Tue Mar 10 05:56:28 CET 2026



#New# invocation of recon-all 



status file for recon-all
Tue Mar 10 06:02:06 CET 2026
#@# EM Registration Tue Mar 10 06:02:06 CET 2026
recon-all -s sub-v1s6x0051368_ses-1 finished without error at Tue Mar 10 06:04:34 CET 2026



#New# invocation of recon-all 



status file for recon-all
Tue Mar 10 06:04:38 CET 2026
#@# CA Normalize Tue Mar 10 06:04:38 CET 2026
#@# CA Reg Tue Mar 10 06:05:32 CET 2026
#@# SubCort Seg Tue Mar 10 06:45:18 CET 2026
#@# CC Seg Tue Mar 10 07:07:00 CET 2026
#@# Merge ASeg Tue Mar 10 07:07:24 CET 2026
#@# Intensity Normalization2 Tue Mar 10 07:07:24 CET 2026
#@# Mask BFS Tue Mar 10 07:09:02 CET 2026
#@# WM Segmentation Tue Mar 10 07:09:03 CET 2026
#@# Fill Tue Mar 10 07:10:37 CET 2026
recon-all -s sub-v1s6x0051368_ses-1 finished without error at Tue Mar 10 07:11:16 CET 2026



#New# invocation of recon-all 



status file for recon-all
Tue Mar 10 07:53:25 CET 2026
#@# white curv lh Tue Mar 10 07:53:25 CET 2026
#@# white area lh Tue Mar 10 07:53:25 CET 2026
#@# pial curv lh Tue Mar 10 07:53:25 CET 2026
#@# pial area lh Tue Mar 10 07:53:25 CET 2026
#@# thickness lh Tue Mar 10 07:53:25 CET 2026
#@# area and vertex vol lh Tue Mar 10 07:53:25 CET 2026
#@# white curv rh Tue Mar 10 07:53:25 CET 2026
#@# white area rh Tue Mar 10 07:53:25 CET 2026
#@# pial curv rh Tue Mar 10 07:53:25 CET 2026
#@# pial area rh Tue Mar 10 07:53:25 CET 2026
#@# thickness rh Tue Mar 10 07:53:25 CET 2026
#@# area and vertex vol rh Tue Mar 10 07:53:25 CET 2026
#@# Cortical ribbon mask Tue Mar 10 07:53:25 CET 2026
recon-all -s sub-v1s6x0051368_ses-1 finished without error at Tue Mar 10 07:56:27 CET 2026



#New# invocation of recon-all 



status file for recon-all
Tue Mar 10 08:01:36 CET 2026
#@# white curv lh Tue Mar 10 08:01:36 CET 2026
#@# white area lh Tue Mar 10 08:01:36 CET 2026
#@# pial curv lh Tue Mar 10 08:01:36 CET 2026
#@# pial area lh Tue Mar 10 08:01:36 CET 2026
#@# thickness lh Tue Mar 10 08:01:36 CET 2026
#@# area and vertex vol lh Tue Mar 10 08:01:36 CET 2026
#@# white curv rh Tue Mar 10 08:01:36 CET 2026
#@# white area rh Tue Mar 10 08:01:36 CET 2026
#@# pial curv rh Tue Mar 10 08:01:36 CET 2026
#@# pial area rh Tue Mar 10 08:01:36 CET 2026
#@# thickness rh Tue Mar 10 08:01:36 CET 2026
#@# area and vertex vol rh Tue Mar 10 08:01:36 CET 2026
#@# Curvature Stats lh Tue Mar 10 08:01:36 CET 2026
#@# Curvature Stats rh Tue Mar 10 08:01:38 CET 2026
#@# Relabel Hypointensities Tue Mar 10 08:01:40 CET 2026
#@# APas-to-ASeg Tue Mar 10 08:01:50 CET 2026
#@# AParc-to-ASeg aparc Tue Mar 10 08:01:56 CET 2026
#@# AParc-to-ASeg aparc.a2009s Tue Mar 10 08:02:15 CET 2026
#@# AParc-to-ASeg aparc.DKTatlas Tue Mar 10 08:02:34 CET 2026
#@# WMParc Tue Mar 10 08:02:51 CET 2026
#@# ASeg Stats Tue Mar 10 08:04:45 CET 2026
recon-all -s sub-v1s6x0051368_ses-1 finished without error at Tue Mar 10 08:05:08 CET 2026
