/out/sourcedata/freesurfer/sub-v1s6x0051371_ses-1/mri
/opt/freesurfer/bin/talairach_avi
--i orig_nu.mgz --xfm transforms/talairach.auto.xfm
talairach_avi 7.3.2
Linux dna006 5.14.0-427.37.1.el9_4.x86_64 #1 SMP PREEMPT_DYNAMIC Fri Sep 13 12:41:50 EDT 2024 x86_64 x86_64 x86_64 GNU/Linux
Tue Mar 10 06:04:18 CET 2026
mri_convert orig_nu.mgz talsrcimg.img 
reading from orig_nu.mgz...
TR=0.00, TE=0.00, TI=0.00, flip angle=0.00
i_ras = (-1, 0, 0)
j_ras = (0, 0, -1)
k_ras = (0, 1, 0)
writing to talsrcimg.img...
Analyze Output Matrix
-1.00000   0.00000   0.00000   129.50000;
 0.00000   0.00000   1.00000  -115.79662;
 0.00000  -1.00000   0.00000   123.22034;
 0.00000   0.00000   0.00000   1.00000;
--------------------
INFO: set hdr.hist.orient to -1
mpr2mni305 talsrcimg
Tue Mar 10 06:04:18 CET 2026
/opt/freesurfer/bin/mpr2mni305 talsrcimg
mpr2mni305 7.3.2
target=711-2C_as_mni_average_305

---------------------------------------------------------------------
analyzeto4dfp talsrcimg -O0 -y
---------------------------------------------------------------------

freesurfer ifh2hdr.c
Tue Mar 10 06:04:19 2026
Writing: talsrcimg.4dfp.hdr
freesurfer analyzeto4dfp.c
Reading: talsrcimg.hdr
header size 348 bytes
hdr.dime.datatype	offset=70	value=2
hdr.dime.bitpix		offset=72	value=8
hdr.hist.orient		offset=252	value=-1
dimensionality     4
dimensions       256       256       256         1
Reading: talsrcimg.img
Writing: talsrcimg.4dfp.img
Writing: talsrcimg.4dfp.ifh
ifh2hdr talsrcimg -r0to223
ori=2

---------------------------------------------------------------------
gauss_4dfp talsrcimg 1.1
---------------------------------------------------------------------

freesurfer gauss_4dfp.c
Reading: talsrcimg.4dfp.img
Writing: talsrcimg_g11.4dfp.img
image dimensions 256 256 256 padded to 288 288 288
processing volume 1freesurfer ifh2hdr.c
Tue Mar 10 06:04:20 2026
Writing: talsrcimg_g11.4dfp.hdr

Writing: talsrcimg_g11.4dfp.ifh
including: talsrcimg.4dfp.img.rec in talsrcimg_g11.4dfp.img.rec

---------------------------------------------------------------------
imgreg_4dfp /opt/freesurfer/average/711-2C_as_mni_average_305 none talsrcimg_g11 none talsrcimg_to_711-2C_as_mni_average_305_t4 4355
---------------------------------------------------------------------

freesurfer imgreg_4dfp.c
/opt/freesurfer/average/711-2C_as_mni_average_305.4dfp.img
       256       256       256         1
  1.000000  1.000000  1.000000
orientation T byte_order littleendian
Reading image: /opt/freesurfer/average/711-2C_as_mni_average_305.4dfp.img
dimensions:      256       256       256
mmppix:       1.0000   -1.0000   -1.0000
center:     128.0000 -129.0000 -129.0000
talsrcimg_g11.4dfp.img
       256       256       256         1
  1.000000  1.000000  1.000000
orientation T byte_order littleendian
Reading image: talsrcimg_g11.4dfp.img
dimensions:      256       256       256
mmppix:       1.0000   -1.0000   -1.0000
center:     128.0000 -129.0000 -129.0000
t4_read: open error in t4_sub.f l:  41 t4_file(1:l)talsrcimg_to_711-2C_as_mni_average_305_t4 
t4_read: transform initialized to I4
rotation matrix determinant  1.000000
image alignment mode   4355 decimal     1103 hex
   -7.5000  -45.0000  -45.0000 7234.5547   15.0590
    0.0000  -45.0000  -45.0000 7584.9800   15.1361
    7.5000  -45.0000  -45.0000 7232.3335   15.1028
   -7.5000  -37.5000  -45.0000 7861.7305   14.7956
    0.0000  -37.5000  -45.0000 8236.2520   14.8662
    7.5000  -37.5000  -45.0000 7866.3950   14.8376
   -7.5000  -30.0000  -45.0000 8832.1221   14.6653
    0.0000  -30.0000  -45.0000 9252.2061   14.7386
    7.5000  -30.0000  -45.0000 8843.9287   14.7134
   -7.5000  -22.5000  -45.0000 9836.7451   14.6307
    0.0000  -22.5000  -45.000010287.7812   14.7118
    7.5000  -22.5000  -45.0000 9807.2695   14.6850
   -7.5000  -15.0000  -45.000010765.4873   14.6270
    0.0000  -15.0000  -45.000011238.0566   14.7140
    7.5000  -15.0000  -45.000010704.3779   14.6841
   -7.5000   -7.5000  -45.000011674.8770   14.6294
    0.0000   -7.5000  -45.000012169.1904   14.7134
    7.5000   -7.5000  -45.000011568.7705   14.6820
   -7.5000    0.0000  -45.000012471.4541   14.6311
    0.0000    0.0000  -45.000012974.4062   14.7058
    7.5000    0.0000  -45.000012353.9473   14.6746
   -7.5000    7.5000  -45.000012350.4395   14.6287
    0.0000    7.5000  -45.000012865.4551   14.6986
    7.5000    7.5000  -45.000012204.6660   14.6706
   -7.5000   15.0000  -45.000012161.5566   14.6239
    0.0000   15.0000  -45.000012656.3545   14.6972
    7.5000   15.0000  -45.000012016.9229   14.6721
   -7.5000   22.5000  -45.000011799.1846   14.6219
    0.0000   22.5000  -45.000012278.0957   14.7030
    7.5000   22.5000  -45.000011663.7803   14.6763
   -7.5000   30.0000  -45.000011225.8262   14.4321
    0.0000   30.0000  -45.000011675.7100   14.5179
    7.5000   30.0000  -45.000011060.9336   14.4885
   -7.5000   37.5000  -45.000011014.9199   14.4345
    0.0000   37.5000  -45.000011455.7783   14.5173
    7.5000   37.5000  -45.000010847.2471   14.4863
   -7.5000   45.0000  -45.000010395.7656   14.0695
    0.0000   45.0000  -45.000010828.4297   14.1414
    7.5000   45.0000  -45.000010279.8799   14.1114
   -7.5000  -45.0000  -37.5000 7553.0430   15.0530
    0.0000  -45.0000  -37.5000 7918.2510   15.1236
    7.5000  -45.0000  -37.5000 7555.3496   15.0910
   -7.5000  -37.5000  -37.5000 8227.0586   14.7810
    0.0000  -37.5000  -37.5000 8636.7959   14.8487
    7.5000  -37.5000  -37.5000 8233.4492   14.8236
   -7.5000  -30.0000  -37.5000 9287.0693   14.6567
    0.0000  -30.0000  -37.5000 9708.6299   14.7278
    7.5000  -30.0000  -37.5000 9266.7402   14.7053
   -7.5000  -22.5000  -37.500010365.3389   14.6345
    0.0000  -22.5000  -37.500010799.0957   14.7103
    7.5000  -22.5000  -37.500010298.0439   14.6835
   -7.5000  -15.0000  -37.500011333.3916   14.6368
    0.0000  -15.0000  -37.500011786.8789   14.7157
    7.5000  -15.0000  -37.500011241.2393   14.6838
   -7.5000   -7.5000  -37.500012263.7969   14.6330
    0.0000   -7.5000  -37.500012736.5205   14.7092
    7.5000   -7.5000  -37.500012132.8115   14.6767
   -7.5000    0.0000  -37.500013075.2129   14.6230
    0.0000    0.0000  -37.500013580.8154   14.6922
    7.5000    0.0000  -37.500012928.3174   14.6625
   -7.5000    7.5000  -37.500012905.1084   14.6147
    0.0000    7.5000  -37.500013428.8203   14.6819
    7.5000    7.5000  -37.500012744.2705   14.6572
   -7.5000   15.0000  -37.500012737.0049   14.6158
    0.0000   15.0000  -37.500013228.9609   14.6869
    7.5000   15.0000  -37.500012552.5352   14.6645
   -7.5000   22.5000  -37.500012373.7158   14.6258
    0.0000   22.5000  -37.500012849.2393   14.7017
    7.5000   22.5000  -37.500012186.4346   14.6750
   -7.5000   30.0000  -37.500011810.9775   14.4418
    0.0000   30.0000  -37.500012244.5107   14.5196
    7.5000   30.0000  -37.500011600.5547   14.4881
   -7.5000   37.5000  -37.500011543.1621   14.4380
    0.0000   37.5000  -37.500011961.9141   14.5132
    7.5000   37.5000  -37.500011335.8037   14.4811
   -7.5000   45.0000  -37.500010865.7793   14.0617
    0.0000   45.0000  -37.500011258.7051   14.1283
    7.5000   45.0000  -37.500010704.2305   14.0998
   -7.5000  -45.0000  -30.0000 7999.2305   15.6967
    0.0000  -45.0000  -30.0000 8370.0010   15.7725
    7.5000  -45.0000  -30.0000 7984.6328   15.7434
   -7.5000  -37.5000  -30.0000 8742.8379   15.4113
    0.0000  -37.5000  -30.0000 9155.4746   15.4894
    7.5000  -37.5000  -30.0000 8717.3721   15.4680
   -7.5000  -30.0000  -30.0000 9886.4277   15.2846
    0.0000  -30.0000  -30.000010327.3184   15.3688
    7.5000  -30.0000  -30.0000 9849.6641   15.3482
   -7.5000  -22.5000  -30.000011023.8828   15.2642
    0.0000  -22.5000  -30.000011477.0156   15.3504
    7.5000  -22.5000  -30.000010949.0615   15.3246
   -7.5000  -15.0000  -30.000012043.7236   15.2673
    0.0000  -15.0000  -30.000012530.0498   15.3516
    7.5000  -15.0000  -30.000011935.3906   15.3210
   -7.5000   -7.5000  -30.000013006.6250   15.2602
    0.0000   -7.5000  -30.000013505.2627   15.3391
    7.5000   -7.5000  -30.000012866.4590   15.3092
   -7.5000    0.0000  -30.000013853.0830   15.2455
    0.0000    0.0000  -30.000014423.2617   15.3197
    7.5000    0.0000  -30.000013690.4668   15.2938
   -7.5000    7.5000  -30.000013666.2080   15.2370
    0.0000    7.5000  -30.000014245.8271   15.3144
    7.5000    7.5000  -30.000013491.2783   15.2932
   -7.5000   15.0000  -30.000013492.6172   15.2416
    0.0000   15.0000  -30.000014045.4062   15.3258
    7.5000   15.0000  -30.000013288.5693   15.3053
   -7.5000   22.5000  -30.000013133.4346   15.2537
    0.0000   22.5000  -30.000013660.9199   15.3399
    7.5000   22.5000  -30.000012905.4473   15.3142
   -7.5000   30.0000  -30.000012548.5020   15.0653
    0.0000   30.0000  -30.000013043.5098   15.1485
    7.5000   30.0000  -30.000012333.1055   15.1183
   -7.5000   37.5000  -30.000012229.5547   15.0582
    0.0000   37.5000  -30.000012669.6182   15.1361
    7.5000   37.5000  -30.000012007.9287   15.1066
   -7.5000   45.0000  -30.000011426.9531   14.6712
    0.0000   45.0000  -30.000011835.5225   14.7426
    7.5000   45.0000  -30.000011256.3311   14.7176
   -7.5000  -45.0000  -22.5000 8451.3984   16.2550
    0.0000  -45.0000  -22.5000 8844.5068   16.3430
    7.5000  -45.0000  -22.5000 8430.3447   16.3172
   -7.5000  -37.5000  -22.5000 9237.2783   15.9678
    0.0000  -37.5000  -22.5000 9665.2031   16.0604
    7.5000  -37.5000  -22.5000 9205.2969   16.0392
   -7.5000  -30.0000  -22.500010435.3467   15.8326
    0.0000  -30.0000  -22.500010894.7656   15.9336
    7.5000  -30.0000  -22.500010399.8232   15.9121
   -7.5000  -22.5000  -22.500011631.5557   15.7993
    0.0000  -22.5000  -22.500012086.6621   15.9026
    7.5000  -22.5000  -22.500011552.7490   15.8781
   -7.5000  -15.0000  -22.500012747.5107   15.7958
    0.0000  -15.0000  -22.500013261.3848   15.8946
    7.5000  -15.0000  -22.500012622.8223   15.8681
   -7.5000   -7.5000  -22.500013756.2891   15.7926
    0.0000   -7.5000  -22.500014305.2305   15.8825
    7.5000   -7.5000  -22.500013581.9951   15.8568
   -7.5000    0.0000  -22.500014618.3369   15.7872
    0.0000    0.0000  -22.500015222.1494   15.8724
    7.5000    0.0000  -22.500014400.1016   15.8491
   -7.5000    7.5000  -22.500014387.3916   15.7857
    0.0000    7.5000  -22.500015000.5508   15.8772
    7.5000    7.5000  -22.500014177.2393   15.8562
   -7.5000   15.0000  -22.500014170.3066   15.7873
    0.0000   15.0000  -22.500014768.8008   15.8881
    7.5000   15.0000  -22.500013946.9834   15.8666
   -7.5000   22.5000  -22.500013851.0596   15.7872
    0.0000   22.5000  -22.500014424.3975   15.8906
    7.5000   22.5000  -22.500013590.1543   15.8661
   -7.5000   30.0000  -22.500013235.4580   15.5892
    0.0000   30.0000  -22.500013774.9561   15.6867
    7.5000   30.0000  -22.500013003.8848   15.6605
   -7.5000   37.5000  -22.500012884.3555   15.5860
    0.0000   37.5000  -22.500013366.8857   15.6747
    7.5000   37.5000  -22.500012650.7080   15.6494
   -7.5000   45.0000  -22.500012003.8301   15.2039
    0.0000   45.0000  -22.500012451.5479   15.2859
    7.5000   45.0000  -22.500011824.0303   15.2635
   -7.5000  -45.0000  -15.0000 8870.7148   16.6502
    0.0000  -45.0000  -15.0000 9271.7900   16.7488
    7.5000  -45.0000  -15.0000 8822.6104   16.7235
   -7.5000  -37.5000  -15.0000 9705.8857   16.3679
    0.0000  -37.5000  -15.000010120.6865   16.4678
    7.5000  -37.5000  -15.0000 9632.5645   16.4433
   -7.5000  -30.0000  -15.000010949.1855   16.2235
    0.0000  -30.0000  -15.000011382.1328   16.3316
    7.5000  -30.0000  -15.000010874.0674   16.3075
   -7.5000  -22.5000  -15.000012200.1338   16.1737
    0.0000  -22.5000  -15.000012682.5332   16.2876
    7.5000  -22.5000  -15.000012095.1533   16.2640
   -7.5000  -15.0000  -15.000013394.0430   16.1612
    0.0000  -15.0000  -15.000013929.7988   16.2730
    7.5000  -15.0000  -15.000013241.6680   16.2501
   -7.5000   -7.5000  -15.000014491.6836   16.1643
    0.0000   -7.5000  -15.000015083.8955   16.2661
    7.5000   -7.5000  -15.000014285.5918   16.2430
   -7.5000    0.0000  -15.000015363.4248   16.1734
    0.0000    0.0000  -15.000016003.7256   16.2679
    7.5000    0.0000  -15.000015101.8398   16.2442
   -7.5000    7.5000  -15.000015126.4102   16.1805
    0.0000    7.5000  -15.000015740.7861   16.2791
    7.5000    7.5000  -15.000014857.0273   16.2550
   -7.5000   15.0000  -15.000014886.7559   16.1765
    0.0000   15.0000  -15.000015497.8008   16.2845
    7.5000   15.0000  -15.000014630.3887   16.2604
   -7.5000   22.5000  -15.000014563.0293   16.1605
    0.0000   22.5000  -15.000015143.7754   16.2744
    7.5000   22.5000  -15.000014275.6338   16.2508
   -7.5000   30.0000  -15.000013949.9883   15.9520
    0.0000   30.0000  -15.000014478.3418   16.0624
    7.5000   30.0000  -15.000013634.5146   16.0398
   -7.5000   37.5000  -15.000013601.6318   15.9551
    0.0000   37.5000  -15.000014110.6436   16.0555
    7.5000   37.5000  -15.000013284.5928   16.0328
   -7.5000   45.0000  -15.000012664.2539   15.5852
    0.0000   45.0000  -15.000013153.9648   15.6763
    7.5000   45.0000  -15.000012396.5889   15.6534
   -7.5000  -45.0000   -7.5000 9269.9492   16.8332
    0.0000  -45.0000   -7.5000 9673.3496   16.9300
    7.5000  -45.0000   -7.5000 9192.0039   16.8992
   -7.5000  -37.5000   -7.500010139.6279   16.5487
    0.0000  -37.5000   -7.500010541.6611   16.6408
    7.5000  -37.5000   -7.500010042.6768   16.6113
   -7.5000  -30.0000   -7.500011411.5068   16.4002
    0.0000  -30.0000   -7.500011855.1260   16.4977
    7.5000  -30.0000   -7.500011299.5352   16.4705
   -7.5000  -22.5000   -7.500012724.2754   16.3487
    0.0000  -22.5000   -7.500013226.4805   16.4552
    7.5000  -22.5000   -7.500012594.3076   16.4291
   -7.5000  -15.0000   -7.500014022.5010   16.3362
    0.0000  -15.0000   -7.500014592.0059   16.4464
    7.5000  -15.0000   -7.500013857.1572   16.4202
   -7.5000   -7.5000   -7.500015229.3447   16.3421
    0.0000   -7.5000   -7.500015862.5742   16.4452
    7.5000   -7.5000   -7.500015005.8154   16.4176
   -7.5000    0.0000   -7.500016256.7393   16.3542
    0.0000    0.0000   -7.500016971.5801   16.4472
    7.5000    0.0000   -7.500015970.6074   16.4178
   -7.5000    7.5000   -7.500016087.7305   16.3603
    0.0000    7.5000   -7.500016763.6367   16.4513
    7.5000    7.5000   -7.500015747.9346   16.4224
   -7.5000   15.0000   -7.500015812.0957   16.3531
    0.0000   15.0000   -7.500016480.1348   16.4505
    7.5000   15.0000   -7.500015410.5146   16.4235
   -7.5000   22.5000   -7.500015424.3770   16.3335
    0.0000   22.5000   -7.500016060.3877   16.4400
    7.5000   22.5000   -7.500014942.1436   16.4140
   -7.5000   30.0000   -7.500014750.4482   16.1243
    0.0000   30.0000   -7.500015328.1172   16.2331
    7.5000   30.0000   -7.500014239.2432   16.2073
   -7.5000   37.5000   -7.500014382.2451   16.1302
    0.0000   37.5000   -7.500014940.4971   16.2319
    7.5000   37.5000   -7.500013868.2197   16.2047
   -7.5000   45.0000   -7.500013374.3164   15.7624
    0.0000   45.0000   -7.500013900.8506   15.8520
    7.5000   45.0000   -7.500012935.3359   15.8237
   -7.5000  -45.0000    0.0000 9563.9863   16.8515
    0.0000  -45.0000    0.0000 9990.2822   16.9377
    7.5000  -45.0000    0.0000 9493.5283   16.9004
   -7.5000  -37.5000    0.000010461.8115   16.5567
    0.0000  -37.5000    0.000010896.5898   16.6356
    7.5000  -37.5000    0.000010383.8994   16.6037
   -7.5000  -30.0000    0.000011766.6162   16.4108
    0.0000  -30.0000    0.000012220.4746   16.4929
    7.5000  -30.0000    0.000011669.0654   16.4647
   -7.5000  -22.5000    0.000013138.8418   16.3721
    0.0000  -22.5000    0.000013639.1445   16.4629
    7.5000  -22.5000    0.000012999.9570   16.4329
   -7.5000  -15.0000    0.000014524.0049   16.3680
    0.0000  -15.0000    0.000015103.7100   16.4654
    7.5000  -15.0000    0.000014319.4131   16.4319
   -7.5000   -7.5000    0.000015940.3730   16.3707
    0.0000   -7.5000    0.000016642.1387   16.4647
    7.5000   -7.5000    0.000015613.1689   16.4295
   -7.5000    0.0000    0.000017270.5371   16.3726
    0.0000    0.0000    0.000018181.8730   16.4562
    7.5000    0.0000    0.000016715.6348   16.4213
   -7.5000    7.5000    0.000017187.9668   16.3699
    0.0000    7.5000    0.000018051.0020   16.4481
    7.5000    7.5000    0.000016482.1289   16.4168
   -7.5000   15.0000    0.000016674.9316   16.3645
    0.0000   15.0000    0.000017456.2656   16.4466
    7.5000   15.0000    0.000015953.9248   16.4185
   -7.5000   22.5000    0.000016108.0059   16.3570
    0.0000   22.5000    0.000016813.2969   16.4478
    7.5000   22.5000    0.000015396.7871   16.4179
   -7.5000   30.0000    0.000015350.2578   16.1562
    0.0000   30.0000    0.000015964.2598   16.2523
    7.5000   30.0000    0.000014653.0879   16.2193
   -7.5000   37.5000    0.000015008.6943   16.1589
    0.0000   37.5000    0.000015559.4404   16.2516
    7.5000   37.5000    0.000014326.9082   16.2169
   -7.5000   45.0000    0.000013947.5195   15.7813
    0.0000   45.0000    0.000014441.8867   15.8619
    7.5000   45.0000    0.000013356.5078   15.8282
   -7.5000  -45.0000    7.5000 9124.6377   16.8447
    0.0000  -45.0000    7.5000 9492.4805   16.9238
    7.5000  -45.0000    7.5000 9032.0693   16.8873
   -7.5000  -37.5000    7.5000 9991.1445   16.5404
    0.0000  -37.5000    7.500010379.6846   16.6161
    7.5000  -37.5000    7.5000 9882.0166   16.5880
   -7.5000  -30.0000    7.500011266.6875   16.4012
    0.0000  -30.0000    7.500011681.9414   16.4808
    7.5000  -30.0000    7.500011100.9258   16.4557
   -7.5000  -22.5000    7.500012580.8242   16.3764
    0.0000  -22.5000    7.500013046.6143   16.4612
    7.5000  -22.5000    7.500012329.2656   16.4312
   -7.5000  -15.0000    7.500013881.4336   16.3790
    0.0000  -15.0000    7.500014420.7305   16.4673
    7.5000  -15.0000    7.500013545.7402   16.4316
   -7.5000   -7.5000    7.500015280.8027   16.3747
    0.0000   -7.5000    7.500015992.5371   16.4600
    7.5000   -7.5000    7.500014807.1904   16.4236
   -7.5000    0.0000    7.500016603.6191   16.3635
    0.0000    0.0000    7.500017543.6133   16.4410
    7.5000    0.0000    7.500015956.0137   16.4078
   -7.5000    7.5000    7.500016430.7090   16.3543
    0.0000    7.5000    7.500017371.6504   16.4294
    7.5000    7.5000    7.500015748.0352   16.4018
   -7.5000   15.0000    7.500015859.8789   16.3555
    0.0000   15.0000    7.500016757.3125   16.4350
    7.5000   15.0000    7.500015295.4229   16.4100
   -7.5000   22.5000    7.500015299.3760   16.3614
    0.0000   22.5000    7.500016077.6924   16.4463
    7.5000   22.5000    7.500014743.9434   16.4164
   -7.5000   30.0000    7.500014634.1279   16.1670
    0.0000   30.0000    7.500015259.9199   16.2541
    7.5000   30.0000    7.500014066.7090   16.2189
   -7.5000   37.5000    7.500014353.4385   16.1628
    0.0000   37.5000    7.500014872.4082   16.2470
    7.5000   37.5000    7.500013767.8398   16.2111
   -7.5000   45.0000    7.500013342.3584   15.7725
    0.0000   45.0000    7.500013794.8418   15.8472
    7.5000   45.0000    7.500012798.2236   15.8152
   -7.5000  -45.0000   15.0000 8558.1836   16.8652
    0.0000  -45.0000   15.0000 8937.4219   16.9466
    7.5000  -45.0000   15.0000 8400.4805   16.9153
   -7.5000  -37.5000   15.0000 9417.6406   16.5583
    0.0000  -37.5000   15.0000 9817.6963   16.6423
    7.5000  -37.5000   15.0000 9227.7305   16.6192
   -7.5000  -30.0000   15.000010646.1709   16.4220
    0.0000  -30.0000   15.000011072.5176   16.5124
    7.5000  -30.0000   15.000010417.2100   16.4904
   -7.5000  -22.5000   15.000011840.7207   16.4001
    0.0000  -22.5000   15.000012316.8809   16.4927
    7.5000  -22.5000   15.000011579.5605   16.4649
   -7.5000  -15.0000   15.000013002.1650   16.4035
    0.0000  -15.0000   15.000013476.8740   16.4940
    7.5000  -15.0000   15.000012706.8330   16.4611
   -7.5000   -7.5000   15.000014199.0674   16.3959
    0.0000   -7.5000   15.000014769.9541   16.4807
    7.5000   -7.5000   15.000013869.8486   16.4485
   -7.5000    0.0000   15.000015366.4932   16.3802
    0.0000    0.0000   15.000016102.2041   16.4599
    7.5000    0.0000   15.000014977.4854   16.4320
   -7.5000    7.5000   15.000015163.2363   16.3709
    0.0000    7.5000   15.000015876.3447   16.4541
    7.5000    7.5000   15.000014842.9736   16.4313
   -7.5000   15.0000   15.000014678.7666   16.3759
    0.0000   15.0000   15.000015329.2139   16.4662
    7.5000   15.0000   15.000014426.1904   16.4442
   -7.5000   22.5000   15.000014257.7002   16.3852
    0.0000   22.5000   15.000014853.6533   16.4778
    7.5000   22.5000   15.000013949.7969   16.4501
   -7.5000   30.0000   15.000013718.8652   16.1912
    0.0000   30.0000   15.000014263.9053   16.2806
    7.5000   30.0000   15.000013367.9072   16.2481
   -7.5000   37.5000   15.000013510.3652   16.1837
    0.0000   37.5000   15.000014007.3740   16.2674
    7.5000   37.5000   15.000013118.4648   16.2356
   -7.5000   45.0000   15.000012570.9883   15.7886
    0.0000   45.0000   15.000013012.6748   15.8654
    7.5000   45.0000   15.000012158.6123   15.8385
   -7.5000  -45.0000   22.5000 7884.5615   17.0050
    0.0000  -45.0000   22.5000 8221.1191   17.0968
    7.5000  -45.0000   22.5000 7720.8774   17.0697
   -7.5000  -37.5000   22.5000 8702.8789   16.7025
    0.0000  -37.5000   22.5000 9033.5361   16.7993
    7.5000  -37.5000   22.5000 8514.8174   16.7769
   -7.5000  -30.0000   22.5000 9847.8320   16.5595
    0.0000  -30.0000   22.500010210.3633   16.6651
    7.5000  -30.0000   22.5000 9658.9619   16.6424
   -7.5000  -22.5000   22.500010958.0908   16.5236
    0.0000  -22.5000   22.500011357.4658   16.6317
    7.5000  -22.5000   22.500010766.0137   16.6059
   -7.5000  -15.0000   22.500012023.5830   16.5194
    0.0000  -15.0000   22.500012466.4375   16.6227
    7.5000  -15.0000   22.500011835.7344   16.5948
   -7.5000   -7.5000   22.500013090.9717   16.5165
    0.0000   -7.5000   22.500013619.5146   16.6103
    7.5000   -7.5000   22.500012929.5488   16.5833
   -7.5000    0.0000   22.500014086.1074   16.5120
    0.0000    0.0000   22.500014718.1270   16.6009
    7.5000    0.0000   22.500013926.5820   16.5763
   -7.5000    7.5000   22.500013892.1807   16.5106
    0.0000    7.5000   22.500014468.8271   16.6061
    7.5000    7.5000   22.500013786.7988   16.5840
   -7.5000   15.0000   22.500013520.8369   16.5117
    0.0000   15.0000   22.500014062.0029   16.6171
    7.5000   15.0000   22.500013405.7568   16.5945
   -7.5000   22.5000   22.500013137.7314   16.5084
    0.0000   22.5000   22.500013641.3535   16.6165
    7.5000   22.5000   22.500012938.6777   16.5908
   -7.5000   30.0000   22.500012663.9883   16.3056
    0.0000   30.0000   22.500013145.3086   16.4075
    7.5000   30.0000   22.500012439.0791   16.3800
   -7.5000   37.5000   22.500012505.3965   16.3027
    0.0000   37.5000   22.500012980.1855   16.3953
    7.5000   37.5000   22.500012258.8311   16.3687
   -7.5000   45.0000   22.500011679.8271   15.9156
    0.0000   45.0000   22.500012129.4805   16.0013
    7.5000   45.0000   22.500011412.2754   15.9777
   -7.5000  -45.0000   30.0000 7170.7827   17.3616
    0.0000  -45.0000   30.0000 7479.0098   17.4660
    7.5000  -45.0000   30.0000 7042.7583   17.4394
   -7.5000  -37.5000   30.0000 7940.2090   17.0578
    0.0000  -37.5000   30.0000 8265.3584   17.1637
    7.5000  -37.5000   30.0000 7806.5859   17.1381
   -7.5000  -30.0000   30.0000 8982.0615   16.9019
    0.0000  -30.0000   30.0000 9341.0732   17.0163
    7.5000  -30.0000   30.0000 8876.0518   16.9912
   -7.5000  -22.5000   30.000010020.0850   16.8486
    0.0000  -22.5000   30.000010425.0947   16.9690
    7.5000  -22.5000   30.0000 9919.2949   16.9442
   -7.5000  -15.0000   30.000011035.2188   16.8361
    0.0000  -15.0000   30.000011477.3008   16.9544
    7.5000  -15.0000   30.000010942.0615   16.9300
   -7.5000   -7.5000   30.000012028.2461   16.8406
    0.0000   -7.5000   30.000012536.8086   16.9482
    7.5000   -7.5000   30.000011963.0967   16.9238
   -7.5000    0.0000   30.000012924.0693   16.8506
    0.0000    0.0000   30.000013495.0039   16.9506
    7.5000    0.0000   30.000012888.7021   16.9257
   -7.5000    7.5000   30.000012764.8164   16.8570
    0.0000    7.5000   30.000013280.9248   16.9615
    7.5000    7.5000   30.000012726.7910   16.9364
   -7.5000   15.0000   30.000012463.5264   16.8516
    0.0000   15.0000   30.000012923.3770   16.9658
    7.5000   15.0000   30.000012368.6045   16.9408
   -7.5000   22.5000   30.000012078.4639   16.8328
    0.0000   22.5000   30.000012533.8203   16.9532
    7.5000   22.5000   30.000011947.8545   16.9285
   -7.5000   30.0000   30.000011617.6992   16.6182
    0.0000   30.0000   30.000012053.5068   16.7349
    7.5000   30.0000   30.000011474.7510   16.7109
   -7.5000   37.5000   30.000011500.4229   16.6227
    0.0000   37.5000   30.000011944.6182   16.7289
    7.5000   37.5000   30.000011342.1367   16.7048
   -7.5000   45.0000   30.000010777.9834   16.2420
    0.0000   45.0000   30.000011225.9756   16.3384
    7.5000   45.0000   30.000010605.1475   16.3144
   -7.5000  -45.0000   37.5000 6770.9727   17.9004
    0.0000  -45.0000   37.5000 7060.1899   18.0072
    7.5000  -45.0000   37.5000 6634.7275   17.9721
   -7.5000  -37.5000   37.5000 7518.6313   17.5793
    0.0000  -37.5000   37.5000 7859.3252   17.6807
    7.5000  -37.5000   37.5000 7398.4336   17.6479
   -7.5000  -30.0000   37.5000 8529.1709   17.4141
    0.0000  -30.0000   37.5000 8904.0283   17.5213
    7.5000  -30.0000   37.5000 8429.6982   17.4919
   -7.5000  -22.5000   37.5000 9533.8516   17.3590
    0.0000  -22.5000   37.5000 9949.9717   17.4762
    7.5000  -22.5000   37.5000 9464.9502   17.4478
   -7.5000  -15.0000   37.500010505.6436   17.3459
    0.0000  -15.0000   37.500010944.4785   17.4673
    7.5000  -15.0000   37.500010472.6133   17.4382
   -7.5000   -7.5000   37.500011461.6953   17.3501
    0.0000   -7.5000   37.500011953.2744   17.4637
    7.5000   -7.5000   37.500011431.8818   17.4324
   -7.5000    0.0000   37.500012339.3047   17.3607
    0.0000    0.0000   37.500012868.3047   17.4630
    7.5000    0.0000   37.500012312.3086   17.4297
   -7.5000    7.5000   37.500012201.9756   17.3673
    0.0000    7.5000   37.500012693.8486   17.4673
    7.5000    7.5000   37.500012155.0967   17.4353
   -7.5000   15.0000   37.500011890.9912   17.3611
    0.0000   15.0000   37.500012368.7402   17.4682
    7.5000   15.0000   37.500011822.9912   17.4389
   -7.5000   22.5000   37.500011526.2764   17.3424
    0.0000   22.5000   37.500011980.4600   17.4595
    7.5000   22.5000   37.500011442.2383   17.4313
   -7.5000   30.0000   37.500011099.6045   17.1214
    0.0000   30.0000   37.500011539.6768   17.2413
    7.5000   30.0000   37.500011017.7969   17.2126
   -7.5000   37.5000   37.500010995.4346   17.1255
    0.0000   37.5000   37.500011451.6035   17.2377
    7.5000   37.5000   37.500010886.7529   17.2068
   -7.5000   45.0000   37.500010341.3096   16.7337
    0.0000   45.0000   37.500010774.5283   16.8323
    7.5000   45.0000   37.500010207.2744   16.8003
   -7.5000  -45.0000   45.0000 6130.2871   18.4886
    0.0000  -45.0000   45.0000 6393.5654   18.5903
    7.5000  -45.0000   45.0000 5999.7095   18.5491
   -7.5000  -37.5000   45.0000 6818.1548   18.1439
    0.0000  -37.5000   45.0000 7147.5762   18.2377
    7.5000  -37.5000   45.0000 6710.8413   18.2048
   -7.5000  -30.0000   45.0000 7753.2231   17.9813
    0.0000  -30.0000   45.0000 8132.3447   18.0797
    7.5000  -30.0000   45.0000 7673.0518   18.0517
   -7.5000  -22.5000   45.0000 8670.6699   17.9359
    0.0000  -22.5000   45.0000 9088.7051   18.0445
    7.5000  -22.5000   45.0000 8624.8877   18.0131
   -7.5000  -15.0000   45.0000 9558.3691   17.9189
    0.0000  -15.0000   45.000010001.5830   18.0344
    7.5000  -15.0000   45.0000 9520.1318   17.9970
   -7.5000   -7.5000   45.000010456.1543   17.9092
    0.0000   -7.5000   45.000010932.4639   18.0197
    7.5000   -7.5000   45.000010416.9023   17.9798
   -7.5000    0.0000   45.000011257.7334   17.9099
    0.0000    0.0000   45.000011761.0508   18.0082
    7.5000    0.0000   45.000011232.2461   17.9698
   -7.5000    7.5000   45.000011152.5518   17.9183
    0.0000    7.5000   45.000011630.3789   18.0111
    7.5000    7.5000   45.000011102.0420   17.9788
   -7.5000   15.0000   45.000010864.5762   17.9253
    0.0000   15.0000   45.000011337.0762   18.0237
    7.5000   15.0000   45.000010798.9004   17.9958
   -7.5000   22.5000   45.000010543.3506   17.9185
    0.0000   22.5000   45.000010984.2227   18.0270
    7.5000   22.5000   45.000010469.2275   17.9958
   -7.5000   30.0000   45.000010159.5889   17.6855
    0.0000   30.0000   45.000010584.3613   17.7994
    7.5000   30.0000   45.000010084.1465   17.7625
   -7.5000   37.5000   45.000010078.6602   17.6759
    0.0000   37.5000   45.000010497.5400   17.7850
    7.5000   37.5000   45.0000 9996.2217   17.7456
   -7.5000   45.0000   45.0000 9483.8613   17.2709
    0.0000   45.0000   45.0000 9893.8896   17.3657
    7.5000   45.0000   45.0000 9390.4541   17.3287

---------------------------------------------------------------------
imgreg_4dfp /opt/freesurfer/average/711-2C_as_mni_average_305 /opt/freesurfer/average/711-2B_as_mni_average_305_mask talsrcimg_g11 none talsrcimg_to_711-2C_as_mni_average_305_t4 4355
---------------------------------------------------------------------

freesurfer imgreg_4dfp.c
/opt/freesurfer/average/711-2C_as_mni_average_305.4dfp.img
       256       256       256         1
  1.000000  1.000000  1.000000
orientation T byte_order littleendian
Reading image: /opt/freesurfer/average/711-2C_as_mni_average_305.4dfp.img
dimensions:      256       256       256
mmppix:       1.0000   -1.0000   -1.0000
center:     128.0000 -129.0000 -129.0000
/opt/freesurfer/average/711-2B_as_mni_average_305_mask.4dfp.img
       256       256       256         1
  1.000000  1.000000  1.000000
orientation T byte_order littleendian
Reading mask: /opt/freesurfer/average/711-2B_as_mni_average_305_mask.4dfp.img (2306576 pixels)
talsrcimg_g11.4dfp.img
       256       256       256         1
  1.000000  1.000000  1.000000
orientation T byte_order littleendian
Reading image: talsrcimg_g11.4dfp.img
dimensions:      256       256       256
mmppix:       1.0000   -1.0000   -1.0000
center:     128.0000 -129.0000 -129.0000
rotation matrix determinant  1.000000
image alignment mode   4355 decimal     1103 hex
   -7.5000  -45.0000  -45.0000 1956.9205   20.2755
    0.0000  -45.0000  -45.0000 1969.8051   20.2550
    7.5000  -45.0000  -45.0000 1958.6643   20.2446
   -7.5000  -37.5000  -45.0000 2091.5154   18.0058
    0.0000  -37.5000  -45.0000 2104.1807   17.9686
    7.5000  -37.5000  -45.0000 2092.7439   17.9764
   -7.5000  -30.0000  -45.0000 2210.4065   16.2487
    0.0000  -30.0000  -45.0000 2221.8547   16.1820
    7.5000  -30.0000  -45.0000 2209.9895   16.2057
   -7.5000  -22.5000  -45.0000 2314.9856   14.8428
    0.0000  -22.5000  -45.0000 2325.0913   14.7649
    7.5000  -22.5000  -45.0000 2309.6318   14.8104
   -7.5000  -15.0000  -45.0000 2389.5266   13.7371
    0.0000  -15.0000  -45.0000 2402.7866   13.6596
    7.5000  -15.0000  -45.0000 2384.3110   13.7132
   -7.5000   -7.5000  -45.0000 2451.7153   12.9841
    0.0000   -7.5000  -45.0000 2469.1206   12.8884
    7.5000   -7.5000  -45.0000 2447.0962   12.9492
   -7.5000    0.0000  -45.0000 2478.6921   12.5161
    0.0000    0.0000  -45.0000 2493.8777   12.3821
    7.5000    0.0000  -45.0000 2476.1538   12.4824
   -7.5000    7.5000  -45.0000 2496.4116   12.3699
    0.0000    7.5000  -45.0000 2511.1877   12.2116
    7.5000    7.5000  -45.0000 2494.1316   12.3324
   -7.5000   15.0000  -45.0000 2482.5195   12.5533
    0.0000   15.0000  -45.0000 2504.2319   12.3759
    7.5000   15.0000  -45.0000 2488.2651   12.5163
   -7.5000   22.5000  -45.0000 2456.7468   12.9702
    0.0000   22.5000  -45.0000 2476.8418   12.8267
    7.5000   22.5000  -45.0000 2458.0664   12.9463
   -7.5000   30.0000  -45.0000 2412.1396   13.5619
    0.0000   30.0000  -45.0000 2432.5239   13.4634
    7.5000   30.0000  -45.0000 2405.9851   13.5762
   -7.5000   37.5000  -45.0000 2347.8628   14.3802
    0.0000   37.5000  -45.0000 2363.0527   14.2926
    7.5000   37.5000  -45.0000 2338.5181   14.4078
   -7.5000   45.0000  -45.0000 2257.9800   15.4447
    0.0000   45.0000  -45.0000 2274.6667   15.3531
    7.5000   45.0000  -45.0000 2250.2256   15.4714
   -7.5000  -45.0000  -37.5000 2003.4318   19.2093
    0.0000  -45.0000  -37.5000 2014.4940   19.1516
    7.5000  -45.0000  -37.5000 2000.5587   19.2324
   -7.5000  -37.5000  -37.5000 2142.9893   17.0989
    0.0000  -37.5000  -37.5000 2159.2368   16.9962
    7.5000  -37.5000  -37.5000 2140.9556   17.0775
   -7.5000  -30.0000  -37.5000 2273.5913   15.4435
    0.0000  -30.0000  -37.5000 2287.2280   15.2931
    7.5000  -30.0000  -37.5000 2268.9121   15.3645
   -7.5000  -22.5000  -37.5000 2385.9688   14.1520
    0.0000  -22.5000  -37.5000 2394.1655   14.0050
    7.5000  -22.5000  -37.5000 2377.4136   14.0724
   -7.5000  -15.0000  -37.5000 2465.9353   13.0620
    0.0000  -15.0000  -37.5000 2474.9663   12.9229
    7.5000  -15.0000  -37.5000 2461.0930   12.9983
   -7.5000   -7.5000  -37.5000 2536.3909   12.2323
    0.0000   -7.5000  -37.5000 2546.3323   12.1069
    7.5000   -7.5000  -37.5000 2531.4255   12.1722
   -7.5000    0.0000  -37.5000 2574.9458   11.6946
    0.0000    0.0000  -37.5000 2585.2939   11.5613
    7.5000    0.0000  -37.5000 2572.4465   11.6552
   -7.5000    7.5000  -37.5000 2590.5125   11.5188
    0.0000    7.5000  -37.5000 2603.4255   11.3924
    7.5000    7.5000  -37.5000 2588.5134   11.4917
   -7.5000   15.0000  -37.5000 2585.4666   11.6893
    0.0000   15.0000  -37.5000 2601.6848   11.5378
    7.5000   15.0000  -37.5000 2585.5422   11.6769
   -7.5000   22.5000  -37.5000 2557.9585   12.0676
    0.0000   22.5000  -37.5000 2576.5967   11.9521
    7.5000   22.5000  -37.5000 2557.0220   12.0720
   -7.5000   30.0000  -37.5000 2511.7742   12.6376
    0.0000   30.0000  -37.5000 2531.5469   12.5060
    7.5000   30.0000  -37.5000 2503.2878   12.6470
   -7.5000   37.5000  -37.5000 2444.5342   13.3586
    0.0000   37.5000  -37.5000 2459.7378   13.2316
    7.5000   37.5000  -37.5000 2435.6375   13.3857
   -7.5000   45.0000  -37.5000 2353.9773   14.2932
    0.0000   45.0000  -37.5000 2367.2439   14.2079
    7.5000   45.0000  -37.5000 2343.7104   14.3511
   -7.5000  -45.0000  -30.0000 2077.7627   19.1045
    0.0000  -45.0000  -30.0000 2089.2944   18.9962
    7.5000  -45.0000  -30.0000 2072.0300   19.1633
   -7.5000  -37.5000  -30.0000 2226.9475   16.9663
    0.0000  -37.5000  -30.0000 2239.6418   16.8466
    7.5000  -37.5000  -30.0000 2218.2310   17.0157
   -7.5000  -30.0000  -30.0000 2366.1873   15.2864
    0.0000  -30.0000  -30.0000 2378.7480   15.1680
    7.5000  -30.0000  -30.0000 2356.3555   15.2858
   -7.5000  -22.5000  -30.0000 2480.7375   13.9826
    0.0000  -22.5000  -30.0000 2490.0674   13.8438
    7.5000  -22.5000  -30.0000 2473.1567   13.9451
   -7.5000  -15.0000  -30.0000 2567.1631   12.8727
    0.0000  -15.0000  -30.0000 2576.8796   12.7506
    7.5000  -15.0000  -30.0000 2562.8743   12.8286
   -7.5000   -7.5000  -30.0000 2639.1565   11.9900
    0.0000   -7.5000  -30.0000 2650.7522   11.8643
    7.5000   -7.5000  -30.0000 2642.0198   11.9243
   -7.5000    0.0000  -30.0000 2696.5417   11.3853
    0.0000    0.0000  -30.0000 2709.8699   11.2890
    7.5000    0.0000  -30.0000 2698.1692   11.3429
   -7.5000    7.5000  -30.0000 2721.0225   11.1367
    0.0000    7.5000  -30.0000 2738.2346   11.0448
    7.5000    7.5000  -30.0000 2720.5610   11.1315
   -7.5000   15.0000  -30.0000 2728.5508   11.2858
    0.0000   15.0000  -30.0000 2744.4788   11.1668
    7.5000   15.0000  -30.0000 2726.2961   11.2786
   -7.5000   22.5000  -30.0000 2709.1438   11.6689
    0.0000   22.5000  -30.0000 2725.5759   11.5655
    7.5000   22.5000  -30.0000 2702.9124   11.7052
   -7.5000   30.0000  -30.0000 2659.4150   12.2443
    0.0000   30.0000  -30.0000 2675.2327   12.1087
    7.5000   30.0000  -30.0000 2649.3647   12.2688
   -7.5000   37.5000  -30.0000 2588.0942   12.9013
    0.0000   37.5000  -30.0000 2600.9893   12.7844
    7.5000   37.5000  -30.0000 2574.9573   12.9478
   -7.5000   45.0000  -30.0000 2490.9358   13.8103
    0.0000   45.0000  -30.0000 2503.5173   13.7016
    7.5000   45.0000  -30.0000 2474.8433   13.8657
   -7.5000  -45.0000  -22.5000 2117.8806   19.0484
    0.0000  -45.0000  -22.5000 2131.7932   18.9449
    7.5000  -45.0000  -22.5000 2117.0981   19.1341
   -7.5000  -37.5000  -22.5000 2265.2742   16.8745
    0.0000  -37.5000  -22.5000 2279.7380   16.7434
    7.5000  -37.5000  -22.5000 2262.0813   16.9171
   -7.5000  -30.0000  -22.5000 2406.0176   15.1368
    0.0000  -30.0000  -22.5000 2419.4041   15.0078
    7.5000  -30.0000  -22.5000 2402.5132   15.1341
   -7.5000  -22.5000  -22.5000 2526.3467   13.7267
    0.0000  -22.5000  -22.5000 2535.7361   13.5961
    7.5000  -22.5000  -22.5000 2523.1140   13.7212
   -7.5000  -15.0000  -22.5000 2623.0012   12.6040
    0.0000  -15.0000  -22.5000 2635.9126   12.4870
    7.5000  -15.0000  -22.5000 2623.1199   12.5824
   -7.5000   -7.5000  -22.5000 2704.2061   11.6885
    0.0000   -7.5000  -22.5000 2724.1111   11.5890
    7.5000   -7.5000  -22.5000 2706.9668   11.6628
   -7.5000    0.0000  -22.5000 2772.2393   11.0512
    0.0000    0.0000  -22.5000 2792.1921   10.9731
    7.5000    0.0000  -22.5000 2773.8169   11.0391
   -7.5000    7.5000  -22.5000 2811.7844   10.7376
    0.0000    7.5000  -22.5000 2831.8325   10.6531
    7.5000    7.5000  -22.5000 2812.7527   10.7446
   -7.5000   15.0000  -22.5000 2828.2739   10.8347
    0.0000   15.0000  -22.5000 2845.7778   10.7426
    7.5000   15.0000  -22.5000 2830.7593   10.8542
   -7.5000   22.5000  -22.5000 2818.0188   11.2012
    0.0000   22.5000  -22.5000 2837.9333   11.1115
    7.5000   22.5000  -22.5000 2813.9014   11.2415
   -7.5000   30.0000  -22.5000 2769.0806   11.7784
    0.0000   30.0000  -22.5000 2787.9209   11.6759
    7.5000   30.0000  -22.5000 2758.5930   11.8183
   -7.5000   37.5000  -22.5000 2695.1504   12.4289
    0.0000   37.5000  -22.5000 2709.1204   12.3384
    7.5000   37.5000  -22.5000 2682.9194   12.5079
   -7.5000   45.0000  -22.5000 2593.0815   13.3289
    0.0000   45.0000  -22.5000 2607.9690   13.2253
    7.5000   45.0000  -22.5000 2584.0979   13.4104
   -7.5000  -45.0000  -15.0000 2120.2988   19.0419
    0.0000  -45.0000  -15.0000 2135.8298   18.9117
    7.5000  -45.0000  -15.0000 2122.8701   19.0707
   -7.5000  -37.5000  -15.0000 2266.2207   16.8236
    0.0000  -37.5000  -15.0000 2283.4692   16.6798
    7.5000  -37.5000  -15.0000 2268.6392   16.8311
   -7.5000  -30.0000  -15.0000 2404.8777   15.0079
    0.0000  -30.0000  -15.0000 2417.0906   14.8449
    7.5000  -30.0000  -15.0000 2405.2227   15.0115
   -7.5000  -22.5000  -15.0000 2528.6470   13.5052
    0.0000  -22.5000  -15.0000 2540.7314   13.3782
    7.5000  -22.5000  -15.0000 2530.4912   13.5430
   -7.5000  -15.0000  -15.0000 2633.7559   12.3406
    0.0000  -15.0000  -15.0000 2651.2603   12.2401
    7.5000  -15.0000  -15.0000 2640.4917   12.3623
   -7.5000   -7.5000  -15.0000 2731.7205   11.4432
    0.0000   -7.5000  -15.0000 2752.1238   11.3635
    7.5000   -7.5000  -15.0000 2735.6326   11.4481
   -7.5000    0.0000  -15.0000 2807.7937   10.7991
    0.0000    0.0000  -15.0000 2831.8325   10.7220
    7.5000    0.0000  -15.0000 2812.0183   10.7980
   -7.5000    7.5000  -15.0000 2863.0330   10.4330
    0.0000    7.5000  -15.0000 2887.3237   10.3285
    7.5000    7.5000  -15.0000 2863.6636   10.4769
   -7.5000   15.0000  -15.0000 2885.5151   10.4663
    0.0000   15.0000  -15.0000 2910.0684   10.3853
    7.5000   15.0000  -15.0000 2891.9060   10.5440
   -7.5000   22.5000  -15.0000 2884.6016   10.8034
    0.0000   22.5000  -15.0000 2906.7598   10.7211
    7.5000   22.5000  -15.0000 2886.1624   10.8569
   -7.5000   30.0000  -15.0000 2838.1995   11.3449
    0.0000   30.0000  -15.0000 2859.6013   11.2479
    7.5000   30.0000  -15.0000 2831.2122   11.4038
   -7.5000   37.5000  -15.0000 2760.4592   12.0223
    0.0000   37.5000  -15.0000 2780.1145   11.9379
    7.5000   37.5000  -15.0000 2750.4045   12.1196
   -7.5000   45.0000  -15.0000 2653.5388   12.8993
    0.0000   45.0000  -15.0000 2672.8303   12.7980
    7.5000   45.0000  -15.0000 2647.0779   13.0247
   -7.5000  -45.0000   -7.5000 2108.2563   19.1366
    0.0000  -45.0000   -7.5000 2119.3354   18.9543
    7.5000  -45.0000   -7.5000 2108.3921   19.1146
   -7.5000  -37.5000   -7.5000 2251.4919   16.7881
    0.0000  -37.5000   -7.5000 2262.9128   16.6112
    7.5000  -37.5000   -7.5000 2252.9648   16.7729
   -7.5000  -30.0000   -7.5000 2379.8596   14.8875
    0.0000  -30.0000   -7.5000 2390.6885   14.7233
    7.5000  -30.0000   -7.5000 2382.9592   14.9061
   -7.5000  -22.5000   -7.5000 2503.9973   13.3705
    0.0000  -22.5000   -7.5000 2515.7708   13.2500
    7.5000  -22.5000   -7.5000 2508.5190   13.4130
   -7.5000  -15.0000   -7.5000 2619.8464   12.2212
    0.0000  -15.0000   -7.5000 2637.5532   12.1321
    7.5000  -15.0000   -7.5000 2629.1016   12.2451
   -7.5000   -7.5000   -7.5000 2725.6638   11.3343
    0.0000   -7.5000   -7.5000 2745.8237   11.2597
    7.5000   -7.5000   -7.5000 2735.5205   11.3531
   -7.5000    0.0000   -7.5000 2817.3032   10.6985
    0.0000    0.0000   -7.5000 2840.7747   10.6395
    7.5000    0.0000   -7.5000 2826.2368   10.7101
   -7.5000    7.5000   -7.5000 2895.0798   10.3291
    0.0000    7.5000   -7.5000 2926.1487   10.2409
    7.5000    7.5000   -7.5000 2896.0833   10.3568
   -7.5000   15.0000   -7.5000 2928.8501   10.2577
    0.0000   15.0000   -7.5000 2964.1565   10.1869
    7.5000   15.0000   -7.5000 2925.7861   10.3298
   -7.5000   22.5000   -7.5000 2930.7349   10.5200
    0.0000   22.5000   -7.5000 2958.6936   10.4548
    7.5000   22.5000   -7.5000 2919.7561   10.5551
   -7.5000   30.0000   -7.5000 2881.2422   11.0311
    0.0000   30.0000   -7.5000 2900.3728   10.9516
    7.5000   30.0000   -7.5000 2864.1772   11.0545
   -7.5000   37.5000   -7.5000 2800.7646   11.7061
    0.0000   37.5000   -7.5000 2821.6152   11.6289
    7.5000   37.5000   -7.5000 2785.7375   11.7649
   -7.5000   45.0000   -7.5000 2692.1035   12.6202
    0.0000   45.0000   -7.5000 2708.9019   12.5166
    7.5000   45.0000   -7.5000 2681.3877   12.6698
   -7.5000  -45.0000    0.0000 2073.9529   19.5312
    0.0000  -45.0000    0.0000 2086.9500   19.3957
    7.5000  -45.0000    0.0000 2076.7107   19.5445
   -7.5000  -37.5000    0.0000 2215.7966   16.9966
    0.0000  -37.5000    0.0000 2227.2114   16.8438
    7.5000  -37.5000    0.0000 2216.9998   17.0393
   -7.5000  -30.0000    0.0000 2338.7219   14.9926
    0.0000  -30.0000    0.0000 2348.2993   14.8384
    7.5000  -30.0000    0.0000 2345.6799   15.0512
   -7.5000  -22.5000    0.0000 2467.4170   13.4517
    0.0000  -22.5000    0.0000 2473.8586   13.3237
    7.5000  -22.5000    0.0000 2476.7749   13.5256
   -7.5000  -15.0000    0.0000 2587.9436   12.3480
    0.0000  -15.0000    0.0000 2599.8247   12.2615
    7.5000  -15.0000    0.0000 2598.8997   12.3674
   -7.5000   -7.5000    0.0000 2705.4902   11.5345
    0.0000   -7.5000    0.0000 2721.5310   11.4863
    7.5000   -7.5000    0.0000 2717.1370   11.5126
   -7.5000    0.0000    0.0000 2813.5359   10.9362
    0.0000    0.0000    0.0000 2841.9644   10.9048
    7.5000    0.0000    0.0000 2816.4209   10.8681
   -7.5000    7.5000    0.0000 2903.4658   10.5050
    0.0000    7.5000    0.0000 2944.7480   10.5264
    7.5000    7.5000    0.0000 2897.9321   10.4428
   -7.5000   15.0000    0.0000 2945.1794   10.2295
    0.0000   15.0000    0.0000 2991.0486   10.2362
    7.5000   15.0000    0.0000 2930.9460   10.2395
   -7.5000   22.5000    0.0000 2950.5659   10.3342
    0.0000   22.5000    0.0000 2987.1870   10.3273
    7.5000   22.5000    0.0000 2930.1687   10.3764
   -7.5000   30.0000    0.0000 2897.5020   10.8282
    0.0000   30.0000    0.0000 2918.2185   10.7919
    7.5000   30.0000    0.0000 2874.4602   10.8654
   -7.5000   37.5000    0.0000 2817.9768   11.5624
    0.0000   37.5000    0.0000 2833.1648   11.5116
    7.5000   37.5000    0.0000 2794.1741   11.6177
   -7.5000   45.0000    0.0000 2704.0254   12.5589
    0.0000   45.0000    0.0000 2717.7087   12.4580
    7.5000   45.0000    0.0000 2688.6367   12.5670
   -7.5000  -45.0000    7.5000 2037.5071   20.1935
    0.0000  -45.0000    7.5000 2045.6212   20.0031
    7.5000  -45.0000    7.5000 2037.2706   20.2912
   -7.5000  -37.5000    7.5000 2172.9121   17.4678
    0.0000  -37.5000    7.5000 2183.7334   17.2684
    7.5000  -37.5000    7.5000 2175.1882   17.5519
   -7.5000  -30.0000    7.5000 2296.3572   15.4244
    0.0000  -30.0000    7.5000 2304.5908   15.2724
    7.5000  -30.0000    7.5000 2302.9834   15.4941
   -7.5000  -22.5000    7.5000 2430.4360   13.9140
    0.0000  -22.5000    7.5000 2435.4829   13.8203
    7.5000  -22.5000    7.5000 2429.0913   13.9615
   -7.5000  -15.0000    7.5000 2548.1360   12.7569
    0.0000  -15.0000    7.5000 2563.0820   12.7398
    7.5000  -15.0000    7.5000 2550.3828   12.7693
   -7.5000   -7.5000    7.5000 2676.0100   11.8895
    0.0000   -7.5000    7.5000 2693.5930   11.8990
    7.5000   -7.5000    7.5000 2677.4419   11.8825
   -7.5000    0.0000    7.5000 2788.3352   11.2800
    0.0000    0.0000    7.5000 2817.6775   11.3334
    7.5000    0.0000    7.5000 2785.6179   11.2224
   -7.5000    7.5000    7.5000 2880.2537   10.8039
    0.0000    7.5000    7.5000 2917.1768   10.8485
    7.5000    7.5000    7.5000 2866.1069   10.7644
   -7.5000   15.0000    7.5000 2924.5276   10.4571
    0.0000   15.0000    7.5000 2966.6670   10.5051
    7.5000   15.0000    7.5000 2909.0566   10.5142
   -7.5000   22.5000    7.5000 2937.6472   10.4850
    0.0000   22.5000    7.5000 2969.5894   10.5034
    7.5000   22.5000    7.5000 2911.6836   10.5777
   -7.5000   30.0000    7.5000 2892.3811   10.8893
    0.0000   30.0000    7.5000 2906.6699   10.8813
    7.5000   30.0000    7.5000 2866.7053   10.9839
   -7.5000   37.5000    7.5000 2811.7837   11.5981
    0.0000   37.5000    7.5000 2820.4775   11.5278
    7.5000   37.5000    7.5000 2788.4775   11.6657
   -7.5000   45.0000    7.5000 2695.0083   12.5963
    0.0000   45.0000    7.5000 2702.1870   12.4648
    7.5000   45.0000    7.5000 2677.9214   12.6325
   -7.5000  -45.0000   15.0000 1983.6597   21.2744
    0.0000  -45.0000   15.0000 1993.0187   21.1162
    7.5000  -45.0000   15.0000 1977.9375   21.3156
   -7.5000  -37.5000   15.0000 2124.3677   18.3155
    0.0000  -37.5000   15.0000 2137.2585   18.2416
    7.5000  -37.5000   15.0000 2120.2749   18.4168
   -7.5000  -30.0000   15.0000 2254.6968   16.1662
    0.0000  -30.0000   15.0000 2263.9880   16.0940
    7.5000  -30.0000   15.0000 2253.9382   16.2914
   -7.5000  -22.5000   15.0000 2380.0515   14.5348
    0.0000  -22.5000   15.0000 2391.8262   14.4775
    7.5000  -22.5000   15.0000 2379.9844   14.6155
   -7.5000  -15.0000   15.0000 2501.3708   13.2386
    0.0000  -15.0000   15.0000 2516.0171   13.2203
    7.5000  -15.0000   15.0000 2504.0576   13.3311
   -7.5000   -7.5000   15.0000 2627.0896   12.2923
    0.0000   -7.5000   15.0000 2643.0000   12.2608
    7.5000   -7.5000   15.0000 2628.7598   12.3757
   -7.5000    0.0000   15.0000 2738.3767   11.6697
    0.0000    0.0000   15.0000 2762.3406   11.6507
    7.5000    0.0000   15.0000 2736.9780   11.7189
   -7.5000    7.5000   15.0000 2827.2292   11.1678
    0.0000    7.5000   15.0000 2854.4695   11.1622
    7.5000    7.5000   15.0000 2818.4736   11.2397
   -7.5000   15.0000   15.0000 2874.8259   10.8132
    0.0000   15.0000   15.0000 2900.5842   10.7862
    7.5000   15.0000   15.0000 2862.1304   10.9729
   -7.5000   22.5000   15.0000 2883.4963   10.8808
    0.0000   22.5000   15.0000 2904.5664   10.8539
    7.5000   22.5000   15.0000 2864.1680   11.0417
   -7.5000   30.0000   15.0000 2848.0205   11.2869
    0.0000   30.0000   15.0000 2862.5400   11.2582
    7.5000   30.0000   15.0000 2829.3696   11.3869
   -7.5000   37.5000   15.0000 2773.3667   11.9592
    0.0000   37.5000   15.0000 2783.4092   11.8969
    7.5000   37.5000   15.0000 2755.8396   12.0477
   -7.5000   45.0000   15.0000 2664.0579   12.8789
    0.0000   45.0000   15.0000 2668.1133   12.7555
    7.5000   45.0000   15.0000 2648.0486   12.9280
   -7.5000  -45.0000   22.5000 1923.2887   22.7048
    0.0000  -45.0000   22.5000 1930.3370   22.5374
    7.5000  -45.0000   22.5000 1915.0203   22.7411
   -7.5000  -37.5000   22.5000 2066.9250   19.5016
    0.0000  -37.5000   22.5000 2079.0420   19.4073
    7.5000  -37.5000   22.5000 2065.4282   19.6711
   -7.5000  -30.0000   22.5000 2203.5054   17.1074
    0.0000  -30.0000   22.5000 2214.9871   17.0084
    7.5000  -30.0000   22.5000 2204.3882   17.3045
   -7.5000  -22.5000   22.5000 2328.4402   15.2664
    0.0000  -22.5000   22.5000 2343.2517   15.2005
    7.5000  -22.5000   22.5000 2330.0398   15.4733
   -7.5000  -15.0000   22.5000 2454.1768   13.8355
    0.0000  -15.0000   22.5000 2468.1438   13.7841
    7.5000  -15.0000   22.5000 2454.3257   14.0685
   -7.5000   -7.5000   22.5000 2574.4541   12.8345
    0.0000   -7.5000   22.5000 2585.5312   12.8050
    7.5000   -7.5000   22.5000 2574.7051   13.0301
   -7.5000    0.0000   22.5000 2677.0454   12.1390
    0.0000    0.0000   22.5000 2689.5195   12.1249
    7.5000    0.0000   22.5000 2673.2524   12.3242
   -7.5000    7.5000   22.5000 2758.9126   11.6066
    0.0000    7.5000   22.5000 2776.0342   11.5664
    7.5000    7.5000   22.5000 2752.0745   11.8060
   -7.5000   15.0000   22.5000 2810.1162   11.3061
    0.0000   15.0000   22.5000 2823.6580   11.2639
    7.5000   15.0000   22.5000 2794.8228   11.5167
   -7.5000   22.5000   22.5000 2813.0667   11.4022
    0.0000   22.5000   22.5000 2826.7842   11.3477
    7.5000   22.5000   22.5000 2794.9209   11.5577
   -7.5000   30.0000   22.5000 2777.7554   11.8153
    0.0000   30.0000   22.5000 2790.8105   11.7741
    7.5000   30.0000   22.5000 2765.4336   11.9176
   -7.5000   37.5000   22.5000 2713.3586   12.4767
    0.0000   37.5000   22.5000 2722.8582   12.4305
    7.5000   37.5000   22.5000 2697.9565   12.5672
   -7.5000   45.0000   22.5000 2611.1379   13.3590
    0.0000   45.0000   22.5000 2622.0793   13.2858
    7.5000   45.0000   22.5000 2595.2617   13.4357
   -7.5000  -45.0000   30.0000 1854.8862   24.1907
    0.0000  -45.0000   30.0000 1865.4447   24.0511
    7.5000  -45.0000   30.0000 1854.3379   24.3089
   -7.5000  -37.5000   30.0000 2009.1033   20.8268
    0.0000  -37.5000   30.0000 2022.3109   20.6769
    7.5000  -37.5000   30.0000 2012.0688   21.0418
   -7.5000  -30.0000   30.0000 2141.8840   18.1508
    0.0000  -30.0000   30.0000 2155.4980   18.0355
    7.5000  -30.0000   30.0000 2149.0530   18.4696
   -7.5000  -22.5000   30.0000 2266.2808   16.1146
    0.0000  -22.5000   30.0000 2278.5276   16.0471
    7.5000  -22.5000   30.0000 2270.6121   16.5062
   -7.5000  -15.0000   30.0000 2393.8525   14.6198
    0.0000  -15.0000   30.0000 2400.9797   14.5674
    7.5000  -15.0000   30.0000 2389.4495   14.9763
   -7.5000   -7.5000   30.0000 2507.8848   13.5471
    0.0000   -7.5000   30.0000 2513.6235   13.5328
    7.5000   -7.5000   30.0000 2504.3638   13.8700
   -7.5000    0.0000   30.0000 2607.7092   12.8076
    0.0000    0.0000   30.0000 2616.0925   12.7784
    7.5000    0.0000   30.0000 2601.5920   13.1060
   -7.5000    7.5000   30.0000 2680.3560   12.2433
    0.0000    7.5000   30.0000 2692.2144   12.1884
    7.5000    7.5000   30.0000 2670.3586   12.5426
   -7.5000   15.0000   30.0000 2725.7278   11.9807
    0.0000   15.0000   30.0000 2733.5510   11.9334
    7.5000   15.0000   30.0000 2708.5132   12.2305
   -7.5000   22.5000   30.0000 2725.7642   12.0285
    0.0000   22.5000   30.0000 2735.5920   11.9728
    7.5000   22.5000   30.0000 2712.0527   12.2179
   -7.5000   30.0000   30.0000 2688.8074   12.4289
    0.0000   30.0000   30.0000 2698.7451   12.3556
    7.5000   30.0000   30.0000 2679.1062   12.5400
   -7.5000   37.5000   30.0000 2635.4126   13.0928
    0.0000   37.5000   30.0000 2645.8230   13.0063
    7.5000   37.5000   30.0000 2626.1516   13.1927
   -7.5000   45.0000   30.0000 2545.4346   13.9561
    0.0000   45.0000   30.0000 2557.3853   13.8788
    7.5000   45.0000   30.0000 2529.4231   14.0450
   -7.5000  -45.0000   37.5000 1785.4941   25.8702
    0.0000  -45.0000   37.5000 1794.6860   25.8348
    7.5000  -45.0000   37.5000 1782.9723   26.0919
   -7.5000  -37.5000   37.5000 1950.6636   22.2417
    0.0000  -37.5000   37.5000 1961.7549   22.1664
    7.5000  -37.5000   37.5000 1948.8982   22.5529
   -7.5000  -30.0000   37.5000 2084.0852   19.3701
    0.0000  -30.0000   37.5000 2092.8340   19.3069
    7.5000  -30.0000   37.5000 2085.8667   19.8361
   -7.5000  -22.5000   37.5000 2209.3936   17.2048
    0.0000  -22.5000   37.5000 2213.0200   17.1567
    7.5000  -22.5000   37.5000 2203.3772   17.7203
   -7.5000  -15.0000   37.5000 2326.0886   15.6047
    0.0000  -15.0000   37.5000 2328.2283   15.5661
    7.5000  -15.0000   37.5000 2320.5542   16.1156
   -7.5000   -7.5000   37.5000 2430.9221   14.4841
    0.0000   -7.5000   37.5000 2433.1619   14.4504
    7.5000   -7.5000   37.5000 2422.7988   14.9233
   -7.5000    0.0000   37.5000 2526.8701   13.6669
    0.0000    0.0000   37.5000 2532.0886   13.6409
    7.5000    0.0000   37.5000 2517.4895   14.0558
   -7.5000    7.5000   37.5000 2591.3262   13.1341
    0.0000    7.5000   37.5000 2599.1282   13.0540
    7.5000    7.5000   37.5000 2577.8333   13.4309
   -7.5000   15.0000   37.5000 2627.8481   12.8321
    0.0000   15.0000   37.5000 2634.8406   12.7652
    7.5000   15.0000   37.5000 2612.2722   13.0954
   -7.5000   22.5000   37.5000 2632.0608   12.8233
    0.0000   22.5000   37.5000 2640.3889   12.7695
    7.5000   22.5000   37.5000 2621.4922   13.0512
   -7.5000   30.0000   37.5000 2600.8027   13.1888
    0.0000   30.0000   37.5000 2612.1392   13.1496
    7.5000   30.0000   37.5000 2595.3064   13.3802
   -7.5000   37.5000   37.5000 2554.2937   13.8233
    0.0000   37.5000   37.5000 2564.1372   13.7569
    7.5000   37.5000   37.5000 2542.3369   13.9766
   -7.5000   45.0000   37.5000 2476.5308   14.6402
    0.0000   45.0000   37.5000 2486.4153   14.5441
    7.5000   45.0000   37.5000 2461.2104   14.7536
   -7.5000  -45.0000   45.0000 1699.6700   28.0243
    0.0000  -45.0000   45.0000 1710.7465   27.9814
    7.5000  -45.0000   45.0000 1703.9115   28.2988
   -7.5000  -37.5000   45.0000 1869.0856   23.8939
    0.0000  -37.5000   45.0000 1882.9789   23.9443
    7.5000  -37.5000   45.0000 1870.9434   24.3995
   -7.5000  -30.0000   45.0000 2011.7979   20.8718
    0.0000  -30.0000   45.0000 2022.9957   20.8890
    7.5000  -30.0000   45.0000 2011.2051   21.4746
   -7.5000  -22.5000   45.0000 2135.3005   18.5569
    0.0000  -22.5000   45.0000 2143.5642   18.5793
    7.5000  -22.5000   45.0000 2130.5852   19.1892
   -7.5000  -15.0000   45.0000 2244.1970   16.8901
    0.0000  -15.0000   45.0000 2248.9404   16.8726
    7.5000  -15.0000   45.0000 2237.3235   17.4738
   -7.5000   -7.5000   45.0000 2348.1492   15.6572
    0.0000   -7.5000   45.0000 2354.4478   15.6468
    7.5000   -7.5000   45.0000 2339.1023   16.1439
   -7.5000    0.0000   45.0000 2437.9678   14.7973
    0.0000    0.0000   45.0000 2441.8013   14.7757
    7.5000    0.0000   45.0000 2424.6267   15.2146
   -7.5000    7.5000   45.0000 2494.3591   14.2214
    0.0000    7.5000   45.0000 2498.3843   14.1670
    7.5000    7.5000   45.0000 2477.8413   14.5609
   -7.5000   15.0000   45.0000 2518.8699   13.8783
    0.0000   15.0000   45.0000 2527.4685   13.8404
    7.5000   15.0000   45.0000 2505.7808   14.1792
   -7.5000   22.5000   45.0000 2527.3762   13.8613
    0.0000   22.5000   45.0000 2536.2644   13.8236
    7.5000   22.5000   45.0000 2518.1768   14.1083
   -7.5000   30.0000   45.0000 2504.5610   14.1836
    0.0000   30.0000   45.0000 2517.4473   14.1531
    7.5000   30.0000   45.0000 2499.7400   14.3804
   -7.5000   37.5000   45.0000 2461.2322   14.7743
    0.0000   37.5000   45.0000 2473.1995   14.7463
    7.5000   37.5000   45.0000 2454.3206   14.9662
   -7.5000   45.0000   45.0000 2395.1609   15.5296
    0.0000   45.0000   45.0000 2404.4258   15.4644
    7.5000   45.0000   45.0000 2382.9041   15.7203

---------------------------------------------------------------------
imgreg_4dfp /opt/freesurfer/average/711-2C_as_mni_average_305 /opt/freesurfer/average/711-2B_as_mni_average_305_mask talsrcimg_g11 none talsrcimg_to_711-2C_as_mni_average_305_t4 1283
---------------------------------------------------------------------

freesurfer imgreg_4dfp.c
/opt/freesurfer/average/711-2C_as_mni_average_305.4dfp.img
       256       256       256         1
  1.000000  1.000000  1.000000
orientation T byte_order littleendian
Reading image: /opt/freesurfer/average/711-2C_as_mni_average_305.4dfp.img
dimensions:      256       256       256
mmppix:       1.0000   -1.0000   -1.0000
center:     128.0000 -129.0000 -129.0000
/opt/freesurfer/average/711-2B_as_mni_average_305_mask.4dfp.img
       256       256       256         1
  1.000000  1.000000  1.000000
orientation T byte_order littleendian
Reading mask: /opt/freesurfer/average/711-2B_as_mni_average_305_mask.4dfp.img (2306576 pixels)
talsrcimg_g11.4dfp.img
       256       256       256         1
  1.000000  1.000000  1.000000
orientation T byte_order littleendian
Reading image: talsrcimg_g11.4dfp.img
dimensions:      256       256       256
mmppix:       1.0000   -1.0000   -1.0000
center:     128.0000 -129.0000 -129.0000
rotation matrix determinant  1.000000
fimgreg.f
image alignment mode   1283 decimal      503 hex
parameters
    0.0000   15.0000    0.0000    0.0000    0.0000    0.0000
eta,q 0.93950 10.25900
niter,ni,del,rscale     5    3   12.0000    1.2000
parameter  4  2.445257 ->  0.500000 qaram    1.1500
parameters
   -0.6537   17.7441    1.3732   -3.4500    0.2626   -0.9549
eta,q 0.95305 10.13962
  0.0696  0.0742  0.0641  0.0451  0.0544  0.0516
  0.0635  0.0678  0.0626  0.0462  0.0506  0.0488
  0.0588  0.0625  0.0589  0.0493  0.0479  0.0473
  0.0585  0.0578  0.0547  0.0536  0.0468  0.0468
  0.0623  0.0551  0.0540  0.0583  0.0474  0.0480
  0.0681  0.0559  0.0563  0.0631  0.0495  0.0516
  0.0742  0.0592  0.0602  0.0668  0.0534  0.0567
niter,ni,del,rscale     5    3   12.0000    1.2000
parameter  4  0.653793 ->  0.500000 qaram    1.3225
parameters
   -1.0624   18.5344    0.8240   -7.4175    0.9722   -0.9300
eta,q 0.95654 10.21896
  0.0596  0.0654  0.0564  0.0449  0.0536  0.0512
  0.0523  0.0563  0.0525  0.0438  0.0485  0.0474
  0.0477  0.0502  0.0476  0.0437  0.0448  0.0448
  0.0470  0.0467  0.0462  0.0462  0.0436  0.0435
  0.0503  0.0467  0.0493  0.0514  0.0438  0.0443
  0.0559  0.0512  0.0550  0.0567  0.0458  0.0473
  0.0621  0.0578  0.0609  0.0621  0.0497  0.0512
niter,ni,del,rscale     5    3   12.0000    1.2000
parameters
   -1.3827   19.9787   -0.0806  -11.2861    1.8288   -1.4169
eta,q 0.95709 10.24068
  0.0591  0.0624  0.0497  0.0426  0.0517  0.0479
  0.0519  0.0539  0.0470  0.0435  0.0478  0.0444
  0.0459  0.0468  0.0439  0.0433  0.0459  0.0430
  0.0435  0.0435  0.0427  0.0429  0.0438  0.0429
  0.0469  0.0425  0.0449  0.0452  0.0423  0.0432
  0.0543  0.0443  0.0501  0.0511  0.0442  0.0458
  0.0628  0.0505  0.0569  0.0576  0.0492  0.0501
niter,ni,del,rscale     4    3   12.0000    1.2000
parameter  4  0.526063 ->  0.500000 qaram    1.5209
parameters
   -1.7646   21.0821   -1.4532  -15.8487    2.7427   -1.9296
eta,q 0.95979 10.19870
  0.0582  0.0537  0.0476  0.0407  0.0517  0.0446
  0.0511  0.0460  0.0441  0.0402  0.0469  0.0418
  0.0453  0.0431  0.0417  0.0419  0.0433  0.0406
  0.0429  0.0430  0.0423  0.0415  0.0406  0.0401
  0.0461  0.0414  0.0453  0.0423  0.0401  0.0405
  0.0539  0.0420  0.0499  0.0469  0.0425  0.0429
  0.0629  0.0472  0.0560  0.0523  0.0473  0.0470
niter,ni,del,rscale     4    3   12.0000    1.2000
parameters
   -2.1128   21.6237   -2.2052  -14.8059    3.2351   -2.0249
eta,q 0.95943 10.12797
  0.0579  0.0509  0.0482  0.0530  0.0508  0.0454
  0.0482  0.0425  0.0434  0.0446  0.0467  0.0427
  0.0416  0.0400  0.0406  0.0397  0.0433  0.0412
  0.0402  0.0401  0.0404  0.0401  0.0408  0.0405
  0.0439  0.0414  0.0429  0.0408  0.0410  0.0405
  0.0523  0.0427  0.0471  0.0410  0.0438  0.0425
  0.0613  0.0456  0.0529  0.0474  0.0490  0.0463
niter,ni,del,rscale     3    3   12.0000    1.2000
parameters
   -2.1720   21.2902   -2.0360  -14.6601    3.2362   -1.9611
eta,q 0.95946 10.14080
  0.0603  0.0453  0.0509  0.0504  0.0497  0.0457
  0.0508  0.0408  0.0461  0.0424  0.0459  0.0429
  0.0432  0.0403  0.0424  0.0391  0.0425  0.0414
  0.0406  0.0406  0.0405  0.0405  0.0406  0.0406
  0.0434  0.0405  0.0418  0.0403  0.0415  0.0405
  0.0513  0.0421  0.0451  0.0425  0.0450  0.0423
  0.0610  0.0463  0.0501  0.0489  0.0506  0.0461
niter,ni,del,rscale     2    3   12.0000    1.2000
parameters
   -2.2020   21.4518   -2.0176  -14.7003    3.2729   -1.9879
eta,q 0.95943 10.13988
  0.0604  0.0466  0.0504  0.0500  0.0498  0.0455
  0.0509  0.0411  0.0459  0.0420  0.0460  0.0428
  0.0431  0.0403  0.0423  0.0392  0.0426  0.0413
  0.0405  0.0405  0.0406  0.0406  0.0406  0.0406
  0.0434  0.0404  0.0421  0.0401  0.0415  0.0405
  0.0512  0.0414  0.0454  0.0427  0.0449  0.0424
  0.0608  0.0453  0.0506  0.0494  0.0505  0.0462
niter,ni,del,rscale     1    3   12.0000    1.2000
parameters
   -2.2056   21.3875   -2.0138  -14.6787    3.2708   -1.9775
eta,q 0.95945 10.14060
  0.0607  0.0460  0.0504  0.0501  0.0497  0.0456
  0.0510  0.0409  0.0458  0.0421  0.0459  0.0429
  0.0433  0.0403  0.0422  0.0392  0.0425  0.0413
  0.0406  0.0406  0.0405  0.0405  0.0406  0.0406
  0.0433  0.0404  0.0421  0.0402  0.0415  0.0405
  0.0510  0.0417  0.0455  0.0427  0.0450  0.0424
  0.0607  0.0458  0.0506  0.0493  0.0507  0.0462
registration optimization eta report
parameter search radius
    6.0000    6.0000    6.0000    9.1253    6.0000    6.0000
100000*second partial in parameter space
       55.       16.       27.       12.       26.       15.
  0.0607  0.0460  0.0504  0.0501  0.0497  0.0456
  0.0510  0.0409  0.0458  0.0421  0.0459  0.0429
  0.0433  0.0403  0.0422  0.0392  0.0425  0.0413
  0.0406  0.0406  0.0405  0.0405  0.0406  0.0406
  0.0433  0.0404  0.0421  0.0402  0.0415  0.0405
  0.0510  0.0417  0.0455  0.0427  0.0450  0.0424
  0.0607  0.0458  0.0506  0.0493  0.0507  0.0462
   -2.2056   21.3875   -2.0138  -14.6787    3.2708   -1.9775
eta,q 0.95945 10.14060

---------------------------------------------------------------------
imgreg_4dfp /opt/freesurfer/average/711-2C_as_mni_average_305 /opt/freesurfer/average/711-2B_as_mni_average_305_mask talsrcimg_g11 none talsrcimg_to_711-2C_as_mni_average_305_t4 3335
---------------------------------------------------------------------

freesurfer imgreg_4dfp.c
/opt/freesurfer/average/711-2C_as_mni_average_305.4dfp.img
       256       256       256         1
  1.000000  1.000000  1.000000
orientation T byte_order littleendian
Reading image: /opt/freesurfer/average/711-2C_as_mni_average_305.4dfp.img
dimensions:      256       256       256
mmppix:       1.0000   -1.0000   -1.0000
center:     128.0000 -129.0000 -129.0000
/opt/freesurfer/average/711-2B_as_mni_average_305_mask.4dfp.img
       256       256       256         1
  1.000000  1.000000  1.000000
orientation T byte_order littleendian
Reading mask: /opt/freesurfer/average/711-2B_as_mni_average_305_mask.4dfp.img (2306576 pixels)
talsrcimg_g11.4dfp.img
       256       256       256         1
  1.000000  1.000000  1.000000
orientation T byte_order littleendian
Reading image: talsrcimg_g11.4dfp.img
dimensions:      256       256       256
mmppix:       1.0000   -1.0000   -1.0000
center:     128.0000 -129.0000 -129.0000
fimgreg.f
image alignment mode   3335 decimal      D07 hex
parameters
   -2.2056   21.3875   -2.0138   -0.2224   -3.3713   -3.4214
    4.7830   -4.6417   -3.4450   25.5152    5.7056  -25.2986
eta,q 0.95955 10.24198
niter,ni,del,rscale     5    3    5.0000    1.2000
parameter  4  0.582140 ->  0.500000 qaram    1.1500
parameter  5  2.873372 ->  0.500000 qaram    1.1500
parameter  6  0.740907 ->  0.500000 qaram    1.1500
parameter 12 -0.908016 -> -0.500000 qaram    1.1500
parameters
   -2.1867   22.4357   -2.1850   -4.3624   -7.5113   -7.5614
    4.8530   -3.5979   -2.5214   25.6408    4.6407  -21.1586
eta,q 0.96954  9.95584
  0.0442  0.0440  0.0417  0.0394  0.0309  0.0316  0.0337  0.0367  0.0342  0.0345  0.0323  0.0359
  0.0422  0.0424  0.0408  0.0391  0.0331  0.0315  0.0325  0.0342  0.0328  0.0329  0.0318  0.0341
  0.0409  0.0412  0.0403  0.0392  0.0357  0.0321  0.0318  0.0325  0.0318  0.0318  0.0315  0.0326
  0.0405  0.0405  0.0402  0.0402  0.0390  0.0337  0.0316  0.0316  0.0315  0.0315  0.0315  0.0315
  0.0409  0.0402  0.0405  0.0425  0.0423  0.0359  0.0318  0.0316  0.0316  0.0317  0.0317  0.0308
  0.0421  0.0403  0.0412  0.0460  0.0461  0.0391  0.0325  0.0326  0.0321  0.0327  0.0322  0.0304
  0.0441  0.0407  0.0423  0.0502  0.0503  0.0435  0.0336  0.0345  0.0330  0.0343  0.0330  0.0302
niter,ni,del,rscale     7    3    5.0000    1.2000
parameter  5  1.851542 ->  0.500000 qaram    1.3225
parameter 12 -0.700174 -> -0.500000 qaram    1.3225
parameters
   -1.7550   21.7097   -2.1358   -4.8409  -12.2723  -10.4413
    4.8026   -3.6448   -2.3270   26.0722    1.1241  -16.3976
eta,q 0.97558  9.71978
  0.0344  0.0312  0.0318  0.0326  0.0237  0.0268  0.0274  0.0289  0.0275  0.0285  0.0254  0.0292
  0.0325  0.0305  0.0309  0.0315  0.0253  0.0257  0.0263  0.0269  0.0264  0.0271  0.0253  0.0276
  0.0312  0.0302  0.0304  0.0308  0.0275  0.0254  0.0257  0.0258  0.0258  0.0261  0.0253  0.0263
  0.0305  0.0304  0.0302  0.0302  0.0303  0.0259  0.0254  0.0254  0.0254  0.0254  0.0254  0.0252
  0.0304  0.0310  0.0303  0.0301  0.0330  0.0267  0.0257  0.0259  0.0256  0.0256  0.0256  0.0246
  0.0310  0.0321  0.0308  0.0312  0.0369  0.0290  0.0264  0.0271  0.0262  0.0264  0.0260  0.0244
  0.0323  0.0340  0.0317  0.0342  0.0413  0.0322  0.0275  0.0289  0.0274  0.0281  0.0265  0.0246
niter,ni,del,rscale     7    3    5.0000    1.2000
parameter  5  0.884143 ->  0.500000 qaram    1.5209
parameters
   -1.7879   21.1709   -1.6458   -4.4851  -17.7474  -10.0227
    3.7460   -3.3017   -2.9171   26.0750    3.0882  -16.5478
eta,q 0.97886  9.59665
  0.0273  0.0261  0.0268  0.0268  0.0217  0.0254  0.0233  0.0256  0.0233  0.0249  0.0226  0.0239
  0.0257  0.0249  0.0256  0.0255  0.0212  0.0236  0.0220  0.0233  0.0221  0.0230  0.0219  0.0223
  0.0247  0.0243  0.0247  0.0246  0.0223  0.0222  0.0213  0.0218  0.0214  0.0216  0.0215  0.0213
  0.0244  0.0244  0.0242  0.0242  0.0241  0.0214  0.0214  0.0213  0.0213  0.0212  0.0212  0.0212
  0.0248  0.0253  0.0242  0.0240  0.0272  0.0216  0.0221  0.0216  0.0217  0.0217  0.0211  0.0216
  0.0258  0.0267  0.0245  0.0247  0.0305  0.0227  0.0232  0.0229  0.0227  0.0229  0.0213  0.0226
  0.0274  0.0285  0.0253  0.0269  0.0341  0.0250  0.0246  0.0248  0.0240  0.0249  0.0217  0.0239
niter,ni,del,rscale     7    3    5.0000    1.2000
parameters
   -1.8038   21.2037   -1.4690   -3.6463  -19.0892   -9.4746
    3.9823   -3.4342   -2.9137   26.3880    3.2399  -17.1692
eta,q 0.97940  9.60830
  0.0243  0.0244  0.0233  0.0244  0.0265  0.0250  0.0238  0.0246  0.0233  0.0248  0.0216  0.0232
  0.0225  0.0227  0.0222  0.0229  0.0233  0.0231  0.0221  0.0223  0.0219  0.0228  0.0211  0.0216
  0.0215  0.0216  0.0215  0.0218  0.0211  0.0216  0.0210  0.0210  0.0210  0.0213  0.0208  0.0207
  0.0211  0.0211  0.0211  0.0211  0.0210  0.0207  0.0207  0.0207  0.0207  0.0207  0.0206  0.0206
  0.0215  0.0215  0.0212  0.0209  0.0228  0.0209  0.0210  0.0212  0.0210  0.0210  0.0207  0.0212
  0.0226  0.0225  0.0218  0.0216  0.0257  0.0219  0.0220  0.0226  0.0219  0.0222  0.0210  0.0223
  0.0243  0.0242  0.0228  0.0237  0.0296  0.0244  0.0233  0.0247  0.0232  0.0242  0.0216  0.0237
niter,ni,del,rscale     6    3    5.0000    1.2000
parameters
   -1.8134   21.2640   -1.3880   -3.5031  -19.4562   -9.3095
    4.0197   -3.4452   -2.9078   26.6028    3.2345  -17.4038
eta,q 0.97950  9.61108
  0.0238  0.0241  0.0226  0.0238  0.0274  0.0247  0.0235  0.0246  0.0232  0.0247  0.0215  0.0234
  0.0221  0.0223  0.0216  0.0223  0.0240  0.0228  0.0219  0.0223  0.0217  0.0226  0.0210  0.0217
  0.0210  0.0211  0.0209  0.0213  0.0214  0.0214  0.0208  0.0209  0.0208  0.0211  0.0207  0.0207
  0.0206  0.0206  0.0206  0.0206  0.0206  0.0205  0.0205  0.0205  0.0205  0.0205  0.0205  0.0205
  0.0210  0.0209  0.0207  0.0205  0.0220  0.0209  0.0209  0.0210  0.0208  0.0209  0.0206  0.0211
  0.0221  0.0220  0.0214  0.0216  0.0246  0.0221  0.0220  0.0224  0.0218  0.0222  0.0210  0.0221
  0.0239  0.0238  0.0224  0.0242  0.0284  0.0248  0.0234  0.0245  0.0231  0.0243  0.0215  0.0234
niter,ni,del,rscale     5    3    5.0000    1.2000
parameters
   -1.8144   21.3026   -1.3822   -3.4441  -19.5967   -9.2493
    4.0234   -3.4399   -2.8940   26.7163    3.2161  -17.5130
eta,q 0.97954  9.61252
  0.0238  0.0239  0.0224  0.0237  0.0277  0.0246  0.0235  0.0246  0.0231  0.0245  0.0215  0.0235
  0.0220  0.0221  0.0214  0.0222  0.0242  0.0227  0.0218  0.0223  0.0217  0.0225  0.0209  0.0217
  0.0209  0.0209  0.0208  0.0212  0.0215  0.0213  0.0208  0.0209  0.0208  0.0210  0.0206  0.0207
  0.0205  0.0205  0.0205  0.0205  0.0205  0.0205  0.0205  0.0205  0.0205  0.0205  0.0205  0.0205
  0.0209  0.0208  0.0207  0.0204  0.0218  0.0209  0.0209  0.0210  0.0208  0.0209  0.0206  0.0210
  0.0220  0.0220  0.0214  0.0216  0.0243  0.0221  0.0219  0.0224  0.0217  0.0223  0.0209  0.0220
  0.0238  0.0237  0.0225  0.0242  0.0281  0.0249  0.0234  0.0245  0.0231  0.0243  0.0215  0.0233
niter,ni,del,rscale     4    3    5.0000    1.2000
parameters
   -1.8141   21.3195   -1.3855   -3.4193  -19.6587   -9.2300
    4.0250   -3.4336   -2.8864   26.7711    3.1990  -17.5623
eta,q 0.97955  9.61297
  0.0237  0.0238  0.0224  0.0236  0.0277  0.0245  0.0235  0.0246  0.0231  0.0245  0.0215  0.0235
  0.0220  0.0221  0.0214  0.0222  0.0243  0.0227  0.0218  0.0223  0.0217  0.0224  0.0209  0.0217
  0.0208  0.0209  0.0207  0.0211  0.0215  0.0213  0.0208  0.0209  0.0208  0.0210  0.0206  0.0207
  0.0205  0.0205  0.0205  0.0205  0.0205  0.0205  0.0205  0.0205  0.0205  0.0205  0.0205  0.0205
  0.0208  0.0208  0.0207  0.0204  0.0218  0.0209  0.0209  0.0210  0.0208  0.0209  0.0206  0.0210
  0.0219  0.0220  0.0214  0.0216  0.0242  0.0221  0.0219  0.0223  0.0217  0.0223  0.0209  0.0220
  0.0237  0.0238  0.0225  0.0243  0.0280  0.0250  0.0233  0.0245  0.0231  0.0244  0.0215  0.0233
registration optimization eta report
parameter search radius
    2.4000    2.4000    2.4000    8.2800   10.9503    8.2800
    7.2000    7.2000    7.2000    7.2000    7.2000    9.5220
100000*second partial in parameter space
       57.       58.       34.        5.        6.        6.
        6.        8.        5.        8.        2.        3.
  0.0237  0.0238  0.0224  0.0236  0.0277  0.0245  0.0235  0.0246  0.0231  0.0245  0.0215  0.0235
  0.0220  0.0221  0.0214  0.0222  0.0243  0.0227  0.0218  0.0223  0.0217  0.0224  0.0209  0.0217
  0.0208  0.0209  0.0207  0.0211  0.0215  0.0213  0.0208  0.0209  0.0208  0.0210  0.0206  0.0207
  0.0205  0.0205  0.0205  0.0205  0.0205  0.0205  0.0205  0.0205  0.0205  0.0205  0.0205  0.0205
  0.0208  0.0208  0.0207  0.0204  0.0218  0.0209  0.0209  0.0210  0.0208  0.0209  0.0206  0.0210
  0.0219  0.0220  0.0214  0.0216  0.0242  0.0221  0.0219  0.0223  0.0217  0.0223  0.0209  0.0220
  0.0237  0.0238  0.0225  0.0243  0.0280  0.0250  0.0233  0.0245  0.0231  0.0244  0.0215  0.0233
   -1.8141   21.3195   -1.3855   -3.4193  -19.6587   -9.2300
    4.0250   -3.4336   -2.8864   26.7711    3.1990  -17.5623
eta,q 0.97955  9.61297

---------------------------------------------------------------------
imgreg_4dfp /opt/freesurfer/average/711-2C_as_mni_average_305 /opt/freesurfer/average/711-2B_as_mni_average_305_mask talsrcimg_g11 none talsrcimg_to_711-2C_as_mni_average_305_t4 2311
---------------------------------------------------------------------

freesurfer imgreg_4dfp.c
/opt/freesurfer/average/711-2C_as_mni_average_305.4dfp.img
       256       256       256         1
  1.000000  1.000000  1.000000
orientation T byte_order littleendian
Reading image: /opt/freesurfer/average/711-2C_as_mni_average_305.4dfp.img
dimensions:      256       256       256
mmppix:       1.0000   -1.0000   -1.0000
center:     128.0000 -129.0000 -129.0000
/opt/freesurfer/average/711-2B_as_mni_average_305_mask.4dfp.img
       256       256       256         1
  1.000000  1.000000  1.000000
orientation T byte_order littleendian
Reading mask: /opt/freesurfer/average/711-2B_as_mni_average_305_mask.4dfp.img (2306576 pixels)
talsrcimg_g11.4dfp.img
       256       256       256         1
  1.000000  1.000000  1.000000
orientation T byte_order littleendian
Reading image: talsrcimg_g11.4dfp.img
dimensions:      256       256       256
mmppix:       1.0000   -1.0000   -1.0000
center:     128.0000 -129.0000 -129.0000
fimgreg.f
image alignment mode   2311 decimal      907 hex
parameters
   -1.8141   21.3195   -1.3855   -3.4193  -19.6587   -9.2300
    4.0250   -3.4336   -2.8864   26.7711    3.1990  -17.5623
eta,q 0.97955  9.61297
niter,ni,del,rscale     5    3    5.0000    0.8000
parameters
   -1.8062   21.3352   -1.3524   -2.3163  -19.9644   -8.7341
    3.8960   -3.3771   -2.8217   27.0308    3.2514  -18.2517
eta,q 0.97976  9.65915
  0.0219  0.0220  0.0214  0.0219  0.0220  0.0222  0.0217  0.0224  0.0216  0.0224  0.0208  0.0209
  0.0211  0.0212  0.0209  0.0213  0.0210  0.0213  0.0209  0.0212  0.0209  0.0213  0.0205  0.0205
  0.0206  0.0206  0.0206  0.0208  0.0204  0.0207  0.0204  0.0205  0.0204  0.0206  0.0203  0.0203
  0.0205  0.0205  0.0204  0.0204  0.0203  0.0203  0.0203  0.0203  0.0203  0.0203  0.0203  0.0203
  0.0206  0.0206  0.0205  0.0203  0.0207  0.0204  0.0205  0.0205  0.0204  0.0204  0.0203  0.0205
  0.0211  0.0211  0.0208  0.0204  0.0214  0.0209  0.0210  0.0212  0.0208  0.0210  0.0205  0.0208
  0.0219  0.0220  0.0213  0.0211  0.0224  0.0216  0.0218  0.0222  0.0215  0.0220  0.0208  0.0213
niter,ni,del,rscale     4    3    5.0000    0.7000
parameters
   -1.8078   21.3045   -1.3293   -2.2804  -20.1956   -8.5505
    3.8810   -3.4027   -2.8332   27.1701    3.2004  -18.4509
eta,q 0.97978  9.66226
  0.0215  0.0214  0.0210  0.0212  0.0216  0.0216  0.0214  0.0218  0.0212  0.0219  0.0206  0.0208
  0.0208  0.0207  0.0206  0.0208  0.0208  0.0209  0.0207  0.0209  0.0207  0.0210  0.0204  0.0205
  0.0204  0.0204  0.0203  0.0204  0.0203  0.0204  0.0204  0.0204  0.0203  0.0204  0.0203  0.0203
  0.0202  0.0202  0.0202  0.0202  0.0202  0.0202  0.0202  0.0202  0.0202  0.0202  0.0202  0.0202
  0.0204  0.0204  0.0203  0.0202  0.0205  0.0204  0.0204  0.0204  0.0203  0.0204  0.0203  0.0204
  0.0208  0.0208  0.0206  0.0206  0.0211  0.0208  0.0208  0.0210  0.0207  0.0209  0.0204  0.0206
  0.0215  0.0215  0.0210  0.0214  0.0219  0.0214  0.0214  0.0218  0.0212  0.0217  0.0206  0.0209
niter,ni,del,rscale     3    3    5.0000    0.6000
parameters
   -1.8111   21.3233   -1.3137   -2.0857  -20.3383   -8.5162
    3.8734   -3.4196   -2.8202   27.2377    3.1373  -18.5613
eta,q 0.97980  9.66561
  0.0211  0.0211  0.0208  0.0210  0.0213  0.0212  0.0211  0.0214  0.0209  0.0214  0.0205  0.0207
  0.0206  0.0207  0.0205  0.0207  0.0207  0.0207  0.0206  0.0207  0.0205  0.0208  0.0203  0.0204
  0.0203  0.0203  0.0203  0.0204  0.0203  0.0203  0.0203  0.0203  0.0203  0.0204  0.0202  0.0202
  0.0202  0.0202  0.0202  0.0202  0.0202  0.0202  0.0202  0.0202  0.0202  0.0202  0.0202  0.0202
  0.0203  0.0203  0.0203  0.0202  0.0204  0.0204  0.0203  0.0204  0.0203  0.0203  0.0202  0.0203
  0.0206  0.0206  0.0205  0.0204  0.0208  0.0207  0.0206  0.0208  0.0205  0.0207  0.0203  0.0205
  0.0211  0.0211  0.0208  0.0210  0.0215  0.0212  0.0211  0.0214  0.0209  0.0213  0.0205  0.0207
niter,ni,del,rscale     2    3    5.0000    0.5000
parameters
   -1.8157   21.3348   -1.3136   -1.9090  -20.4272   -8.5460
    3.8583   -3.4314   -2.8019   27.2822    3.1308  -18.6477
eta,q 0.97982  9.66781
  0.0208  0.0208  0.0206  0.0208  0.0210  0.0209  0.0208  0.0210  0.0207  0.0210  0.0204  0.0205
  0.0205  0.0205  0.0204  0.0205  0.0206  0.0205  0.0205  0.0205  0.0204  0.0206  0.0203  0.0203
  0.0203  0.0203  0.0203  0.0203  0.0203  0.0203  0.0203  0.0203  0.0202  0.0203  0.0202  0.0202
  0.0202  0.0202  0.0202  0.0202  0.0202  0.0202  0.0202  0.0202  0.0202  0.0202  0.0202  0.0202
  0.0203  0.0203  0.0202  0.0202  0.0203  0.0203  0.0203  0.0203  0.0202  0.0203  0.0202  0.0202
  0.0205  0.0205  0.0204  0.0204  0.0206  0.0206  0.0205  0.0206  0.0204  0.0206  0.0203  0.0204
  0.0209  0.0208  0.0206  0.0207  0.0211  0.0209  0.0208  0.0210  0.0207  0.0210  0.0204  0.0206
niter,ni,del,rscale     1    3    5.0000    0.4000
parameters
   -1.8234   21.3435   -1.3201   -1.7701  -20.4860   -8.5950
    3.8454   -3.4585   -2.7792   27.3081    3.0678  -18.6961
eta,q 0.97982  9.66873
  0.0206  0.0206  0.0204  0.0206  0.0207  0.0207  0.0206  0.0207  0.0205  0.0207  0.0203  0.0204
  0.0204  0.0204  0.0203  0.0204  0.0204  0.0204  0.0204  0.0204  0.0203  0.0204  0.0202  0.0203
  0.0202  0.0202  0.0202  0.0203  0.0202  0.0202  0.0202  0.0202  0.0202  0.0202  0.0202  0.0202
  0.0202  0.0202  0.0202  0.0202  0.0202  0.0202  0.0202  0.0202  0.0202  0.0202  0.0202  0.0202
  0.0202  0.0202  0.0202  0.0202  0.0203  0.0203  0.0202  0.0202  0.0202  0.0202  0.0202  0.0202
  0.0204  0.0204  0.0203  0.0203  0.0205  0.0204  0.0204  0.0204  0.0203  0.0204  0.0202  0.0203
  0.0206  0.0206  0.0204  0.0205  0.0208  0.0207  0.0206  0.0207  0.0205  0.0207  0.0203  0.0204
registration optimization eta report
parameter search radius
    0.8000    0.8000    0.8000    2.4000    2.4000    2.4000
    2.4000    2.4000    2.4000    2.4000    2.4000    2.4000
100000*second partial in parameter space
       65.       63.       40.        7.       10.        9.
        7.        9.        6.        9.        2.        4.
  0.0206  0.0206  0.0204  0.0206  0.0207  0.0207  0.0206  0.0207  0.0205  0.0207  0.0203  0.0204
  0.0204  0.0204  0.0203  0.0204  0.0204  0.0204  0.0204  0.0204  0.0203  0.0204  0.0202  0.0203
  0.0202  0.0202  0.0202  0.0203  0.0202  0.0202  0.0202  0.0202  0.0202  0.0202  0.0202  0.0202
  0.0202  0.0202  0.0202  0.0202  0.0202  0.0202  0.0202  0.0202  0.0202  0.0202  0.0202  0.0202
  0.0202  0.0202  0.0202  0.0202  0.0203  0.0203  0.0202  0.0202  0.0202  0.0202  0.0202  0.0202
  0.0204  0.0204  0.0203  0.0203  0.0205  0.0204  0.0204  0.0204  0.0203  0.0204  0.0202  0.0203
  0.0206  0.0206  0.0204  0.0205  0.0208  0.0207  0.0206  0.0207  0.0205  0.0207  0.0203  0.0204
   -1.8234   21.3435   -1.3201   -1.7701  -20.4860   -8.5950
    3.8454   -3.4585   -2.7792   27.3081    3.0678  -18.6961
eta,q 0.97982  9.66873

---------------------------------------------------------------------
imgreg_4dfp /opt/freesurfer/average/711-2C_as_mni_average_305 /opt/freesurfer/average/711-2B_as_mni_average_305_mask talsrcimg_g11 none talsrcimg_to_711-2C_as_mni_average_305_t4 2311
---------------------------------------------------------------------

freesurfer imgreg_4dfp.c
/opt/freesurfer/average/711-2C_as_mni_average_305.4dfp.img
       256       256       256         1
  1.000000  1.000000  1.000000
orientation T byte_order littleendian
Reading image: /opt/freesurfer/average/711-2C_as_mni_average_305.4dfp.img
dimensions:      256       256       256
mmppix:       1.0000   -1.0000   -1.0000
center:     128.0000 -129.0000 -129.0000
/opt/freesurfer/average/711-2B_as_mni_average_305_mask.4dfp.img
       256       256       256         1
  1.000000  1.000000  1.000000
orientation T byte_order littleendian
Reading mask: /opt/freesurfer/average/711-2B_as_mni_average_305_mask.4dfp.img (2306576 pixels)
talsrcimg_g11.4dfp.img
       256       256       256         1
  1.000000  1.000000  1.000000
orientation T byte_order littleendian
Reading image: talsrcimg_g11.4dfp.img
dimensions:      256       256       256
mmppix:       1.0000   -1.0000   -1.0000
center:     128.0000 -129.0000 -129.0000
fimgreg.f
image alignment mode   2311 decimal      907 hex
parameters
   -1.8234   21.3435   -1.3201   -1.7701  -20.4860   -8.5950
    3.8454   -3.4585   -2.7792   27.3081    3.0678  -18.6961
eta,q 0.97982  9.66873
niter,ni,del,rscale     5    3    5.0000    0.8000
parameters
   -1.8312   21.3447   -1.3468   -2.3168  -20.3369   -8.5534
    3.8872   -3.3655   -2.8448   27.3095    3.1586  -18.5263
eta,q 0.97978  9.65942
  0.0218  0.0217  0.0211  0.0213  0.0223  0.0219  0.0217  0.0224  0.0214  0.0222  0.0208  0.0212
  0.0209  0.0209  0.0206  0.0208  0.0212  0.0211  0.0209  0.0212  0.0208  0.0211  0.0205  0.0206
  0.0204  0.0204  0.0203  0.0204  0.0205  0.0204  0.0204  0.0204  0.0204  0.0205  0.0203  0.0203
  0.0202  0.0202  0.0202  0.0202  0.0202  0.0202  0.0202  0.0202  0.0202  0.0202  0.0202  0.0202
  0.0204  0.0204  0.0203  0.0203  0.0205  0.0205  0.0204  0.0205  0.0204  0.0205  0.0203  0.0203
  0.0209  0.0209  0.0206  0.0210  0.0211  0.0210  0.0209  0.0211  0.0208  0.0212  0.0204  0.0206
  0.0219  0.0217  0.0212  0.0223  0.0220  0.0219  0.0217  0.0222  0.0215  0.0222  0.0207  0.0210
niter,ni,del,rscale     4    3    5.0000    0.7000
parameters
   -1.8070   21.3513   -1.3355   -2.2130  -20.3471   -8.5108
    3.8854   -3.3856   -2.8393   27.2951    3.1404  -18.5649
eta,q 0.97979  9.66275
  0.0215  0.0214  0.0210  0.0213  0.0218  0.0216  0.0214  0.0218  0.0212  0.0218  0.0206  0.0209
  0.0208  0.0208  0.0206  0.0208  0.0209  0.0209  0.0207  0.0209  0.0207  0.0209  0.0204  0.0205
  0.0204  0.0204  0.0203  0.0205  0.0204  0.0204  0.0203  0.0204  0.0203  0.0204  0.0203  0.0203
  0.0202  0.0202  0.0202  0.0202  0.0202  0.0202  0.0202  0.0202  0.0202  0.0202  0.0202  0.0202
  0.0203  0.0204  0.0203  0.0202  0.0204  0.0204  0.0204  0.0204  0.0203  0.0204  0.0203  0.0203
  0.0207  0.0208  0.0205  0.0206  0.0210  0.0208  0.0207  0.0210  0.0206  0.0209  0.0204  0.0205
  0.0214  0.0214  0.0210  0.0213  0.0218  0.0215  0.0214  0.0218  0.0212  0.0218  0.0206  0.0209
niter,ni,del,rscale     3    3    5.0000    0.6000
parameters
   -1.8127   21.3442   -1.3209   -2.0590  -20.4004   -8.4980
    3.8764   -3.4036   -2.8166   27.2996    3.1331  -18.6081
eta,q 0.97980  9.66603
  0.0211  0.0211  0.0208  0.0210  0.0214  0.0212  0.0211  0.0214  0.0209  0.0214  0.0205  0.0207
  0.0206  0.0206  0.0205  0.0207  0.0207  0.0207  0.0206  0.0207  0.0205  0.0207  0.0203  0.0204
  0.0203  0.0203  0.0203  0.0204  0.0203  0.0203  0.0203  0.0203  0.0203  0.0203  0.0202  0.0202
  0.0202  0.0202  0.0202  0.0202  0.0202  0.0202  0.0202  0.0202  0.0202  0.0202  0.0202  0.0202
  0.0203  0.0203  0.0203  0.0202  0.0204  0.0204  0.0203  0.0204  0.0203  0.0203  0.0202  0.0203
  0.0206  0.0206  0.0204  0.0205  0.0208  0.0207  0.0206  0.0208  0.0205  0.0207  0.0203  0.0204
  0.0211  0.0211  0.0208  0.0210  0.0214  0.0212  0.0211  0.0214  0.0209  0.0214  0.0205  0.0207
niter,ni,del,rscale     2    3    5.0000    0.5000
parameters
   -1.8170   21.3432   -1.3209   -1.9023  -20.4521   -8.5440
    3.8601   -3.4338   -2.7973   27.3099    3.1123  -18.6759
eta,q 0.97981  9.66778
  0.0208  0.0208  0.0206  0.0208  0.0210  0.0209  0.0208  0.0210  0.0207  0.0210  0.0204  0.0205
  0.0205  0.0205  0.0204  0.0205  0.0206  0.0205  0.0205  0.0205  0.0204  0.0206  0.0203  0.0203
  0.0203  0.0203  0.0202  0.0203  0.0203  0.0203  0.0203  0.0203  0.0202  0.0203  0.0202  0.0202
  0.0202  0.0202  0.0202  0.0202  0.0202  0.0202  0.0202  0.0202  0.0202  0.0202  0.0202  0.0202
  0.0203  0.0203  0.0202  0.0202  0.0203  0.0203  0.0203  0.0203  0.0202  0.0203  0.0202  0.0202
  0.0205  0.0205  0.0204  0.0204  0.0206  0.0206  0.0205  0.0206  0.0204  0.0206  0.0203  0.0204
  0.0209  0.0208  0.0206  0.0208  0.0211  0.0209  0.0208  0.0210  0.0207  0.0210  0.0204  0.0205
niter,ni,del,rscale     1    3    5.0000    0.4000
parameters
   -1.8218   21.3454   -1.3219   -1.7598  -20.4972   -8.5898
    3.8418   -3.4566   -2.7664   27.3218    3.0829  -18.7015
eta,q 0.97982  9.66908
  0.0206  0.0206  0.0204  0.0206  0.0207  0.0207  0.0206  0.0207  0.0205  0.0207  0.0203  0.0204
  0.0204  0.0204  0.0203  0.0204  0.0204  0.0204  0.0204  0.0204  0.0203  0.0204  0.0202  0.0203
  0.0202  0.0202  0.0202  0.0203  0.0202  0.0202  0.0202  0.0202  0.0202  0.0202  0.0202  0.0202
  0.0202  0.0202  0.0202  0.0202  0.0202  0.0202  0.0202  0.0202  0.0202  0.0202  0.0202  0.0202
  0.0202  0.0202  0.0202  0.0202  0.0203  0.0203  0.0202  0.0202  0.0202  0.0202  0.0202  0.0202
  0.0204  0.0204  0.0203  0.0203  0.0205  0.0204  0.0204  0.0204  0.0203  0.0204  0.0202  0.0203
  0.0206  0.0206  0.0204  0.0205  0.0208  0.0207  0.0206  0.0207  0.0205  0.0207  0.0203  0.0204
registration optimization eta report
parameter search radius
    0.8000    0.8000    0.8000    2.4000    2.4000    2.4000
    2.4000    2.4000    2.4000    2.4000    2.4000    2.4000
100000*second partial in parameter space
       65.       63.       39.        7.       10.        9.
        7.        9.        6.        9.        3.        4.
  0.0206  0.0206  0.0204  0.0206  0.0207  0.0207  0.0206  0.0207  0.0205  0.0207  0.0203  0.0204
  0.0204  0.0204  0.0203  0.0204  0.0204  0.0204  0.0204  0.0204  0.0203  0.0204  0.0202  0.0203
  0.0202  0.0202  0.0202  0.0203  0.0202  0.0202  0.0202  0.0202  0.0202  0.0202  0.0202  0.0202
  0.0202  0.0202  0.0202  0.0202  0.0202  0.0202  0.0202  0.0202  0.0202  0.0202  0.0202  0.0202
  0.0202  0.0202  0.0202  0.0202  0.0203  0.0203  0.0202  0.0202  0.0202  0.0202  0.0202  0.0202
  0.0204  0.0204  0.0203  0.0203  0.0205  0.0204  0.0204  0.0204  0.0203  0.0204  0.0202  0.0203
  0.0206  0.0206  0.0204  0.0205  0.0208  0.0207  0.0206  0.0207  0.0205  0.0207  0.0203  0.0204
   -1.8218   21.3454   -1.3219   -1.7598  -20.4972   -8.5898
    3.8418   -3.4566   -2.7664   27.3218    3.0829  -18.7015
eta,q 0.97982  9.66908

---------------------------------------------------------------------
compute_vox2vox talsrcimg talsrcimg_to_711-2C_as_mni_average_305_t4 /opt/freesurfer/average/711-2C_as_mni_average_305
---------------------------------------------------------------------

freesurfer compute_vox2vox.c
Reading: talsrcimg.4dfp.ifh
Reading: talsrcimg_to_711-2C_as_mni_average_305_t4
Reading: /opt/freesurfer/average/711-2C_as_mni_average_305.4dfp.ifh
Writing: talsrcimg_to_711-2C_as_mni_average_305_t4_vox2vox.txt

start time Tue Mar 10 06:04:18 CET 2026
end		time Tue Mar 10 06:05:48 CET 2026

mpr2mni305 success

avi2talxfm orig_nu.mgz /opt/freesurfer/average/mni305.cor.mgz talsrcimg_to_711-2C_as_mni_average_305_t4_vox2vox.txt transforms/talairach.auto.xfm
avi2talxfm done
mv -f /out/sourcedata/freesurfer/sub-v1s6x0051371_ses-1/mri/talsrcimg_to_711-2C_as_mni_average_305_t4_vox2vox.txt /out/sourcedata/freesurfer/sub-v1s6x0051371_ses-1/mri/transforms/talsrcimg_to_711-2C_as_mni_average_305_t4_vox2vox.txt
lta_convert --src orig_nu.mgz --trg /opt/freesurfer/average/mni305.cor.mgz --inxfm transforms/talairach.auto.xfm --outlta transforms/talairach.auto.xfm.lta --subject fsaverage
7.3.2

--src: orig_nu.mgz src image (geometry).
--trg: /opt/freesurfer/average/mni305.cor.mgz trg image (geometry).
--inmni: transforms/talairach.auto.xfm input MNI/XFM transform.
--outlta: transforms/talairach.auto.xfm.lta output LTA.
--s: fsaverage subject name
 LTA read, type : 1
 1.01530   0.04957  -0.03740   1.38477;
-0.02524   1.02087   0.24136  -15.89890;
 0.04400  -0.34911   1.17357  -14.41052;
 0.00000   0.00000   0.00000   1.00000;
setting subject to fsaverage
Writing  LTA to file transforms/talairach.auto.xfm.lta...
lta_convert successful.
 
 
Started at Tue Mar 10 06:04:18 CET 2026
Ended   at Tue Mar 10 06:05:48 CET 2026
talairach_avi done
