/out/sourcedata/freesurfer/sub-v1s6x0051369_ses-1/mri
/opt/freesurfer/bin/talairach_avi
--i orig_nu.mgz --xfm transforms/talairach.auto.xfm
talairach_avi 7.3.2
Linux dna062 5.14.0-427.37.1.el9_4.x86_64 #1 SMP PREEMPT_DYNAMIC Fri Sep 13 12:41:50 EDT 2024 x86_64 x86_64 x86_64 GNU/Linux
Tue Mar 10 05:56:56 CET 2026
mri_convert orig_nu.mgz talsrcimg.img 
reading from orig_nu.mgz...
TR=0.00, TE=0.00, TI=0.00, flip angle=0.00
i_ras = (-1, 0, 0)
j_ras = (0, 0, -1)
k_ras = (0, 1, 0)
writing to talsrcimg.img...
Analyze Output Matrix
-1.00000   0.00000   0.00000   134.92374;
 0.00000   0.00000   1.00000  -132.74576;
 0.00000  -1.00000   0.00000   140.84746;
 0.00000   0.00000   0.00000   1.00000;
--------------------
INFO: set hdr.hist.orient to -1
mpr2mni305 talsrcimg
Tue Mar 10 05:56:57 CET 2026
/opt/freesurfer/bin/mpr2mni305 talsrcimg
mpr2mni305 7.3.2
target=711-2C_as_mni_average_305

---------------------------------------------------------------------
analyzeto4dfp talsrcimg -O0 -y
---------------------------------------------------------------------

freesurfer ifh2hdr.c
Tue Mar 10 05:56:57 2026
Writing: talsrcimg.4dfp.hdr
freesurfer analyzeto4dfp.c
Reading: talsrcimg.hdr
header size 348 bytes
hdr.dime.datatype	offset=70	value=2
hdr.dime.bitpix		offset=72	value=8
hdr.hist.orient		offset=252	value=-1
dimensionality     4
dimensions       256       256       256         1
Reading: talsrcimg.img
Writing: talsrcimg.4dfp.img
Writing: talsrcimg.4dfp.ifh
ifh2hdr talsrcimg -r0to245
ori=2

---------------------------------------------------------------------
gauss_4dfp talsrcimg 1.1
---------------------------------------------------------------------

freesurfer gauss_4dfp.c
Reading: talsrcimg.4dfp.img
Writing: talsrcimg_g11.4dfp.img
image dimensions 256 256 256 padded to 288 288 288
processing volume 1freesurfer ifh2hdr.c
Tue Mar 10 05:56:59 2026
Writing: talsrcimg_g11.4dfp.hdr

Writing: talsrcimg_g11.4dfp.ifh
including: talsrcimg.4dfp.img.rec in talsrcimg_g11.4dfp.img.rec

---------------------------------------------------------------------
imgreg_4dfp /opt/freesurfer/average/711-2C_as_mni_average_305 none talsrcimg_g11 none talsrcimg_to_711-2C_as_mni_average_305_t4 4355
---------------------------------------------------------------------

freesurfer imgreg_4dfp.c
/opt/freesurfer/average/711-2C_as_mni_average_305.4dfp.img
       256       256       256         1
  1.000000  1.000000  1.000000
orientation T byte_order littleendian
Reading image: /opt/freesurfer/average/711-2C_as_mni_average_305.4dfp.img
dimensions:      256       256       256
mmppix:       1.0000   -1.0000   -1.0000
center:     128.0000 -129.0000 -129.0000
talsrcimg_g11.4dfp.img
       256       256       256         1
  1.000000  1.000000  1.000000
orientation T byte_order littleendian
Reading image: talsrcimg_g11.4dfp.img
dimensions:      256       256       256
mmppix:       1.0000   -1.0000   -1.0000
center:     128.0000 -129.0000 -129.0000
t4_read: open error in t4_sub.f l:  41 t4_file(1:l)talsrcimg_to_711-2C_as_mni_average_305_t4 
t4_read: transform initialized to I4
rotation matrix determinant  1.000000
image alignment mode   4355 decimal     1103 hex
   -7.5000  -45.0000  -45.0000 6805.9229   13.4916
    0.0000  -45.0000  -45.0000 7070.5391   13.5796
    7.5000  -45.0000  -45.0000 6676.9976   13.5991
   -7.5000  -37.5000  -45.0000 7411.8379   13.1107
    0.0000  -37.5000  -45.0000 7676.7573   13.1932
    7.5000  -37.5000  -45.0000 7262.9150   13.2104
   -7.5000  -30.0000  -45.0000 8339.9990   12.8113
    0.0000  -30.0000  -45.0000 8612.1523   12.8876
    7.5000  -30.0000  -45.0000 8141.3320   12.8985
   -7.5000  -22.5000  -45.0000 9258.9619   12.5828
    0.0000  -22.5000  -45.0000 9561.3350   12.6560
    7.5000  -22.5000  -45.0000 9049.7158   12.6614
   -7.5000  -15.0000  -45.000010274.2568   12.4941
    0.0000  -15.0000  -45.000010607.4678   12.5699
    7.5000  -15.0000  -45.000010035.7148   12.5759
   -7.5000   -7.5000  -45.000011305.4072   12.4612
    0.0000   -7.5000  -45.000011677.1064   12.5406
    7.5000   -7.5000  -45.000011018.4473   12.5522
   -7.5000    0.0000  -45.000012187.1445   12.4380
    0.0000    0.0000  -45.000012608.8008   12.5184
    7.5000    0.0000  -45.000011890.3633   12.5347
   -7.5000    7.5000  -45.000012150.3486   12.4441
    0.0000    7.5000  -45.000012599.8672   12.5221
    7.5000    7.5000  -45.000011867.9814   12.5375
   -7.5000   15.0000  -45.000011987.7549   12.4718
    0.0000   15.0000  -45.000012435.5088   12.5458
    7.5000   15.0000  -45.000011723.5938   12.5559
   -7.5000   22.5000  -45.000011729.8564   12.4937
    0.0000   22.5000  -45.000012157.6318   12.5665
    7.5000   22.5000  -45.000011492.7627   12.5718
   -7.5000   30.0000  -45.000011467.9756   12.3245
    0.0000   30.0000  -45.000011879.5762   12.3993
    7.5000   30.0000  -45.000011238.8340   12.4051
   -7.5000   37.5000  -45.000011396.0557   12.2952
    0.0000   37.5000  -45.000011774.4746   12.3735
    7.5000   37.5000  -45.000011131.8164   12.3849
   -7.5000   45.0000  -45.000010906.0029   11.9606
    0.0000   45.0000  -45.000011264.3281   12.0380
    7.5000   45.0000  -45.000010649.1162   12.0536
   -7.5000  -45.0000  -37.5000 7181.4185   13.4546
    0.0000  -45.0000  -37.5000 7454.3633   13.5398
    7.5000  -45.0000  -37.5000 7046.0820   13.5593
   -7.5000  -37.5000  -37.5000 7818.0063   13.0717
    0.0000  -37.5000  -37.5000 8091.5405   13.1527
    7.5000  -37.5000  -37.5000 7661.6846   13.1706
   -7.5000  -30.0000  -37.5000 8808.4463   12.7755
    0.0000  -30.0000  -37.5000 9089.4453   12.8500
    7.5000  -30.0000  -37.5000 8605.9521   12.8621
   -7.5000  -22.5000  -37.5000 9804.9092   12.5513
    0.0000  -22.5000  -37.500010123.7461   12.6215
    7.5000  -22.5000  -37.5000 9590.7832   12.6279
   -7.5000  -15.0000  -37.500010867.7148   12.4649
    0.0000  -15.0000  -37.500011233.2236   12.5368
    7.5000  -15.0000  -37.500010624.1064   12.5432
   -7.5000   -7.5000  -37.500011955.8662   12.4300
    0.0000   -7.5000  -37.500012367.8135   12.5060
    7.5000   -7.5000  -37.500011673.6953   12.5174
   -7.5000    0.0000  -37.500012891.3652   12.4031
    0.0000    0.0000  -37.500013347.9512   12.4814
    7.5000    0.0000  -37.500012590.5762   12.4978
   -7.5000    7.5000  -37.500012887.4941   12.4080
    0.0000    7.5000  -37.500013360.9258   12.4849
    7.5000    7.5000  -37.500012570.1387   12.5010
   -7.5000   15.0000  -37.500012700.9736   12.4374
    0.0000   15.0000  -37.500013194.2559   12.5100
    7.5000   15.0000  -37.500012397.8906   12.5212
   -7.5000   22.5000  -37.500012420.6572   12.4626
    0.0000   22.5000  -37.500012880.5732   12.5325
    7.5000   22.5000  -37.500012146.0010   12.5387
   -7.5000   30.0000  -37.500012109.9004   12.2957
    0.0000   30.0000  -37.500012538.0947   12.3667
    7.5000   30.0000  -37.500011837.2783   12.3729
   -7.5000   37.5000  -37.500012000.8584   12.2644
    0.0000   37.5000  -37.500012392.6445   12.3394
    7.5000   37.5000  -37.500011715.6797   12.3506
   -7.5000   45.0000  -37.500011497.8223   11.9271
    0.0000   45.0000  -37.500011870.4180   12.0024
    7.5000   45.0000  -37.500011232.1250   12.0181
   -7.5000  -45.0000  -30.0000 7685.9463   14.0093
    0.0000  -45.0000  -30.0000 7966.0503   14.0889
    7.5000  -45.0000  -30.0000 7523.2031   14.1037
   -7.5000  -37.5000  -30.0000 8379.5449   13.5983
    0.0000  -37.5000  -30.0000 8666.4111   13.6743
    7.5000  -37.5000  -30.0000 8203.5850   13.6899
   -7.5000  -30.0000  -30.0000 9447.8213   13.2884
    0.0000  -30.0000  -30.0000 9758.9365   13.3591
    7.5000  -30.0000  -30.0000 9242.9707   13.3697
   -7.5000  -22.5000  -30.000010524.1680   13.0633
    0.0000  -22.5000  -30.000010871.3750   13.1304
    7.5000  -22.5000  -30.000010302.8164   13.1335
   -7.5000  -15.0000  -30.000011633.4668   12.9831
    0.0000  -15.0000  -30.000012025.1045   13.0514
    7.5000  -15.0000  -30.000011393.5137   13.0523
   -7.5000   -7.5000  -30.000012790.4121   12.9483
    0.0000   -7.5000  -30.000013233.3789   13.0199
    7.5000   -7.5000  -30.000012525.3008   13.0254
   -7.5000    0.0000  -30.000013818.6035   12.9129
    0.0000    0.0000  -30.000014316.4336   12.9867
    7.5000    0.0000  -30.000013519.7139   12.9989
   -7.5000    7.5000  -30.000013840.3838   12.9091
    0.0000    7.5000  -30.000014348.9951   12.9818
    7.5000    7.5000  -30.000013484.8457   12.9962
   -7.5000   15.0000  -30.000013656.2393   12.9376
    0.0000   15.0000  -30.000014174.8008   13.0067
    7.5000   15.0000  -30.000013305.8613   13.0164
   -7.5000   22.5000  -30.000013357.2568   12.9700
    0.0000   22.5000  -30.000013854.4932   13.0368
    7.5000   22.5000  -30.000013031.3379   13.0396
   -7.5000   30.0000  -30.000012981.5166   12.8082
    0.0000   30.0000  -30.000013461.7451   12.8755
    7.5000   30.0000  -30.000012672.7959   12.8764
   -7.5000   37.5000  -30.000012815.4961   12.7769
    0.0000   37.5000  -30.000013257.5000   12.8476
    7.5000   37.5000  -30.000012521.0098   12.8530
   -7.5000   45.0000  -30.000012240.1377   12.4265
    0.0000   45.0000  -30.000012666.2637   12.4974
    7.5000   45.0000  -30.000011980.9297   12.5091
   -7.5000  -45.0000  -22.5000 8189.9028   14.4886
    0.0000  -45.0000  -22.5000 8477.2578   14.5644
    7.5000  -45.0000  -22.5000 8018.7075   14.5735
   -7.5000  -37.5000  -22.5000 8941.6709   14.0538
    0.0000  -37.5000  -22.5000 9232.0566   14.1249
    7.5000  -37.5000  -22.5000 8763.9199   14.1367
   -7.5000  -30.0000  -22.500010083.4434   13.7286
    0.0000  -30.0000  -22.500010412.2158   13.7962
    7.5000  -30.0000  -22.5000 9877.4541   13.8036
   -7.5000  -22.5000  -22.500011200.5117   13.5001
    0.0000  -22.5000  -22.500011588.7598   13.5663
    7.5000  -22.5000  -22.500010988.8145   13.5646
   -7.5000  -15.0000  -22.500012368.6152   13.4251
    0.0000  -15.0000  -22.500012820.2529   13.4933
    7.5000  -15.0000  -22.500012157.5498   13.4874
   -7.5000   -7.5000  -22.500013593.7637   13.3938
    0.0000   -7.5000  -22.500014109.3018   13.4640
    7.5000   -7.5000  -22.500013353.5459   13.4625
   -7.5000    0.0000  -22.500014731.9014   13.3544
    0.0000    0.0000  -22.500015287.4541   13.4247
    7.5000    0.0000  -22.500014440.1641   13.4316
   -7.5000    7.5000  -22.500014744.5635   13.3421
    0.0000    7.5000  -22.500015296.3867   13.4103
    7.5000    7.5000  -22.500014390.6826   13.4215
   -7.5000   15.0000  -22.500014565.0723   13.3664
    0.0000   15.0000  -22.500015108.8887   13.4325
    7.5000   15.0000  -22.500014198.4023   13.4394
   -7.5000   22.5000  -22.500014270.0918   13.4027
    0.0000   22.5000  -22.500014806.9922   13.4686
    7.5000   22.5000  -22.500013919.0020   13.4667
   -7.5000   30.0000  -22.500013855.9121   13.2463
    0.0000   30.0000  -22.500014391.3057   13.3135
    7.5000   30.0000  -22.500013545.3926   13.3077
   -7.5000   37.5000  -22.500013629.3711   13.2186
    0.0000   37.5000  -22.500014128.6064   13.2879
    7.5000   37.5000  -22.500013339.2070   13.2864
   -7.5000   45.0000  -22.500012978.8916   12.8610
    0.0000   45.0000  -22.500013445.8623   12.9286
    7.5000   45.0000  -22.500012711.6289   12.9353
   -7.5000  -45.0000  -15.0000 8683.8857   14.8447
    0.0000  -45.0000  -15.0000 8978.9814   14.9247
    7.5000  -45.0000  -15.0000 8493.8477   14.9328
   -7.5000  -37.5000  -15.0000 9486.6455   14.4019
    0.0000  -37.5000  -15.0000 9796.7920   14.4760
    7.5000  -37.5000  -15.0000 9309.9570   14.4868
   -7.5000  -30.0000  -15.000010678.0947   14.0650
    0.0000  -30.0000  -15.000011034.4785   14.1364
    7.5000  -30.0000  -15.000010478.0391   14.1426
   -7.5000  -22.5000  -15.000011856.1260   13.8260
    0.0000  -22.5000  -15.000012280.2529   13.8974
    7.5000  -22.5000  -15.000011644.7373   13.8943
   -7.5000  -15.0000  -15.000013088.0234   13.7471
    0.0000  -15.0000  -15.000013581.2500   13.8211
    7.5000  -15.0000  -15.000012863.3008   13.8138
   -7.5000   -7.5000  -15.000014393.8037   13.7186
    0.0000   -7.5000  -15.000014954.0908   13.7939
    7.5000   -7.5000  -15.000014139.3848   13.7914
   -7.5000    0.0000  -15.000015626.7852   13.6837
    0.0000    0.0000  -15.000016227.8545   13.7572
    7.5000    0.0000  -15.000015318.3555   13.7633
   -7.5000    7.5000  -15.000015650.3477   13.6719
    0.0000    7.5000  -15.000016219.9658   13.7427
    7.5000    7.5000  -15.000015265.5225   13.7529
   -7.5000   15.0000  -15.000015463.9053   13.6935
    0.0000   15.0000  -15.000016039.9189   13.7629
    7.5000   15.0000  -15.000015075.2217   13.7687
   -7.5000   22.5000  -15.000015120.1523   13.7254
    0.0000   22.5000  -15.000015727.9189   13.7963
    7.5000   22.5000  -15.000014769.2334   13.7931
   -7.5000   30.0000  -15.000014686.3223   13.5658
    0.0000   30.0000  -15.000015302.9609   13.6389
    7.5000   30.0000  -15.000014405.1270   13.6316
   -7.5000   37.5000  -15.000014446.8203   13.5410
    0.0000   37.5000  -15.000015035.0449   13.6154
    7.5000   37.5000  -15.000014174.0820   13.6129
   -7.5000   45.0000  -15.000013706.1768   13.1860
    0.0000   45.0000  -15.000014251.0010   13.2569
    7.5000   45.0000  -15.000013454.5498   13.2628
   -7.5000  -45.0000   -7.5000 9166.9170   15.0307
    0.0000  -45.0000   -7.5000 9468.2188   15.1210
    7.5000  -45.0000   -7.5000 8970.1152   15.1351
   -7.5000  -37.5000   -7.500010030.6768   14.5956
    0.0000  -37.5000   -7.500010375.3779   14.6795
    7.5000  -37.5000   -7.5000 9857.3496   14.6936
   -7.5000  -30.0000   -7.500011275.4062   14.2565
    0.0000  -30.0000   -7.500011677.2148   14.3359
    7.5000  -30.0000   -7.500011081.7773   14.3441
   -7.5000  -22.5000   -7.500012509.8037   14.0059
    0.0000  -22.5000   -7.500012996.8916   14.0844
    7.5000  -22.5000   -7.500012303.6113   14.0848
   -7.5000  -15.0000   -7.500013793.3613   13.9156
    0.0000  -15.0000   -7.500014357.3154   13.9970
    7.5000  -15.0000   -7.500013574.8623   13.9957
   -7.5000   -7.5000   -7.500015168.0166   13.8847
    0.0000   -7.5000   -7.500015774.3828   13.9684
    7.5000   -7.5000   -7.500014913.2686   13.9729
   -7.5000    0.0000   -7.500016503.9551   13.8566
    0.0000    0.0000   -7.500017140.8281   13.9393
    7.5000    0.0000   -7.500016172.6582   13.9507
   -7.5000    7.5000   -7.500016610.1367   13.8544
    0.0000    7.5000   -7.500017246.0039   13.9340
    7.5000    7.5000   -7.500016208.5176   13.9468
   -7.5000   15.0000   -7.500016466.2285   13.8791
    0.0000   15.0000   -7.500017158.9922   13.9562
    7.5000   15.0000   -7.500016061.5791   13.9637
   -7.5000   22.5000   -7.500016019.6396   13.9023
    0.0000   22.5000   -7.500016818.1855   13.9801
    7.5000   22.5000   -7.500015720.6094   13.9804
   -7.5000   30.0000   -7.500015542.6855   13.7317
    0.0000   30.0000   -7.500016337.7686   13.8120
    7.5000   30.0000   -7.500015317.3232   13.8108
   -7.5000   37.5000   -7.500015338.6211   13.7047
    0.0000   37.5000   -7.500016057.4316   13.7873
    7.5000   37.5000   -7.500015051.2334   13.7917
   -7.5000   45.0000   -7.500014544.5537   13.3552
    0.0000   45.0000   -7.500015122.5576   13.4348
    7.5000   45.0000   -7.500014177.8330   13.4459
   -7.5000  -45.0000    0.0000 9538.3574   15.0653
    0.0000  -45.0000    0.0000 9882.2715   15.1633
    7.5000  -45.0000    0.0000 9363.2363   15.1846
   -7.5000  -37.5000    0.000010459.4707   14.6398
    0.0000  -37.5000    0.000010850.3115   14.7316
    7.5000  -37.5000    0.000010287.9209   14.7503
   -7.5000  -30.0000    0.000011773.8740   14.3051
    0.0000  -30.0000    0.000012216.2461   14.3901
    7.5000  -30.0000    0.000011591.8779   14.4017
   -7.5000  -22.5000    0.000013072.0615   14.0500
    0.0000  -22.5000    0.000013591.2129   14.1316
    7.5000  -22.5000    0.000012890.0303   14.1372
   -7.5000  -15.0000    0.000014401.7148   13.9511
    0.0000  -15.0000    0.000014991.2578   14.0357
    7.5000  -15.0000    0.000014200.2217   14.0419
   -7.5000   -7.5000    0.000015797.3174   13.9149
    0.0000   -7.5000    0.000016412.2070   14.0035
    7.5000   -7.5000    0.000015558.9238   14.0160
   -7.5000    0.0000    0.000017255.8047   13.8891
    0.0000    0.0000    0.000017906.5566   13.9788
    7.5000    0.0000    0.000016901.3477   13.9965
   -7.5000    7.5000    0.000017567.2812   13.8957
    0.0000    7.5000    0.000018294.0879   13.9825
    7.5000    7.5000    0.000017088.4023   13.9993
   -7.5000   15.0000    0.000017582.1211   13.9261
    0.0000   15.0000    0.000018501.3691   14.0086
    7.5000   15.0000    0.000017044.7461   14.0194
   -7.5000   22.5000    0.000017076.0781   13.9460
    0.0000   22.5000    0.000018096.7070   14.0271
    7.5000   22.5000    0.000016659.2500   14.0325
   -7.5000   30.0000    0.000016475.3789   13.7671
    0.0000   30.0000    0.000017358.5020   13.8506
    7.5000   30.0000    0.000016120.3975   13.8566
   -7.5000   37.5000    0.000016236.9756   13.7348
    0.0000   37.5000    0.000016947.1914   13.8222
    7.5000   37.5000    0.000015792.6211   13.8346
   -7.5000   45.0000    0.000015292.9355   13.3875
    0.0000   45.0000    0.000015868.2588   13.4740
    7.5000   45.0000    0.000014777.0527   13.4910
   -7.5000  -45.0000    7.5000 9182.6416   15.0561
    0.0000  -45.0000    7.5000 9512.1533   15.1514
    7.5000  -45.0000    7.5000 9001.5703   15.1732
   -7.5000  -37.5000    7.500010087.0352   14.6275
    0.0000  -37.5000    7.500010506.7900   14.7182
    7.5000  -37.5000    7.5000 9935.3418   14.7382
   -7.5000  -30.0000    7.500011339.7617   14.2961
    0.0000  -30.0000    7.500011833.5684   14.3795
    7.5000  -30.0000    7.500011216.9531   14.3930
   -7.5000  -22.5000    7.500012570.4434   14.0452
    0.0000  -22.5000    7.500013139.5898   14.1238
    7.5000  -22.5000    7.500012464.2803   14.1309
   -7.5000  -15.0000    7.500013855.6152   13.9485
    0.0000  -15.0000    7.500014482.5801   14.0290
    7.5000  -15.0000    7.500013731.0723   14.0362
   -7.5000   -7.5000    7.500015200.9971   13.9095
    0.0000   -7.5000    7.500015843.3389   13.9946
    7.5000   -7.5000    7.500015034.7334   14.0073
   -7.5000    0.0000    7.500016658.0957   13.8794
    0.0000    0.0000    7.500017319.0898   13.9671
    7.5000    0.0000    7.500016339.3633   13.9853
   -7.5000    7.5000    7.500017145.5977   13.8849
    0.0000    7.5000    7.500017803.3594   13.9709
    7.5000    7.5000    7.500016536.0957   13.9890
   -7.5000   15.0000    7.500017327.1895   13.9178
    0.0000   15.0000    7.500017970.2559   13.9990
    7.5000   15.0000    7.500016421.6992   14.0115
   -7.5000   22.5000    7.500016923.4590   13.9415
    0.0000   22.5000    7.500017591.8711   14.0197
    7.5000   22.5000    7.500016062.0625   14.0266
   -7.5000   30.0000    7.500016182.3232   13.7646
    0.0000   30.0000    7.500016811.9473   13.8440
    7.5000   30.0000    7.500015542.2588   13.8510
   -7.5000   37.5000    7.500015747.6279   13.7295
    0.0000   37.5000    7.500016356.8242   13.8135
    7.5000   37.5000    7.500015213.5000   13.8261
   -7.5000   45.0000    7.500014673.5908   13.3781
    0.0000   45.0000    7.500015247.6895   13.4626
    7.5000   45.0000    7.500014181.7803   13.4803
   -7.5000  -45.0000   15.0000 8659.8145   15.0441
    0.0000  -45.0000   15.0000 9037.0430   15.1296
    7.5000  -45.0000   15.0000 8530.2520   15.1456
   -7.5000  -37.5000   15.0000 9556.6748   14.6028
    0.0000  -37.5000   15.0000 9988.6484   14.6844
    7.5000  -37.5000   15.0000 9428.8730   14.7012
   -7.5000  -30.0000   15.000010793.0703   14.2701
    0.0000  -30.0000   15.000011267.4912   14.3459
    7.5000  -30.0000   15.000010656.1377   14.3573
   -7.5000  -22.5000   15.000012007.3652   14.0283
    0.0000  -22.5000   15.000012521.8506   14.1003
    7.5000  -22.5000   15.000011853.0693   14.1037
   -7.5000  -15.0000   15.000013271.7490   13.9422
    0.0000  -15.0000   15.000013801.2607   14.0155
    7.5000  -15.0000   15.000013053.6230   14.0165
   -7.5000   -7.5000   15.000014558.4795   13.9047
    0.0000   -7.5000   15.000015117.3672   13.9817
    7.5000   -7.5000   15.000014295.9541   13.9876
   -7.5000    0.0000   15.000015855.2383   13.8668
    0.0000    0.0000   15.000016472.2383   13.9460
    7.5000    0.0000   15.000015543.9268   13.9591
   -7.5000    7.5000   15.000016140.8789   13.8627
    0.0000    7.5000   15.000016822.0273   13.9407
    7.5000    7.5000   15.000015643.3857   13.9562
   -7.5000   15.0000   15.000016188.0508   13.8933
    0.0000   15.0000   15.000016788.2539   13.9675
    7.5000   15.0000   15.000015485.8506   13.9780
   -7.5000   22.5000   15.000015888.3818   13.9250
    0.0000   22.5000   15.000016427.2637   13.9967
    7.5000   22.5000   15.000015169.2900   13.9998
   -7.5000   30.0000   15.000015388.1416   13.7583
    0.0000   30.0000   15.000015908.7451   13.8307
    7.5000   30.0000   15.000014775.7402   13.8316
   -7.5000   37.5000   15.000015010.9941   13.7248
    0.0000   37.5000   15.000015571.7734   13.8007
    7.5000   37.5000   15.000014528.7803   13.8065
   -7.5000   45.0000   15.000013915.6230   13.3660
    0.0000   45.0000   15.000014457.3369   13.4423
    7.5000   45.0000   15.000013512.0771   13.4550
   -7.5000  -45.0000   22.5000 8104.3750   15.1079
    0.0000  -45.0000   22.5000 8460.1064   15.1879
    7.5000  -45.0000   22.5000 7973.7891   15.1980
   -7.5000  -37.5000   22.5000 8956.9883   14.6529
    0.0000  -37.5000   22.5000 9361.3809   14.7279
    7.5000  -37.5000   22.5000 8808.8281   14.7408
   -7.5000  -30.0000   22.500010133.0254   14.3124
    0.0000  -30.0000   22.500010551.4697   14.3836
    7.5000  -30.0000   22.5000 9947.3633   14.3919
   -7.5000  -22.5000   22.500011291.0547   14.0727
    0.0000  -22.5000   22.500011717.1943   14.1424
    7.5000  -22.5000   22.500011082.0879   14.1411
   -7.5000  -15.0000   22.500012440.3857   13.9939
    0.0000  -15.0000   22.500012910.0518   14.0656
    7.5000  -15.0000   22.500012218.5098   14.0600
   -7.5000   -7.5000   22.500013646.6406   13.9612
    0.0000   -7.5000   22.500014154.2451   14.0351
    7.5000   -7.5000   22.500013413.6953   14.0341
   -7.5000    0.0000   22.500014807.2393   13.9204
    0.0000    0.0000   22.500015420.4131   13.9944
    7.5000    0.0000   22.500014588.3838   14.0021
   -7.5000    7.5000   22.500014901.5303   13.9078
    0.0000    7.5000   22.500015592.3857   13.9797
    7.5000    7.5000   22.500014630.5977   13.9918
   -7.5000   15.0000   22.500014814.1445   13.9333
    0.0000   15.0000   22.500015429.9922   14.0028
    7.5000   15.0000   22.500014438.4902   14.0104
   -7.5000   22.5000   22.500014538.9541   13.9687
    0.0000   22.5000   22.500015125.1084   14.0380
    7.5000   22.5000   22.500014165.9756   14.0365
   -7.5000   30.0000   22.500014183.0254   13.8094
    0.0000   30.0000   22.500014787.3848   13.8802
    7.5000   30.0000   22.500013849.1104   13.8746
   -7.5000   37.5000   22.500013995.7803   13.7806
    0.0000   37.5000   22.500014607.5332   13.8535
    7.5000   37.5000   22.500013702.1045   13.8525
   -7.5000   45.0000   22.500013022.2822   13.4177
    0.0000   45.0000   22.500013574.0518   13.4890
    7.5000   45.0000   22.500012734.5303   13.4964
   -7.5000  -45.0000   30.0000 7489.4072   15.3666
    0.0000  -45.0000   30.0000 7832.8906   15.4516
    7.5000  -45.0000   30.0000 7407.3901   15.4607
   -7.5000  -37.5000   30.0000 8287.9697   14.9014
    0.0000  -37.5000   30.0000 8662.9170   14.9802
    7.5000  -37.5000   30.0000 8183.9917   14.9921
   -7.5000  -30.0000   30.0000 9390.0088   14.5467
    0.0000  -30.0000   30.0000 9769.5898   14.6224
    7.5000  -30.0000   30.0000 9236.8154   14.6295
   -7.5000  -22.5000   30.000010469.8857   14.2938
    0.0000  -22.5000   30.000010876.6201   14.3695
    7.5000  -22.5000   30.000010299.2891   14.3666
   -7.5000  -15.0000   30.000011547.1025   14.2094
    0.0000  -15.0000   30.000011989.1055   14.2878
    7.5000  -15.0000   30.000011377.7598   14.2805
   -7.5000   -7.5000   30.000012655.9814   14.1791
    0.0000   -7.5000   30.000013160.5293   14.2588
    7.5000   -7.5000   30.000012502.3447   14.2567
   -7.5000    0.0000   30.000013718.6035   14.1430
    0.0000    0.0000   30.000014299.9336   14.2209
    7.5000    0.0000   30.000013593.6162   14.2277
   -7.5000    7.5000   30.000013762.7764   14.1317
    0.0000    7.5000   30.000014353.4502   14.2067
    7.5000    7.5000   30.000013587.0596   14.2179
   -7.5000   15.0000   30.000013611.2158   14.1549
    0.0000   15.0000   30.000014139.8906   14.2285
    7.5000   15.0000   30.000013394.0234   14.2350
   -7.5000   22.5000   30.000013369.9883   14.1863
    0.0000   22.5000   30.000013892.6934   14.2614
    7.5000   22.5000   30.000013164.6387   14.2585
   -7.5000   30.0000   30.000013110.5029   14.0220
    0.0000   30.0000   30.000013644.4795   14.0993
    7.5000   30.0000   30.000012901.3584   14.0921
   -7.5000   37.5000   30.000012994.4043   13.9956
    0.0000   37.5000   30.000013535.5449   14.0743
    7.5000   37.5000   30.000012790.9062   14.0722
   -7.5000   45.0000   30.000012097.6396   13.6322
    0.0000   45.0000   30.000012590.4678   13.7073
    7.5000   45.0000   30.000011879.0869   13.7139
   -7.5000  -45.0000   37.5000 7181.0347   15.7140
    0.0000  -45.0000   37.5000 7517.3232   15.8115
    7.5000  -45.0000   37.5000 7123.7192   15.8257
   -7.5000  -37.5000   37.5000 7944.4194   15.2483
    0.0000  -37.5000   37.5000 8298.5381   15.3385
    7.5000  -37.5000   37.5000 7873.0933   15.3526
   -7.5000  -30.0000   37.5000 9008.4160   14.8831
    0.0000  -30.0000   37.5000 9378.6816   14.9685
    7.5000  -30.0000   37.5000 8910.7949   14.9765
   -7.5000  -22.5000   37.500010058.1523   14.6108
    0.0000  -22.5000   37.500010458.2930   14.6952
    7.5000  -22.5000   37.5000 9949.2617   14.6953
   -7.5000  -15.0000   37.500011105.7734   14.5109
    0.0000  -15.0000   37.500011531.6631   14.5987
    7.5000  -15.0000   37.500010989.8145   14.5972
   -7.5000   -7.5000   37.500012161.5879   14.4784
    0.0000   -7.5000   37.500012634.1748   14.5684
    7.5000   -7.5000   37.500012058.3379   14.5730
   -7.5000    0.0000   37.500013175.8965   14.4500
    0.0000    0.0000   37.500013696.5010   14.5388
    7.5000    0.0000   37.500013074.9521   14.5504
   -7.5000    7.5000   37.500013184.0459   14.4492
    0.0000    7.5000   37.500013699.9004   14.5345
    7.5000    7.5000   37.500013046.0605   14.5474
   -7.5000   15.0000   37.500013018.8994   14.4756
    0.0000   15.0000   37.500013481.6973   14.5582
    7.5000   15.0000   37.500012867.0098   14.5657
   -7.5000   22.5000   37.500012786.3887   14.4985
    0.0000   22.5000   37.500013254.3828   14.5823
    7.5000   22.5000   37.500012648.9160   14.5822
   -7.5000   30.0000   37.500012532.4189   14.3194
    0.0000   30.0000   37.500013022.7197   14.4060
    7.5000   30.0000   37.500012375.8906   14.4045
   -7.5000   37.5000   37.500012498.1113   14.2910
    0.0000   37.5000   37.500012969.0488   14.3799
    7.5000   37.5000   37.500012315.7158   14.3844
   -7.5000   45.0000   37.500011626.5664   13.9282
    0.0000   45.0000   37.500012073.7832   14.0138
    7.5000   45.0000   37.500011441.2617   14.0249
   -7.5000  -45.0000   45.0000 6594.4590   16.1008
    0.0000  -45.0000   45.0000 6911.7988   16.2120
    7.5000  -45.0000   45.0000 6554.1816   16.2337
   -7.5000  -37.5000   45.0000 7304.2207   15.6290
    0.0000  -37.5000   45.0000 7626.6758   15.7323
    7.5000  -37.5000   45.0000 7251.6318   15.7509
   -7.5000  -30.0000   45.0000 8281.1807   15.2528
    0.0000  -30.0000   45.0000 8629.7354   15.3478
    7.5000  -30.0000   45.0000 8201.0166   15.3585
   -7.5000  -22.5000   45.0000 9248.8486   14.9604
    0.0000  -22.5000   45.0000 9622.5195   15.0517
    7.5000  -22.5000   45.0000 9167.5654   15.0560
   -7.5000  -15.0000   45.000010222.3379   14.8437
    0.0000  -15.0000   45.000010643.0967   14.9385
    7.5000  -15.0000   45.000010140.5938   14.9440
   -7.5000   -7.5000   45.000011179.4951   14.8059
    0.0000   -7.5000   45.000011632.3203   14.9057
    7.5000   -7.5000   45.000011104.3311   14.9182
   -7.5000    0.0000   45.000012095.7461   14.7827
    0.0000    0.0000   45.000012582.0605   14.8837
    7.5000    0.0000   45.000012013.7520   14.9018
   -7.5000    7.5000   45.000012091.2715   14.7938
    0.0000    7.5000   45.000012546.3086   14.8910
    7.5000    7.5000   45.000011976.0889   14.9077
   -7.5000   15.0000   45.000011926.4326   14.8263
    0.0000   15.0000   45.000012343.4082   14.9183
    7.5000   15.0000   45.000011800.9707   14.9281
   -7.5000   22.5000   45.000011711.6523   14.8422
    0.0000   22.5000   45.000012144.6533   14.9328
    7.5000   22.5000   45.000011594.3535   14.9370
   -7.5000   30.0000   45.000011481.1240   14.6464
    0.0000   30.0000   45.000011912.9170   14.7400
    7.5000   30.0000   45.000011348.8906   14.7453
   -7.5000   37.5000   45.000011455.3340   14.6130
    0.0000   37.5000   45.000011908.0840   14.7115
    7.5000   37.5000   45.000011331.2090   14.7238
   -7.5000   45.0000   45.000010683.5430   14.2553
    0.0000   45.0000   45.000011106.4238   14.3526
    7.5000   45.0000   45.000010536.0811   14.3701

---------------------------------------------------------------------
imgreg_4dfp /opt/freesurfer/average/711-2C_as_mni_average_305 /opt/freesurfer/average/711-2B_as_mni_average_305_mask talsrcimg_g11 none talsrcimg_to_711-2C_as_mni_average_305_t4 4355
---------------------------------------------------------------------

freesurfer imgreg_4dfp.c
/opt/freesurfer/average/711-2C_as_mni_average_305.4dfp.img
       256       256       256         1
  1.000000  1.000000  1.000000
orientation T byte_order littleendian
Reading image: /opt/freesurfer/average/711-2C_as_mni_average_305.4dfp.img
dimensions:      256       256       256
mmppix:       1.0000   -1.0000   -1.0000
center:     128.0000 -129.0000 -129.0000
/opt/freesurfer/average/711-2B_as_mni_average_305_mask.4dfp.img
       256       256       256         1
  1.000000  1.000000  1.000000
orientation T byte_order littleendian
Reading mask: /opt/freesurfer/average/711-2B_as_mni_average_305_mask.4dfp.img (2306576 pixels)
talsrcimg_g11.4dfp.img
       256       256       256         1
  1.000000  1.000000  1.000000
orientation T byte_order littleendian
Reading image: talsrcimg_g11.4dfp.img
dimensions:      256       256       256
mmppix:       1.0000   -1.0000   -1.0000
center:     128.0000 -129.0000 -129.0000
rotation matrix determinant  1.000000
image alignment mode   4355 decimal     1103 hex
   -7.5000  -30.0000  -45.0000 2171.6702   16.9111
    0.0000  -30.0000  -45.0000 2162.1262   16.9313
    7.5000  -30.0000  -45.0000 2139.1843   17.1843
   -7.5000  -22.5000  -45.0000 2277.1863   15.3745
    0.0000  -22.5000  -45.0000 2267.0325   15.4154
    7.5000  -22.5000  -45.0000 2241.7073   15.6236
   -7.5000  -15.0000  -45.0000 2369.0215   14.2307
    0.0000  -15.0000  -45.0000 2359.2595   14.2711
    7.5000  -15.0000  -45.0000 2334.3999   14.4591
   -7.5000   -7.5000  -45.0000 2439.6897   13.3514
    0.0000   -7.5000  -45.0000 2426.9033   13.3764
    7.5000   -7.5000  -45.0000 2399.9797   13.5792
   -7.5000    0.0000  -45.0000 2472.1270   12.7664
    0.0000    0.0000  -45.0000 2461.9480   12.8160
    7.5000    0.0000  -45.0000 2434.5957   13.0335
   -7.5000    7.5000  -45.0000 2488.1970   12.4452
    0.0000    7.5000  -45.0000 2479.9199   12.5196
    7.5000    7.5000  -45.0000 2456.5012   12.7391
   -7.5000   15.0000  -45.0000 2495.6653   12.3007
    0.0000   15.0000  -45.0000 2486.8369   12.3648
    7.5000   15.0000  -45.0000 2466.2363   12.6187
   -7.5000   22.5000  -45.0000 2484.2029   12.3918
    0.0000   22.5000  -45.0000 2475.2637   12.4511
    7.5000   22.5000  -45.0000 2455.0530   12.7168
   -7.5000   30.0000  -45.0000 2469.7075   12.7014
    0.0000   30.0000  -45.0000 2462.8672   12.7473
    7.5000   30.0000  -45.0000 2436.8223   13.0355
   -7.5000   37.5000  -45.0000 2442.6855   13.2147
    0.0000   37.5000  -45.0000 2437.0549   13.2580
    7.5000   37.5000  -45.0000 2408.7805   13.5565
   -7.5000   45.0000  -45.0000 2397.0183   13.9261
    0.0000   45.0000  -45.0000 2387.5625   13.9687
    7.5000   45.0000  -45.0000 2358.5718   14.2982
   -7.5000   52.5000  -45.0000 2308.4036   14.7971
    0.0000   52.5000  -45.0000 2299.7566   14.8274
    7.5000   52.5000  -45.0000 2270.0703   15.1893
   -7.5000   60.0000  -45.0000 2176.6829   15.8282
    0.0000   60.0000  -45.0000 2167.7522   15.8197
    7.5000   60.0000  -45.0000 2138.8840   16.2370
   -7.5000  -30.0000  -37.5000 2236.2197   15.8486
    0.0000  -30.0000  -37.5000 2230.3538   15.9034
    7.5000  -30.0000  -37.5000 2203.9080   16.1657
   -7.5000  -22.5000  -37.5000 2350.6919   14.4151
    0.0000  -22.5000  -37.5000 2342.8708   14.4893
    7.5000  -22.5000  -37.5000 2312.6416   14.7073
   -7.5000  -15.0000  -37.5000 2447.6545   13.2927
    0.0000  -15.0000  -37.5000 2435.2754   13.3430
    7.5000  -15.0000  -37.5000 2408.1650   13.5376
   -7.5000   -7.5000  -37.5000 2522.2178   12.4388
    0.0000   -7.5000  -37.5000 2511.6257   12.4752
    7.5000   -7.5000  -37.5000 2482.0403   12.6637
   -7.5000    0.0000  -37.5000 2560.2356   11.8534
    0.0000    0.0000  -37.5000 2548.6216   11.9029
    7.5000    0.0000  -37.5000 2519.4788   12.0926
   -7.5000    7.5000  -37.5000 2587.2898   11.5356
    0.0000    7.5000  -37.5000 2579.3713   11.5842
    7.5000    7.5000  -37.5000 2547.9287   11.7774
   -7.5000   15.0000  -37.5000 2595.5225   11.3839
    0.0000   15.0000  -37.5000 2588.6667   11.4495
    7.5000   15.0000  -37.5000 2560.9282   11.6601
   -7.5000   22.5000  -37.5000 2584.9912   11.4620
    0.0000   22.5000  -37.5000 2576.6147   11.5191
    7.5000   22.5000  -37.5000 2552.4280   11.7302
   -7.5000   30.0000  -37.5000 2571.6257   11.7501
    0.0000   30.0000  -37.5000 2562.2690   11.7880
    7.5000   30.0000  -37.5000 2534.4941   12.0268
   -7.5000   37.5000  -37.5000 2545.3157   12.2026
    0.0000   37.5000  -37.5000 2535.5469   12.2364
    7.5000   37.5000  -37.5000 2506.8181   12.4872
   -7.5000   45.0000  -37.5000 2498.6355   12.8429
    0.0000   45.0000  -37.5000 2487.0732   12.8766
    7.5000   45.0000  -37.5000 2457.9722   13.1658
   -7.5000   52.5000  -37.5000 2405.3367   13.6615
    0.0000   52.5000  -37.5000 2397.0798   13.6956
    7.5000   52.5000  -37.5000 2367.3940   14.0218
   -7.5000   60.0000  -37.5000 2268.8394   14.6151
    0.0000   60.0000  -37.5000 2256.2100   14.6376
    7.5000   60.0000  -37.5000 2224.8267   14.9743
   -7.5000  -30.0000  -30.0000 2338.4070   15.4820
    0.0000  -30.0000  -30.0000 2333.1626   15.5565
    7.5000  -30.0000  -30.0000 2300.4280   15.8369
   -7.5000  -22.5000  -30.0000 2455.6948   14.0408
    0.0000  -22.5000  -30.0000 2446.6294   14.1206
    7.5000  -22.5000  -30.0000 2415.9941   14.3684
   -7.5000  -15.0000  -30.0000 2554.7605   12.8931
    0.0000  -15.0000  -30.0000 2545.0547   12.9616
    7.5000  -15.0000  -30.0000 2514.4895   13.1695
   -7.5000   -7.5000  -30.0000 2636.0044   12.0332
    0.0000   -7.5000  -30.0000 2627.7988   12.0902
    7.5000   -7.5000  -30.0000 2600.7732   12.2737
   -7.5000    0.0000  -30.0000 2678.5454   11.4433
    0.0000    0.0000  -30.0000 2670.4023   11.4836
    7.5000    0.0000  -30.0000 2645.4082   11.6629
   -7.5000    7.5000  -30.0000 2722.5249   11.0788
    0.0000    7.5000  -30.0000 2716.8093   11.1244
    7.5000    7.5000  -30.0000 2683.6528   11.3034
   -7.5000   15.0000  -30.0000 2739.0088   10.9276
    0.0000   15.0000  -30.0000 2736.7273   10.9824
    7.5000   15.0000  -30.0000 2700.1309   11.1485
   -7.5000   22.5000  -30.0000 2734.0564   10.9926
    0.0000   22.5000  -30.0000 2730.2417   11.0285
    7.5000   22.5000  -30.0000 2695.4336   11.2099
   -7.5000   30.0000  -30.0000 2719.8044   11.2718
    0.0000   30.0000  -30.0000 2714.0603   11.2999
    7.5000   30.0000  -30.0000 2678.6958   11.5058
   -7.5000   37.5000  -30.0000 2690.3303   11.6885
    0.0000   37.5000  -30.0000 2684.9065   11.7195
    7.5000   37.5000  -30.0000 2649.6790   11.9558
   -7.5000   45.0000  -30.0000 2639.8755   12.2892
    0.0000   45.0000  -30.0000 2632.6941   12.3373
    7.5000   45.0000  -30.0000 2599.0171   12.5992
   -7.5000   52.5000  -30.0000 2541.8772   13.0847
    0.0000   52.5000  -30.0000 2538.2380   13.1462
    7.5000   52.5000  -30.0000 2506.4570   13.4283
   -7.5000   60.0000  -30.0000 2397.4880   14.0225
    0.0000   60.0000  -30.0000 2393.8369   14.0684
    7.5000   60.0000  -30.0000 2360.7683   14.3515
   -7.5000  -30.0000  -22.5000 2404.9646   15.0499
    0.0000  -30.0000  -22.5000 2398.4812   15.1229
    7.5000  -30.0000  -22.5000 2365.5774   15.4563
   -7.5000  -22.5000  -22.5000 2522.6206   13.6084
    0.0000  -22.5000  -22.5000 2512.3689   13.6875
    7.5000  -22.5000  -22.5000 2480.5432   13.9518
   -7.5000  -15.0000  -22.5000 2621.2908   12.4514
    0.0000  -15.0000  -22.5000 2612.1860   12.5470
    7.5000  -15.0000  -22.5000 2582.3792   12.7397
   -7.5000   -7.5000  -22.5000 2713.6736   11.5612
    0.0000   -7.5000  -22.5000 2706.1494   11.6483
    7.5000   -7.5000  -22.5000 2676.6094   11.8182
   -7.5000    0.0000  -22.5000 2772.5422   10.9755
    0.0000    0.0000  -22.5000 2765.4165   11.0252
    7.5000    0.0000  -22.5000 2736.4644   11.1942
   -7.5000    7.5000  -22.5000 2818.0200   10.5878
    0.0000    7.5000  -22.5000 2812.7358   10.6288
    7.5000    7.5000  -22.5000 2775.1428   10.7946
   -7.5000   15.0000  -22.5000 2847.3569   10.3907
    0.0000   15.0000  -22.5000 2842.1604   10.4308
    7.5000   15.0000  -22.5000 2802.5684   10.6187
   -7.5000   22.5000  -22.5000 2852.2593   10.4468
    0.0000   22.5000  -22.5000 2846.6052   10.4917
    7.5000   22.5000  -22.5000 2808.6675   10.6800
   -7.5000   30.0000  -22.5000 2835.7822   10.7210
    0.0000   30.0000  -22.5000 2836.4497   10.7516
    7.5000   30.0000  -22.5000 2796.4812   10.9640
   -7.5000   37.5000  -22.5000 2805.8677   11.1411
    0.0000   37.5000  -22.5000 2804.5989   11.1624
    7.5000   37.5000  -22.5000 2766.5713   11.3973
   -7.5000   45.0000  -22.5000 2748.9441   11.7465
    0.0000   45.0000  -22.5000 2748.1572   11.7780
    7.5000   45.0000  -22.5000 2714.5698   12.0257
   -7.5000   52.5000  -22.5000 2643.0334   12.5134
    0.0000   52.5000  -22.5000 2642.9890   12.5513
    7.5000   52.5000  -22.5000 2612.4250   12.8204
   -7.5000   60.0000  -22.5000 2489.7573   13.4061
    0.0000   60.0000  -22.5000 2487.7805   13.4360
    7.5000   60.0000  -22.5000 2458.1682   13.6909
   -7.5000  -30.0000  -15.0000 2428.7327   14.6670
    0.0000  -30.0000  -15.0000 2422.1067   14.7541
    7.5000  -30.0000  -15.0000 2396.0305   15.0767
   -7.5000  -22.5000  -15.0000 2543.7798   13.2246
    0.0000  -22.5000  -15.0000 2537.6099   13.3136
    7.5000  -22.5000  -15.0000 2510.0906   13.5844
   -7.5000  -15.0000  -15.0000 2648.0996   12.0725
    0.0000  -15.0000  -15.0000 2639.5229   12.1670
    7.5000  -15.0000  -15.0000 2612.8154   12.4003
   -7.5000   -7.5000  -15.0000 2756.7537   11.1774
    0.0000   -7.5000  -15.0000 2746.4424   11.2499
    7.5000   -7.5000  -15.0000 2716.4448   11.4484
   -7.5000    0.0000  -15.0000 2830.7688   10.5341
    0.0000    0.0000  -15.0000 2823.9070   10.5906
    7.5000    0.0000  -15.0000 2792.1523   10.7673
   -7.5000    7.5000  -15.0000 2883.9014   10.1335
    0.0000    7.5000  -15.0000 2874.2295   10.1936
    7.5000    7.5000  -15.0000 2836.8796   10.3671
   -7.5000   15.0000  -15.0000 2919.8076    9.9195
    0.0000   15.0000  -15.0000 2914.9951    9.9889
    7.5000   15.0000  -15.0000 2871.5098   10.1935
   -7.5000   22.5000  -15.0000 2928.2625    9.9585
    0.0000   22.5000  -15.0000 2924.8608   10.0176
    7.5000   22.5000  -15.0000 2883.5518   10.2438
   -7.5000   30.0000  -15.0000 2912.7053   10.2160
    0.0000   30.0000  -15.0000 2917.3843   10.2686
    7.5000   30.0000  -15.0000 2878.8577   10.5096
   -7.5000   37.5000  -15.0000 2876.5093   10.6469
    0.0000   37.5000  -15.0000 2883.4873   10.6858
    7.5000   37.5000  -15.0000 2845.4993   10.9453
   -7.5000   45.0000  -15.0000 2816.0164   11.2630
    0.0000   45.0000  -15.0000 2820.8560   11.3139
    7.5000   45.0000  -15.0000 2789.6875   11.5679
   -7.5000   52.5000  -15.0000 2709.2732   12.0368
    0.0000   52.5000  -15.0000 2709.7881   12.0949
    7.5000   52.5000  -15.0000 2680.3083   12.3317
   -7.5000   60.0000  -15.0000 2548.1072   12.9145
    0.0000   60.0000  -15.0000 2547.8569   12.9510
    7.5000   60.0000  -15.0000 2519.9045   13.1966
   -7.5000  -30.0000   -7.5000 2435.2463   14.3924
    0.0000  -30.0000   -7.5000 2426.1155   14.5157
    7.5000  -30.0000   -7.5000 2402.3110   14.8471
   -7.5000  -22.5000   -7.5000 2547.7424   12.9435
    0.0000  -22.5000   -7.5000 2542.7524   13.0590
    7.5000  -22.5000   -7.5000 2516.3450   13.3242
   -7.5000  -15.0000   -7.5000 2649.9512   11.7820
    0.0000  -15.0000   -7.5000 2649.3149   11.8974
    7.5000  -15.0000   -7.5000 2622.6895   12.1243
   -7.5000   -7.5000   -7.5000 2762.8879   10.8647
    0.0000   -7.5000   -7.5000 2758.7891   10.9544
    7.5000   -7.5000   -7.5000 2735.0435   11.1587
   -7.5000    0.0000   -7.5000 2855.9104   10.2137
    0.0000    0.0000   -7.5000 2850.7507   10.2810
    7.5000    0.0000   -7.5000 2823.2498   10.4678
   -7.5000    7.5000   -7.5000 2924.0918    9.7935
    0.0000    7.5000   -7.5000 2920.4871    9.8682
    7.5000    7.5000   -7.5000 2888.6868   10.0590
   -7.5000   15.0000   -7.5000 2967.7759    9.6161
    0.0000   15.0000   -7.5000 2968.9292    9.7140
    7.5000   15.0000   -7.5000 2926.7397    9.9140
   -7.5000   22.5000   -7.5000 2981.2637    9.6011
    0.0000   22.5000   -7.5000 2987.4988    9.7207
    7.5000   22.5000   -7.5000 2940.4888    9.9480
   -7.5000   30.0000   -7.5000 2962.2083    9.8058
    0.0000   30.0000   -7.5000 2972.2913    9.9372
    7.5000   30.0000   -7.5000 2931.0068   10.1613
   -7.5000   37.5000   -7.5000 2926.7896   10.2313
    0.0000   37.5000   -7.5000 2934.7798   10.3282
    7.5000   37.5000   -7.5000 2896.3745   10.5608
   -7.5000   45.0000   -7.5000 2864.3162   10.8927
    0.0000   45.0000   -7.5000 2867.4070   10.9511
    7.5000   45.0000   -7.5000 2833.1760   11.1828
   -7.5000   52.5000   -7.5000 2749.4629   11.6806
    0.0000   52.5000   -7.5000 2750.3447   11.7393
    7.5000   52.5000   -7.5000 2720.2031   11.9548
   -7.5000   60.0000   -7.5000 2588.3706   12.5392
    0.0000   60.0000   -7.5000 2589.4021   12.5966
    7.5000   60.0000   -7.5000 2560.0544   12.8243
   -7.5000  -30.0000    0.0000 2419.0286   14.3278
    0.0000  -30.0000    0.0000 2414.6753   14.4289
    7.5000  -30.0000    0.0000 2393.3716   14.7744
   -7.5000  -22.5000    0.0000 2534.5505   12.8615
    0.0000  -22.5000    0.0000 2531.6885   12.9388
    7.5000  -22.5000    0.0000 2509.1938   13.2449
   -7.5000  -15.0000    0.0000 2640.3555   11.6623
    0.0000  -15.0000    0.0000 2640.2202   11.7347
    7.5000  -15.0000    0.0000 2615.1824   12.0150
   -7.5000   -7.5000    0.0000 2756.1370   10.7128
    0.0000   -7.5000    0.0000 2754.3931   10.7981
    7.5000   -7.5000    0.0000 2734.8472   11.0440
   -7.5000    0.0000    0.0000 2854.0820   10.0567
    0.0000    0.0000    0.0000 2859.4722   10.1248
    7.5000    0.0000    0.0000 2838.4333   10.3367
   -7.5000    7.5000    0.0000 2943.9126    9.7178
    0.0000    7.5000    0.0000 2948.1218    9.7711
    7.5000    7.5000    0.0000 2921.8840    9.9543
   -7.5000   15.0000    0.0000 3010.4692    9.5672
    0.0000   15.0000    0.0000 3024.9448    9.6557
    7.5000   15.0000    0.0000 2974.5139    9.8007
   -7.5000   22.5000    0.0000 3030.9351    9.4922
    0.0000   22.5000    0.0000 3047.9307    9.6387
    7.5000   22.5000    0.0000 2989.7114    9.7721
   -7.5000   30.0000    0.0000 2999.5400    9.6329
    0.0000   30.0000    0.0000 3002.6882    9.7704
    7.5000   30.0000    0.0000 2964.3372    9.9338
   -7.5000   37.5000    0.0000 2957.8899   10.0393
    0.0000   37.5000    0.0000 2956.5291   10.0781
    7.5000   37.5000    0.0000 2926.6042   10.2974
   -7.5000   45.0000    0.0000 2894.2900   10.7019
    0.0000   45.0000    0.0000 2891.2678   10.6871
    7.5000   45.0000    0.0000 2862.5032   10.9122
   -7.5000   52.5000    0.0000 2771.8047   11.4980
    0.0000   52.5000    0.0000 2772.6809   11.4827
    7.5000   52.5000    0.0000 2742.7488   11.7146
   -7.5000   60.0000    0.0000 2607.1504   12.3586
    0.0000   60.0000    0.0000 2609.0322   12.3471
    7.5000   60.0000    0.0000 2582.0261   12.5966
   -7.5000  -30.0000    7.5000 2399.4224   14.4283
    0.0000  -30.0000    7.5000 2401.1211   14.5232
    7.5000  -30.0000    7.5000 2382.1523   14.8752
   -7.5000  -22.5000    7.5000 2509.7285   12.8936
    0.0000  -22.5000    7.5000 2514.0615   12.9769
    7.5000  -22.5000    7.5000 2496.7156   13.3223
   -7.5000  -15.0000    7.5000 2616.6492   11.6898
    0.0000  -15.0000    7.5000 2624.7219   11.7634
    7.5000  -15.0000    7.5000 2607.9370   12.0664
   -7.5000   -7.5000    7.5000 2733.8943   10.7868
    0.0000   -7.5000    7.5000 2741.2341   10.8427
    7.5000   -7.5000    7.5000 2727.0610   11.0764
   -7.5000    0.0000    7.5000 2841.8401   10.1484
    0.0000    0.0000    7.5000 2848.9143   10.1872
    7.5000    0.0000    7.5000 2828.7334   10.3751
   -7.5000    7.5000    7.5000 2948.7092    9.8324
    0.0000    7.5000    7.5000 2947.4009    9.8556
    7.5000    7.5000    7.5000 2921.0232    9.9671
   -7.5000   15.0000    7.5000 3031.3669    9.7259
    0.0000   15.0000    7.5000 3034.6108    9.7132
    7.5000   15.0000    7.5000 2983.8569    9.7843
   -7.5000   22.5000    7.5000 3061.2271    9.6628
    0.0000   22.5000    7.5000 3078.2231    9.6291
    7.5000   22.5000    7.5000 3004.7898    9.7119
   -7.5000   30.0000    7.5000 3013.8647    9.7231
    0.0000   30.0000    7.5000 3016.4707    9.7170
    7.5000   30.0000    7.5000 2976.0161    9.8692
   -7.5000   37.5000    7.5000 2963.2107   10.0326
    0.0000   37.5000    7.5000 2961.9180   10.0087
    7.5000   37.5000    7.5000 2933.2988   10.2183
   -7.5000   45.0000    7.5000 2894.2483   10.6208
    0.0000   45.0000    7.5000 2893.1584   10.6055
    7.5000   45.0000    7.5000 2869.1123   10.8115
   -7.5000   52.5000    7.5000 2771.8440   11.3921
    0.0000   52.5000    7.5000 2774.9397   11.3826
    7.5000   52.5000    7.5000 2751.6035   11.5993
   -7.5000   60.0000    7.5000 2610.7642   12.2531
    0.0000   60.0000    7.5000 2611.8228   12.2550
    7.5000   60.0000    7.5000 2585.5505   12.4680
   -7.5000  -30.0000   15.0000 2373.0940   14.7252
    0.0000  -30.0000   15.0000 2382.0198   14.7991
    7.5000  -30.0000   15.0000 2364.5337   15.1318
   -7.5000  -22.5000   15.0000 2486.9990   13.1968
    0.0000  -22.5000   15.0000 2493.7495   13.2231
    7.5000  -22.5000   15.0000 2480.5706   13.5325
   -7.5000  -15.0000   15.0000 2592.7915   12.0195
    0.0000  -15.0000   15.0000 2595.9023   12.0172
    7.5000  -15.0000   15.0000 2588.4644   12.2839
   -7.5000   -7.5000   15.0000 2709.8813   11.0988
    0.0000   -7.5000   15.0000 2715.3806   11.0965
    7.5000   -7.5000   15.0000 2707.3044   11.2856
   -7.5000    0.0000   15.0000 2819.8491   10.4116
    0.0000    0.0000   15.0000 2825.4299   10.4110
    7.5000    0.0000   15.0000 2808.9165   10.5484
   -7.5000    7.5000   15.0000 2922.8662   10.0262
    0.0000    7.5000   15.0000 2926.8682   10.0426
    7.5000    7.5000   15.0000 2899.5142   10.1031
   -7.5000   15.0000   15.0000 3000.6716    9.8456
    0.0000   15.0000   15.0000 3003.6003    9.8459
    7.5000   15.0000   15.0000 2959.3235    9.8597
   -7.5000   22.5000   15.0000 3026.8154    9.7472
    0.0000   22.5000   15.0000 3036.6631    9.7059
    7.5000   22.5000   15.0000 2982.5369    9.7615
   -7.5000   30.0000   15.0000 2996.9460    9.9538
    0.0000   30.0000   15.0000 3001.2942    9.8878
    7.5000   30.0000   15.0000 2961.9922    9.9901
   -7.5000   37.5000   15.0000 2947.3274   10.2880
    0.0000   37.5000   15.0000 2945.4417   10.2321
    7.5000   37.5000   15.0000 2918.0623   10.3872
   -7.5000   45.0000   15.0000 2870.9680   10.8040
    0.0000   45.0000   15.0000 2868.4802   10.7845
    7.5000   45.0000   15.0000 2851.3823   10.9559
   -7.5000   52.5000   15.0000 2755.3376   11.4891
    0.0000   52.5000   15.0000 2752.1506   11.4816
    7.5000   52.5000   15.0000 2737.4248   11.6965
   -7.5000   60.0000   15.0000 2597.2598   12.2865
    0.0000   60.0000   15.0000 2596.7869   12.2865
    7.5000   60.0000   15.0000 2576.8167   12.4969
   -7.5000  -30.0000   22.5000 2342.5310   15.2981
    0.0000  -30.0000   22.5000 2347.2825   15.2967
    7.5000  -30.0000   22.5000 2332.3174   15.5754
   -7.5000  -22.5000   22.5000 2463.1853   13.6826
    0.0000  -22.5000   22.5000 2467.8950   13.6558
    7.5000  -22.5000   22.5000 2455.2661   13.8920
   -7.5000  -15.0000   22.5000 2562.3831   12.4531
    0.0000  -15.0000   22.5000 2570.5203   12.4127
    7.5000  -15.0000   22.5000 2559.1011   12.6327
   -7.5000   -7.5000   22.5000 2684.5151   11.4920
    0.0000   -7.5000   22.5000 2689.9224   11.4722
    7.5000   -7.5000   22.5000 2678.7734   11.6485
   -7.5000    0.0000   22.5000 2789.9883   10.7620
    0.0000    0.0000   22.5000 2793.9387   10.7828
    7.5000    0.0000   22.5000 2779.8779   10.9204
   -7.5000    7.5000   22.5000 2873.9868   10.3190
    0.0000    7.5000   22.5000 2883.7773   10.3511
    7.5000    7.5000   22.5000 2860.9268   10.4407
   -7.5000   15.0000   22.5000 2943.0806   10.0412
    0.0000   15.0000   22.5000 2949.3323   10.0553
    7.5000   15.0000   22.5000 2918.0510   10.1107
   -7.5000   22.5000   22.5000 2965.8867    9.9441
    0.0000   22.5000   22.5000 2979.6899    9.9276
    7.5000   22.5000   22.5000 2940.4121   10.0170
   -7.5000   30.0000   22.5000 2951.9819   10.1804
    0.0000   30.0000   22.5000 2963.4294   10.1739
    7.5000   30.0000   22.5000 2926.3784   10.2603
   -7.5000   37.5000   22.5000 2904.9568   10.5943
    0.0000   37.5000   22.5000 2910.7871   10.5861
    7.5000   37.5000   22.5000 2881.5933   10.7060
   -7.5000   45.0000   22.5000 2831.5955   11.1527
    0.0000   45.0000   22.5000 2837.7815   11.1500
    7.5000   45.0000   22.5000 2817.1267   11.2933
   -7.5000   52.5000   22.5000 2720.3970   11.8283
    0.0000   52.5000   22.5000 2721.7068   11.8244
    7.5000   52.5000   22.5000 2707.6753   11.9962
   -7.5000   60.0000   22.5000 2564.1187   12.5428
    0.0000   60.0000   22.5000 2565.4741   12.5369
    7.5000   60.0000   22.5000 2549.6506   12.7380
   -7.5000  -30.0000   30.0000 2297.5486   15.9744
    0.0000  -30.0000   30.0000 2304.6829   15.9000
    7.5000  -30.0000   30.0000 2290.6716   16.1781
   -7.5000  -22.5000   30.0000 2424.4836   14.2939
    0.0000  -22.5000   30.0000 2430.7102   14.1943
    7.5000  -22.5000   30.0000 2418.2263   14.4619
   -7.5000  -15.0000   30.0000 2527.4346   13.0007
    0.0000  -15.0000   30.0000 2532.9714   12.9314
    7.5000  -15.0000   30.0000 2523.3999   13.1659
   -7.5000   -7.5000   30.0000 2644.5728   12.0211
    0.0000   -7.5000   30.0000 2650.2690   11.9620
    7.5000   -7.5000   30.0000 2640.1450   12.1761
   -7.5000    0.0000   30.0000 2739.4312   11.2627
    0.0000    0.0000   30.0000 2746.8789   11.2378
    7.5000    0.0000   30.0000 2737.9890   11.4163
   -7.5000    7.5000   30.0000 2819.8064   10.7686
    0.0000    7.5000   30.0000 2827.6653   10.7429
    7.5000    7.5000   30.0000 2813.5005   10.8910
   -7.5000   15.0000   30.0000 2870.7534   10.4529
    0.0000   15.0000   30.0000 2877.9714   10.3786
    7.5000   15.0000   30.0000 2857.3049   10.5490
   -7.5000   22.5000   30.0000 2893.0918   10.3545
    0.0000   22.5000   30.0000 2906.6091   10.3458
    7.5000   22.5000   30.0000 2881.4214   10.4830
   -7.5000   30.0000   30.0000 2880.8391   10.5942
    0.0000   30.0000   30.0000 2898.6951   10.5970
    7.5000   30.0000   30.0000 2869.8699   10.7217
   -7.5000   37.5000   30.0000 2842.7729   11.0038
    0.0000   37.5000   30.0000 2849.2339   11.0009
    7.5000   37.5000   30.0000 2827.7852   11.1277
   -7.5000   45.0000   30.0000 2776.6460   11.5966
    0.0000   45.0000   30.0000 2780.5964   11.6074
    7.5000   45.0000   30.0000 2765.4067   11.7321
   -7.5000   52.5000   30.0000 2670.8948   12.2653
    0.0000   52.5000   30.0000 2676.4812   12.2920
    7.5000   52.5000   30.0000 2661.0027   12.4321
   -7.5000   60.0000   30.0000 2514.1162   13.0233
    0.0000   60.0000   30.0000 2518.8726   13.0125
    7.5000   60.0000   30.0000 2504.8894   13.1530
   -7.5000  -30.0000   37.5000 2249.6357   16.7913
    0.0000  -30.0000   37.5000 2258.7456   16.6196
    7.5000  -30.0000   37.5000 2244.4097   16.9731
   -7.5000  -22.5000   37.5000 2376.1189   15.0427
    0.0000  -22.5000   37.5000 2387.7808   14.8848
    7.5000  -22.5000   37.5000 2375.6133   15.2037
   -7.5000  -15.0000   37.5000 2482.4497   13.7016
    0.0000  -15.0000   37.5000 2490.2864   13.5804
    7.5000  -15.0000   37.5000 2479.4167   13.8964
   -7.5000   -7.5000   37.5000 2594.0303   12.6680
    0.0000   -7.5000   37.5000 2596.0322   12.5817
    7.5000   -7.5000   37.5000 2590.1943   12.8578
   -7.5000    0.0000   37.5000 2681.4807   11.8837
    0.0000    0.0000   37.5000 2688.9731   11.7994
    7.5000    0.0000   37.5000 2681.5391   12.0615
   -7.5000    7.5000   37.5000 2751.8394   11.3638
    0.0000    7.5000   37.5000 2761.0149   11.2659
    7.5000    7.5000   37.5000 2749.8174   11.4846
   -7.5000   15.0000   37.5000 2794.5493   11.0392
    0.0000   15.0000   37.5000 2801.1663   10.9179
    7.5000   15.0000   37.5000 2788.6855   11.1633
   -7.5000   22.5000   37.5000 2819.1746   10.9499
    0.0000   22.5000   37.5000 2829.9971   10.8903
    7.5000   22.5000   37.5000 2814.3733   11.0931
   -7.5000   30.0000   37.5000 2801.7441   11.1826
    0.0000   30.0000   37.5000 2816.5740   11.1534
    7.5000   30.0000   37.5000 2796.0415   11.3170
   -7.5000   37.5000   37.5000 2768.9849   11.5731
    0.0000   37.5000   37.5000 2774.8516   11.5545
    7.5000   37.5000   37.5000 2760.4548   11.6996
   -7.5000   45.0000   37.5000 2708.9519   12.1601
    0.0000   45.0000   37.5000 2711.7385   12.1386
    7.5000   45.0000   37.5000 2699.4180   12.3002
   -7.5000   52.5000   37.5000 2607.3188   12.8265
    0.0000   52.5000   37.5000 2610.3196   12.8228
    7.5000   52.5000   37.5000 2596.9307   12.9979
   -7.5000   60.0000   37.5000 2454.7395   13.6221
    0.0000   60.0000   37.5000 2461.3025   13.6177
    7.5000   60.0000   37.5000 2445.9600   13.7596
   -7.5000  -30.0000   45.0000 2199.0347   17.8069
    0.0000  -30.0000   45.0000 2208.9475   17.5739
    7.5000  -30.0000   45.0000 2187.2100   17.9374
   -7.5000  -22.5000   45.0000 2321.6350   15.9682
    0.0000  -22.5000   45.0000 2333.5620   15.7690
    7.5000  -22.5000   45.0000 2317.3169   16.1013
   -7.5000  -15.0000   45.0000 2427.8040   14.5594
    0.0000  -15.0000   45.0000 2437.5674   14.4113
    7.5000  -15.0000   45.0000 2422.2419   14.7512
   -7.5000   -7.5000   45.0000 2526.1162   13.4795
    0.0000   -7.5000   45.0000 2533.7136   13.3683
    7.5000   -7.5000   45.0000 2525.6345   13.6628
   -7.5000    0.0000   45.0000 2606.1562   12.6769
    0.0000    0.0000   45.0000 2615.6482   12.5563
    7.5000    0.0000   45.0000 2608.6272   12.8177
   -7.5000    7.5000   45.0000 2669.6785   12.1202
    0.0000    7.5000   45.0000 2679.5784   11.9638
    7.5000    7.5000   45.0000 2673.5991   12.2505
   -7.5000   15.0000   45.0000 2710.2944   11.7662
    0.0000   15.0000   45.0000 2711.9993   11.6323
    7.5000   15.0000   45.0000 2706.3345   11.9010
   -7.5000   22.5000   45.0000 2731.1873   11.6687
    0.0000   22.5000   45.0000 2739.9121   11.6151
    7.5000   22.5000   45.0000 2729.7310   11.8352
   -7.5000   30.0000   45.0000 2717.9595   11.9067
    0.0000   30.0000   45.0000 2731.5129   11.8362
    7.5000   30.0000   45.0000 2718.5762   12.0332
   -7.5000   37.5000   45.0000 2687.2568   12.2842
    0.0000   37.5000   45.0000 2699.4695   12.2163
    7.5000   37.5000   45.0000 2687.7222   12.3965
   -7.5000   45.0000   45.0000 2632.8770   12.8705
    0.0000   45.0000   45.0000 2638.1763   12.8018
    7.5000   45.0000   45.0000 2628.8770   12.9871
   -7.5000   52.5000   45.0000 2533.2849   13.5495
    0.0000   52.5000   45.0000 2536.6008   13.5025
    7.5000   52.5000   45.0000 2528.5764   13.6989
   -7.5000   60.0000   45.0000 2385.1313   14.3475
    0.0000   60.0000   45.0000 2393.4871   14.3175
    7.5000   60.0000   45.0000 2379.6396   14.4749

---------------------------------------------------------------------
imgreg_4dfp /opt/freesurfer/average/711-2C_as_mni_average_305 /opt/freesurfer/average/711-2B_as_mni_average_305_mask talsrcimg_g11 none talsrcimg_to_711-2C_as_mni_average_305_t4 1283
---------------------------------------------------------------------

freesurfer imgreg_4dfp.c
/opt/freesurfer/average/711-2C_as_mni_average_305.4dfp.img
       256       256       256         1
  1.000000  1.000000  1.000000
orientation T byte_order littleendian
Reading image: /opt/freesurfer/average/711-2C_as_mni_average_305.4dfp.img
dimensions:      256       256       256
mmppix:       1.0000   -1.0000   -1.0000
center:     128.0000 -129.0000 -129.0000
/opt/freesurfer/average/711-2B_as_mni_average_305_mask.4dfp.img
       256       256       256         1
  1.000000  1.000000  1.000000
orientation T byte_order littleendian
Reading mask: /opt/freesurfer/average/711-2B_as_mni_average_305_mask.4dfp.img (2306576 pixels)
talsrcimg_g11.4dfp.img
       256       256       256         1
  1.000000  1.000000  1.000000
orientation T byte_order littleendian
Reading image: talsrcimg_g11.4dfp.img
dimensions:      256       256       256
mmppix:       1.0000   -1.0000   -1.0000
center:     128.0000 -129.0000 -129.0000
rotation matrix determinant  1.000000
fimgreg.f
image alignment mode   1283 decimal      503 hex
parameters
    0.0000   22.5000    7.5000    0.0000    0.0000    0.0000
eta,q 0.96518  9.65835
niter,ni,del,rscale     5    3   12.0000    1.2000
parameter  5  1.171981 ->  0.500000 qaram    1.1500
parameters
   -2.3373   21.0050    6.9123   -2.3889   -3.4500   -0.1968
eta,q 0.97279  9.63940
  0.0394  0.0398  0.0391  0.0350  0.0269  0.0338
  0.0352  0.0356  0.0358  0.0323  0.0268  0.0306
  0.0345  0.0336  0.0343  0.0326  0.0291  0.0281
  0.0368  0.0342  0.0336  0.0339  0.0324  0.0272
  0.0408  0.0377  0.0343  0.0353  0.0367  0.0282
  0.0465  0.0429  0.0374  0.0379  0.0419  0.0310
  0.0532  0.0491  0.0424  0.0408  0.0469  0.0349
niter,ni,del,rscale     5    3   12.0000    1.2000
parameters
   -2.0535   21.6889    7.1118   -2.3077   -4.6846   -0.4903
eta,q 0.97346  9.65721
  0.0469  0.0454  0.0354  0.0349  0.0346  0.0324
  0.0355  0.0371  0.0319  0.0302  0.0292  0.0294
  0.0291  0.0303  0.0290  0.0279  0.0267  0.0272
  0.0272  0.0273  0.0273  0.0273  0.0273  0.0266
  0.0301  0.0286  0.0279  0.0283  0.0307  0.0275
  0.0352  0.0329  0.0305  0.0307  0.0351  0.0301
  0.0418  0.0386  0.0351  0.0339  0.0409  0.0339
niter,ni,del,rscale     4    3   12.0000    1.2000
parameters
   -1.8329   21.7680    7.2013   -2.3702   -4.8611   -0.5310
eta,q 0.97338  9.65854
  0.0473  0.0415  0.0348  0.0341  0.0375  0.0329
  0.0356  0.0339  0.0316  0.0296  0.0315  0.0298
  0.0284  0.0283  0.0284  0.0274  0.0276  0.0275
  0.0265  0.0266  0.0267  0.0267  0.0267  0.0266
  0.0295  0.0291  0.0279  0.0279  0.0289  0.0273
  0.0357  0.0339  0.0305  0.0306  0.0328  0.0296
  0.0427  0.0401  0.0350  0.0337  0.0379  0.0333
niter,ni,del,rscale     3    3   12.0000    1.2000
parameters
   -1.7806   21.7977    7.2019   -2.3909   -4.9050   -0.5354
eta,q 0.97335  9.65862
  0.0462  0.0412  0.0346  0.0342  0.0379  0.0329
  0.0347  0.0337  0.0314  0.0297  0.0319  0.0299
  0.0281  0.0281  0.0282  0.0274  0.0278  0.0275
  0.0266  0.0267  0.0267  0.0267  0.0267  0.0267
  0.0300  0.0292  0.0280  0.0279  0.0288  0.0273
  0.0364  0.0340  0.0306  0.0306  0.0326  0.0296
  0.0435  0.0402  0.0352  0.0336  0.0375  0.0332
registration optimization eta report
parameter search radius
    6.0000    6.0000    6.0000    6.0000    6.9000    6.0000
100000*second partial in parameter space
       50.       38.       22.       20.       23.       18.
  0.0462  0.0412  0.0346  0.0342  0.0379  0.0329
  0.0347  0.0337  0.0314  0.0297  0.0319  0.0299
  0.0281  0.0281  0.0282  0.0274  0.0278  0.0275
  0.0266  0.0267  0.0267  0.0267  0.0267  0.0267
  0.0300  0.0292  0.0280  0.0279  0.0288  0.0273
  0.0364  0.0340  0.0306  0.0306  0.0326  0.0296
  0.0435  0.0402  0.0352  0.0336  0.0375  0.0332
   -1.7806   21.7977    7.2019   -2.3909   -4.9050   -0.5354
eta,q 0.97335  9.65862

---------------------------------------------------------------------
imgreg_4dfp /opt/freesurfer/average/711-2C_as_mni_average_305 /opt/freesurfer/average/711-2B_as_mni_average_305_mask talsrcimg_g11 none talsrcimg_to_711-2C_as_mni_average_305_t4 3335
---------------------------------------------------------------------

freesurfer imgreg_4dfp.c
/opt/freesurfer/average/711-2C_as_mni_average_305.4dfp.img
       256       256       256         1
  1.000000  1.000000  1.000000
orientation T byte_order littleendian
Reading image: /opt/freesurfer/average/711-2C_as_mni_average_305.4dfp.img
dimensions:      256       256       256
mmppix:       1.0000   -1.0000   -1.0000
center:     128.0000 -129.0000 -129.0000
/opt/freesurfer/average/711-2B_as_mni_average_305_mask.4dfp.img
       256       256       256         1
  1.000000  1.000000  1.000000
orientation T byte_order littleendian
Reading mask: /opt/freesurfer/average/711-2B_as_mni_average_305_mask.4dfp.img (2306576 pixels)
talsrcimg_g11.4dfp.img
       256       256       256         1
  1.000000  1.000000  1.000000
orientation T byte_order littleendian
Reading image: talsrcimg_g11.4dfp.img
dimensions:      256       256       256
mmppix:       1.0000   -1.0000   -1.0000
center:     128.0000 -129.0000 -129.0000
fimgreg.f
image alignment mode   3335 decimal      D07 hex
parameters
   -1.7806   21.7977    7.2019   -0.3706   -0.0881   -0.4529
    0.5769    8.5815   -0.9310    4.0917   -8.5503   -4.1565
eta,q 0.97390  9.71944
niter,ni,del,rscale     5    3    5.0000    1.2000
parameter  4  0.748396 ->  0.500000 qaram    1.1500
parameter  5  1.022187 ->  0.500000 qaram    1.1500
parameter  6  0.664261 ->  0.500000 qaram    1.1500
parameter 11 -0.711420 -> -0.500000 qaram    1.1500
parameters
   -1.7101   21.8922    6.9575   -4.5106   -4.2281   -4.5929
   -0.2736    9.8515    0.3690    3.7957   -4.4103   -2.2379
eta,q 0.97984  9.49140
  0.0295  0.0288  0.0275  0.0247  0.0222  0.0213  0.0232  0.0268  0.0232  0.0237  0.0241  0.0227
  0.0277  0.0275  0.0267  0.0244  0.0224  0.0211  0.0219  0.0241  0.0221  0.0223  0.0227  0.0216
  0.0265  0.0265  0.0262  0.0249  0.0231  0.0214  0.0212  0.0221  0.0213  0.0213  0.0217  0.0208
  0.0261  0.0261  0.0261  0.0261  0.0245  0.0225  0.0211  0.0211  0.0210  0.0209  0.0209  0.0203
  0.0264  0.0263  0.0264  0.0281  0.0265  0.0245  0.0217  0.0211  0.0209  0.0212  0.0205  0.0202
  0.0275  0.0271  0.0271  0.0309  0.0289  0.0273  0.0228  0.0221  0.0213  0.0225  0.0203  0.0204
  0.0292  0.0285  0.0282  0.0338  0.0315  0.0310  0.0244  0.0238  0.0220  0.0245  0.0204  0.0211
niter,ni,del,rscale     7    3    5.0000    1.2000
parameters
   -1.2170   21.2608    6.7230   -4.1929   -5.5761   -5.2275
   -0.3332    9.6693    0.3022    3.1449   -2.9913   -1.9662
eta,q 0.98048  9.43560
  0.0247  0.0213  0.0212  0.0239  0.0228  0.0227  0.0227  0.0237  0.0215  0.0224  0.0219  0.0215
  0.0226  0.0201  0.0203  0.0222  0.0207  0.0211  0.0211  0.0213  0.0204  0.0208  0.0207  0.0205
  0.0211  0.0197  0.0198  0.0207  0.0196  0.0200  0.0200  0.0199  0.0198  0.0198  0.0199  0.0198
  0.0202  0.0200  0.0197  0.0197  0.0197  0.0195  0.0196  0.0196  0.0196  0.0196  0.0196  0.0195
  0.0200  0.0208  0.0201  0.0198  0.0208  0.0198  0.0200  0.0202  0.0198  0.0201  0.0196  0.0197
  0.0207  0.0221  0.0208  0.0212  0.0229  0.0213  0.0211  0.0217  0.0205  0.0216  0.0199  0.0203
  0.0222  0.0238  0.0219  0.0239  0.0253  0.0246  0.0228  0.0240  0.0215  0.0238  0.0207  0.0212
niter,ni,del,rscale     6    3    5.0000    1.2000
parameters
   -1.2573   21.2400    6.7111   -3.6768   -5.6338   -5.2540
   -0.2889    9.4898    0.2585    3.0270   -2.6754   -1.9059
eta,q 0.98057  9.44534
  0.0228  0.0222  0.0213  0.0238  0.0238  0.0229  0.0226  0.0236  0.0214  0.0228  0.0213  0.0213
  0.0210  0.0207  0.0203  0.0221  0.0216  0.0213  0.0210  0.0212  0.0203  0.0210  0.0203  0.0203
  0.0199  0.0198  0.0197  0.0206  0.0199  0.0201  0.0199  0.0198  0.0196  0.0198  0.0196  0.0197
  0.0195  0.0195  0.0195  0.0195  0.0194  0.0194  0.0194  0.0194  0.0194  0.0194  0.0194  0.0194
  0.0200  0.0199  0.0197  0.0195  0.0200  0.0195  0.0198  0.0201  0.0197  0.0198  0.0196  0.0196
  0.0212  0.0208  0.0204  0.0208  0.0216  0.0207  0.0209  0.0216  0.0203  0.0211  0.0201  0.0203
  0.0231  0.0223  0.0213  0.0234  0.0239  0.0236  0.0226  0.0240  0.0214  0.0231  0.0210  0.0212
niter,ni,del,rscale     5    3    5.0000    1.2000
parameters
   -1.2959   21.2270    6.7166   -3.6089   -5.6375   -5.2698
   -0.2787    9.4153    0.2570    2.9927   -2.6327   -1.8762
eta,q 0.98058  9.44615
  0.0228  0.0222  0.0213  0.0235  0.0238  0.0229  0.0226  0.0238  0.0214  0.0229  0.0212  0.0213
  0.0209  0.0206  0.0203  0.0218  0.0216  0.0213  0.0210  0.0213  0.0203  0.0211  0.0202  0.0203
  0.0198  0.0197  0.0196  0.0203  0.0199  0.0201  0.0198  0.0198  0.0196  0.0199  0.0196  0.0197
  0.0194  0.0194  0.0194  0.0194  0.0194  0.0194  0.0194  0.0194  0.0194  0.0194  0.0194  0.0194
  0.0199  0.0198  0.0196  0.0196  0.0200  0.0195  0.0198  0.0200  0.0197  0.0198  0.0196  0.0196
  0.0211  0.0207  0.0202  0.0211  0.0216  0.0206  0.0209  0.0215  0.0203  0.0210  0.0202  0.0203
  0.0230  0.0222  0.0212  0.0239  0.0238  0.0236  0.0226  0.0239  0.0214  0.0231  0.0211  0.0212
niter,ni,del,rscale     4    3    5.0000    1.2000
parameters
   -1.3058   21.2227    6.7222   -3.6002   -5.6344   -5.2829
   -0.2782    9.3981    0.2592    2.9771   -2.6339   -1.8644
eta,q 0.98059  9.44589
  0.0229  0.0222  0.0213  0.0234  0.0238  0.0229  0.0226  0.0238  0.0214  0.0229  0.0212  0.0213
  0.0210  0.0206  0.0202  0.0218  0.0216  0.0213  0.0209  0.0214  0.0203  0.0211  0.0202  0.0203
  0.0198  0.0197  0.0196  0.0203  0.0199  0.0201  0.0198  0.0199  0.0196  0.0199  0.0196  0.0196
  0.0194  0.0194  0.0194  0.0194  0.0194  0.0194  0.0194  0.0194  0.0194  0.0194  0.0194  0.0194
  0.0198  0.0198  0.0196  0.0196  0.0200  0.0195  0.0198  0.0200  0.0197  0.0198  0.0196  0.0196
  0.0210  0.0207  0.0202  0.0212  0.0215  0.0206  0.0209  0.0214  0.0203  0.0210  0.0202  0.0203
  0.0229  0.0221  0.0212  0.0240  0.0238  0.0236  0.0226  0.0238  0.0214  0.0230  0.0211  0.0213
registration optimization eta report
parameter search radius
    2.4000    2.4000    2.4000    8.2800    8.2800    8.2800
    7.2000    7.2000    7.2000    7.2000    8.2800    7.2000
100000*second partial in parameter space
       60.       47.       32.        6.        6.        6.
        6.        9.        4.        7.        3.        4.
  0.0229  0.0222  0.0213  0.0234  0.0238  0.0229  0.0226  0.0238  0.0214  0.0229  0.0212  0.0213
  0.0210  0.0206  0.0202  0.0218  0.0216  0.0213  0.0209  0.0214  0.0203  0.0211  0.0202  0.0203
  0.0198  0.0197  0.0196  0.0203  0.0199  0.0201  0.0198  0.0199  0.0196  0.0199  0.0196  0.0196
  0.0194  0.0194  0.0194  0.0194  0.0194  0.0194  0.0194  0.0194  0.0194  0.0194  0.0194  0.0194
  0.0198  0.0198  0.0196  0.0196  0.0200  0.0195  0.0198  0.0200  0.0197  0.0198  0.0196  0.0196
  0.0210  0.0207  0.0202  0.0212  0.0215  0.0206  0.0209  0.0214  0.0203  0.0210  0.0202  0.0203
  0.0229  0.0221  0.0212  0.0240  0.0238  0.0236  0.0226  0.0238  0.0214  0.0230  0.0211  0.0213
   -1.3058   21.2227    6.7222   -3.6002   -5.6344   -5.2829
   -0.2782    9.3981    0.2592    2.9771   -2.6339   -1.8644
eta,q 0.98059  9.44589

---------------------------------------------------------------------
imgreg_4dfp /opt/freesurfer/average/711-2C_as_mni_average_305 /opt/freesurfer/average/711-2B_as_mni_average_305_mask talsrcimg_g11 none talsrcimg_to_711-2C_as_mni_average_305_t4 2311
---------------------------------------------------------------------

freesurfer imgreg_4dfp.c
/opt/freesurfer/average/711-2C_as_mni_average_305.4dfp.img
       256       256       256         1
  1.000000  1.000000  1.000000
orientation T byte_order littleendian
Reading image: /opt/freesurfer/average/711-2C_as_mni_average_305.4dfp.img
dimensions:      256       256       256
mmppix:       1.0000   -1.0000   -1.0000
center:     128.0000 -129.0000 -129.0000
/opt/freesurfer/average/711-2B_as_mni_average_305_mask.4dfp.img
       256       256       256         1
  1.000000  1.000000  1.000000
orientation T byte_order littleendian
Reading mask: /opt/freesurfer/average/711-2B_as_mni_average_305_mask.4dfp.img (2306576 pixels)
talsrcimg_g11.4dfp.img
       256       256       256         1
  1.000000  1.000000  1.000000
orientation T byte_order littleendian
Reading image: talsrcimg_g11.4dfp.img
dimensions:      256       256       256
mmppix:       1.0000   -1.0000   -1.0000
center:     128.0000 -129.0000 -129.0000
fimgreg.f
image alignment mode   2311 decimal      907 hex
parameters
   -1.3058   21.2227    6.7222   -3.6002   -5.6343   -5.2829
   -0.2782    9.3981    0.2592    2.9771   -2.6339   -1.8644
eta,q 0.98059  9.44590
niter,ni,del,rscale     5    3    5.0000    0.8000
parameters
   -1.3072   21.1901    6.7187   -2.9377   -5.7696   -4.5311
   -0.3128    9.5253    0.1955    3.1658   -2.3673   -1.9801
eta,q 0.98072  9.48290
  0.0210  0.0206  0.0202  0.0214  0.0209  0.0209  0.0208  0.0216  0.0202  0.0210  0.0200  0.0201
  0.0201  0.0199  0.0198  0.0205  0.0200  0.0202  0.0200  0.0203  0.0197  0.0201  0.0196  0.0197
  0.0196  0.0195  0.0195  0.0198  0.0195  0.0197  0.0195  0.0195  0.0194  0.0195  0.0194  0.0194
  0.0194  0.0194  0.0194  0.0194  0.0194  0.0194  0.0193  0.0193  0.0193  0.0193  0.0193  0.0193
  0.0196  0.0196  0.0195  0.0194  0.0196  0.0193  0.0195  0.0195  0.0194  0.0194  0.0193  0.0194
  0.0201  0.0200  0.0198  0.0198  0.0202  0.0196  0.0200  0.0202  0.0197  0.0199  0.0195  0.0197
  0.0210  0.0207  0.0202  0.0206  0.0211  0.0202  0.0209  0.0214  0.0202  0.0208  0.0199  0.0202
niter,ni,del,rscale     4    3    5.0000    0.7000
parameters
   -1.3522   21.1708    6.7374   -2.8727   -5.9404   -4.3120
   -0.3118    9.4873    0.1748    3.1903   -2.2910   -2.0203
eta,q 0.98075  9.48702
  0.0205  0.0202  0.0200  0.0206  0.0205  0.0203  0.0205  0.0210  0.0200  0.0205  0.0198  0.0199
  0.0198  0.0197  0.0196  0.0200  0.0198  0.0198  0.0198  0.0200  0.0196  0.0198  0.0195  0.0196
  0.0194  0.0194  0.0193  0.0195  0.0194  0.0195  0.0194  0.0194  0.0193  0.0194  0.0193  0.0193
  0.0193  0.0193  0.0193  0.0193  0.0193  0.0193  0.0192  0.0192  0.0193  0.0193  0.0192  0.0192
  0.0194  0.0194  0.0193  0.0194  0.0195  0.0193  0.0194  0.0195  0.0193  0.0194  0.0193  0.0193
  0.0199  0.0197  0.0196  0.0198  0.0199  0.0196  0.0198  0.0200  0.0196  0.0198  0.0195  0.0196
  0.0206  0.0203  0.0199  0.0206  0.0207  0.0202  0.0205  0.0210  0.0200  0.0205  0.0197  0.0200
niter,ni,del,rscale     3    3    5.0000    0.6000
parameters
   -1.3648   21.1690    6.7545   -2.7937   -6.0250   -4.2106
   -0.3134    9.4820    0.1633    3.2119   -2.2313   -2.0424
eta,q 0.98076  9.48987
  0.0202  0.0200  0.0198  0.0203  0.0202  0.0200  0.0202  0.0205  0.0198  0.0202  0.0196  0.0198
  0.0197  0.0196  0.0195  0.0198  0.0196  0.0197  0.0197  0.0198  0.0195  0.0197  0.0194  0.0195
  0.0193  0.0193  0.0193  0.0194  0.0193  0.0194  0.0194  0.0194  0.0193  0.0194  0.0193  0.0193
  0.0193  0.0193  0.0193  0.0192  0.0192  0.0192  0.0192  0.0192  0.0192  0.0192  0.0192  0.0192
  0.0194  0.0193  0.0193  0.0193  0.0194  0.0193  0.0194  0.0194  0.0193  0.0193  0.0193  0.0193
  0.0197  0.0196  0.0195  0.0197  0.0197  0.0195  0.0197  0.0198  0.0195  0.0196  0.0194  0.0195
  0.0202  0.0200  0.0197  0.0203  0.0203  0.0200  0.0202  0.0205  0.0198  0.0202  0.0196  0.0198
niter,ni,del,rscale     2    3    5.0000    0.5000
parameters
   -1.3730   21.1704    6.7585   -2.7300   -6.0760   -4.1202
   -0.3172    9.4865    0.1490    3.2284   -2.1844   -2.0609
eta,q 0.98076  9.49290
  0.0199  0.0197  0.0196  0.0200  0.0199  0.0198  0.0199  0.0202  0.0196  0.0199  0.0195  0.0196
  0.0195  0.0195  0.0194  0.0196  0.0195  0.0195  0.0195  0.0196  0.0194  0.0195  0.0194  0.0194
  0.0193  0.0193  0.0193  0.0193  0.0193  0.0193  0.0193  0.0193  0.0193  0.0193  0.0193  0.0193
  0.0192  0.0192  0.0192  0.0192  0.0192  0.0192  0.0192  0.0192  0.0192  0.0192  0.0192  0.0192
  0.0193  0.0193  0.0193  0.0193  0.0193  0.0193  0.0193  0.0193  0.0193  0.0193  0.0193  0.0193
  0.0196  0.0195  0.0194  0.0195  0.0196  0.0194  0.0195  0.0196  0.0194  0.0195  0.0193  0.0194
  0.0199  0.0197  0.0196  0.0200  0.0199  0.0198  0.0199  0.0201  0.0196  0.0199  0.0195  0.0196
niter,ni,del,rscale     1    3    5.0000    0.4000
parameters
   -1.3767   21.1707    6.7610   -2.6852   -6.1200   -4.0193
   -0.3058    9.4972    0.1276    3.2436   -2.1529   -2.0760
eta,q 0.98076  9.49593
  0.0197  0.0196  0.0195  0.0197  0.0196  0.0196  0.0197  0.0198  0.0195  0.0197  0.0194  0.0195
  0.0194  0.0194  0.0193  0.0195  0.0194  0.0194  0.0194  0.0195  0.0193  0.0194  0.0193  0.0193
  0.0193  0.0193  0.0193  0.0193  0.0193  0.0193  0.0193  0.0193  0.0193  0.0193  0.0193  0.0193
  0.0192  0.0192  0.0192  0.0192  0.0192  0.0192  0.0192  0.0192  0.0192  0.0192  0.0192  0.0192
  0.0193  0.0193  0.0193  0.0193  0.0193  0.0193  0.0193  0.0193  0.0193  0.0193  0.0193  0.0193
  0.0194  0.0194  0.0193  0.0194  0.0194  0.0194  0.0194  0.0195  0.0193  0.0194  0.0193  0.0193
  0.0197  0.0195  0.0195  0.0197  0.0197  0.0196  0.0197  0.0198  0.0195  0.0196  0.0194  0.0195
registration optimization eta report
parameter search radius
    0.8000    0.8000    0.8000    2.4000    2.4000    2.4000
    2.4000    2.4000    2.4000    2.4000    2.4000    2.4000
100000*second partial in parameter space
       66.       48.       36.        8.        7.        6.
        7.       10.        4.        7.        3.        4.
  0.0197  0.0196  0.0195  0.0197  0.0196  0.0196  0.0197  0.0198  0.0195  0.0197  0.0194  0.0195
  0.0194  0.0194  0.0193  0.0195  0.0194  0.0194  0.0194  0.0195  0.0193  0.0194  0.0193  0.0193
  0.0193  0.0193  0.0193  0.0193  0.0193  0.0193  0.0193  0.0193  0.0193  0.0193  0.0193  0.0193
  0.0192  0.0192  0.0192  0.0192  0.0192  0.0192  0.0192  0.0192  0.0192  0.0192  0.0192  0.0192
  0.0193  0.0193  0.0193  0.0193  0.0193  0.0193  0.0193  0.0193  0.0193  0.0193  0.0193  0.0193
  0.0194  0.0194  0.0193  0.0194  0.0194  0.0194  0.0194  0.0195  0.0193  0.0194  0.0193  0.0193
  0.0197  0.0195  0.0195  0.0197  0.0197  0.0196  0.0197  0.0198  0.0195  0.0196  0.0194  0.0195
   -1.3767   21.1707    6.7610   -2.6852   -6.1200   -4.0193
   -0.3058    9.4972    0.1276    3.2436   -2.1529   -2.0760
eta,q 0.98076  9.49593

---------------------------------------------------------------------
imgreg_4dfp /opt/freesurfer/average/711-2C_as_mni_average_305 /opt/freesurfer/average/711-2B_as_mni_average_305_mask talsrcimg_g11 none talsrcimg_to_711-2C_as_mni_average_305_t4 2311
---------------------------------------------------------------------

freesurfer imgreg_4dfp.c
/opt/freesurfer/average/711-2C_as_mni_average_305.4dfp.img
       256       256       256         1
  1.000000  1.000000  1.000000
orientation T byte_order littleendian
Reading image: /opt/freesurfer/average/711-2C_as_mni_average_305.4dfp.img
dimensions:      256       256       256
mmppix:       1.0000   -1.0000   -1.0000
center:     128.0000 -129.0000 -129.0000
/opt/freesurfer/average/711-2B_as_mni_average_305_mask.4dfp.img
       256       256       256         1
  1.000000  1.000000  1.000000
orientation T byte_order littleendian
Reading mask: /opt/freesurfer/average/711-2B_as_mni_average_305_mask.4dfp.img (2306576 pixels)
talsrcimg_g11.4dfp.img
       256       256       256         1
  1.000000  1.000000  1.000000
orientation T byte_order littleendian
Reading image: talsrcimg_g11.4dfp.img
dimensions:      256       256       256
mmppix:       1.0000   -1.0000   -1.0000
center:     128.0000 -129.0000 -129.0000
fimgreg.f
image alignment mode   2311 decimal      907 hex
parameters
   -1.3767   21.1707    6.7610   -2.6852   -6.1200   -4.0193
   -0.3058    9.4972    0.1276    3.2436   -2.1529   -2.0760
eta,q 0.98076  9.49593
niter,ni,del,rscale     5    3    5.0000    0.8000
parameters
   -1.3759   21.1824    6.7815   -2.9119   -6.0156   -4.3339
   -0.2989    9.4296    0.1993    3.1734   -2.3089   -2.0245
eta,q 0.98075  9.48367
  0.0209  0.0205  0.0202  0.0208  0.0210  0.0204  0.0208  0.0214  0.0202  0.0209  0.0199  0.0202
  0.0200  0.0198  0.0197  0.0200  0.0200  0.0198  0.0200  0.0202  0.0197  0.0200  0.0195  0.0197
  0.0194  0.0194  0.0193  0.0195  0.0194  0.0194  0.0194  0.0195  0.0194  0.0194  0.0193  0.0194
  0.0192  0.0192  0.0192  0.0192  0.0192  0.0192  0.0193  0.0193  0.0193  0.0193  0.0193  0.0193
  0.0194  0.0194  0.0193  0.0194  0.0194  0.0194  0.0194  0.0195  0.0194  0.0194  0.0193  0.0194
  0.0200  0.0198  0.0196  0.0201  0.0200  0.0199  0.0200  0.0203  0.0197  0.0200  0.0196  0.0197
  0.0209  0.0205  0.0201  0.0213  0.0209  0.0209  0.0208  0.0215  0.0202  0.0210  0.0200  0.0201
niter,ni,del,rscale     4    3    5.0000    0.7000
parameters
   -1.3631   21.1785    6.7666   -2.8488   -5.9915   -4.3102
   -0.3170    9.4649    0.1873    3.1919   -2.2769   -2.0302
eta,q 0.98075  9.48638
  0.0206  0.0202  0.0199  0.0206  0.0206  0.0203  0.0205  0.0210  0.0200  0.0205  0.0198  0.0199
  0.0198  0.0197  0.0196  0.0199  0.0198  0.0198  0.0198  0.0200  0.0196  0.0198  0.0195  0.0196
  0.0194  0.0194  0.0193  0.0195  0.0194  0.0194  0.0194  0.0194  0.0193  0.0194  0.0193  0.0193
  0.0193  0.0193  0.0193  0.0193  0.0192  0.0193  0.0192  0.0192  0.0192  0.0192  0.0192  0.0193
  0.0194  0.0194  0.0193  0.0194  0.0194  0.0193  0.0194  0.0194  0.0193  0.0194  0.0193  0.0193
  0.0198  0.0197  0.0196  0.0198  0.0198  0.0197  0.0198  0.0200  0.0196  0.0198  0.0195  0.0196
  0.0205  0.0202  0.0200  0.0206  0.0205  0.0203  0.0205  0.0209  0.0200  0.0205  0.0198  0.0200
niter,ni,del,rscale     3    3    5.0000    0.6000
parameters
   -1.3631   21.1736    6.7574   -2.7878   -6.0312   -4.2120
   -0.3215    9.4817    0.1736    3.2200   -2.2482   -2.0521
eta,q 0.98075  9.48994
  0.0202  0.0200  0.0198  0.0203  0.0202  0.0200  0.0202  0.0205  0.0198  0.0202  0.0196  0.0198
  0.0197  0.0196  0.0195  0.0198  0.0196  0.0196  0.0197  0.0198  0.0195  0.0197  0.0194  0.0195
  0.0194  0.0193  0.0193  0.0194  0.0193  0.0194  0.0194  0.0194  0.0193  0.0194  0.0193  0.0193
  0.0193  0.0193  0.0193  0.0193  0.0192  0.0192  0.0192  0.0192  0.0193  0.0192  0.0192  0.0192
  0.0194  0.0193  0.0193  0.0193  0.0194  0.0193  0.0193  0.0194  0.0193  0.0193  0.0193  0.0193
  0.0197  0.0196  0.0195  0.0197  0.0197  0.0195  0.0197  0.0198  0.0195  0.0196  0.0194  0.0195
  0.0202  0.0200  0.0198  0.0203  0.0202  0.0200  0.0202  0.0205  0.0198  0.0202  0.0196  0.0198
niter,ni,del,rscale     2    3    5.0000    0.5000
parameters
   -1.3719   21.1742    6.7596   -2.7284   -6.0763   -4.1242
   -0.3218    9.4878    0.1521    3.2286   -2.2030   -2.0631
eta,q 0.98076  9.49288
  0.0199  0.0197  0.0196  0.0200  0.0199  0.0198  0.0199  0.0202  0.0196  0.0199  0.0195  0.0196
  0.0195  0.0195  0.0194  0.0196  0.0195  0.0195  0.0195  0.0196  0.0194  0.0195  0.0194  0.0194
  0.0193  0.0193  0.0193  0.0193  0.0193  0.0193  0.0193  0.0193  0.0193  0.0193  0.0193  0.0193
  0.0192  0.0192  0.0192  0.0192  0.0192  0.0192  0.0192  0.0192  0.0192  0.0192  0.0192  0.0192
  0.0193  0.0193  0.0193  0.0193  0.0193  0.0193  0.0193  0.0193  0.0193  0.0193  0.0193  0.0193
  0.0196  0.0195  0.0194  0.0195  0.0196  0.0194  0.0195  0.0196  0.0194  0.0195  0.0193  0.0194
  0.0199  0.0197  0.0196  0.0200  0.0199  0.0198  0.0199  0.0201  0.0196  0.0199  0.0195  0.0196
niter,ni,del,rscale     1    3    5.0000    0.4000
parameters
   -1.3764   21.1723    6.7623   -2.6834   -6.1254   -4.0263
   -0.3106    9.4964    0.1324    3.2475   -2.1681   -2.0737
eta,q 0.98076  9.49571
  0.0197  0.0196  0.0195  0.0197  0.0196  0.0196  0.0197  0.0198  0.0195  0.0197  0.0194  0.0195
  0.0194  0.0194  0.0193  0.0195  0.0194  0.0194  0.0194  0.0195  0.0193  0.0194  0.0193  0.0193
  0.0193  0.0193  0.0193  0.0193  0.0193  0.0193  0.0193  0.0193  0.0193  0.0193  0.0193  0.0193
  0.0192  0.0192  0.0192  0.0192  0.0192  0.0192  0.0192  0.0192  0.0192  0.0192  0.0192  0.0192
  0.0193  0.0193  0.0193  0.0193  0.0193  0.0193  0.0193  0.0193  0.0193  0.0193  0.0193  0.0193
  0.0194  0.0194  0.0193  0.0194  0.0194  0.0194  0.0194  0.0195  0.0194  0.0194  0.0193  0.0193
  0.0197  0.0196  0.0195  0.0197  0.0197  0.0196  0.0197  0.0198  0.0195  0.0196  0.0194  0.0195
registration optimization eta report
parameter search radius
    0.8000    0.8000    0.8000    2.4000    2.4000    2.4000
    2.4000    2.4000    2.4000    2.4000    2.4000    2.4000
100000*second partial in parameter space
       67.       49.       35.        8.        7.        6.
        7.       10.        4.        7.        3.        4.
  0.0197  0.0196  0.0195  0.0197  0.0196  0.0196  0.0197  0.0198  0.0195  0.0197  0.0194  0.0195
  0.0194  0.0194  0.0193  0.0195  0.0194  0.0194  0.0194  0.0195  0.0193  0.0194  0.0193  0.0193
  0.0193  0.0193  0.0193  0.0193  0.0193  0.0193  0.0193  0.0193  0.0193  0.0193  0.0193  0.0193
  0.0192  0.0192  0.0192  0.0192  0.0192  0.0192  0.0192  0.0192  0.0192  0.0192  0.0192  0.0192
  0.0193  0.0193  0.0193  0.0193  0.0193  0.0193  0.0193  0.0193  0.0193  0.0193  0.0193  0.0193
  0.0194  0.0194  0.0193  0.0194  0.0194  0.0194  0.0194  0.0195  0.0194  0.0194  0.0193  0.0193
  0.0197  0.0196  0.0195  0.0197  0.0197  0.0196  0.0197  0.0198  0.0195  0.0196  0.0194  0.0195
   -1.3764   21.1723    6.7623   -2.6834   -6.1254   -4.0263
   -0.3106    9.4964    0.1324    3.2475   -2.1681   -2.0737
eta,q 0.98076  9.49571

---------------------------------------------------------------------
compute_vox2vox talsrcimg talsrcimg_to_711-2C_as_mni_average_305_t4 /opt/freesurfer/average/711-2C_as_mni_average_305
---------------------------------------------------------------------

freesurfer compute_vox2vox.c
Reading: talsrcimg.4dfp.ifh
Reading: talsrcimg_to_711-2C_as_mni_average_305_t4
Reading: /opt/freesurfer/average/711-2C_as_mni_average_305.4dfp.ifh
Writing: talsrcimg_to_711-2C_as_mni_average_305_t4_vox2vox.txt

start time Tue Mar 10 05:56:57 CET 2026
end		time Tue Mar 10 05:58:29 CET 2026

mpr2mni305 success

avi2talxfm orig_nu.mgz /opt/freesurfer/average/mni305.cor.mgz talsrcimg_to_711-2C_as_mni_average_305_t4_vox2vox.txt transforms/talairach.auto.xfm
avi2talxfm done
mv -f /out/sourcedata/freesurfer/sub-v1s6x0051369_ses-1/mri/talsrcimg_to_711-2C_as_mni_average_305_t4_vox2vox.txt /out/sourcedata/freesurfer/sub-v1s6x0051369_ses-1/mri/transforms/talsrcimg_to_711-2C_as_mni_average_305_t4_vox2vox.txt
lta_convert --src orig_nu.mgz --trg /opt/freesurfer/average/mni305.cor.mgz --inxfm transforms/talairach.auto.xfm --outlta transforms/talairach.auto.xfm.lta --subject fsaverage
7.3.2

--src: orig_nu.mgz src image (geometry).
--trg: /opt/freesurfer/average/mni305.cor.mgz trg image (geometry).
--inmni: transforms/talairach.auto.xfm input MNI/XFM transform.
--outlta: transforms/talairach.auto.xfm.lta output LTA.
--s: fsaverage subject name
 LTA read, type : 1
 1.02531  -0.10149   0.00115  -4.49571;
 0.02311   1.03889   0.02303  -3.96036;
-0.00225  -0.03580   1.06445  -35.06553;
 0.00000   0.00000   0.00000   1.00000;
setting subject to fsaverage
Writing  LTA to file transforms/talairach.auto.xfm.lta...
lta_convert successful.
 
 
Started at Tue Mar 10 05:56:56 CET 2026
Ended   at Tue Mar 10 05:58:29 CET 2026
talairach_avi done
