status file for recon-all
Tue Mar 10 07:38:38 CET 2026
#@# Tessellate rh Tue Mar 10 07:38:38 CET 2026
#@# Smooth1 rh Tue Mar 10 07:38:42 CET 2026
#@# Inflation1 rh Tue Mar 10 07:38:45 CET 2026
#@# QSphere rh Tue Mar 10 07:38:57 CET 2026
#@# Fix Topology rh Tue Mar 10 07:40:11 CET 2026
#@# Smooth2 rh Tue Mar 10 07:45:00 CET 2026
#@# Inflation2 rh Tue Mar 10 07:45:03 CET 2026
#@# Curv .H and .K rh Tue Mar 10 07:45:17 CET 2026
#@# Sphere rh Tue Mar 10 07:46:01 CET 2026
#@# Surf Reg rh Tue Mar 10 07:47:58 CET 2026
#@# Jacobian white rh Tue Mar 10 07:52:13 CET 2026
#@# AvgCurv rh Tue Mar 10 07:52:14 CET 2026
#@# Cortical Parc rh Tue Mar 10 07:52:14 CET 2026
#@# white curv rh Tue Mar 10 07:58:22 CET 2026
#@# white area rh Tue Mar 10 07:58:24 CET 2026
#@# pial curv rh Tue Mar 10 07:58:25 CET 2026
#@# pial area rh Tue Mar 10 07:58:26 CET 2026
#@# thickness rh Tue Mar 10 07:58:27 CET 2026
#@# area and vertex vol rh Tue Mar 10 07:58:55 CET 2026
#@# Curvature Stats rh Tue Mar 10 07:58:56 CET 2026
#@# Cortical Parc 2 rh Tue Mar 10 07:58:59 CET 2026
#@# Cortical Parc 3 rh Tue Mar 10 07:59:12 CET 2026
#@# WM/GM Contrast rh Tue Mar 10 07:59:22 CET 2026
recon-all -s sub-v1s6x0051321_ses-1 finished without error at Tue Mar 10 07:59:25 CET 2026



#New# invocation of recon-all 



status file for recon-all
Tue Mar 10 08:06:14 CET 2026
#@# white curv rh Tue Mar 10 08:06:14 CET 2026
#@# white area rh Tue Mar 10 08:06:14 CET 2026
#@# pial curv rh Tue Mar 10 08:06:14 CET 2026
#@# pial area rh Tue Mar 10 08:06:14 CET 2026
#@# thickness rh Tue Mar 10 08:06:14 CET 2026
#@# area and vertex vol rh Tue Mar 10 08:06:14 CET 2026
#@# Parcellation Stats rh Tue Mar 10 08:06:14 CET 2026
#@# Parcellation Stats 2 rh Tue Mar 10 08:06:32 CET 2026
#@# Parcellation Stats 3 rh Tue Mar 10 08:06:41 CET 2026
#@# BA_exvivo Labels rh Tue Mar 10 08:06:50 CET 2026
recon-all -s sub-v1s6x0051321_ses-1 finished without error at Tue Mar 10 08:09:28 CET 2026
