status file for recon-all
Tue Mar 10 05:29:41 CET 2026
#@# MotionCor Tue Mar 10 05:29:43 CET 2026
#@# Talairach Tue Mar 10 05:29:50 CET 2026
#@# Talairach Failure Detection Tue Mar 10 05:34:13 CET 2026
#@# Nu Intensity Correction Tue Mar 10 05:34:13 CET 2026
#@# Intensity Normalization Tue Mar 10 05:37:29 CET 2026
recon-all -s sub-v1s6x0051321_ses-1 finished without error at Tue Mar 10 05:39:02 CET 2026



#New# invocation of recon-all 



status file for recon-all
Tue Mar 10 05:45:42 CET 2026
#@# EM Registration Tue Mar 10 05:45:42 CET 2026
recon-all -s sub-v1s6x0051321_ses-1 finished without error at Tue Mar 10 05:48:39 CET 2026



#New# invocation of recon-all 



status file for recon-all
Tue Mar 10 05:48:41 CET 2026
#@# CA Normalize Tue Mar 10 05:48:41 CET 2026
#@# CA Reg Tue Mar 10 05:50:05 CET 2026
#@# SubCort Seg Tue Mar 10 06:45:15 CET 2026
#@# CC Seg Tue Mar 10 07:11:51 CET 2026
#@# Merge ASeg Tue Mar 10 07:12:30 CET 2026
#@# Intensity Normalization2 Tue Mar 10 07:12:30 CET 2026
#@# Mask BFS Tue Mar 10 07:14:53 CET 2026
#@# WM Segmentation Tue Mar 10 07:14:54 CET 2026
#@# Fill Tue Mar 10 07:16:47 CET 2026
recon-all -s sub-v1s6x0051321_ses-1 finished without error at Tue Mar 10 07:17:47 CET 2026



#New# invocation of recon-all 



status file for recon-all
Tue Mar 10 07:59:28 CET 2026
#@# white curv lh Tue Mar 10 07:59:28 CET 2026
#@# white area lh Tue Mar 10 07:59:28 CET 2026
#@# pial curv lh Tue Mar 10 07:59:29 CET 2026
#@# pial area lh Tue Mar 10 07:59:29 CET 2026
#@# thickness lh Tue Mar 10 07:59:29 CET 2026
#@# area and vertex vol lh Tue Mar 10 07:59:29 CET 2026
#@# white curv rh Tue Mar 10 07:59:29 CET 2026
#@# white area rh Tue Mar 10 07:59:29 CET 2026
#@# pial curv rh Tue Mar 10 07:59:29 CET 2026
#@# pial area rh Tue Mar 10 07:59:29 CET 2026
#@# thickness rh Tue Mar 10 07:59:29 CET 2026
#@# area and vertex vol rh Tue Mar 10 07:59:29 CET 2026
#@# Cortical ribbon mask Tue Mar 10 07:59:29 CET 2026
recon-all -s sub-v1s6x0051321_ses-1 finished without error at Tue Mar 10 08:02:48 CET 2026



#New# invocation of recon-all 



status file for recon-all
Tue Mar 10 08:09:32 CET 2026
#@# white curv lh Tue Mar 10 08:09:33 CET 2026
#@# white area lh Tue Mar 10 08:09:33 CET 2026
#@# pial curv lh Tue Mar 10 08:09:33 CET 2026
#@# pial area lh Tue Mar 10 08:09:33 CET 2026
#@# thickness lh Tue Mar 10 08:09:33 CET 2026
#@# area and vertex vol lh Tue Mar 10 08:09:33 CET 2026
#@# white curv rh Tue Mar 10 08:09:33 CET 2026
#@# white area rh Tue Mar 10 08:09:33 CET 2026
#@# pial curv rh Tue Mar 10 08:09:33 CET 2026
#@# pial area rh Tue Mar 10 08:09:33 CET 2026
#@# thickness rh Tue Mar 10 08:09:33 CET 2026
#@# area and vertex vol rh Tue Mar 10 08:09:33 CET 2026
#@# Curvature Stats lh Tue Mar 10 08:09:33 CET 2026
#@# Curvature Stats rh Tue Mar 10 08:09:35 CET 2026
#@# Relabel Hypointensities Tue Mar 10 08:09:38 CET 2026
#@# APas-to-ASeg Tue Mar 10 08:09:53 CET 2026
#@# AParc-to-ASeg aparc Tue Mar 10 08:10:01 CET 2026
#@# AParc-to-ASeg aparc.a2009s Tue Mar 10 08:10:32 CET 2026
#@# AParc-to-ASeg aparc.DKTatlas Tue Mar 10 08:10:59 CET 2026
#@# WMParc Tue Mar 10 08:11:29 CET 2026
#@# ASeg Stats Tue Mar 10 08:15:16 CET 2026
recon-all -s sub-v1s6x0051321_ses-1 finished without error at Tue Mar 10 08:15:58 CET 2026
